[2021-04-21T09:38:53.478+0000][7][gc,heap] Heap region size: 1M
[2021-04-21T09:38:53.478+0000][7][gc,heap,coops] Heap address: 0x00000000f8000000, size: 128 MB, Compressed Oops mode: 32-bit
[2021-04-21T09:38:53.502+0000][7][gc           ] Using G1
[2021-04-21T09:38:53.502+0000][7][gc,cds       ] Mark closed archive regions in map: [0x00000000fff00000, 0x00000000fff7eff8]
[2021-04-21T09:38:53.502+0000][7][gc,cds       ] Mark open archive regions in map: [0x00000000ffe00000, 0x00000000ffe52ff8]
[2021-04-21T09:38:53.515+0000][7][gc           ] Periodic GC disabled
[2021-04-21T09:38:53.824+0000][7][gc,start     ] GC(0) Pause Young (Normal) (G1 Evacuation Pause)
[2021-04-21T09:38:53.824+0000][7][gc,task      ] GC(0) Using 2 workers of 4 for evacuation
[2021-04-21T09:38:53.824+0000][7][gc,age       ] GC(0) Desired survivor size 1048576 bytes, new threshold 15 (max threshold 15)
[2021-04-21T09:38:53.829+0000][7][gc,age       ] GC(0) Age table with threshold 15 (max threshold 15)
[2021-04-21T09:38:53.829+0000][7][gc,age       ] GC(0) - age   1:    1937864 bytes,    1937864 total
[2021-04-21T09:38:53.829+0000][7][gc,phases    ] GC(0)   Pre Evacuate Collection Set: 0.0ms
[2021-04-21T09:38:53.829+0000][7][gc,phases    ] GC(0)   Merge Heap Roots: 0.0ms
[2021-04-21T09:38:53.829+0000][7][gc,phases    ] GC(0)   Evacuate Collection Set: 3.9ms
[2021-04-21T09:38:53.829+0000][7][gc,phases    ] GC(0)   Post Evacuate Collection Set: 0.4ms
[2021-04-21T09:38:53.829+0000][7][gc,phases    ] GC(0)   Other: 0.4ms
[2021-04-21T09:38:53.829+0000][7][gc,heap      ] GC(0) Eden regions: 13->0(16)
[2021-04-21T09:38:53.829+0000][7][gc,heap      ] GC(0) Survivor regions: 0->2(2)
[2021-04-21T09:38:53.829+0000][7][gc,heap      ] GC(0) Old regions: 0->1
[2021-04-21T09:38:53.829+0000][7][gc,heap      ] GC(0) Archive regions: 2->2
[2021-04-21T09:38:53.829+0000][7][gc,heap      ] GC(0) Humongous regions: 1->1
[2021-04-21T09:38:53.829+0000][7][gc,metaspace ] GC(0) Metaspace: 2984K(6272K)->2984K(6272K) NonClass: 2677K(5632K)->2677K(5632K) Class: 306K(640K)->306K(640K)
[2021-04-21T09:38:53.829+0000][7][gc           ] GC(0) Pause Young (Normal) (G1 Evacuation Pause) 14M->3M(66M) 4.994ms
[2021-04-21T09:38:53.829+0000][7][gc,cpu       ] GC(0) User=0.01s Sys=0.00s Real=0.01s
[2021-04-21T09:38:53.829+0000][7][safepoint    ] Safepoint "G1CollectForAllocation", Time since last: 315197652 ns, Reaching safepoint: 204432 ns, At safepoint: 5068864 ns, Total: 5273296 ns
[2021-04-21T09:38:54.423+0000][7][gc,start     ] GC(1) Pause Young (Normal) (G1 Evacuation Pause)
[2021-04-21T09:38:54.423+0000][7][gc,task      ] GC(1) Using 2 workers of 4 for evacuation
[2021-04-21T09:38:54.423+0000][7][gc,age       ] GC(1) Desired survivor size 1572864 bytes, new threshold 1 (max threshold 15)
[2021-04-21T09:38:54.428+0000][7][gc,age       ] GC(1) Age table with threshold 1 (max threshold 15)
[2021-04-21T09:38:54.428+0000][7][gc,age       ] GC(1) - age   1:    1195256 bytes,    1195256 total
[2021-04-21T09:38:54.428+0000][7][gc,phases    ] GC(1)   Pre Evacuate Collection Set: 0.0ms
[2021-04-21T09:38:54.428+0000][7][gc,phases    ] GC(1)   Merge Heap Roots: 0.0ms
[2021-04-21T09:38:54.428+0000][7][gc,phases    ] GC(1)   Evacuate Collection Set: 5.1ms
[2021-04-21T09:38:54.428+0000][7][gc,phases    ] GC(1)   Post Evacuate Collection Set: 0.4ms
[2021-04-21T09:38:54.428+0000][7][gc,phases    ] GC(1)   Other: 0.2ms
[2021-04-21T09:38:54.428+0000][7][gc,heap      ] GC(1) Eden regions: 16->0(33)
[2021-04-21T09:38:54.429+0000][7][gc,heap      ] GC(1) Survivor regions: 2->2(3)
[2021-04-21T09:38:54.429+0000][7][gc,heap      ] GC(1) Old regions: 1->2
[2021-04-21T09:38:54.429+0000][7][gc,heap      ] GC(1) Archive regions: 2->2
[2021-04-21T09:38:54.429+0000][7][gc,heap      ] GC(1) Humongous regions: 1->1
[2021-04-21T09:38:54.429+0000][7][gc,metaspace ] GC(1) Metaspace: 7723K(9344K)->7723K(9344K) NonClass: 6824K(8192K)->6824K(8192K) Class: 899K(1152K)->899K(1152K)
[2021-04-21T09:38:54.429+0000][7][gc           ] GC(1) Pause Young (Normal) (G1 Evacuation Pause) 19M->4M(66M) 5.865ms
[2021-04-21T09:38:54.429+0000][7][gc,cpu       ] GC(1) User=0.01s Sys=0.00s Real=0.01s
[2021-04-21T09:38:54.429+0000][7][safepoint    ] Safepoint "G1CollectForAllocation", Time since last: 593419550 ns, Reaching safepoint: 176607 ns, At safepoint: 5945203 ns, Total: 6121810 ns
[2021-04-21T09:38:55.547+0000][7][safepoint    ] Safepoint "Cleanup", Time since last: 1117831716 ns, Reaching safepoint: 164240 ns, At safepoint: 5166 ns, Total: 169406 ns
[2021-04-21T09:38:56.025+0000][7][gc,start     ] GC(2) Pause Young (Normal) (G1 Evacuation Pause)
[2021-04-21T09:38:56.025+0000][7][gc,task      ] GC(2) Using 2 workers of 4 for evacuation
[2021-04-21T09:38:56.025+0000][7][gc,age       ] GC(2) Desired survivor size 2621440 bytes, new threshold 15 (max threshold 15)
[2021-04-21T09:38:56.043+0000][7][gc,age       ] GC(2) Age table with threshold 15 (max threshold 15)
[2021-04-21T09:38:56.043+0000][7][gc,age       ] GC(2) - age   1:    2625864 bytes,    2625864 total
[2021-04-21T09:38:56.043+0000][7][gc,age       ] GC(2) - age   2:    1138152 bytes,    3764016 total
[2021-04-21T09:38:56.043+0000][7][gc,phases    ] GC(2)   Pre Evacuate Collection Set: 0.1ms
[2021-04-21T09:38:56.043+0000][7][gc,phases    ] GC(2)   Merge Heap Roots: 0.1ms
[2021-04-21T09:38:56.043+0000][7][gc,phases    ] GC(2)   Evacuate Collection Set: 17.0ms
[2021-04-21T09:38:56.043+0000][7][gc,phases    ] GC(2)   Post Evacuate Collection Set: 0.8ms
[2021-04-21T09:38:56.043+0000][7][gc,phases    ] GC(2)   Other: 0.3ms
[2021-04-21T09:38:56.043+0000][7][gc,heap      ] GC(2) Eden regions: 33->0(31)
[2021-04-21T09:38:56.043+0000][7][gc,heap      ] GC(2) Survivor regions: 2->4(5)
[2021-04-21T09:38:56.043+0000][7][gc,heap      ] GC(2) Old regions: 2->2
[2021-04-21T09:38:56.043+0000][7][gc,heap      ] GC(2) Archive regions: 2->2
[2021-04-21T09:38:56.043+0000][7][gc,heap      ] GC(2) Humongous regions: 1->1
[2021-04-21T09:38:56.043+0000][7][gc,metaspace ] GC(2) Metaspace: 12972K(13696K)->12972K(13696K) NonClass: 11394K(11776K)->11394K(11776K) Class: 1578K(1920K)->1578K(1920K)
[2021-04-21T09:38:56.043+0000][7][gc           ] GC(2) Pause Young (Normal) (G1 Evacuation Pause) 37M->7M(66M) 18.332ms
[2021-04-21T09:38:56.043+0000][7][gc,cpu       ] GC(2) User=0.01s Sys=0.00s Real=0.02s
[2021-04-21T09:38:56.043+0000][7][safepoint    ] Safepoint "G1CollectForAllocation", Time since last: 478177805 ns, Reaching safepoint: 170112 ns, At safepoint: 18440670 ns, Total: 18610782 ns
[2021-04-21T09:38:56.819+0000][7][gc,start     ] GC(3) Pause Young (Normal) (G1 Evacuation Pause)
[2021-04-21T09:38:56.819+0000][7][gc,task      ] GC(3) Using 2 workers of 4 for evacuation
[2021-04-21T09:38:56.819+0000][7][gc,age       ] GC(3) Desired survivor size 2621440 bytes, new threshold 1 (max threshold 15)
[2021-04-21T09:38:56.835+0000][7][gc,age       ] GC(3) Age table with threshold 1 (max threshold 15)
[2021-04-21T09:38:56.835+0000][7][gc,age       ] GC(3) - age   1:    1204584 bytes,    1204584 total
[2021-04-21T09:38:56.835+0000][7][gc,phases    ] GC(3)   Pre Evacuate Collection Set: 0.0ms
[2021-04-21T09:38:56.835+0000][7][gc,phases    ] GC(3)   Merge Heap Roots: 0.0ms
[2021-04-21T09:38:56.835+0000][7][gc,phases    ] GC(3)   Evacuate Collection Set: 14.9ms
[2021-04-21T09:38:56.835+0000][7][gc,phases    ] GC(3)   Post Evacuate Collection Set: 0.8ms
[2021-04-21T09:38:56.835+0000][7][gc,phases    ] GC(3)   Other: 0.4ms
[2021-04-21T09:38:56.835+0000][7][gc,heap      ] GC(3) Eden regions: 31->0(31)
[2021-04-21T09:38:56.835+0000][7][gc,heap      ] GC(3) Survivor regions: 4->2(5)
[2021-04-21T09:38:56.835+0000][7][gc,heap      ] GC(3) Old regions: 2->6
[2021-04-21T09:38:56.835+0000][7][gc,heap      ] GC(3) Archive regions: 2->2
[2021-04-21T09:38:56.835+0000][7][gc,heap      ] GC(3) Humongous regions: 1->1
[2021-04-21T09:38:56.835+0000][7][gc,metaspace ] GC(3) Metaspace: 16234K(17152K)->16234K(17152K) NonClass: 14301K(14848K)->14301K(14848K) Class: 1932K(2304K)->1932K(2304K)
[2021-04-21T09:38:56.835+0000][7][gc           ] GC(3) Pause Young (Normal) (G1 Evacuation Pause) 38M->8M(66M) 16.308ms
[2021-04-21T09:38:56.835+0000][7][gc,cpu       ] GC(3) User=0.04s Sys=0.00s Real=0.01s
[2021-04-21T09:38:56.835+0000][7][safepoint    ] Safepoint "G1CollectForAllocation", Time since last: 775500315 ns, Reaching safepoint: 143802 ns, At safepoint: 16393640 ns, Total: 16537442 ns
[2021-04-21T09:38:56.836+0000][7][safepoint    ] Safepoint "BulkRevokeBias", Time since last: 103036 ns, Reaching safepoint: 93443 ns, At safepoint: 64603 ns, Total: 158046 ns
[2021-04-21T09:38:57.070+0000][7][gc,start     ] GC(4) Pause Young (Normal) (G1 Evacuation Pause)
[2021-04-21T09:38:57.070+0000][7][gc,task      ] GC(4) Using 2 workers of 4 for evacuation
[2021-04-21T09:38:57.070+0000][7][gc,age       ] GC(4) Desired survivor size 2621440 bytes, new threshold 15 (max threshold 15)
[2021-04-21T09:38:57.074+0000][7][gc,age       ] GC(4) Age table with threshold 15 (max threshold 15)
[2021-04-21T09:38:57.074+0000][7][gc,age       ] GC(4) - age   1:    1292992 bytes,    1292992 total
[2021-04-21T09:38:57.074+0000][7][gc,age       ] GC(4) - age   2:    1181952 bytes,    2474944 total
[2021-04-21T09:38:57.074+0000][7][gc,phases    ] GC(4)   Pre Evacuate Collection Set: 0.0ms
[2021-04-21T09:38:57.074+0000][7][gc,phases    ] GC(4)   Merge Heap Roots: 0.0ms
[2021-04-21T09:38:57.074+0000][7][gc,phases    ] GC(4)   Evacuate Collection Set: 3.9ms
[2021-04-21T09:38:57.074+0000][7][gc,phases    ] GC(4)   Post Evacuate Collection Set: 0.3ms
[2021-04-21T09:38:57.074+0000][7][gc,phases    ] GC(4)   Other: 0.2ms
[2021-04-21T09:38:57.074+0000][7][gc,heap      ] GC(4) Eden regions: 31->0(31)
[2021-04-21T09:38:57.074+0000][7][gc,heap      ] GC(4) Survivor regions: 2->3(5)
[2021-04-21T09:38:57.074+0000][7][gc,heap      ] GC(4) Old regions: 6->6
[2021-04-21T09:38:57.074+0000][7][gc,heap      ] GC(4) Archive regions: 2->2
[2021-04-21T09:38:57.074+0000][7][gc,heap      ] GC(4) Humongous regions: 2->1
[2021-04-21T09:38:57.074+0000][7][gc,metaspace ] GC(4) Metaspace: 17217K(18048K)->17217K(18048K) NonClass: 15113K(15616K)->15113K(15616K) Class: 2104K(2432K)->2104K(2432K)
[2021-04-21T09:38:57.074+0000][7][gc           ] GC(4) Pause Young (Normal) (G1 Evacuation Pause) 40M->9M(66M) 4.636ms
[2021-04-21T09:38:57.074+0000][7][gc,cpu       ] GC(4) User=0.01s Sys=0.00s Real=0.00s
[2021-04-21T09:38:57.074+0000][7][safepoint    ] Safepoint "G1CollectForAllocation", Time since last: 233801642 ns, Reaching safepoint: 84743 ns, At safepoint: 4710529 ns, Total: 4795272 ns
[2021-04-21T09:38:57.075+0000][7][safepoint    ] Safepoint "BulkRevokeBias", Time since last: 299371 ns, Reaching safepoint: 182531 ns, At safepoint: 70078 ns, Total: 252609 ns
[2021-04-21T09:38:57.075+0000][7][safepoint    ] Safepoint "BulkRevokeBias", Time since last: 45149 ns, Reaching safepoint: 150282 ns, At safepoint: 42202 ns, Total: 192484 ns
[2021-04-21T09:38:57.229+0000][7][gc,start     ] GC(5) Pause Young (Normal) (G1 Evacuation Pause)
[2021-04-21T09:38:57.230+0000][7][gc,task      ] GC(5) Using 2 workers of 4 for evacuation
[2021-04-21T09:38:57.231+0000][7][gc,age       ] GC(5) Desired survivor size 2621440 bytes, new threshold 15 (max threshold 15)
[2021-04-21T09:38:57.238+0000][7][gc,age       ] GC(5) Age table with threshold 15 (max threshold 15)
[2021-04-21T09:38:57.238+0000][7][gc,age       ] GC(5) - age   1:    1505544 bytes,    1505544 total
[2021-04-21T09:38:57.238+0000][7][gc,age       ] GC(5) - age   2:    1274520 bytes,    2780064 total
[2021-04-21T09:38:57.238+0000][7][gc,age       ] GC(5) - age   3:    1181600 bytes,    3961664 total
[2021-04-21T09:38:57.238+0000][7][gc,phases    ] GC(5)   Pre Evacuate Collection Set: 0.1ms
[2021-04-21T09:38:57.238+0000][7][gc,phases    ] GC(5)   Merge Heap Roots: 0.1ms
[2021-04-21T09:38:57.238+0000][7][gc,phases    ] GC(5)   Evacuate Collection Set: 5.8ms
[2021-04-21T09:38:57.238+0000][7][gc,phases    ] GC(5)   Post Evacuate Collection Set: 0.5ms
[2021-04-21T09:38:57.238+0000][7][gc,phases    ] GC(5)   Other: 2.9ms
[2021-04-21T09:38:57.238+0000][7][gc,heap      ] GC(5) Eden regions: 31->0(31)
[2021-04-21T09:38:57.238+0000][7][gc,heap      ] GC(5) Survivor regions: 3->4(5)
[2021-04-21T09:38:57.238+0000][7][gc,heap      ] GC(5) Old regions: 6->6
[2021-04-21T09:38:57.238+0000][7][gc,heap      ] GC(5) Archive regions: 2->2
[2021-04-21T09:38:57.238+0000][7][gc,heap      ] GC(5) Humongous regions: 1->1
[2021-04-21T09:38:57.238+0000][7][gc,metaspace ] GC(5) Metaspace: 17394K(18304K)->17394K(18304K) NonClass: 15272K(15872K)->15272K(15872K) Class: 2122K(2432K)->2122K(2432K)
[2021-04-21T09:38:57.238+0000][7][gc           ] GC(5) Pause Young (Normal) (G1 Evacuation Pause) 40M->10M(66M) 9.448ms
[2021-04-21T09:38:57.238+0000][7][gc,cpu       ] GC(5) User=0.03s Sys=0.00s Real=0.00s
[2021-04-21T09:38:57.239+0000][7][safepoint    ] Safepoint "G1CollectForAllocation", Time since last: 153306384 ns, Reaching safepoint: 96605 ns, At safepoint: 10402760 ns, Total: 10499365 ns
[2021-04-21T09:38:57.631+0000][7][gc,start     ] GC(6) Pause Young (Normal) (G1 Evacuation Pause)
[2021-04-21T09:38:57.631+0000][7][gc,task      ] GC(6) Using 2 workers of 4 for evacuation
[2021-04-21T09:38:57.631+0000][7][gc,age       ] GC(6) Desired survivor size 2621440 bytes, new threshold 2 (max threshold 15)
[2021-04-21T09:38:57.644+0000][7][gc,age       ] GC(6) Age table with threshold 2 (max threshold 15)
[2021-04-21T09:38:57.644+0000][7][gc,age       ] GC(6) - age   1:    2202560 bytes,    2202560 total
[2021-04-21T09:38:57.644+0000][7][gc,age       ] GC(6) - age   2:      58384 bytes,    2260944 total
[2021-04-21T09:38:57.644+0000][7][gc,phases    ] GC(6)   Pre Evacuate Collection Set: 0.0ms
[2021-04-21T09:38:57.644+0000][7][gc,phases    ] GC(6)   Merge Heap Roots: 0.0ms
[2021-04-21T09:38:57.644+0000][7][gc,phases    ] GC(6)   Evacuate Collection Set: 11.1ms
[2021-04-21T09:38:57.644+0000][7][gc,phases    ] GC(6)   Post Evacuate Collection Set: 1.8ms
[2021-04-21T09:38:57.644+0000][7][gc,phases    ] GC(6)   Other: 0.2ms
[2021-04-21T09:38:57.644+0000][7][gc,heap      ] GC(6) Eden regions: 31->0(30)
[2021-04-21T09:38:57.644+0000][7][gc,heap      ] GC(6) Survivor regions: 4->3(5)
[2021-04-21T09:38:57.644+0000][7][gc,heap      ] GC(6) Old regions: 6->8
[2021-04-21T09:38:57.644+0000][7][gc,heap      ] GC(6) Archive regions: 2->2
[2021-04-21T09:38:57.644+0000][7][gc,heap      ] GC(6) Humongous regions: 1->1
[2021-04-21T09:38:57.644+0000][7][gc,metaspace ] GC(6) Metaspace: 18769K(19712K)->18769K(19712K) NonClass: 16477K(17152K)->16477K(17152K) Class: 2292K(2560K)->2292K(2560K)
[2021-04-21T09:38:57.644+0000][7][gc           ] GC(6) Pause Young (Normal) (G1 Evacuation Pause) 41M->11M(66M) 13.315ms
[2021-04-21T09:38:57.644+0000][7][gc,cpu       ] GC(6) User=0.01s Sys=0.00s Real=0.01s
[2021-04-21T09:38:57.644+0000][7][safepoint    ] Safepoint "G1CollectForAllocation", Time since last: 391961206 ns, Reaching safepoint: 180853 ns, At safepoint: 13383015 ns, Total: 13563868 ns
[2021-04-21T09:38:57.844+0000][7][gc,start     ] GC(7) Pause Young (Normal) (G1 Evacuation Pause)
[2021-04-21T09:38:57.844+0000][7][gc,task      ] GC(7) Using 2 workers of 4 for evacuation
[2021-04-21T09:38:57.845+0000][7][gc,age       ] GC(7) Desired survivor size 2621440 bytes, new threshold 15 (max threshold 15)
[2021-04-21T09:38:57.857+0000][7][gc,age       ] GC(7) Age table with threshold 15 (max threshold 15)
[2021-04-21T09:38:57.857+0000][7][gc,age       ] GC(7) - age   1:    1393888 bytes,    1393888 total
[2021-04-21T09:38:57.857+0000][7][gc,age       ] GC(7) - age   2:    1324192 bytes,    2718080 total
[2021-04-21T09:38:57.857+0000][7][gc,age       ] GC(7) - age   3:      58384 bytes,    2776464 total
[2021-04-21T09:38:57.857+0000][7][gc,phases    ] GC(7)   Pre Evacuate Collection Set: 0.0ms
[2021-04-21T09:38:57.857+0000][7][gc,phases    ] GC(7)   Merge Heap Roots: 0.0ms
[2021-04-21T09:38:57.857+0000][7][gc,phases    ] GC(7)   Evacuate Collection Set: 11.4ms
[2021-04-21T09:38:57.857+0000][7][gc,phases    ] GC(7)   Post Evacuate Collection Set: 0.6ms
[2021-04-21T09:38:57.857+0000][7][gc,phases    ] GC(7)   Other: 0.3ms
[2021-04-21T09:38:57.857+0000][7][gc,heap      ] GC(7) Eden regions: 30->0(30)
[2021-04-21T09:38:57.857+0000][7][gc,heap      ] GC(7) Survivor regions: 3->3(5)
[2021-04-21T09:38:57.857+0000][7][gc,heap      ] GC(7) Old regions: 8->8
[2021-04-21T09:38:57.857+0000][7][gc,heap      ] GC(7) Archive regions: 2->2
[2021-04-21T09:38:57.857+0000][7][gc,heap      ] GC(7) Humongous regions: 1->1
[2021-04-21T09:38:57.857+0000][7][gc,metaspace ] GC(7) Metaspace: 18809K(19712K)->18809K(19712K) NonClass: 16516K(17152K)->16516K(17152K) Class: 2293K(2560K)->2293K(2560K)
[2021-04-21T09:38:57.857+0000][7][gc           ] GC(7) Pause Young (Normal) (G1 Evacuation Pause) 41M->12M(66M) 12.464ms
[2021-04-21T09:38:57.857+0000][7][gc,cpu       ] GC(7) User=0.01s Sys=0.00s Real=0.01s
[2021-04-21T09:38:57.857+0000][7][safepoint    ] Safepoint "G1CollectForAllocation", Time since last: 199839965 ns, Reaching safepoint: 141831 ns, At safepoint: 12534546 ns, Total: 12676377 ns
[2021-04-21T09:38:57.980+0000][7][gc,start     ] GC(8) Pause Young (Normal) (G1 Evacuation Pause)
[2021-04-21T09:38:57.980+0000][7][gc,task      ] GC(8) Using 2 workers of 4 for evacuation
[2021-04-21T09:38:57.980+0000][7][gc,age       ] GC(8) Desired survivor size 2621440 bytes, new threshold 2 (max threshold 15)
[2021-04-21T09:38:57.990+0000][7][gc,age       ] GC(8) Age table with threshold 2 (max threshold 15)
[2021-04-21T09:38:57.990+0000][7][gc,age       ] GC(8) - age   1:    2235056 bytes,    2235056 total
[2021-04-21T09:38:57.990+0000][7][gc,age       ] GC(8) - age   2:      33936 bytes,    2268992 total
[2021-04-21T09:38:57.990+0000][7][gc,phases    ] GC(8)   Pre Evacuate Collection Set: 0.0ms
[2021-04-21T09:38:57.990+0000][7][gc,phases    ] GC(8)   Merge Heap Roots: 0.1ms
[2021-04-21T09:38:57.990+0000][7][gc,phases    ] GC(8)   Evacuate Collection Set: 9.2ms
[2021-04-21T09:38:57.990+0000][7][gc,phases    ] GC(8)   Post Evacuate Collection Set: 0.4ms
[2021-04-21T09:38:57.990+0000][7][gc,phases    ] GC(8)   Other: 0.4ms
[2021-04-21T09:38:57.990+0000][7][gc,heap      ] GC(8) Eden regions: 30->0(29)
[2021-04-21T09:38:57.990+0000][7][gc,heap      ] GC(8) Survivor regions: 3->3(5)
[2021-04-21T09:38:57.990+0000][7][gc,heap      ] GC(8) Old regions: 8->9
[2021-04-21T09:38:57.990+0000][7][gc,heap      ] GC(8) Archive regions: 2->2
[2021-04-21T09:38:57.990+0000][7][gc,heap      ] GC(8) Humongous regions: 1->1
[2021-04-21T09:38:57.990+0000][7][gc,metaspace ] GC(8) Metaspace: 18833K(19840K)->18833K(19840K) NonClass: 16538K(17152K)->16538K(17152K) Class: 2294K(2688K)->2294K(2688K)
[2021-04-21T09:38:57.990+0000][7][gc           ] GC(8) Pause Young (Normal) (G1 Evacuation Pause) 42M->13M(66M) 10.345ms
[2021-04-21T09:38:57.990+0000][7][gc,cpu       ] GC(8) User=0.02s Sys=0.00s Real=0.01s
[2021-04-21T09:38:57.990+0000][7][safepoint    ] Safepoint "G1CollectForAllocation", Time since last: 123017824 ns, Reaching safepoint: 63813 ns, At safepoint: 10413079 ns, Total: 10476892 ns
[2021-04-21T09:38:58.078+0000][7][gc,start     ] GC(9) Pause Young (Normal) (G1 Evacuation Pause)
[2021-04-21T09:38:58.079+0000][7][gc,task      ] GC(9) Using 2 workers of 4 for evacuation
[2021-04-21T09:38:58.080+0000][7][gc,age       ] GC(9) Desired survivor size 2097152 bytes, new threshold 1 (max threshold 15)
[2021-04-21T09:38:58.083+0000][7][gc,age       ] GC(9) Age table with threshold 1 (max threshold 15)
[2021-04-21T09:38:58.083+0000][7][gc,age       ] GC(9) - age   1:     788184 bytes,     788184 total
[2021-04-21T09:38:58.083+0000][7][gc,phases    ] GC(9)   Pre Evacuate Collection Set: 1.0ms
[2021-04-21T09:38:58.083+0000][7][gc,phases    ] GC(9)   Merge Heap Roots: 0.0ms
[2021-04-21T09:38:58.083+0000][7][gc,phases    ] GC(9)   Evacuate Collection Set: 1.3ms
[2021-04-21T09:38:58.083+0000][7][gc,phases    ] GC(9)   Post Evacuate Collection Set: 0.4ms
[2021-04-21T09:38:58.083+0000][7][gc,phases    ] GC(9)   Other: 1.8ms
[2021-04-21T09:38:58.083+0000][7][gc,heap      ] GC(9) Eden regions: 29->0(30)
[2021-04-21T09:38:58.083+0000][7][gc,heap      ] GC(9) Survivor regions: 3->1(4)
[2021-04-21T09:38:58.083+0000][7][gc,heap      ] GC(9) Old regions: 9->10
[2021-04-21T09:38:58.083+0000][7][gc,heap      ] GC(9) Archive regions: 2->2
[2021-04-21T09:38:58.083+0000][7][gc,heap      ] GC(9) Humongous regions: 1->1
[2021-04-21T09:38:58.083+0000][7][gc,metaspace ] GC(9) Metaspace: 18878K(19840K)->18878K(19840K) NonClass: 16578K(17152K)->16578K(17152K) Class: 2300K(2688K)->2300K(2688K)
[2021-04-21T09:38:58.083+0000][7][gc           ] GC(9) Pause Young (Normal) (G1 Evacuation Pause) 42M->11M(66M) 4.627ms
[2021-04-21T09:38:58.083+0000][7][gc,cpu       ] GC(9) User=0.00s Sys=0.00s Real=0.00s
[2021-04-21T09:38:58.083+0000][7][safepoint    ] Safepoint "G1CollectForAllocation", Time since last: 87931480 ns, Reaching safepoint: 72234 ns, At safepoint: 4710606 ns, Total: 4782840 ns
[2021-04-21T09:38:58.177+0000][7][gc,start     ] GC(10) Pause Young (Normal) (G1 Evacuation Pause)
[2021-04-21T09:38:58.178+0000][7][gc,task      ] GC(10) Using 2 workers of 4 for evacuation
[2021-04-21T09:38:58.178+0000][7][gc,age       ] GC(10) Desired survivor size 2097152 bytes, new threshold 15 (max threshold 15)
[2021-04-21T09:38:58.180+0000][7][gc,age       ] GC(10) Age table with threshold 15 (max threshold 15)
[2021-04-21T09:38:58.180+0000][7][gc,age       ] GC(10) - age   1:     541080 bytes,     541080 total
[2021-04-21T09:38:58.180+0000][7][gc,age       ] GC(10) - age   2:     261480 bytes,     802560 total
[2021-04-21T09:38:58.180+0000][7][gc,phases    ] GC(10)   Pre Evacuate Collection Set: 0.0ms
[2021-04-21T09:38:58.180+0000][7][gc,phases    ] GC(10)   Merge Heap Roots: 0.0ms
[2021-04-21T09:38:58.180+0000][7][gc,phases    ] GC(10)   Evacuate Collection Set: 1.2ms
[2021-04-21T09:38:58.180+0000][7][gc,phases    ] GC(10)   Post Evacuate Collection Set: 0.5ms
[2021-04-21T09:38:58.180+0000][7][gc,phases    ] GC(10)   Other: 1.8ms
[2021-04-21T09:38:58.180+0000][7][gc,heap      ] GC(10) Eden regions: 30->0(31)
[2021-04-21T09:38:58.180+0000][7][gc,heap      ] GC(10) Survivor regions: 1->1(4)
[2021-04-21T09:38:58.180+0000][7][gc,heap      ] GC(10) Old regions: 10->10
[2021-04-21T09:38:58.180+0000][7][gc,heap      ] GC(10) Archive regions: 2->2
[2021-04-21T09:38:58.180+0000][7][gc,heap      ] GC(10) Humongous regions: 1->1
[2021-04-21T09:38:58.180+0000][7][gc,metaspace ] GC(10) Metaspace: 18911K(19840K)->18911K(19840K) NonClass: 16608K(17152K)->16608K(17152K) Class: 2303K(2688K)->2303K(2688K)
[2021-04-21T09:38:58.180+0000][7][gc           ] GC(10) Pause Young (Normal) (G1 Evacuation Pause) 41M->11M(66M) 3.678ms
[2021-04-21T09:38:58.180+0000][7][gc,cpu       ] GC(10) User=0.00s Sys=0.00s Real=0.01s
[2021-04-21T09:38:58.180+0000][7][safepoint    ] Safepoint "G1CollectForAllocation", Time since last: 93210808 ns, Reaching safepoint: 150491 ns, At safepoint: 3937927 ns, Total: 4088418 ns
[2021-04-21T09:38:58.195+0000][7][safepoint    ] Safepoint "BulkRevokeBias", Time since last: 9910292 ns, Reaching safepoint: 4058425 ns, At safepoint: 136604 ns, Total: 4195029 ns
[2021-04-21T09:38:58.321+0000][7][gc,start     ] GC(11) Pause Young (Normal) (G1 Evacuation Pause)
[2021-04-21T09:38:58.321+0000][7][gc,task      ] GC(11) Using 2 workers of 4 for evacuation
[2021-04-21T09:38:58.321+0000][7][gc,age       ] GC(11) Desired survivor size 2097152 bytes, new threshold 15 (max threshold 15)
[2021-04-21T09:38:58.340+0000][7][gc,age       ] GC(11) Age table with threshold 15 (max threshold 15)
[2021-04-21T09:38:58.341+0000][7][gc,age       ] GC(11) - age   1:    2720112 bytes,    2720112 total
[2021-04-21T09:38:58.341+0000][7][gc,age       ] GC(11) - age   2:      63912 bytes,    2784024 total
[2021-04-21T09:38:58.341+0000][7][gc,age       ] GC(11) - age   3:     261424 bytes,    3045448 total
[2021-04-21T09:38:58.341+0000][7][gc,phases    ] GC(11)   Pre Evacuate Collection Set: 5.3ms
[2021-04-21T09:38:58.341+0000][7][gc,phases    ] GC(11)   Merge Heap Roots: 1.6ms
[2021-04-21T09:38:58.341+0000][7][gc,phases    ] GC(11)   Evacuate Collection Set: 10.8ms
[2021-04-21T09:38:58.341+0000][7][gc,phases    ] GC(11)   Post Evacuate Collection Set: 1.3ms
[2021-04-21T09:38:58.341+0000][7][gc,phases    ] GC(11)   Other: 1.4ms
[2021-04-21T09:38:58.341+0000][7][gc,heap      ] GC(11) Eden regions: 31->0(28)
[2021-04-21T09:38:58.341+0000][7][gc,heap      ] GC(11) Survivor regions: 1->3(4)
[2021-04-21T09:38:58.341+0000][7][gc,heap      ] GC(11) Old regions: 10->10
[2021-04-21T09:38:58.341+0000][7][gc,heap      ] GC(11) Archive regions: 2->2
[2021-04-21T09:38:58.341+0000][7][gc,heap      ] GC(11) Humongous regions: 1->1
[2021-04-21T09:38:58.341+0000][7][gc,metaspace ] GC(11) Metaspace: 18912K(19840K)->18912K(19840K) NonClass: 16609K(17152K)->16609K(17152K) Class: 2303K(2688K)->2303K(2688K)
[2021-04-21T09:38:58.341+0000][7][gc           ] GC(11) Pause Young (Normal) (G1 Evacuation Pause) 42M->13M(66M) 20.591ms
[2021-04-21T09:38:58.341+0000][7][gc,cpu       ] GC(11) User=0.03s Sys=0.00s Real=0.02s
[2021-04-21T09:38:58.341+0000][7][safepoint    ] Safepoint "G1CollectForAllocation", Time since last: 125887379 ns, Reaching safepoint: 49649 ns, At safepoint: 20666708 ns, Total: 20716357 ns
[2021-04-21T09:38:58.640+0000][7][gc,start     ] GC(12) Pause Young (Normal) (G1 Evacuation Pause)
[2021-04-21T09:38:58.641+0000][7][gc,task      ] GC(12) Using 2 workers of 4 for evacuation
[2021-04-21T09:38:58.641+0000][7][gc,age       ] GC(12) Desired survivor size 2097152 bytes, new threshold 1 (max threshold 15)
[2021-04-21T09:38:58.650+0000][7][gc,age       ] GC(12) Age table with threshold 1 (max threshold 15)
[2021-04-21T09:38:58.651+0000][7][gc,age       ] GC(12) - age   1:    1643912 bytes,    1643912 total
[2021-04-21T09:38:58.651+0000][7][gc,phases    ] GC(12)   Pre Evacuate Collection Set: 0.1ms
[2021-04-21T09:38:58.651+0000][7][gc,phases    ] GC(12)   Merge Heap Roots: 0.0ms
[2021-04-21T09:38:58.651+0000][7][gc,phases    ] GC(12)   Evacuate Collection Set: 8.8ms
[2021-04-21T09:38:58.651+0000][7][gc,phases    ] GC(12)   Post Evacuate Collection Set: 0.4ms
[2021-04-21T09:38:58.651+0000][7][gc,phases    ] GC(12)   Other: 0.8ms
[2021-04-21T09:38:58.651+0000][7][gc,heap      ] GC(12) Eden regions: 28->0(29)
[2021-04-21T09:38:58.651+0000][7][gc,heap      ] GC(12) Survivor regions: 3->2(4)
[2021-04-21T09:38:58.651+0000][7][gc,heap      ] GC(12) Old regions: 10->10
[2021-04-21T09:38:58.651+0000][7][gc,heap      ] GC(12) Archive regions: 2->2
[2021-04-21T09:38:58.651+0000][7][gc,heap      ] GC(12) Humongous regions: 1->1
[2021-04-21T09:38:58.651+0000][7][gc,metaspace ] GC(12) Metaspace: 19222K(20096K)->19222K(20096K) NonClass: 16876K(17408K)->16876K(17408K) Class: 2346K(2688K)->2346K(2688K)
[2021-04-21T09:38:58.651+0000][7][gc           ] GC(12) Pause Young (Normal) (G1 Evacuation Pause) 41M->13M(66M) 10.341ms
[2021-04-21T09:38:58.651+0000][7][gc,cpu       ] GC(12) User=0.01s Sys=0.00s Real=0.01s
[2021-04-21T09:38:58.651+0000][7][safepoint    ] Safepoint "G1CollectForAllocation", Time since last: 299050646 ns, Reaching safepoint: 82871 ns, At safepoint: 10417869 ns, Total: 10500740 ns
[2021-04-21T09:38:58.746+0000][7][gc,start     ] GC(13) Pause Young (Normal) (G1 Evacuation Pause)
[2021-04-21T09:38:58.747+0000][7][gc,task      ] GC(13) Using 2 workers of 4 for evacuation
[2021-04-21T09:38:58.747+0000][7][gc,age       ] GC(13) Desired survivor size 2097152 bytes, new threshold 15 (max threshold 15)
[2021-04-21T09:38:58.753+0000][7][gc,age       ] GC(13) Age table with threshold 15 (max threshold 15)
[2021-04-21T09:38:58.753+0000][7][gc,age       ] GC(13) - age   1:    2126680 bytes,    2126680 total
[2021-04-21T09:38:58.753+0000][7][gc,age       ] GC(13) - age   2:    1200136 bytes,    3326816 total
[2021-04-21T09:38:58.753+0000][7][gc,phases    ] GC(13)   Pre Evacuate Collection Set: 0.2ms
[2021-04-21T09:38:58.753+0000][7][gc,phases    ] GC(13)   Merge Heap Roots: 0.1ms
[2021-04-21T09:38:58.753+0000][7][gc,phases    ] GC(13)   Evacuate Collection Set: 4.8ms
[2021-04-21T09:38:58.753+0000][7][gc,phases    ] GC(13)   Post Evacuate Collection Set: 0.4ms
[2021-04-21T09:38:58.753+0000][7][gc,phases    ] GC(13)   Other: 2.3ms
[2021-04-21T09:38:58.753+0000][7][gc,heap      ] GC(13) Eden regions: 29->0(27)
[2021-04-21T09:38:58.753+0000][7][gc,heap      ] GC(13) Survivor regions: 2->4(4)
[2021-04-21T09:38:58.753+0000][7][gc,heap      ] GC(13) Old regions: 10->10
[2021-04-21T09:38:58.753+0000][7][gc,heap      ] GC(13) Archive regions: 2->2
[2021-04-21T09:38:58.753+0000][7][gc,heap      ] GC(13) Humongous regions: 1->1
[2021-04-21T09:38:58.753+0000][7][gc,metaspace ] GC(13) Metaspace: 19308K(20352K)->19308K(20352K) NonClass: 16957K(17664K)->16957K(17664K) Class: 2351K(2688K)->2351K(2688K)
[2021-04-21T09:38:58.753+0000][7][gc           ] GC(13) Pause Young (Normal) (G1 Evacuation Pause) 42M->14M(66M) 7.889ms
[2021-04-21T09:38:58.753+0000][7][gc,cpu       ] GC(13) User=0.02s Sys=0.00s Real=0.01s
[2021-04-21T09:38:58.754+0000][7][safepoint    ] Safepoint "G1CollectForAllocation", Time since last: 94640813 ns, Reaching safepoint: 123255 ns, At safepoint: 8032195 ns, Total: 8155450 ns
[2021-04-21T09:38:58.950+0000][7][gc,start     ] GC(14) Pause Young (Normal) (G1 Evacuation Pause)
[2021-04-21T09:38:58.950+0000][7][gc,task      ] GC(14) Using 2 workers of 4 for evacuation
[2021-04-21T09:38:58.950+0000][7][gc,age       ] GC(14) Desired survivor size 2097152 bytes, new threshold 1 (max threshold 15)
[2021-04-21T09:38:58.969+0000][7][gc,age       ] GC(14) Age table with threshold 1 (max threshold 15)
[2021-04-21T09:38:58.969+0000][7][gc,age       ] GC(14) - age   1:    2226200 bytes,    2226200 total
[2021-04-21T09:38:58.969+0000][7][gc,phases    ] GC(14)   Pre Evacuate Collection Set: 3.9ms
[2021-04-21T09:38:58.969+0000][7][gc,phases    ] GC(14)   Merge Heap Roots: 4.0ms
[2021-04-21T09:38:58.969+0000][7][gc,phases    ] GC(14)   Evacuate Collection Set: 9.8ms
[2021-04-21T09:38:58.969+0000][7][gc,phases    ] GC(14)   Post Evacuate Collection Set: 0.6ms
[2021-04-21T09:38:58.969+0000][7][gc,phases    ] GC(14)   Other: 0.2ms
[2021-04-21T09:38:58.969+0000][7][gc,heap      ] GC(14) Eden regions: 27->0(27)
[2021-04-21T09:38:58.969+0000][7][gc,heap      ] GC(14) Survivor regions: 4->3(4)
[2021-04-21T09:38:58.969+0000][7][gc,heap      ] GC(14) Old regions: 10->11
[2021-04-21T09:38:58.969+0000][7][gc,heap      ] GC(14) Archive regions: 2->2
[2021-04-21T09:38:58.969+0000][7][gc,heap      ] GC(14) Humongous regions: 1->1
[2021-04-21T09:38:58.969+0000][7][gc,metaspace ] GC(14) Metaspace: 19524K(20736K)->19524K(20736K) NonClass: 17136K(17920K)->17136K(17920K) Class: 2388K(2816K)->2388K(2816K)
[2021-04-21T09:38:58.969+0000][7][gc           ] GC(14) Pause Young (Normal) (G1 Evacuation Pause) 41M->15M(66M) 18.498ms
[2021-04-21T09:38:58.969+0000][7][gc,cpu       ] GC(14) User=0.03s Sys=0.00s Real=0.02s
[2021-04-21T09:38:58.969+0000][7][safepoint    ] Safepoint "G1CollectForAllocation", Time since last: 195602614 ns, Reaching safepoint: 1235384 ns, At safepoint: 18578181 ns, Total: 19813565 ns
[2021-04-21T09:38:58.984+0000][7][safepoint    ] Safepoint "BulkRevokeBias", Time since last: 14439481 ns, Reaching safepoint: 125515 ns, At safepoint: 68384 ns, Total: 193899 ns
[2021-04-21T09:38:58.985+0000][7][safepoint    ] Safepoint "BulkRevokeBias", Time since last: 1327795 ns, Reaching safepoint: 57442 ns, At safepoint: 67965 ns, Total: 125407 ns
[2021-04-21T09:38:59.114+0000][7][gc,start     ] GC(15) Pause Young (Normal) (G1 Evacuation Pause)
[2021-04-21T09:38:59.114+0000][7][gc,task      ] GC(15) Using 2 workers of 4 for evacuation
[2021-04-21T09:38:59.115+0000][7][gc,age       ] GC(15) Desired survivor size 2097152 bytes, new threshold 1 (max threshold 15)
[2021-04-21T09:38:59.133+0000][7][gc,age       ] GC(15) Age table with threshold 1 (max threshold 15)
[2021-04-21T09:38:59.133+0000][7][gc,age       ] GC(15) - age   1:     395952 bytes,     395952 total
[2021-04-21T09:38:59.133+0000][7][gc,phases    ] GC(15)   Pre Evacuate Collection Set: 0.0ms
[2021-04-21T09:38:59.133+0000][7][gc,phases    ] GC(15)   Merge Heap Roots: 0.0ms
[2021-04-21T09:38:59.133+0000][7][gc,phases    ] GC(15)   Evacuate Collection Set: 3.4ms
[2021-04-21T09:38:59.133+0000][7][gc,phases    ] GC(15)   Post Evacuate Collection Set: 15.2ms
[2021-04-21T09:38:59.133+0000][7][gc,phases    ] GC(15)   Other: 0.3ms
[2021-04-21T09:38:59.133+0000][7][gc,heap      ] GC(15) Eden regions: 27->0(28)
[2021-04-21T09:38:59.133+0000][7][gc,heap      ] GC(15) Survivor regions: 3->1(4)
[2021-04-21T09:38:59.133+0000][7][gc,heap      ] GC(15) Old regions: 11->13
[2021-04-21T09:38:59.133+0000][7][gc,heap      ] GC(15) Archive regions: 2->2
[2021-04-21T09:38:59.133+0000][7][gc,heap      ] GC(15) Humongous regions: 1->1
[2021-04-21T09:38:59.133+0000][7][gc,metaspace ] GC(15) Metaspace: 19537K(20736K)->19537K(20736K) NonClass: 17146K(17920K)->17146K(17920K) Class: 2390K(2816K)->2390K(2816K)
[2021-04-21T09:38:59.134+0000][7][gc           ] GC(15) Pause Young (Normal) (G1 Evacuation Pause) 42M->14M(66M) 19.112ms
[2021-04-21T09:38:59.134+0000][7][gc,cpu       ] GC(15) User=0.02s Sys=0.00s Real=0.02s
[2021-04-21T09:38:59.134+0000][7][safepoint    ] Safepoint "G1CollectForAllocation", Time since last: 129287821 ns, Reaching safepoint: 89551 ns, At safepoint: 19185641 ns, Total: 19275192 ns
[2021-04-21T09:38:59.271+0000][7][gc,start     ] GC(16) Pause Young (Normal) (G1 Evacuation Pause)
[2021-04-21T09:38:59.272+0000][7][gc,task      ] GC(16) Using 2 workers of 4 for evacuation
[2021-04-21T09:38:59.273+0000][7][gc,age       ] GC(16) Desired survivor size 2097152 bytes, new threshold 15 (max threshold 15)
[2021-04-21T09:38:59.278+0000][7][gc,age       ] GC(16) Age table with threshold 15 (max threshold 15)
[2021-04-21T09:38:59.278+0000][7][gc,age       ] GC(16) - age   1:    2094056 bytes,    2094056 total
[2021-04-21T09:38:59.278+0000][7][gc,age       ] GC(16) - age   2:      92784 bytes,    2186840 total
[2021-04-21T09:38:59.278+0000][7][gc,phases    ] GC(16)   Pre Evacuate Collection Set: 0.1ms
[2021-04-21T09:38:59.278+0000][7][gc,phases    ] GC(16)   Merge Heap Roots: 0.0ms
[2021-04-21T09:38:59.278+0000][7][gc,phases    ] GC(16)   Evacuate Collection Set: 2.8ms
[2021-04-21T09:38:59.278+0000][7][gc,phases    ] GC(16)   Post Evacuate Collection Set: 0.4ms
[2021-04-21T09:38:59.278+0000][7][gc,phases    ] GC(16)   Other: 3.4ms
[2021-04-21T09:38:59.278+0000][7][gc,heap      ] GC(16) Eden regions: 28->0(25)
[2021-04-21T09:38:59.278+0000][7][gc,heap      ] GC(16) Survivor regions: 1->3(4)
[2021-04-21T09:38:59.278+0000][7][gc,heap      ] GC(16) Old regions: 13->13
[2021-04-21T09:38:59.278+0000][7][gc,heap      ] GC(16) Archive regions: 2->2
[2021-04-21T09:38:59.278+0000][7][gc,heap      ] GC(16) Humongous regions: 1->1
[2021-04-21T09:38:59.278+0000][7][gc,metaspace ] GC(16) Metaspace: 19537K(20736K)->19537K(20736K) NonClass: 17146K(17920K)->17146K(17920K) Class: 2390K(2816K)->2390K(2816K)
[2021-04-21T09:38:59.278+0000][7][gc           ] GC(16) Pause Young (Normal) (G1 Evacuation Pause) 42M->16M(66M) 6.847ms
[2021-04-21T09:38:59.278+0000][7][gc,cpu       ] GC(16) User=0.01s Sys=0.00s Real=0.00s
[2021-04-21T09:38:59.278+0000][7][safepoint    ] Safepoint "G1CollectForAllocation", Time since last: 137121369 ns, Reaching safepoint: 210902 ns, At safepoint: 6926335 ns, Total: 7137237 ns
[2021-04-21T09:38:59.477+0000][7][gc,start     ] GC(17) Pause Young (Normal) (G1 Evacuation Pause)
[2021-04-21T09:38:59.477+0000][7][gc,task      ] GC(17) Using 2 workers of 4 for evacuation
[2021-04-21T09:38:59.477+0000][7][gc,age       ] GC(17) Desired survivor size 2097152 bytes, new threshold 2 (max threshold 15)
[2021-04-21T09:38:59.487+0000][7][gc,age       ] GC(17) Age table with threshold 2 (max threshold 15)
[2021-04-21T09:38:59.487+0000][7][gc,age       ] GC(17) - age   1:    1753424 bytes,    1753424 total
[2021-04-21T09:38:59.487+0000][7][gc,age       ] GC(17) - age   2:        640 bytes,    1754064 total
[2021-04-21T09:38:59.487+0000][7][gc,phases    ] GC(17)   Pre Evacuate Collection Set: 1.7ms
[2021-04-21T09:38:59.487+0000][7][gc,phases    ] GC(17)   Merge Heap Roots: 0.0ms
[2021-04-21T09:38:59.487+0000][7][gc,phases    ] GC(17)   Evacuate Collection Set: 4.0ms
[2021-04-21T09:38:59.487+0000][7][gc,phases    ] GC(17)   Post Evacuate Collection Set: 4.3ms
[2021-04-21T09:38:59.487+0000][7][gc,phases    ] GC(17)   Other: 0.2ms
[2021-04-21T09:38:59.487+0000][7][gc,heap      ] GC(17) Eden regions: 25->0(26)
[2021-04-21T09:38:59.487+0000][7][gc,heap      ] GC(17) Survivor regions: 3->2(4)
[2021-04-21T09:38:59.487+0000][7][gc,heap      ] GC(17) Old regions: 13->13
[2021-04-21T09:38:59.487+0000][7][gc,heap      ] GC(17) Archive regions: 2->2
[2021-04-21T09:38:59.487+0000][7][gc,heap      ] GC(17) Humongous regions: 1->1
[2021-04-21T09:38:59.487+0000][7][gc,metaspace ] GC(17) Metaspace: 19611K(20736K)->19611K(20736K) NonClass: 17207K(17920K)->17207K(17920K) Class: 2403K(2816K)->2403K(2816K)
[2021-04-21T09:38:59.487+0000][7][gc           ] GC(17) Pause Young (Normal) (G1 Evacuation Pause) 41M->15M(66M) 10.292ms
[2021-04-21T09:38:59.487+0000][7][gc,cpu       ] GC(17) User=0.01s Sys=0.00s Real=0.02s
[2021-04-21T09:38:59.487+0000][7][safepoint    ] Safepoint "G1CollectForAllocation", Time since last: 198508068 ns, Reaching safepoint: 243094 ns, At safepoint: 10366987 ns, Total: 10610081 ns
[2021-04-21T09:38:59.575+0000][7][gc,start     ] GC(18) Pause Young (Normal) (G1 Evacuation Pause)
[2021-04-21T09:38:59.576+0000][7][gc,task      ] GC(18) Using 2 workers of 4 for evacuation
[2021-04-21T09:38:59.576+0000][7][gc,age       ] GC(18) Desired survivor size 2097152 bytes, new threshold 15 (max threshold 15)
[2021-04-21T09:38:59.579+0000][7][gc,age       ] GC(18) Age table with threshold 15 (max threshold 15)
[2021-04-21T09:38:59.580+0000][7][gc,age       ] GC(18) - age   1:     544192 bytes,     544192 total
[2021-04-21T09:38:59.580+0000][7][gc,age       ] GC(18) - age   2:     415768 bytes,     959960 total
[2021-04-21T09:38:59.580+0000][7][gc,age       ] GC(18) - age   3:        640 bytes,     960600 total
[2021-04-21T09:38:59.580+0000][7][gc,phases    ] GC(18)   Pre Evacuate Collection Set: 0.6ms
[2021-04-21T09:38:59.580+0000][7][gc,phases    ] GC(18)   Merge Heap Roots: 0.4ms
[2021-04-21T09:38:59.580+0000][7][gc,phases    ] GC(18)   Evacuate Collection Set: 2.0ms
[2021-04-21T09:38:59.580+0000][7][gc,phases    ] GC(18)   Post Evacuate Collection Set: 0.4ms
[2021-04-21T09:38:59.580+0000][7][gc,phases    ] GC(18)   Other: 1.6ms
[2021-04-21T09:38:59.580+0000][7][gc,heap      ] GC(18) Eden regions: 26->0(28)
[2021-04-21T09:38:59.580+0000][7][gc,heap      ] GC(18) Survivor regions: 2->1(4)
[2021-04-21T09:38:59.580+0000][7][gc,heap      ] GC(18) Old regions: 13->13
[2021-04-21T09:38:59.580+0000][7][gc,heap      ] GC(18) Archive regions: 2->2
[2021-04-21T09:38:59.580+0000][7][gc,heap      ] GC(18) Humongous regions: 1->1
[2021-04-21T09:38:59.580+0000][7][gc,metaspace ] GC(18) Metaspace: 19638K(20736K)->19638K(20736K) NonClass: 17229K(17920K)->17229K(17920K) Class: 2408K(2816K)->2408K(2816K)
[2021-04-21T09:38:59.580+0000][7][gc           ] GC(18) Pause Young (Normal) (G1 Evacuation Pause) 41M->15M(66M) 5.077ms
[2021-04-21T09:38:59.580+0000][7][gc,cpu       ] GC(18) User=0.01s Sys=0.00s Real=0.01s
[2021-04-21T09:38:59.580+0000][7][safepoint    ] Safepoint "G1CollectForAllocation", Time since last: 87743242 ns, Reaching safepoint: 123826 ns, At safepoint: 5169461 ns, Total: 5293287 ns
[2021-04-21T09:38:59.656+0000][7][gc,start     ] GC(19) Pause Young (Normal) (G1 Evacuation Pause)
[2021-04-21T09:38:59.656+0000][7][gc,task      ] GC(19) Using 2 workers of 4 for evacuation
[2021-04-21T09:38:59.656+0000][7][gc,age       ] GC(19) Desired survivor size 2097152 bytes, new threshold 15 (max threshold 15)
[2021-04-21T09:38:59.658+0000][7][gc,age       ] GC(19) Age table with threshold 15 (max threshold 15)
[2021-04-21T09:38:59.658+0000][7][gc,age       ] GC(19) - age   1:     758752 bytes,     758752 total
[2021-04-21T09:38:59.658+0000][7][gc,age       ] GC(19) - age   2:      46712 bytes,     805464 total
[2021-04-21T09:38:59.658+0000][7][gc,age       ] GC(19) - age   3:     415768 bytes,    1221232 total
[2021-04-21T09:38:59.658+0000][7][gc,age       ] GC(19) - age   4:        640 bytes,    1221872 total
[2021-04-21T09:38:59.659+0000][7][gc,phases    ] GC(19)   Pre Evacuate Collection Set: 0.0ms
[2021-04-21T09:38:59.659+0000][7][gc,phases    ] GC(19)   Merge Heap Roots: 0.0ms
[2021-04-21T09:38:59.659+0000][7][gc,phases    ] GC(19)   Evacuate Collection Set: 2.0ms
[2021-04-21T09:38:59.659+0000][7][gc,phases    ] GC(19)   Post Evacuate Collection Set: 0.6ms
[2021-04-21T09:38:59.659+0000][7][gc,phases    ] GC(19)   Other: 0.3ms
[2021-04-21T09:38:59.659+0000][7][gc,heap      ] GC(19) Eden regions: 28->0(28)
[2021-04-21T09:38:59.659+0000][7][gc,heap      ] GC(19) Survivor regions: 1->2(4)
[2021-04-21T09:38:59.659+0000][7][gc,heap      ] GC(19) Old regions: 13->13
[2021-04-21T09:38:59.659+0000][7][gc,heap      ] GC(19) Archive regions: 2->2
[2021-04-21T09:38:59.659+0000][7][gc,heap      ] GC(19) Humongous regions: 1->1
[2021-04-21T09:38:59.659+0000][7][gc,metaspace ] GC(19) Metaspace: 19684K(20736K)->19684K(20736K) NonClass: 17269K(17920K)->17269K(17920K) Class: 2414K(2816K)->2414K(2816K)
[2021-04-21T09:38:59.659+0000][7][gc           ] GC(19) Pause Young (Normal) (G1 Evacuation Pause) 43M->15M(66M) 3.034ms
[2021-04-21T09:38:59.659+0000][7][gc,cpu       ] GC(19) User=0.00s Sys=0.00s Real=0.01s
[2021-04-21T09:38:59.659+0000][7][safepoint    ] Safepoint "G1CollectForAllocation", Time since last: 75524011 ns, Reaching safepoint: 58825 ns, At safepoint: 3101801 ns, Total: 3160626 ns
[2021-04-21T09:38:59.747+0000][7][gc,start     ] GC(20) Pause Young (Normal) (G1 Evacuation Pause)
[2021-04-21T09:38:59.748+0000][7][gc,task      ] GC(20) Using 2 workers of 4 for evacuation
[2021-04-21T09:38:59.749+0000][7][gc,age       ] GC(20) Desired survivor size 2097152 bytes, new threshold 15 (max threshold 15)
[2021-04-21T09:38:59.752+0000][7][gc,age       ] GC(20) Age table with threshold 15 (max threshold 15)
[2021-04-21T09:38:59.752+0000][7][gc,age       ] GC(20) - age   1:    1090304 bytes,    1090304 total
[2021-04-21T09:38:59.752+0000][7][gc,age       ] GC(20) - age   2:     738120 bytes,    1828424 total
[2021-04-21T09:38:59.752+0000][7][gc,age       ] GC(20) - age   3:      46600 bytes,    1875024 total
[2021-04-21T09:38:59.752+0000][7][gc,age       ] GC(20) - age   4:     415768 bytes,    2290792 total
[2021-04-21T09:38:59.752+0000][7][gc,age       ] GC(20) - age   5:        640 bytes,    2291432 total
[2021-04-21T09:38:59.752+0000][7][gc,phases    ] GC(20)   Pre Evacuate Collection Set: 0.1ms
[2021-04-21T09:38:59.752+0000][7][gc,phases    ] GC(20)   Merge Heap Roots: 0.0ms
[2021-04-21T09:38:59.752+0000][7][gc,phases    ] GC(20)   Evacuate Collection Set: 2.2ms
[2021-04-21T09:38:59.752+0000][7][gc,phases    ] GC(20)   Post Evacuate Collection Set: 0.4ms
[2021-04-21T09:38:59.752+0000][7][gc,phases    ] GC(20)   Other: 2.1ms
[2021-04-21T09:38:59.752+0000][7][gc,heap      ] GC(20) Eden regions: 28->0(27)
[2021-04-21T09:38:59.752+0000][7][gc,heap      ] GC(20) Survivor regions: 2->3(4)
[2021-04-21T09:38:59.752+0000][7][gc,heap      ] GC(20) Old regions: 13->13
[2021-04-21T09:38:59.752+0000][7][gc,heap      ] GC(20) Archive regions: 2->2
[2021-04-21T09:38:59.752+0000][7][gc,heap      ] GC(20) Humongous regions: 1->1
[2021-04-21T09:38:59.752+0000][7][gc,metaspace ] GC(20) Metaspace: 19899K(21120K)->19899K(21120K) NonClass: 17434K(18176K)->17434K(18176K) Class: 2465K(2944K)->2465K(2944K)
[2021-04-21T09:38:59.752+0000][7][gc           ] GC(20) Pause Young (Normal) (G1 Evacuation Pause) 43M->16M(66M) 4.878ms
[2021-04-21T09:38:59.752+0000][7][gc,cpu       ] GC(20) User=0.01s Sys=0.00s Real=0.00s
[2021-04-21T09:38:59.752+0000][7][safepoint    ] Safepoint "G1CollectForAllocation", Time since last: 88591444 ns, Reaching safepoint: 144538 ns, At safepoint: 4952410 ns, Total: 5096948 ns
[2021-04-21T09:38:59.878+0000][7][gc,start     ] GC(21) Pause Young (Normal) (G1 Evacuation Pause)
[2021-04-21T09:38:59.878+0000][7][gc,task      ] GC(21) Using 2 workers of 4 for evacuation
[2021-04-21T09:38:59.878+0000][7][gc,age       ] GC(21) Desired survivor size 2097152 bytes, new threshold 4 (max threshold 15)
[2021-04-21T09:38:59.882+0000][7][gc,age       ] GC(21) Age table with threshold 4 (max threshold 15)
[2021-04-21T09:38:59.882+0000][7][gc,age       ] GC(21) - age   1:     581728 bytes,     581728 total
[2021-04-21T09:38:59.882+0000][7][gc,age       ] GC(21) - age   2:     133400 bytes,     715128 total
[2021-04-21T09:38:59.882+0000][7][gc,age       ] GC(21) - age   3:     738120 bytes,    1453248 total
[2021-04-21T09:38:59.882+0000][7][gc,age       ] GC(21) - age   4:      46600 bytes,    1499848 total
[2021-04-21T09:38:59.882+0000][7][gc,phases    ] GC(21)   Pre Evacuate Collection Set: 0.9ms
[2021-04-21T09:38:59.882+0000][7][gc,phases    ] GC(21)   Merge Heap Roots: 0.0ms
[2021-04-21T09:38:59.882+0000][7][gc,phases    ] GC(21)   Evacuate Collection Set: 2.6ms
[2021-04-21T09:38:59.882+0000][7][gc,phases    ] GC(21)   Post Evacuate Collection Set: 0.5ms
[2021-04-21T09:38:59.882+0000][7][gc,phases    ] GC(21)   Other: 0.3ms
[2021-04-21T09:38:59.882+0000][7][gc,heap      ] GC(21) Eden regions: 27->0(28)
[2021-04-21T09:38:59.882+0000][7][gc,heap      ] GC(21) Survivor regions: 3->2(4)
[2021-04-21T09:38:59.882+0000][7][gc,heap      ] GC(21) Old regions: 13->13
[2021-04-21T09:38:59.882+0000][7][gc,heap      ] GC(21) Archive regions: 2->2
[2021-04-21T09:38:59.882+0000][7][gc,heap      ] GC(21) Humongous regions: 1->1
[2021-04-21T09:38:59.882+0000][7][gc,metaspace ] GC(21) Metaspace: 19966K(21296K)->19966K(21296K) NonClass: 17490K(18352K)->17490K(18352K) Class: 2476K(2944K)->2476K(2944K)
[2021-04-21T09:38:59.882+0000][7][gc           ] GC(21) Pause Young (Normal) (G1 Evacuation Pause) 43M->15M(66M) 4.405ms
[2021-04-21T09:38:59.882+0000][7][gc,cpu       ] GC(21) User=0.01s Sys=0.00s Real=0.01s
[2021-04-21T09:38:59.882+0000][7][safepoint    ] Safepoint "G1CollectForAllocation", Time since last: 124939803 ns, Reaching safepoint: 466808 ns, At safepoint: 4585614 ns, Total: 5052422 ns
[2021-04-21T09:38:59.963+0000][7][gc,start     ] GC(22) Pause Young (Normal) (G1 Evacuation Pause)
[2021-04-21T09:38:59.963+0000][7][gc,task      ] GC(22) Using 2 workers of 4 for evacuation
[2021-04-21T09:38:59.963+0000][7][gc,age       ] GC(22) Desired survivor size 2097152 bytes, new threshold 15 (max threshold 15)
[2021-04-21T09:38:59.967+0000][7][gc,age       ] GC(22) Age table with threshold 15 (max threshold 15)
[2021-04-21T09:38:59.967+0000][7][gc,age       ] GC(22) - age   1:     315768 bytes,     315768 total
[2021-04-21T09:38:59.967+0000][7][gc,age       ] GC(22) - age   2:      56624 bytes,     372392 total
[2021-04-21T09:38:59.967+0000][7][gc,age       ] GC(22) - age   3:     133400 bytes,     505792 total
[2021-04-21T09:38:59.967+0000][7][gc,age       ] GC(22) - age   4:     738120 bytes,    1243912 total
[2021-04-21T09:38:59.967+0000][7][gc,age       ] GC(22) - age   5:      46600 bytes,    1290512 total
[2021-04-21T09:38:59.967+0000][7][gc,phases    ] GC(22)   Pre Evacuate Collection Set: 0.8ms
[2021-04-21T09:38:59.967+0000][7][gc,phases    ] GC(22)   Merge Heap Roots: 0.1ms
[2021-04-21T09:38:59.967+0000][7][gc,phases    ] GC(22)   Evacuate Collection Set: 2.0ms
[2021-04-21T09:38:59.967+0000][7][gc,phases    ] GC(22)   Post Evacuate Collection Set: 0.5ms
[2021-04-21T09:38:59.967+0000][7][gc,phases    ] GC(22)   Other: 0.3ms
[2021-04-21T09:38:59.967+0000][7][gc,heap      ] GC(22) Eden regions: 28->0(29)
[2021-04-21T09:38:59.967+0000][7][gc,heap      ] GC(22) Survivor regions: 2->2(4)
[2021-04-21T09:38:59.967+0000][7][gc,heap      ] GC(22) Old regions: 13->13
[2021-04-21T09:38:59.967+0000][7][gc,heap      ] GC(22) Archive regions: 2->2
[2021-04-21T09:38:59.967+0000][7][gc,heap      ] GC(22) Humongous regions: 1->1
[2021-04-21T09:38:59.967+0000][7][gc,metaspace ] GC(22) Metaspace: 19971K(21296K)->19971K(21296K) NonClass: 17494K(18352K)->17494K(18352K) Class: 2477K(2944K)->2477K(2944K)
[2021-04-21T09:38:59.967+0000][7][gc           ] GC(22) Pause Young (Normal) (G1 Evacuation Pause) 43M->15M(66M) 3.922ms
[2021-04-21T09:38:59.967+0000][7][gc,cpu       ] GC(22) User=0.00s Sys=0.00s Real=0.01s
[2021-04-21T09:38:59.967+0000][7][safepoint    ] Safepoint "G1CollectForAllocation", Time since last: 80742673 ns, Reaching safepoint: 188967 ns, At safepoint: 3990443 ns, Total: 4179410 ns
[2021-04-21T09:39:00.060+0000][7][gc,start     ] GC(23) Pause Young (Normal) (G1 Evacuation Pause)
[2021-04-21T09:39:00.060+0000][7][gc,task      ] GC(23) Using 2 workers of 4 for evacuation
[2021-04-21T09:39:00.060+0000][7][gc,age       ] GC(23) Desired survivor size 2097152 bytes, new threshold 15 (max threshold 15)
[2021-04-21T09:39:00.065+0000][7][gc,age       ] GC(23) Age table with threshold 15 (max threshold 15)
[2021-04-21T09:39:00.065+0000][7][gc,age       ] GC(23) - age   1:     897696 bytes,     897696 total
[2021-04-21T09:39:00.065+0000][7][gc,age       ] GC(23) - age   2:      76064 bytes,     973760 total
[2021-04-21T09:39:00.065+0000][7][gc,age       ] GC(23) - age   3:      56624 bytes,    1030384 total
[2021-04-21T09:39:00.065+0000][7][gc,age       ] GC(23) - age   4:     133400 bytes,    1163784 total
[2021-04-21T09:39:00.065+0000][7][gc,age       ] GC(23) - age   5:     738120 bytes,    1901904 total
[2021-04-21T09:39:00.065+0000][7][gc,age       ] GC(23) - age   6:      46600 bytes,    1948504 total
[2021-04-21T09:39:00.065+0000][7][gc,phases    ] GC(23)   Pre Evacuate Collection Set: 1.0ms
[2021-04-21T09:39:00.065+0000][7][gc,phases    ] GC(23)   Merge Heap Roots: 0.0ms
[2021-04-21T09:39:00.065+0000][7][gc,phases    ] GC(23)   Evacuate Collection Set: 3.7ms
[2021-04-21T09:39:00.065+0000][7][gc,phases    ] GC(23)   Post Evacuate Collection Set: 0.4ms
[2021-04-21T09:39:00.065+0000][7][gc,phases    ] GC(23)   Other: 0.3ms
[2021-04-21T09:39:00.065+0000][7][gc,heap      ] GC(23) Eden regions: 29->0(29)
[2021-04-21T09:39:00.065+0000][7][gc,heap      ] GC(23) Survivor regions: 2->2(4)
[2021-04-21T09:39:00.065+0000][7][gc,heap      ] GC(23) Old regions: 13->13
[2021-04-21T09:39:00.065+0000][7][gc,heap      ] GC(23) Archive regions: 2->2
[2021-04-21T09:39:00.065+0000][7][gc,heap      ] GC(23) Humongous regions: 1->1
[2021-04-21T09:39:00.065+0000][7][gc,metaspace ] GC(23) Metaspace: 20092K(21296K)->20092K(21296K) NonClass: 17604K(18352K)->17604K(18352K) Class: 2487K(2944K)->2487K(2944K)
[2021-04-21T09:39:00.065+0000][7][gc           ] GC(23) Pause Young (Normal) (G1 Evacuation Pause) 44M->16M(66M) 5.648ms
[2021-04-21T09:39:00.065+0000][7][gc,cpu       ] GC(23) User=0.01s Sys=0.00s Real=0.00s
[2021-04-21T09:39:00.065+0000][7][safepoint    ] Safepoint "G1CollectForAllocation", Time since last: 92203604 ns, Reaching safepoint: 119580 ns, At safepoint: 5803452 ns, Total: 5923032 ns
[2021-04-21T09:39:00.146+0000][7][gc,start     ] GC(24) Pause Young (Normal) (G1 Evacuation Pause)
[2021-04-21T09:39:00.146+0000][7][gc,task      ] GC(24) Using 2 workers of 4 for evacuation
[2021-04-21T09:39:00.147+0000][7][gc,age       ] GC(24) Desired survivor size 2097152 bytes, new threshold 15 (max threshold 15)
[2021-04-21T09:39:00.153+0000][7][gc,age       ] GC(24) Age table with threshold 15 (max threshold 15)
[2021-04-21T09:39:00.153+0000][7][gc,age       ] GC(24) - age   1:    1632936 bytes,    1632936 total
[2021-04-21T09:39:00.153+0000][7][gc,age       ] GC(24) - age   2:      79856 bytes,    1712792 total
[2021-04-21T09:39:00.153+0000][7][gc,age       ] GC(24) - age   3:      76064 bytes,    1788856 total
[2021-04-21T09:39:00.153+0000][7][gc,age       ] GC(24) - age   4:      56624 bytes,    1845480 total
[2021-04-21T09:39:00.153+0000][7][gc,age       ] GC(24) - age   5:     133400 bytes,    1978880 total
[2021-04-21T09:39:00.153+0000][7][gc,age       ] GC(24) - age   6:     738120 bytes,    2717000 total
[2021-04-21T09:39:00.153+0000][7][gc,age       ] GC(24) - age   7:      46600 bytes,    2763600 total
[2021-04-21T09:39:00.153+0000][7][gc,phases    ] GC(24)   Pre Evacuate Collection Set: 0.0ms
[2021-04-21T09:39:00.153+0000][7][gc,phases    ] GC(24)   Merge Heap Roots: 0.0ms
[2021-04-21T09:39:00.153+0000][7][gc,phases    ] GC(24)   Evacuate Collection Set: 5.5ms
[2021-04-21T09:39:00.153+0000][7][gc,phases    ] GC(24)   Post Evacuate Collection Set: 0.4ms
[2021-04-21T09:39:00.153+0000][7][gc,phases    ] GC(24)   Other: 0.4ms
[2021-04-21T09:39:00.153+0000][7][gc,heap      ] GC(24) Eden regions: 29->0(27)
[2021-04-21T09:39:00.153+0000][7][gc,heap      ] GC(24) Survivor regions: 2->3(4)
[2021-04-21T09:39:00.153+0000][7][gc,heap      ] GC(24) Old regions: 13->13
[2021-04-21T09:39:00.153+0000][7][gc,heap      ] GC(24) Archive regions: 2->2
[2021-04-21T09:39:00.153+0000][7][gc,heap      ] GC(24) Humongous regions: 1->1
[2021-04-21T09:39:00.153+0000][7][gc,metaspace ] GC(24) Metaspace: 20102K(21296K)->20102K(21296K) NonClass: 17612K(18352K)->17612K(18352K) Class: 2489K(2944K)->2489K(2944K)
[2021-04-21T09:39:00.153+0000][7][gc           ] GC(24) Pause Young (Normal) (G1 Evacuation Pause) 45M->17M(66M) 6.688ms
[2021-04-21T09:39:00.153+0000][7][gc,cpu       ] GC(24) User=0.01s Sys=0.00s Real=0.00s
[2021-04-21T09:39:00.153+0000][7][safepoint    ] Safepoint "G1CollectForAllocation", Time since last: 79132172 ns, Reaching safepoint: 1866916 ns, At safepoint: 6770785 ns, Total: 8637701 ns
[2021-04-21T09:39:00.274+0000][7][gc,start     ] GC(25) Pause Young (Normal) (G1 Evacuation Pause)
[2021-04-21T09:39:00.274+0000][7][gc,task      ] GC(25) Using 2 workers of 4 for evacuation
[2021-04-21T09:39:00.274+0000][7][gc,age       ] GC(25) Desired survivor size 2097152 bytes, new threshold 6 (max threshold 15)
[2021-04-21T09:39:00.283+0000][7][gc,age       ] GC(25) Age table with threshold 6 (max threshold 15)
[2021-04-21T09:39:00.283+0000][7][gc,age       ] GC(25) - age   1:    1580392 bytes,    1580392 total
[2021-04-21T09:39:00.283+0000][7][gc,age       ] GC(25) - age   2:      34568 bytes,    1614960 total
[2021-04-21T09:39:00.283+0000][7][gc,age       ] GC(25) - age   3:      79856 bytes,    1694816 total
[2021-04-21T09:39:00.283+0000][7][gc,age       ] GC(25) - age   4:      76064 bytes,    1770880 total
[2021-04-21T09:39:00.283+0000][7][gc,age       ] GC(25) - age   5:      56624 bytes,    1827504 total
[2021-04-21T09:39:00.283+0000][7][gc,age       ] GC(25) - age   6:     133400 bytes,    1960904 total
[2021-04-21T09:39:00.283+0000][7][gc,phases    ] GC(25)   Pre Evacuate Collection Set: 0.8ms
[2021-04-21T09:39:00.283+0000][7][gc,phases    ] GC(25)   Merge Heap Roots: 0.8ms
[2021-04-21T09:39:00.283+0000][7][gc,phases    ] GC(25)   Evacuate Collection Set: 6.4ms
[2021-04-21T09:39:00.283+0000][7][gc,phases    ] GC(25)   Post Evacuate Collection Set: 0.4ms
[2021-04-21T09:39:00.283+0000][7][gc,phases    ] GC(25)   Other: 0.2ms
[2021-04-21T09:39:00.283+0000][7][gc,heap      ] GC(25) Eden regions: 27->0(27)
[2021-04-21T09:39:00.283+0000][7][gc,heap      ] GC(25) Survivor regions: 3->2(4)
[2021-04-21T09:39:00.283+0000][7][gc,heap      ] GC(25) Old regions: 13->14
[2021-04-21T09:39:00.283+0000][7][gc,heap      ] GC(25) Archive regions: 2->2
[2021-04-21T09:39:00.283+0000][7][gc,heap      ] GC(25) Humongous regions: 1->1
[2021-04-21T09:39:00.283+0000][7][gc,metaspace ] GC(25) Metaspace: 20108K(21296K)->20108K(21296K) NonClass: 17618K(18352K)->17618K(18352K) Class: 2490K(2944K)->2490K(2944K)
[2021-04-21T09:39:00.283+0000][7][gc           ] GC(25) Pause Young (Normal) (G1 Evacuation Pause) 44M->17M(66M) 8.715ms
[2021-04-21T09:39:00.283+0000][7][gc,cpu       ] GC(25) User=0.02s Sys=0.00s Real=0.01s
[2021-04-21T09:39:00.283+0000][7][safepoint    ] Safepoint "G1CollectForAllocation", Time since last: 120493710 ns, Reaching safepoint: 723490 ns, At safepoint: 8794542 ns, Total: 9518032 ns
[2021-04-21T09:39:00.346+0000][7][gc,start     ] GC(26) Pause Young (Normal) (G1 Evacuation Pause)
[2021-04-21T09:39:00.347+0000][7][gc,task      ] GC(26) Using 2 workers of 4 for evacuation
[2021-04-21T09:39:00.347+0000][7][gc,age       ] GC(26) Desired survivor size 2097152 bytes, new threshold 15 (max threshold 15)
[2021-04-21T09:39:00.362+0000][7][gc,age       ] GC(26) Age table with threshold 15 (max threshold 15)
[2021-04-21T09:39:00.362+0000][7][gc,age       ] GC(26) - age   1:    2114976 bytes,    2114976 total
[2021-04-21T09:39:00.362+0000][7][gc,age       ] GC(26) - age   2:     294752 bytes,    2409728 total
[2021-04-21T09:39:00.362+0000][7][gc,age       ] GC(26) - age   3:      34568 bytes,    2444296 total
[2021-04-21T09:39:00.362+0000][7][gc,age       ] GC(26) - age   4:      79856 bytes,    2524152 total
[2021-04-21T09:39:00.362+0000][7][gc,age       ] GC(26) - age   5:      76064 bytes,    2600216 total
[2021-04-21T09:39:00.362+0000][7][gc,age       ] GC(26) - age   6:      56520 bytes,    2656736 total
[2021-04-21T09:39:00.362+0000][7][gc,age       ] GC(26) - age   7:     133400 bytes,    2790136 total
[2021-04-21T09:39:00.362+0000][7][gc,phases    ] GC(26)   Pre Evacuate Collection Set: 0.0ms
[2021-04-21T09:39:00.362+0000][7][gc,phases    ] GC(26)   Merge Heap Roots: 0.0ms
[2021-04-21T09:39:00.362+0000][7][gc,phases    ] GC(26)   Evacuate Collection Set: 13.7ms
[2021-04-21T09:39:00.362+0000][7][gc,phases    ] GC(26)   Post Evacuate Collection Set: 0.4ms
[2021-04-21T09:39:00.362+0000][7][gc,phases    ] GC(26)   Other: 2.0ms
[2021-04-21T09:39:00.362+0000][7][gc,heap      ] GC(26) Eden regions: 27->0(25)
[2021-04-21T09:39:00.362+0000][7][gc,heap      ] GC(26) Survivor regions: 2->3(4)
[2021-04-21T09:39:00.362+0000][7][gc,heap      ] GC(26) Old regions: 14->14
[2021-04-21T09:39:00.362+0000][7][gc,heap      ] GC(26) Archive regions: 2->2
[2021-04-21T09:39:00.362+0000][7][gc,heap      ] GC(26) Humongous regions: 1->1
[2021-04-21T09:39:00.362+0000][7][gc,metaspace ] GC(26) Metaspace: 20120K(21296K)->20120K(21296K) NonClass: 17628K(18352K)->17628K(18352K) Class: 2492K(2944K)->2492K(2944K)
[2021-04-21T09:39:00.362+0000][7][gc           ] GC(26) Pause Young (Normal) (G1 Evacuation Pause) 44M->18M(66M) 16.313ms
[2021-04-21T09:39:00.362+0000][7][gc,cpu       ] GC(26) User=0.03s Sys=0.00s Real=0.02s
[2021-04-21T09:39:00.362+0000][7][safepoint    ] Safepoint "G1CollectForAllocation", Time since last: 61327768 ns, Reaching safepoint: 1311615 ns, At safepoint: 16396249 ns, Total: 17707864 ns
[2021-04-21T09:39:00.386+0000][7][gc,start     ] GC(27) Pause Young (Concurrent Start) (Metadata GC Threshold)
[2021-04-21T09:39:00.387+0000][7][gc,task      ] GC(27) Using 2 workers of 4 for evacuation
[2021-04-21T09:39:00.387+0000][7][gc,age       ] GC(27) Desired survivor size 2097152 bytes, new threshold 1 (max threshold 15)
[2021-04-21T09:39:00.389+0000][7][gc,age       ] GC(27) Age table with threshold 1 (max threshold 15)
[2021-04-21T09:39:00.389+0000][7][gc,age       ] GC(27) - age   1:     202352 bytes,     202352 total
[2021-04-21T09:39:00.389+0000][7][gc,phases    ] GC(27)   Pre Evacuate Collection Set: 0.1ms
[2021-04-21T09:39:00.389+0000][7][gc,phases    ] GC(27)   Merge Heap Roots: 0.1ms
[2021-04-21T09:39:00.389+0000][7][gc,phases    ] GC(27)   Evacuate Collection Set: 1.6ms
[2021-04-21T09:39:00.389+0000][7][gc,phases    ] GC(27)   Post Evacuate Collection Set: 0.4ms
[2021-04-21T09:39:00.389+0000][7][gc,phases    ] GC(27)   Other: 0.2ms
[2021-04-21T09:39:00.389+0000][7][gc,heap      ] GC(27) Eden regions: 4->0(26)
[2021-04-21T09:39:00.389+0000][7][gc,heap      ] GC(27) Survivor regions: 3->1(4)
[2021-04-21T09:39:00.389+0000][7][gc,heap      ] GC(27) Old regions: 14->15
[2021-04-21T09:39:00.389+0000][7][gc,heap      ] GC(27) Archive regions: 2->2
[2021-04-21T09:39:00.389+0000][7][gc,heap      ] GC(27) Humongous regions: 1->1
[2021-04-21T09:39:00.389+0000][7][gc,metaspace ] GC(27) Metaspace: 20143K(21296K)->20143K(21296K) NonClass: 17648K(18352K)->17648K(18352K) Class: 2495K(2944K)->2495K(2944K)
[2021-04-21T09:39:00.389+0000][7][gc           ] GC(27) Pause Young (Concurrent Start) (Metadata GC Threshold) 21M->16M(66M) 2.829ms
[2021-04-21T09:39:00.389+0000][7][gc,cpu       ] GC(27) User=0.00s Sys=0.00s Real=0.00s
[2021-04-21T09:39:00.390+0000][7][safepoint    ] Safepoint "CollectForMetadataAllocation", Time since last: 23854827 ns, Reaching safepoint: 354299 ns, At safepoint: 3144652 ns, Total: 3498951 ns
[2021-04-21T09:39:00.394+0000][7][gc           ] GC(28) Concurrent Cycle
[2021-04-21T09:39:00.394+0000][7][gc,marking   ] GC(28) Concurrent Clear Claimed Marks
[2021-04-21T09:39:00.395+0000][7][gc,marking   ] GC(28) Concurrent Clear Claimed Marks 0.072ms
[2021-04-21T09:39:00.395+0000][7][gc,marking   ] GC(28) Concurrent Scan Root Regions
[2021-04-21T09:39:00.395+0000][7][gc,marking   ] GC(28) Concurrent Scan Root Regions 0.803ms
[2021-04-21T09:39:00.395+0000][7][gc,marking   ] GC(28) Concurrent Mark (6.923s)
[2021-04-21T09:39:00.395+0000][7][gc,marking   ] GC(28) Concurrent Mark From Roots
[2021-04-21T09:39:00.395+0000][7][gc,task      ] GC(28) Using 1 workers of 1 for marking
[2021-04-21T09:39:00.426+0000][7][safepoint    ] Safepoint "CollectForMetadataAllocation", Time since last: 36001158 ns, Reaching safepoint: 84785 ns, At safepoint: 128738 ns, Total: 213523 ns
[2021-04-21T09:39:00.453+0000][7][gc,marking   ] GC(28) Concurrent Mark From Roots 57.717ms
[2021-04-21T09:39:00.454+0000][7][gc,marking   ] GC(28) Concurrent Preclean
[2021-04-21T09:39:00.455+0000][7][gc,marking   ] GC(28) Concurrent Preclean 0.782ms
[2021-04-21T09:39:00.455+0000][7][gc,marking   ] GC(28) Concurrent Mark (6.923s, 6.982s) 59.552ms
[2021-04-21T09:39:00.456+0000][7][gc,start     ] GC(28) Pause Remark
[2021-04-21T09:39:00.460+0000][7][gc           ] GC(28) Pause Remark 20M->20M(66M) 4.266ms
[2021-04-21T09:39:00.460+0000][7][gc,cpu       ] GC(28) User=0.01s Sys=0.00s Real=0.01s
[2021-04-21T09:39:00.460+0000][7][safepoint    ] Safepoint "G1Concurrent", Time since last: 30175261 ns, Reaching safepoint: 108287 ns, At safepoint: 4348947 ns, Total: 4457234 ns
[2021-04-21T09:39:00.461+0000][7][gc,marking   ] GC(28) Concurrent Rebuild Remembered Sets
[2021-04-21T09:39:00.499+0000][7][gc,marking   ] GC(28) Concurrent Rebuild Remembered Sets 37.353ms
[2021-04-21T09:39:00.505+0000][7][gc,start     ] GC(28) Pause Cleanup
[2021-04-21T09:39:00.505+0000][7][gc           ] GC(28) Pause Cleanup 21M->21M(66M) 0.131ms
[2021-04-21T09:39:00.505+0000][7][gc,cpu       ] GC(28) User=0.00s Sys=0.00s Real=0.00s
[2021-04-21T09:39:00.505+0000][7][safepoint    ] Safepoint "G1Concurrent", Time since last: 44175851 ns, Reaching safepoint: 695146 ns, At safepoint: 186445 ns, Total: 881591 ns
[2021-04-21T09:39:00.507+0000][7][gc,marking   ] GC(28) Concurrent Cleanup for Next Mark
[2021-04-21T09:39:00.507+0000][7][gc,marking   ] GC(28) Concurrent Cleanup for Next Mark 0.542ms
[2021-04-21T09:39:00.508+0000][7][gc           ] GC(28) Concurrent Cycle 113.593ms
[2021-04-21T09:39:00.619+0000][7][gc,start     ] GC(29) Pause Young (Concurrent Start) (G1 Evacuation Pause)
[2021-04-21T09:39:00.619+0000][7][gc,task      ] GC(29) Using 2 workers of 4 for evacuation
[2021-04-21T09:39:00.619+0000][7][gc,age       ] GC(29) Desired survivor size 2097152 bytes, new threshold 15 (max threshold 15)
[2021-04-21T09:39:00.623+0000][7][gc,age       ] GC(29) Age table with threshold 15 (max threshold 15)
[2021-04-21T09:39:00.623+0000][7][gc,age       ] GC(29) - age   1:    1660392 bytes,    1660392 total
[2021-04-21T09:39:00.626+0000][7][gc,age       ] GC(29) - age   2:     171152 bytes,    1831544 total
[2021-04-21T09:39:00.626+0000][7][gc,phases    ] GC(29)   Pre Evacuate Collection Set: 0.1ms
[2021-04-21T09:39:00.626+0000][7][gc,phases    ] GC(29)   Merge Heap Roots: 0.0ms
[2021-04-21T09:39:00.626+0000][7][gc,phases    ] GC(29)   Evacuate Collection Set: 3.7ms
[2021-04-21T09:39:00.626+0000][7][gc,phases    ] GC(29)   Post Evacuate Collection Set: 0.4ms
[2021-04-21T09:39:00.626+0000][7][gc,phases    ] GC(29)   Other: 2.9ms
[2021-04-21T09:39:00.626+0000][7][gc,heap      ] GC(29) Eden regions: 26->0(25)
[2021-04-21T09:39:00.626+0000][7][gc,heap      ] GC(29) Survivor regions: 1->2(4)
[2021-04-21T09:39:00.626+0000][7][gc,heap      ] GC(29) Old regions: 15->15
[2021-04-21T09:39:00.626+0000][7][gc,heap      ] GC(29) Archive regions: 2->2
[2021-04-21T09:39:00.626+0000][7][gc,heap      ] GC(29) Humongous regions: 1->1
[2021-04-21T09:39:00.626+0000][7][gc,metaspace ] GC(29) Metaspace: 21022K(22396K)->21022K(22396K) NonClass: 18450K(19376K)->18450K(19376K) Class: 2571K(3020K)->2571K(3020K)
[2021-04-21T09:39:00.626+0000][7][gc           ] GC(29) Pause Young (Concurrent Start) (G1 Evacuation Pause) 42M->17M(66M) 7.303ms
[2021-04-21T09:39:00.626+0000][7][gc,cpu       ] GC(29) User=0.01s Sys=0.00s Real=0.00s
[2021-04-21T09:39:00.626+0000][7][safepoint    ] Safepoint "G1CollectForAllocation", Time since last: 113117807 ns, Reaching safepoint: 121108 ns, At safepoint: 7392408 ns, Total: 7513516 ns
[2021-04-21T09:39:00.630+0000][7][gc           ] GC(30) Concurrent Cycle
[2021-04-21T09:39:00.630+0000][7][gc,marking   ] GC(30) Concurrent Clear Claimed Marks
[2021-04-21T09:39:00.631+0000][7][gc,marking   ] GC(30) Concurrent Clear Claimed Marks 0.096ms
[2021-04-21T09:39:00.631+0000][7][gc,marking   ] GC(30) Concurrent Scan Root Regions
[2021-04-21T09:39:00.632+0000][7][gc,marking   ] GC(30) Concurrent Scan Root Regions 1.449ms
[2021-04-21T09:39:00.632+0000][7][gc,marking   ] GC(30) Concurrent Mark (7.159s)
[2021-04-21T09:39:00.632+0000][7][gc,marking   ] GC(30) Concurrent Mark From Roots
[2021-04-21T09:39:00.632+0000][7][gc,task      ] GC(30) Using 1 workers of 1 for marking
[2021-04-21T09:39:00.751+0000][7][gc,start     ] GC(31) Pause Young (Normal) (G1 Evacuation Pause)
[2021-04-21T09:39:00.751+0000][7][gc,task      ] GC(31) Using 2 workers of 4 for evacuation
[2021-04-21T09:39:00.751+0000][7][gc,age       ] GC(31) Desired survivor size 2097152 bytes, new threshold 15 (max threshold 15)
[2021-04-21T09:39:00.759+0000][7][gc,age       ] GC(31) Age table with threshold 15 (max threshold 15)
[2021-04-21T09:39:00.760+0000][7][gc,age       ] GC(31) - age   1:      31752 bytes,      31752 total
[2021-04-21T09:39:00.760+0000][7][gc,age       ] GC(31) - age   2:     357112 bytes,     388864 total
[2021-04-21T09:39:00.760+0000][7][gc,age       ] GC(31) - age   3:     170256 bytes,     559120 total
[2021-04-21T09:39:00.760+0000][7][gc,phases    ] GC(31)   Pre Evacuate Collection Set: 0.0ms
[2021-04-21T09:39:00.760+0000][7][gc,phases    ] GC(31)   Merge Heap Roots: 0.0ms
[2021-04-21T09:39:00.760+0000][7][gc,phases    ] GC(31)   Evacuate Collection Set: 3.9ms
[2021-04-21T09:39:00.760+0000][7][gc,phases    ] GC(31)   Post Evacuate Collection Set: 4.3ms
[2021-04-21T09:39:00.760+0000][7][gc,phases    ] GC(31)   Other: 1.2ms
[2021-04-21T09:39:00.760+0000][7][gc,heap      ] GC(31) Eden regions: 25->0(27)
[2021-04-21T09:39:00.760+0000][7][gc,heap      ] GC(31) Survivor regions: 2->1(4)
[2021-04-21T09:39:00.760+0000][7][gc,heap      ] GC(31) Old regions: 15->15
[2021-04-21T09:39:00.760+0000][7][gc,heap      ] GC(31) Archive regions: 2->2
[2021-04-21T09:39:00.760+0000][7][gc,heap      ] GC(31) Humongous regions: 1->1
[2021-04-21T09:39:00.760+0000][7][gc,metaspace ] GC(31) Metaspace: 21022K(22396K)->21022K(22396K) NonClass: 18450K(19376K)->18450K(19376K) Class: 2571K(3020K)->2571K(3020K)
[2021-04-21T09:39:00.760+0000][7][gc           ] GC(31) Pause Young (Normal) (G1 Evacuation Pause) 42M->16M(66M) 9.565ms
[2021-04-21T09:39:00.760+0000][7][gc,cpu       ] GC(31) User=0.01s Sys=0.00s Real=0.01s
[2021-04-21T09:39:00.760+0000][7][safepoint    ] Safepoint "G1CollectForAllocation", Time since last: 112240692 ns, Reaching safepoint: 12129828 ns, At safepoint: 9652960 ns, Total: 21782788 ns
[2021-04-21T09:39:00.763+0000][7][gc,marking   ] GC(30) Concurrent Mark From Roots 131.128ms
[2021-04-21T09:39:00.763+0000][7][gc,marking   ] GC(30) Concurrent Preclean
[2021-04-21T09:39:00.763+0000][7][gc,marking   ] GC(30) Concurrent Preclean 0.129ms
[2021-04-21T09:39:00.763+0000][7][gc,marking   ] GC(30) Concurrent Mark (7.159s, 7.291s) 131.334ms
[2021-04-21T09:39:00.765+0000][7][gc,start     ] GC(30) Pause Remark
[2021-04-21T09:39:00.778+0000][7][gc           ] GC(30) Pause Remark 17M->17M(66M) 13.252ms
[2021-04-21T09:39:00.778+0000][7][gc,cpu       ] GC(30) User=0.02s Sys=0.00s Real=0.01s
[2021-04-21T09:39:00.780+0000][7][safepoint    ] Safepoint "G1Concurrent", Time since last: 4311633 ns, Reaching safepoint: 144979 ns, At safepoint: 15003374 ns, Total: 15148353 ns
[2021-04-21T09:39:00.782+0000][7][gc,marking   ] GC(30) Concurrent Rebuild Remembered Sets
[2021-04-21T09:39:00.850+0000][7][gc,marking   ] GC(30) Concurrent Rebuild Remembered Sets 67.978ms
[2021-04-21T09:39:00.851+0000][7][gc,start     ] GC(30) Pause Cleanup
[2021-04-21T09:39:00.852+0000][7][gc           ] GC(30) Pause Cleanup 37M->37M(66M) 0.684ms
[2021-04-21T09:39:00.852+0000][7][gc,cpu       ] GC(30) User=0.00s Sys=0.00s Real=0.00s
[2021-04-21T09:39:00.852+0000][7][safepoint    ] Safepoint "G1Concurrent", Time since last: 70837704 ns, Reaching safepoint: 963991 ns, At safepoint: 769911 ns, Total: 1733902 ns
[2021-04-21T09:39:00.858+0000][7][gc,marking   ] GC(30) Concurrent Cleanup for Next Mark
[2021-04-21T09:39:00.859+0000][7][gc,marking   ] GC(30) Concurrent Cleanup for Next Mark 0.236ms
[2021-04-21T09:39:00.859+0000][7][gc           ] GC(30) Concurrent Cycle 228.281ms
[2021-04-21T09:39:00.875+0000][7][gc,start     ] GC(32) Pause Young (Normal) (G1 Evacuation Pause)
[2021-04-21T09:39:00.875+0000][7][gc,task      ] GC(32) Using 2 workers of 4 for evacuation
[2021-04-21T09:39:00.875+0000][7][gc,age       ] GC(32) Desired survivor size 2097152 bytes, new threshold 15 (max threshold 15)
[2021-04-21T09:39:00.882+0000][7][gc,age       ] GC(32) Age table with threshold 15 (max threshold 15)
[2021-04-21T09:39:00.882+0000][7][gc,age       ] GC(32) - age   1:    2316664 bytes,    2316664 total
[2021-04-21T09:39:00.882+0000][7][gc,age       ] GC(32) - age   2:      30128 bytes,    2346792 total
[2021-04-21T09:39:00.882+0000][7][gc,age       ] GC(32) - age   3:     357016 bytes,    2703808 total
[2021-04-21T09:39:00.882+0000][7][gc,age       ] GC(32) - age   4:     156488 bytes,    2860296 total
[2021-04-21T09:39:00.882+0000][7][gc,phases    ] GC(32)   Pre Evacuate Collection Set: 0.4ms
[2021-04-21T09:39:00.882+0000][7][gc,phases    ] GC(32)   Merge Heap Roots: 0.1ms
[2021-04-21T09:39:00.882+0000][7][gc,phases    ] GC(32)   Evacuate Collection Set: 6.4ms
[2021-04-21T09:39:00.882+0000][7][gc,phases    ] GC(32)   Post Evacuate Collection Set: 0.4ms
[2021-04-21T09:39:00.882+0000][7][gc,phases    ] GC(32)   Other: 0.5ms
[2021-04-21T09:39:00.882+0000][7][gc,heap      ] GC(32) Eden regions: 27->0(24)
[2021-04-21T09:39:00.882+0000][7][gc,heap      ] GC(32) Survivor regions: 1->3(4)
[2021-04-21T09:39:00.882+0000][7][gc,heap      ] GC(32) Old regions: 15->15
[2021-04-21T09:39:00.882+0000][7][gc,heap      ] GC(32) Archive regions: 2->2
[2021-04-21T09:39:00.882+0000][7][gc,heap      ] GC(32) Humongous regions: 1->1
[2021-04-21T09:39:00.883+0000][7][gc,metaspace ] GC(32) Metaspace: 21047K(22396K)->21047K(22396K) NonClass: 18467K(19376K)->18467K(19376K) Class: 2579K(3020K)->2579K(3020K)
[2021-04-21T09:39:00.883+0000][7][gc           ] GC(32) Pause Young (Normal) (G1 Evacuation Pause) 43M->18M(66M) 7.829ms
[2021-04-21T09:39:00.883+0000][7][gc,cpu       ] GC(32) User=0.01s Sys=0.00s Real=0.01s
[2021-04-21T09:39:00.883+0000][7][safepoint    ] Safepoint "G1CollectForAllocation", Time since last: 22199958 ns, Reaching safepoint: 303968 ns, At safepoint: 7916250 ns, Total: 8220218 ns
[2021-04-21T09:39:00.984+0000][7][gc,start     ] GC(33) Pause Young (Normal) (G1 Evacuation Pause)
[2021-04-21T09:39:00.984+0000][7][gc,task      ] GC(33) Using 2 workers of 4 for evacuation
[2021-04-21T09:39:00.984+0000][7][gc,age       ] GC(33) Desired survivor size 2097152 bytes, new threshold 1 (max threshold 15)
[2021-04-21T09:39:00.999+0000][7][gc,age       ] GC(33) Age table with threshold 1 (max threshold 15)
[2021-04-21T09:39:00.999+0000][7][gc,age       ] GC(33) - age   1:     999856 bytes,     999856 total
[2021-04-21T09:39:00.999+0000][7][gc,phases    ] GC(33)   Pre Evacuate Collection Set: 3.5ms
[2021-04-21T09:39:00.999+0000][7][gc,phases    ] GC(33)   Merge Heap Roots: 0.0ms
[2021-04-21T09:39:00.999+0000][7][gc,phases    ] GC(33)   Evacuate Collection Set: 10.4ms
[2021-04-21T09:39:00.999+0000][7][gc,phases    ] GC(33)   Post Evacuate Collection Set: 0.7ms
[2021-04-21T09:39:00.999+0000][7][gc,phases    ] GC(33)   Other: 0.2ms
[2021-04-21T09:39:00.999+0000][7][gc,heap      ] GC(33) Eden regions: 24->0(24)
[2021-04-21T09:39:00.999+0000][7][gc,heap      ] GC(33) Survivor regions: 3->2(4)
[2021-04-21T09:39:00.999+0000][7][gc,heap      ] GC(33) Old regions: 15->16
[2021-04-21T09:39:00.999+0000][7][gc,heap      ] GC(33) Archive regions: 2->2
[2021-04-21T09:39:00.999+0000][7][gc,heap      ] GC(33) Humongous regions: 1->1
[2021-04-21T09:39:00.999+0000][7][gc,metaspace ] GC(33) Metaspace: 21054K(22396K)->21054K(22396K) NonClass: 18473K(19376K)->18473K(19376K) Class: 2581K(3020K)->2581K(3020K)
[2021-04-21T09:39:00.999+0000][7][gc           ] GC(33) Pause Young (Normal) (G1 Evacuation Pause) 42M->18M(66M) 14.876ms
[2021-04-21T09:39:00.999+0000][7][gc,cpu       ] GC(33) User=0.01s Sys=0.01s Real=0.02s
[2021-04-21T09:39:00.999+0000][7][safepoint    ] Safepoint "G1CollectForAllocation", Time since last: 101477212 ns, Reaching safepoint: 218548 ns, At safepoint: 14958601 ns, Total: 15177149 ns
[2021-04-21T09:39:01.087+0000][7][gc,start     ] GC(34) Pause Young (Normal) (G1 Evacuation Pause)
[2021-04-21T09:39:01.088+0000][7][gc,task      ] GC(34) Using 2 workers of 4 for evacuation
[2021-04-21T09:39:01.088+0000][7][gc,age       ] GC(34) Desired survivor size 2097152 bytes, new threshold 15 (max threshold 15)
[2021-04-21T09:39:01.098+0000][7][gc,age       ] GC(34) Age table with threshold 15 (max threshold 15)
[2021-04-21T09:39:01.098+0000][7][gc,age       ] GC(34) - age   1:    1739592 bytes,    1739592 total
[2021-04-21T09:39:01.098+0000][7][gc,age       ] GC(34) - age   2:      36424 bytes,    1776016 total
[2021-04-21T09:39:01.098+0000][7][gc,phases    ] GC(34)   Pre Evacuate Collection Set: 0.1ms
[2021-04-21T09:39:01.098+0000][7][gc,phases    ] GC(34)   Merge Heap Roots: 0.0ms
[2021-04-21T09:39:01.098+0000][7][gc,phases    ] GC(34)   Evacuate Collection Set: 9.0ms
[2021-04-21T09:39:01.098+0000][7][gc,phases    ] GC(34)   Post Evacuate Collection Set: 0.4ms
[2021-04-21T09:39:01.098+0000][7][gc,phases    ] GC(34)   Other: 1.6ms
[2021-04-21T09:39:01.098+0000][7][gc,heap      ] GC(34) Eden regions: 24->0(24)
[2021-04-21T09:39:01.098+0000][7][gc,heap      ] GC(34) Survivor regions: 2->2(4)
[2021-04-21T09:39:01.098+0000][7][gc,heap      ] GC(34) Old regions: 16->16
[2021-04-21T09:39:01.098+0000][7][gc,heap      ] GC(34) Archive regions: 2->2
[2021-04-21T09:39:01.098+0000][7][gc,heap      ] GC(34) Humongous regions: 1->1
[2021-04-21T09:39:01.098+0000][7][gc,metaspace ] GC(34) Metaspace: 21062K(22396K)->21062K(22396K) NonClass: 18479K(19376K)->18479K(19376K) Class: 2582K(3020K)->2582K(3020K)
[2021-04-21T09:39:01.098+0000][7][gc           ] GC(34) Pause Young (Normal) (G1 Evacuation Pause) 42M->19M(66M) 11.158ms
[2021-04-21T09:39:01.098+0000][7][gc,cpu       ] GC(34) User=0.01s Sys=0.00s Real=0.00s
[2021-04-21T09:39:01.098+0000][7][safepoint    ] Safepoint "G1CollectForAllocation", Time since last: 87684179 ns, Reaching safepoint: 127570 ns, At safepoint: 11226429 ns, Total: 11353999 ns
[2021-04-21T09:39:01.147+0000][7][gc,start     ] GC(35) Pause Young (Normal) (G1 Evacuation Pause)
[2021-04-21T09:39:01.147+0000][7][gc,task      ] GC(35) Using 2 workers of 4 for evacuation
[2021-04-21T09:39:01.147+0000][7][gc,age       ] GC(35) Desired survivor size 2097152 bytes, new threshold 15 (max threshold 15)
[2021-04-21T09:39:01.152+0000][7][gc,age       ] GC(35) Age table with threshold 15 (max threshold 15)
[2021-04-21T09:39:01.152+0000][7][gc,age       ] GC(35) - age   1:    1138976 bytes,    1138976 total
[2021-04-21T09:39:01.152+0000][7][gc,age       ] GC(35) - age   2:      42160 bytes,    1181136 total
[2021-04-21T09:39:01.153+0000][7][gc,age       ] GC(35) - age   3:      36424 bytes,    1217560 total
[2021-04-21T09:39:01.157+0000][7][gc,phases    ] GC(35)   Pre Evacuate Collection Set: 0.5ms
[2021-04-21T09:39:01.157+0000][7][gc,phases    ] GC(35)   Merge Heap Roots: 0.0ms
[2021-04-21T09:39:01.157+0000][7][gc,phases    ] GC(35)   Evacuate Collection Set: 4.6ms
[2021-04-21T09:39:01.157+0000][7][gc,phases    ] GC(35)   Post Evacuate Collection Set: 4.8ms
[2021-04-21T09:39:01.157+0000][7][gc,phases    ] GC(35)   Other: 0.2ms
[2021-04-21T09:39:01.157+0000][7][gc,heap      ] GC(35) Eden regions: 24->0(28)
[2021-04-21T09:39:01.157+0000][7][gc,heap      ] GC(35) Survivor regions: 2->2(4)
[2021-04-21T09:39:01.157+0000][7][gc,heap      ] GC(35) Old regions: 16->16
[2021-04-21T09:39:01.157+0000][7][gc,heap      ] GC(35) Archive regions: 2->2
[2021-04-21T09:39:01.157+0000][7][gc,heap      ] GC(35) Humongous regions: 1->1
[2021-04-21T09:39:01.157+0000][7][gc,metaspace ] GC(35) Metaspace: 21073K(22396K)->21073K(22396K) NonClass: 18489K(19376K)->18489K(19376K) Class: 2583K(3020K)->2583K(3020K)
[2021-04-21T09:39:01.157+0000][7][gc           ] GC(35) Pause Young (Normal) (G1 Evacuation Pause) 43M->18M(72M) 10.376ms
[2021-04-21T09:39:01.157+0000][7][gc,cpu       ] GC(35) User=0.01s Sys=0.00s Real=0.00s
[2021-04-21T09:39:01.157+0000][7][safepoint    ] Safepoint "G1CollectForAllocation", Time since last: 48282194 ns, Reaching safepoint: 119656 ns, At safepoint: 10466055 ns, Total: 10585711 ns
[2021-04-21T09:39:01.216+0000][7][gc,start     ] GC(36) Pause Young (Normal) (G1 Evacuation Pause)
[2021-04-21T09:39:01.219+0000][7][gc,task      ] GC(36) Using 2 workers of 4 for evacuation
[2021-04-21T09:39:01.219+0000][7][gc,age       ] GC(36) Desired survivor size 2097152 bytes, new threshold 15 (max threshold 15)
[2021-04-21T09:39:01.224+0000][7][gc,age       ] GC(36) Age table with threshold 15 (max threshold 15)
[2021-04-21T09:39:01.224+0000][7][gc,age       ] GC(36) - age   1:     746848 bytes,     746848 total
[2021-04-21T09:39:01.224+0000][7][gc,age       ] GC(36) - age   2:     155560 bytes,     902408 total
[2021-04-21T09:39:01.224+0000][7][gc,age       ] GC(36) - age   3:      42160 bytes,     944568 total
[2021-04-21T09:39:01.224+0000][7][gc,age       ] GC(36) - age   4:      36424 bytes,     980992 total
[2021-04-21T09:39:01.224+0000][7][gc,phases    ] GC(36)   Pre Evacuate Collection Set: 0.7ms
[2021-04-21T09:39:01.224+0000][7][gc,phases    ] GC(36)   Merge Heap Roots: 0.4ms
[2021-04-21T09:39:01.224+0000][7][gc,phases    ] GC(36)   Evacuate Collection Set: 3.0ms
[2021-04-21T09:39:01.224+0000][7][gc,phases    ] GC(36)   Post Evacuate Collection Set: 0.4ms
[2021-04-21T09:39:01.224+0000][7][gc,phases    ] GC(36)   Other: 3.5ms
[2021-04-21T09:39:01.224+0000][7][gc,heap      ] GC(36) Eden regions: 28->0(28)
[2021-04-21T09:39:01.224+0000][7][gc,heap      ] GC(36) Survivor regions: 2->2(4)
[2021-04-21T09:39:01.224+0000][7][gc,heap      ] GC(36) Old regions: 16->16
[2021-04-21T09:39:01.224+0000][7][gc,heap      ] GC(36) Archive regions: 2->2
[2021-04-21T09:39:01.224+0000][7][gc,heap      ] GC(36) Humongous regions: 1->1
[2021-04-21T09:39:01.224+0000][7][gc,metaspace ] GC(36) Metaspace: 21076K(22396K)->21076K(22396K) NonClass: 18491K(19376K)->18491K(19376K) Class: 2584K(3020K)->2584K(3020K)
[2021-04-21T09:39:01.224+0000][7][gc           ] GC(36) Pause Young (Normal) (G1 Evacuation Pause) 46M->18M(72M) 8.161ms
[2021-04-21T09:39:01.224+0000][7][gc,cpu       ] GC(36) User=0.02s Sys=0.00s Real=0.01s
[2021-04-21T09:39:01.224+0000][7][safepoint    ] Safepoint "G1CollectForAllocation", Time since last: 58678343 ns, Reaching safepoint: 202519 ns, At safepoint: 8227837 ns, Total: 8430356 ns
[2021-04-21T09:39:01.284+0000][7][gc,start     ] GC(37) Pause Young (Normal) (G1 Evacuation Pause)
[2021-04-21T09:39:01.285+0000][7][gc,task      ] GC(37) Using 2 workers of 4 for evacuation
[2021-04-21T09:39:01.285+0000][7][gc,age       ] GC(37) Desired survivor size 2097152 bytes, new threshold 15 (max threshold 15)
[2021-04-21T09:39:01.290+0000][7][gc,age       ] GC(37) Age table with threshold 15 (max threshold 15)
[2021-04-21T09:39:01.290+0000][7][gc,age       ] GC(37) - age   1:     484192 bytes,     484192 total
[2021-04-21T09:39:01.291+0000][7][gc,age       ] GC(37) - age   2:      33048 bytes,     517240 total
[2021-04-21T09:39:01.291+0000][7][gc,age       ] GC(37) - age   3:     155560 bytes,     672800 total
[2021-04-21T09:39:01.291+0000][7][gc,age       ] GC(37) - age   4:      42160 bytes,     714960 total
[2021-04-21T09:39:01.291+0000][7][gc,age       ] GC(37) - age   5:      36424 bytes,     751384 total
[2021-04-21T09:39:01.291+0000][7][gc,phases    ] GC(37)   Pre Evacuate Collection Set: 1.6ms
[2021-04-21T09:39:01.291+0000][7][gc,phases    ] GC(37)   Merge Heap Roots: 0.0ms
[2021-04-21T09:39:01.291+0000][7][gc,phases    ] GC(37)   Evacuate Collection Set: 2.6ms
[2021-04-21T09:39:01.291+0000][7][gc,phases    ] GC(37)   Post Evacuate Collection Set: 1.0ms
[2021-04-21T09:39:01.291+0000][7][gc,phases    ] GC(37)   Other: 0.9ms
[2021-04-21T09:39:01.291+0000][7][gc,heap      ] GC(37) Eden regions: 28->0(30)
[2021-04-21T09:39:01.291+0000][7][gc,heap      ] GC(37) Survivor regions: 2->1(4)
[2021-04-21T09:39:01.291+0000][7][gc,heap      ] GC(37) Old regions: 16->16
[2021-04-21T09:39:01.291+0000][7][gc,heap      ] GC(37) Archive regions: 2->2
[2021-04-21T09:39:01.291+0000][7][gc,heap      ] GC(37) Humongous regions: 1->1
[2021-04-21T09:39:01.291+0000][7][gc,metaspace ] GC(37) Metaspace: 21078K(22396K)->21078K(22396K) NonClass: 18493K(19376K)->18493K(19376K) Class: 2585K(3020K)->2585K(3020K)
[2021-04-21T09:39:01.291+0000][7][gc           ] GC(37) Pause Young (Normal) (G1 Evacuation Pause) 46M->18M(72M) 6.257ms
[2021-04-21T09:39:01.291+0000][7][gc,cpu       ] GC(37) User=0.02s Sys=0.00s Real=0.01s
[2021-04-21T09:39:01.291+0000][7][safepoint    ] Safepoint "G1CollectForAllocation", Time since last: 60110117 ns, Reaching safepoint: 58386 ns, At safepoint: 6328573 ns, Total: 6386959 ns
[2021-04-21T09:39:01.367+0000][7][gc,start     ] GC(38) Pause Young (Normal) (G1 Evacuation Pause)
[2021-04-21T09:39:01.367+0000][7][gc,task      ] GC(38) Using 2 workers of 4 for evacuation
[2021-04-21T09:39:01.367+0000][7][gc,age       ] GC(38) Desired survivor size 2097152 bytes, new threshold 15 (max threshold 15)
[2021-04-21T09:39:01.370+0000][7][gc,age       ] GC(38) Age table with threshold 15 (max threshold 15)
[2021-04-21T09:39:01.370+0000][7][gc,age       ] GC(38) - age   1:     441800 bytes,     441800 total
[2021-04-21T09:39:01.370+0000][7][gc,age       ] GC(38) - age   2:      32816 bytes,     474616 total
[2021-04-21T09:39:01.370+0000][7][gc,age       ] GC(38) - age   3:      33048 bytes,     507664 total
[2021-04-21T09:39:01.370+0000][7][gc,age       ] GC(38) - age   4:     155560 bytes,     663224 total
[2021-04-21T09:39:01.370+0000][7][gc,age       ] GC(38) - age   5:      42160 bytes,     705384 total
[2021-04-21T09:39:01.370+0000][7][gc,age       ] GC(38) - age   6:      36424 bytes,     741808 total
[2021-04-21T09:39:01.370+0000][7][gc,phases    ] GC(38)   Pre Evacuate Collection Set: 0.0ms
[2021-04-21T09:39:01.370+0000][7][gc,phases    ] GC(38)   Merge Heap Roots: 0.0ms
[2021-04-21T09:39:01.370+0000][7][gc,phases    ] GC(38)   Evacuate Collection Set: 2.6ms
[2021-04-21T09:39:01.370+0000][7][gc,phases    ] GC(38)   Post Evacuate Collection Set: 0.3ms
[2021-04-21T09:39:01.370+0000][7][gc,phases    ] GC(38)   Other: 0.2ms
[2021-04-21T09:39:01.370+0000][7][gc,heap      ] GC(38) Eden regions: 30->0(30)
[2021-04-21T09:39:01.370+0000][7][gc,heap      ] GC(38) Survivor regions: 1->1(4)
[2021-04-21T09:39:01.370+0000][7][gc,heap      ] GC(38) Old regions: 16->16
[2021-04-21T09:39:01.370+0000][7][gc,heap      ] GC(38) Archive regions: 2->2
[2021-04-21T09:39:01.370+0000][7][gc,heap      ] GC(38) Humongous regions: 1->1
[2021-04-21T09:39:01.370+0000][7][gc,metaspace ] GC(38) Metaspace: 21088K(22396K)->21088K(22396K) NonClass: 18500K(19376K)->18500K(19376K) Class: 2587K(3020K)->2587K(3020K)
[2021-04-21T09:39:01.370+0000][7][gc           ] GC(38) Pause Young (Normal) (G1 Evacuation Pause) 48M->18M(72M) 3.252ms
[2021-04-21T09:39:01.370+0000][7][gc,cpu       ] GC(38) User=0.01s Sys=0.00s Real=0.00s
[2021-04-21T09:39:01.370+0000][7][safepoint    ] Safepoint "G1CollectForAllocation", Time since last: 75815173 ns, Reaching safepoint: 50157 ns, At safepoint: 3319059 ns, Total: 3369216 ns
[2021-04-21T09:39:01.416+0000][7][gc,start     ] GC(39) Pause Young (Normal) (G1 Evacuation Pause)
[2021-04-21T09:39:01.417+0000][7][gc,task      ] GC(39) Using 2 workers of 4 for evacuation
[2021-04-21T09:39:01.417+0000][7][gc,age       ] GC(39) Desired survivor size 2097152 bytes, new threshold 15 (max threshold 15)
[2021-04-21T09:39:01.431+0000][7][gc,age       ] GC(39) Age table with threshold 15 (max threshold 15)
[2021-04-21T09:39:01.431+0000][7][gc,age       ] GC(39) - age   1:     555136 bytes,     555136 total
[2021-04-21T09:39:01.431+0000][7][gc,age       ] GC(39) - age   2:      69120 bytes,     624256 total
[2021-04-21T09:39:01.431+0000][7][gc,age       ] GC(39) - age   3:      32816 bytes,     657072 total
[2021-04-21T09:39:01.431+0000][7][gc,age       ] GC(39) - age   4:      33048 bytes,     690120 total
[2021-04-21T09:39:01.431+0000][7][gc,age       ] GC(39) - age   5:     155560 bytes,     845680 total
[2021-04-21T09:39:01.432+0000][7][gc,age       ] GC(39) - age   6:      42160 bytes,     887840 total
[2021-04-21T09:39:01.432+0000][7][gc,age       ] GC(39) - age   7:      36312 bytes,     924152 total
[2021-04-21T09:39:01.432+0000][7][gc,phases    ] GC(39)   Pre Evacuate Collection Set: 0.0ms
[2021-04-21T09:39:01.432+0000][7][gc,phases    ] GC(39)   Merge Heap Roots: 0.0ms
[2021-04-21T09:39:01.432+0000][7][gc,phases    ] GC(39)   Evacuate Collection Set: 13.4ms
[2021-04-21T09:39:01.432+0000][7][gc,phases    ] GC(39)   Post Evacuate Collection Set: 0.4ms
[2021-04-21T09:39:01.432+0000][7][gc,phases    ] GC(39)   Other: 1.3ms
[2021-04-21T09:39:01.432+0000][7][gc,heap      ] GC(39) Eden regions: 30->0(31)
[2021-04-21T09:39:01.432+0000][7][gc,heap      ] GC(39) Survivor regions: 1->1(4)
[2021-04-21T09:39:01.432+0000][7][gc,heap      ] GC(39) Old regions: 16->16
[2021-04-21T09:39:01.432+0000][7][gc,heap      ] GC(39) Archive regions: 2->2
[2021-04-21T09:39:01.432+0000][7][gc,heap      ] GC(39) Humongous regions: 1->1
[2021-04-21T09:39:01.432+0000][7][gc,metaspace ] GC(39) Metaspace: 21094K(22396K)->21094K(22396K) NonClass: 18504K(19376K)->18504K(19376K) Class: 2589K(3020K)->2589K(3020K)
[2021-04-21T09:39:01.432+0000][7][gc           ] GC(39) Pause Young (Normal) (G1 Evacuation Pause) 48M->18M(72M) 15.281ms
[2021-04-21T09:39:01.432+0000][7][gc,cpu       ] GC(39) User=0.02s Sys=0.00s Real=0.02s
[2021-04-21T09:39:01.432+0000][7][safepoint    ] Safepoint "G1CollectForAllocation", Time since last: 46312446 ns, Reaching safepoint: 129725 ns, At safepoint: 15345182 ns, Total: 15474907 ns
[2021-04-21T09:39:01.497+0000][7][gc,start     ] GC(40) Pause Young (Normal) (G1 Evacuation Pause)
[2021-04-21T09:39:01.497+0000][7][gc,task      ] GC(40) Using 2 workers of 4 for evacuation
[2021-04-21T09:39:01.497+0000][7][gc,age       ] GC(40) Desired survivor size 2097152 bytes, new threshold 15 (max threshold 15)
[2021-04-21T09:39:01.499+0000][7][gc,age       ] GC(40) Age table with threshold 15 (max threshold 15)
[2021-04-21T09:39:01.499+0000][7][gc,age       ] GC(40) - age   1:     590568 bytes,     590568 total
[2021-04-21T09:39:01.499+0000][7][gc,age       ] GC(40) - age   2:      34472 bytes,     625040 total
[2021-04-21T09:39:01.499+0000][7][gc,age       ] GC(40) - age   3:      69120 bytes,     694160 total
[2021-04-21T09:39:01.499+0000][7][gc,age       ] GC(40) - age   4:      32816 bytes,     726976 total
[2021-04-21T09:39:01.499+0000][7][gc,age       ] GC(40) - age   5:      33048 bytes,     760024 total
[2021-04-21T09:39:01.500+0000][7][gc,age       ] GC(40) - age   6:     155560 bytes,     915584 total
[2021-04-21T09:39:01.500+0000][7][gc,age       ] GC(40) - age   7:      42160 bytes,     957744 total
[2021-04-21T09:39:01.500+0000][7][gc,age       ] GC(40) - age   8:      36312 bytes,     994056 total
[2021-04-21T09:39:01.500+0000][7][gc,phases    ] GC(40)   Pre Evacuate Collection Set: 0.1ms
[2021-04-21T09:39:01.500+0000][7][gc,phases    ] GC(40)   Merge Heap Roots: 0.0ms
[2021-04-21T09:39:01.500+0000][7][gc,phases    ] GC(40)   Evacuate Collection Set: 1.5ms
[2021-04-21T09:39:01.500+0000][7][gc,phases    ] GC(40)   Post Evacuate Collection Set: 0.4ms
[2021-04-21T09:39:01.500+0000][7][gc,phases    ] GC(40)   Other: 0.8ms
[2021-04-21T09:39:01.500+0000][7][gc,heap      ] GC(40) Eden regions: 31->0(31)
[2021-04-21T09:39:01.500+0000][7][gc,heap      ] GC(40) Survivor regions: 1->1(4)
[2021-04-21T09:39:01.500+0000][7][gc,heap      ] GC(40) Old regions: 16->16
[2021-04-21T09:39:01.500+0000][7][gc,heap      ] GC(40) Archive regions: 2->2
[2021-04-21T09:39:01.500+0000][7][gc,heap      ] GC(40) Humongous regions: 1->1
[2021-04-21T09:39:01.500+0000][7][gc,metaspace ] GC(40) Metaspace: 21186K(22524K)->21186K(22524K) NonClass: 18580K(19376K)->18580K(19376K) Class: 2606K(3148K)->2606K(3148K)
[2021-04-21T09:39:01.500+0000][7][gc           ] GC(40) Pause Young (Normal) (G1 Evacuation Pause) 49M->18M(72M) 2.909ms
[2021-04-21T09:39:01.500+0000][7][gc,cpu       ] GC(40) User=0.00s Sys=0.00s Real=0.01s
[2021-04-21T09:39:01.500+0000][7][safepoint    ] Safepoint "G1CollectForAllocation", Time since last: 64900038 ns, Reaching safepoint: 112355 ns, At safepoint: 2977455 ns, Total: 3089810 ns
[2021-04-21T09:39:01.544+0000][7][gc,start     ] GC(41) Pause Young (Normal) (G1 Evacuation Pause)
[2021-04-21T09:39:01.545+0000][7][gc,task      ] GC(41) Using 2 workers of 4 for evacuation
[2021-04-21T09:39:01.546+0000][7][gc,age       ] GC(41) Desired survivor size 2097152 bytes, new threshold 15 (max threshold 15)
[2021-04-21T09:39:01.552+0000][7][gc,age       ] GC(41) Age table with threshold 15 (max threshold 15)
[2021-04-21T09:39:01.552+0000][7][gc,age       ] GC(41) - age   1:    1679528 bytes,    1679528 total
[2021-04-21T09:39:01.552+0000][7][gc,age       ] GC(41) - age   2:      93384 bytes,    1772912 total
[2021-04-21T09:39:01.552+0000][7][gc,age       ] GC(41) - age   3:      34472 bytes,    1807384 total
[2021-04-21T09:39:01.552+0000][7][gc,age       ] GC(41) - age   4:      69120 bytes,    1876504 total
[2021-04-21T09:39:01.552+0000][7][gc,age       ] GC(41) - age   5:      32816 bytes,    1909320 total
[2021-04-21T09:39:01.552+0000][7][gc,age       ] GC(41) - age   6:      33048 bytes,    1942368 total
[2021-04-21T09:39:01.552+0000][7][gc,age       ] GC(41) - age   7:     155560 bytes,    2097928 total
[2021-04-21T09:39:01.552+0000][7][gc,age       ] GC(41) - age   8:      42160 bytes,    2140088 total
[2021-04-21T09:39:01.552+0000][7][gc,age       ] GC(41) - age   9:      36312 bytes,    2176400 total
[2021-04-21T09:39:01.552+0000][7][gc,phases    ] GC(41)   Pre Evacuate Collection Set: 0.0ms
[2021-04-21T09:39:01.552+0000][7][gc,phases    ] GC(41)   Merge Heap Roots: 0.0ms
[2021-04-21T09:39:01.552+0000][7][gc,phases    ] GC(41)   Evacuate Collection Set: 5.3ms
[2021-04-21T09:39:01.552+0000][7][gc,phases    ] GC(41)   Post Evacuate Collection Set: 0.4ms
[2021-04-21T09:39:01.552+0000][7][gc,phases    ] GC(41)   Other: 2.2ms
[2021-04-21T09:39:01.552+0000][7][gc,heap      ] GC(41) Eden regions: 31->0(28)
[2021-04-21T09:39:01.552+0000][7][gc,heap      ] GC(41) Survivor regions: 1->3(4)
[2021-04-21T09:39:01.552+0000][7][gc,heap      ] GC(41) Old regions: 16->16
[2021-04-21T09:39:01.552+0000][7][gc,heap      ] GC(41) Archive regions: 2->2
[2021-04-21T09:39:01.552+0000][7][gc,heap      ] GC(41) Humongous regions: 1->1
[2021-04-21T09:39:01.552+0000][7][gc,metaspace ] GC(41) Metaspace: 21186K(22524K)->21186K(22524K) NonClass: 18580K(19376K)->18580K(19376K) Class: 2606K(3148K)->2606K(3148K)
[2021-04-21T09:39:01.552+0000][7][gc           ] GC(41) Pause Young (Normal) (G1 Evacuation Pause) 49M->19M(72M) 8.135ms
[2021-04-21T09:39:01.552+0000][7][gc,cpu       ] GC(41) User=0.02s Sys=0.00s Real=0.01s
[2021-04-21T09:39:01.552+0000][7][safepoint    ] Safepoint "G1CollectForAllocation", Time since last: 44249736 ns, Reaching safepoint: 165293 ns, At safepoint: 8204443 ns, Total: 8369736 ns
[2021-04-21T09:39:01.662+0000][7][gc,start     ] GC(42) Pause Young (Normal) (G1 Evacuation Pause)
[2021-04-21T09:39:01.663+0000][7][gc,task      ] GC(42) Using 2 workers of 4 for evacuation
[2021-04-21T09:39:01.663+0000][7][gc,age       ] GC(42) Desired survivor size 2097152 bytes, new threshold 7 (max threshold 15)
[2021-04-21T09:39:01.670+0000][7][gc,age       ] GC(42) Age table with threshold 7 (max threshold 15)
[2021-04-21T09:39:01.670+0000][7][gc,age       ] GC(42) - age   1:     832864 bytes,     832864 total
[2021-04-21T09:39:01.670+0000][7][gc,age       ] GC(42) - age   2:        720 bytes,     833584 total
[2021-04-21T09:39:01.670+0000][7][gc,age       ] GC(42) - age   3:      67288 bytes,     900872 total
[2021-04-21T09:39:01.670+0000][7][gc,age       ] GC(42) - age   4:      34472 bytes,     935344 total
[2021-04-21T09:39:01.670+0000][7][gc,age       ] GC(42) - age   5:      69120 bytes,    1004464 total
[2021-04-21T09:39:01.670+0000][7][gc,age       ] GC(42) - age   6:      32816 bytes,    1037280 total
[2021-04-21T09:39:01.670+0000][7][gc,age       ] GC(42) - age   7:      33048 bytes,    1070328 total
[2021-04-21T09:39:01.670+0000][7][gc,phases    ] GC(42)   Pre Evacuate Collection Set: 2.1ms
[2021-04-21T09:39:01.670+0000][7][gc,phases    ] GC(42)   Merge Heap Roots: 0.0ms
[2021-04-21T09:39:01.670+0000][7][gc,phases    ] GC(42)   Evacuate Collection Set: 4.0ms
[2021-04-21T09:39:01.670+0000][7][gc,phases    ] GC(42)   Post Evacuate Collection Set: 0.7ms
[2021-04-21T09:39:01.670+0000][7][gc,phases    ] GC(42)   Other: 0.6ms
[2021-04-21T09:39:01.670+0000][7][gc,heap      ] GC(42) Eden regions: 28->0(29)
[2021-04-21T09:39:01.670+0000][7][gc,heap      ] GC(42) Survivor regions: 3->2(4)
[2021-04-21T09:39:01.670+0000][7][gc,heap      ] GC(42) Old regions: 16->16
[2021-04-21T09:39:01.670+0000][7][gc,heap      ] GC(42) Archive regions: 2->2
[2021-04-21T09:39:01.670+0000][7][gc,heap      ] GC(42) Humongous regions: 1->1
[2021-04-21T09:39:01.670+0000][7][gc,metaspace ] GC(42) Metaspace: 21240K(22780K)->21240K(22780K) NonClass: 18618K(19632K)->18618K(19632K) Class: 2621K(3148K)->2621K(3148K)
[2021-04-21T09:39:01.670+0000][7][gc           ] GC(42) Pause Young (Normal) (G1 Evacuation Pause) 47M->18M(72M) 7.885ms
[2021-04-21T09:39:01.670+0000][7][gc,cpu       ] GC(42) User=0.01s Sys=0.00s Real=0.01s
[2021-04-21T09:39:01.670+0000][7][safepoint    ] Safepoint "G1CollectForAllocation", Time since last: 109884831 ns, Reaching safepoint: 56092 ns, At safepoint: 7955842 ns, Total: 8011934 ns
[2021-04-21T09:39:01.737+0000][7][gc,start     ] GC(43) Pause Young (Normal) (G1 Evacuation Pause)
[2021-04-21T09:39:01.737+0000][7][gc,task      ] GC(43) Using 2 workers of 4 for evacuation
[2021-04-21T09:39:01.737+0000][7][gc,age       ] GC(43) Desired survivor size 2097152 bytes, new threshold 15 (max threshold 15)
[2021-04-21T09:39:01.751+0000][7][gc,age       ] GC(43) Age table with threshold 15 (max threshold 15)
[2021-04-21T09:39:01.751+0000][7][gc,age       ] GC(43) - age   1:     579976 bytes,     579976 total
[2021-04-21T09:39:01.751+0000][7][gc,age       ] GC(43) - age   2:     247736 bytes,     827712 total
[2021-04-21T09:39:01.751+0000][7][gc,age       ] GC(43) - age   3:        720 bytes,     828432 total
[2021-04-21T09:39:01.751+0000][7][gc,age       ] GC(43) - age   4:      67176 bytes,     895608 total
[2021-04-21T09:39:01.751+0000][7][gc,age       ] GC(43) - age   5:      34472 bytes,     930080 total
[2021-04-21T09:39:01.751+0000][7][gc,age       ] GC(43) - age   6:      69120 bytes,     999200 total
[2021-04-21T09:39:01.751+0000][7][gc,age       ] GC(43) - age   7:      32816 bytes,    1032016 total
[2021-04-21T09:39:01.751+0000][7][gc,age       ] GC(43) - age   8:      33048 bytes,    1065064 total
[2021-04-21T09:39:01.756+0000][7][gc,phases    ] GC(43)   Pre Evacuate Collection Set: 1.5ms
[2021-04-21T09:39:01.757+0000][7][gc,phases    ] GC(43)   Merge Heap Roots: 0.0ms
[2021-04-21T09:39:01.757+0000][7][gc,phases    ] GC(43)   Evacuate Collection Set: 11.5ms
[2021-04-21T09:39:01.757+0000][7][gc,phases    ] GC(43)   Post Evacuate Collection Set: 5.6ms
[2021-04-21T09:39:01.757+0000][7][gc,phases    ] GC(43)   Other: 0.3ms
[2021-04-21T09:39:01.757+0000][7][gc,heap      ] GC(43) Eden regions: 29->0(33)
[2021-04-21T09:39:01.757+0000][7][gc,heap      ] GC(43) Survivor regions: 2->2(4)
[2021-04-21T09:39:01.757+0000][7][gc,heap      ] GC(43) Old regions: 16->16
[2021-04-21T09:39:01.757+0000][7][gc,heap      ] GC(43) Archive regions: 2->2
[2021-04-21T09:39:01.757+0000][7][gc,heap      ] GC(43) Humongous regions: 1->1
[2021-04-21T09:39:01.757+0000][7][gc,metaspace ] GC(43) Metaspace: 21277K(22780K)->21277K(22780K) NonClass: 18648K(19632K)->18648K(19632K) Class: 2628K(3148K)->2628K(3148K)
[2021-04-21T09:39:01.757+0000][7][gc           ] GC(43) Pause Young (Normal) (G1 Evacuation Pause) 47M->18M(76M) 19.914ms
[2021-04-21T09:39:01.757+0000][7][gc,cpu       ] GC(43) User=0.02s Sys=0.00s Real=0.02s
[2021-04-21T09:39:01.757+0000][7][safepoint    ] Safepoint "G1CollectForAllocation", Time since last: 66781395 ns, Reaching safepoint: 47591 ns, At safepoint: 19994684 ns, Total: 20042275 ns
[2021-04-21T09:39:01.829+0000][7][gc,start     ] GC(44) Pause Young (Normal) (G1 Evacuation Pause)
[2021-04-21T09:39:01.829+0000][7][gc,task      ] GC(44) Using 2 workers of 4 for evacuation
[2021-04-21T09:39:01.829+0000][7][gc,age       ] GC(44) Desired survivor size 2621440 bytes, new threshold 15 (max threshold 15)
[2021-04-21T09:39:01.836+0000][7][gc,age       ] GC(44) Age table with threshold 15 (max threshold 15)
[2021-04-21T09:39:01.836+0000][7][gc,age       ] GC(44) - age   1:    1352472 bytes,    1352472 total
[2021-04-21T09:39:01.836+0000][7][gc,age       ] GC(44) - age   2:      51152 bytes,    1403624 total
[2021-04-21T09:39:01.836+0000][7][gc,age       ] GC(44) - age   3:     247736 bytes,    1651360 total
[2021-04-21T09:39:01.836+0000][7][gc,age       ] GC(44) - age   4:        720 bytes,    1652080 total
[2021-04-21T09:39:01.836+0000][7][gc,age       ] GC(44) - age   5:      67176 bytes,    1719256 total
[2021-04-21T09:39:01.836+0000][7][gc,age       ] GC(44) - age   6:      34472 bytes,    1753728 total
[2021-04-21T09:39:01.836+0000][7][gc,age       ] GC(44) - age   7:      69120 bytes,    1822848 total
[2021-04-21T09:39:01.836+0000][7][gc,age       ] GC(44) - age   8:      32816 bytes,    1855664 total
[2021-04-21T09:39:01.836+0000][7][gc,age       ] GC(44) - age   9:      33048 bytes,    1888712 total
[2021-04-21T09:39:01.836+0000][7][gc,phases    ] GC(44)   Pre Evacuate Collection Set: 1.1ms
[2021-04-21T09:39:01.836+0000][7][gc,phases    ] GC(44)   Merge Heap Roots: 0.5ms
[2021-04-21T09:39:01.836+0000][7][gc,phases    ] GC(44)   Evacuate Collection Set: 4.5ms
[2021-04-21T09:39:01.836+0000][7][gc,phases    ] GC(44)   Post Evacuate Collection Set: 0.5ms
[2021-04-21T09:39:01.836+0000][7][gc,phases    ] GC(44)   Other: 0.2ms
[2021-04-21T09:39:01.836+0000][7][gc,heap      ] GC(44) Eden regions: 33->0(32)
[2021-04-21T09:39:01.836+0000][7][gc,heap      ] GC(44) Survivor regions: 2->2(5)
[2021-04-21T09:39:01.836+0000][7][gc,heap      ] GC(44) Old regions: 16->16
[2021-04-21T09:39:01.836+0000][7][gc,heap      ] GC(44) Archive regions: 2->2
[2021-04-21T09:39:01.836+0000][7][gc,heap      ] GC(44) Humongous regions: 1->1
[2021-04-21T09:39:01.836+0000][7][gc,metaspace ] GC(44) Metaspace: 21336K(23036K)->21336K(23036K) NonClass: 18694K(19888K)->18694K(19888K) Class: 2641K(3148K)->2641K(3148K)
[2021-04-21T09:39:01.836+0000][7][gc           ] GC(44) Pause Young (Normal) (G1 Evacuation Pause) 51M->19M(76M) 6.878ms
[2021-04-21T09:39:01.836+0000][7][gc,cpu       ] GC(44) User=0.01s Sys=0.00s Real=0.00s
[2021-04-21T09:39:01.836+0000][7][safepoint    ] Safepoint "G1CollectForAllocation", Time since last: 71700373 ns, Reaching safepoint: 119363 ns, At safepoint: 6932837 ns, Total: 7052200 ns
[2021-04-21T09:39:01.890+0000][7][gc,start     ] GC(45) Pause Young (Normal) (G1 Evacuation Pause)
[2021-04-21T09:39:01.890+0000][7][gc,task      ] GC(45) Using 2 workers of 4 for evacuation
[2021-04-21T09:39:01.890+0000][7][gc,age       ] GC(45) Desired survivor size 2621440 bytes, new threshold 15 (max threshold 15)
[2021-04-21T09:39:01.897+0000][7][gc,age       ] GC(45) Age table with threshold 15 (max threshold 15)
[2021-04-21T09:39:01.897+0000][7][gc,age       ] GC(45) - age   1:    1500296 bytes,    1500296 total
[2021-04-21T09:39:01.897+0000][7][gc,age       ] GC(45) - age   2:      61408 bytes,    1561704 total
[2021-04-21T09:39:01.897+0000][7][gc,age       ] GC(45) - age   3:      51152 bytes,    1612856 total
[2021-04-21T09:39:01.897+0000][7][gc,age       ] GC(45) - age   4:     247736 bytes,    1860592 total
[2021-04-21T09:39:01.897+0000][7][gc,age       ] GC(45) - age   5:        720 bytes,    1861312 total
[2021-04-21T09:39:01.897+0000][7][gc,age       ] GC(45) - age   6:      67176 bytes,    1928488 total
[2021-04-21T09:39:01.897+0000][7][gc,age       ] GC(45) - age   7:      34472 bytes,    1962960 total
[2021-04-21T09:39:01.897+0000][7][gc,age       ] GC(45) - age   8:      69120 bytes,    2032080 total
[2021-04-21T09:39:01.897+0000][7][gc,age       ] GC(45) - age   9:      32816 bytes,    2064896 total
[2021-04-21T09:39:01.897+0000][7][gc,age       ] GC(45) - age  10:      33048 bytes,    2097944 total
[2021-04-21T09:39:01.897+0000][7][gc,phases    ] GC(45)   Pre Evacuate Collection Set: 0.4ms
[2021-04-21T09:39:01.897+0000][7][gc,phases    ] GC(45)   Merge Heap Roots: 0.1ms
[2021-04-21T09:39:01.897+0000][7][gc,phases    ] GC(45)   Evacuate Collection Set: 6.2ms
[2021-04-21T09:39:01.897+0000][7][gc,phases    ] GC(45)   Post Evacuate Collection Set: 0.4ms
[2021-04-21T09:39:01.897+0000][7][gc,phases    ] GC(45)   Other: 0.3ms
[2021-04-21T09:39:01.897+0000][7][gc,heap      ] GC(45) Eden regions: 32->0(31)
[2021-04-21T09:39:01.897+0000][7][gc,heap      ] GC(45) Survivor regions: 2->3(5)
[2021-04-21T09:39:01.897+0000][7][gc,heap      ] GC(45) Old regions: 16->16
[2021-04-21T09:39:01.897+0000][7][gc,heap      ] GC(45) Archive regions: 2->2
[2021-04-21T09:39:01.897+0000][7][gc,heap      ] GC(45) Humongous regions: 1->1
[2021-04-21T09:39:01.897+0000][7][gc,metaspace ] GC(45) Metaspace: 21338K(23036K)->21338K(23036K) NonClass: 18696K(19888K)->18696K(19888K) Class: 2642K(3148K)->2642K(3148K)
[2021-04-21T09:39:01.898+0000][7][gc           ] GC(45) Pause Young (Normal) (G1 Evacuation Pause) 51M->19M(76M) 7.486ms
[2021-04-21T09:39:01.898+0000][7][gc,cpu       ] GC(45) User=0.02s Sys=0.00s Real=0.00s
[2021-04-21T09:39:01.898+0000][7][safepoint    ] Safepoint "G1CollectForAllocation", Time since last: 54118780 ns, Reaching safepoint: 69997 ns, At safepoint: 7563025 ns, Total: 7633022 ns
[2021-04-21T09:39:01.993+0000][7][gc,start     ] GC(46) Pause Young (Normal) (G1 Evacuation Pause)
[2021-04-21T09:39:01.994+0000][7][gc,task      ] GC(46) Using 2 workers of 4 for evacuation
[2021-04-21T09:39:01.994+0000][7][gc,age       ] GC(46) Desired survivor size 2621440 bytes, new threshold 15 (max threshold 15)
[2021-04-21T09:39:02.000+0000][7][gc,age       ] GC(46) Age table with threshold 15 (max threshold 15)
[2021-04-21T09:39:02.000+0000][7][gc,age       ] GC(46) - age   1:    1452408 bytes,    1452408 total
[2021-04-21T09:39:02.000+0000][7][gc,age       ] GC(46) - age   2:      84528 bytes,    1536936 total
[2021-04-21T09:39:02.000+0000][7][gc,age       ] GC(46) - age   3:      61408 bytes,    1598344 total
[2021-04-21T09:39:02.000+0000][7][gc,age       ] GC(46) - age   4:      51152 bytes,    1649496 total
[2021-04-21T09:39:02.000+0000][7][gc,age       ] GC(46) - age   5:     247736 bytes,    1897232 total
[2021-04-21T09:39:02.000+0000][7][gc,age       ] GC(46) - age   6:        720 bytes,    1897952 total
[2021-04-21T09:39:02.000+0000][7][gc,age       ] GC(46) - age   7:      67176 bytes,    1965128 total
[2021-04-21T09:39:02.000+0000][7][gc,age       ] GC(46) - age   8:      34472 bytes,    1999600 total
[2021-04-21T09:39:02.000+0000][7][gc,age       ] GC(46) - age   9:      69120 bytes,    2068720 total
[2021-04-21T09:39:02.000+0000][7][gc,age       ] GC(46) - age  10:      32816 bytes,    2101536 total
[2021-04-21T09:39:02.000+0000][7][gc,age       ] GC(46) - age  11:      33048 bytes,    2134584 total
[2021-04-21T09:39:02.000+0000][7][gc,phases    ] GC(46)   Pre Evacuate Collection Set: 1.5ms
[2021-04-21T09:39:02.000+0000][7][gc,phases    ] GC(46)   Merge Heap Roots: 0.2ms
[2021-04-21T09:39:02.000+0000][7][gc,phases    ] GC(46)   Evacuate Collection Set: 4.5ms
[2021-04-21T09:39:02.000+0000][7][gc,phases    ] GC(46)   Post Evacuate Collection Set: 0.5ms
[2021-04-21T09:39:02.000+0000][7][gc,phases    ] GC(46)   Other: 0.3ms
[2021-04-21T09:39:02.000+0000][7][gc,heap      ] GC(46) Eden regions: 31->0(31)
[2021-04-21T09:39:02.000+0000][7][gc,heap      ] GC(46) Survivor regions: 3->3(5)
[2021-04-21T09:39:02.000+0000][7][gc,heap      ] GC(46) Old regions: 16->16
[2021-04-21T09:39:02.000+0000][7][gc,heap      ] GC(46) Archive regions: 2->2
[2021-04-21T09:39:02.000+0000][7][gc,heap      ] GC(46) Humongous regions: 1->1
[2021-04-21T09:39:02.001+0000][7][gc,metaspace ] GC(46) Metaspace: 21352K(23036K)->21352K(23036K) NonClass: 18708K(19888K)->18708K(19888K) Class: 2643K(3148K)->2643K(3148K)
[2021-04-21T09:39:02.001+0000][7][gc           ] GC(46) Pause Young (Normal) (G1 Evacuation Pause) 50M->19M(76M) 7.046ms
[2021-04-21T09:39:02.001+0000][7][gc,cpu       ] GC(46) User=0.01s Sys=0.00s Real=0.01s
[2021-04-21T09:39:02.001+0000][7][safepoint    ] Safepoint "G1CollectForAllocation", Time since last: 95832692 ns, Reaching safepoint: 63287 ns, At safepoint: 7132595 ns, Total: 7195882 ns
[2021-04-21T09:39:02.133+0000][7][gc,start     ] GC(47) Pause Young (Normal) (G1 Evacuation Pause)
[2021-04-21T09:39:02.133+0000][7][gc,task      ] GC(47) Using 2 workers of 4 for evacuation
[2021-04-21T09:39:02.133+0000][7][gc,age       ] GC(47) Desired survivor size 2621440 bytes, new threshold 15 (max threshold 15)
[2021-04-21T09:39:02.141+0000][7][gc,age       ] GC(47) Age table with threshold 15 (max threshold 15)
[2021-04-21T09:39:02.143+0000][7][gc,age       ] GC(47) - age   1:    1511272 bytes,    1511272 total
[2021-04-21T09:39:02.146+0000][7][gc,age       ] GC(47) - age   2:      72416 bytes,    1583688 total
[2021-04-21T09:39:02.147+0000][7][gc,age       ] GC(47) - age   3:      84528 bytes,    1668216 total
[2021-04-21T09:39:02.147+0000][7][gc,age       ] GC(47) - age   4:      61408 bytes,    1729624 total
[2021-04-21T09:39:02.148+0000][7][gc,age       ] GC(47) - age   5:      51152 bytes,    1780776 total
[2021-04-21T09:39:02.148+0000][7][gc,age       ] GC(47) - age   6:     247736 bytes,    2028512 total
[2021-04-21T09:39:02.148+0000][7][gc,age       ] GC(47) - age   7:        720 bytes,    2029232 total
[2021-04-21T09:39:02.148+0000][7][gc,age       ] GC(47) - age   8:      67176 bytes,    2096408 total
[2021-04-21T09:39:02.148+0000][7][gc,age       ] GC(47) - age   9:      34472 bytes,    2130880 total
[2021-04-21T09:39:02.148+0000][7][gc,age       ] GC(47) - age  10:      69120 bytes,    2200000 total
[2021-04-21T09:39:02.148+0000][7][gc,age       ] GC(47) - age  11:      32816 bytes,    2232816 total
[2021-04-21T09:39:02.148+0000][7][gc,age       ] GC(47) - age  12:      33048 bytes,    2265864 total
[2021-04-21T09:39:02.152+0000][7][gc,phases    ] GC(47)   Pre Evacuate Collection Set: 0.2ms
[2021-04-21T09:39:02.153+0000][7][gc,phases    ] GC(47)   Merge Heap Roots: 1.4ms
[2021-04-21T09:39:02.153+0000][7][gc,phases    ] GC(47)   Evacuate Collection Set: 5.1ms
[2021-04-21T09:39:02.153+0000][7][gc,phases    ] GC(47)   Post Evacuate Collection Set: 5.2ms
[2021-04-21T09:39:02.153+0000][7][gc,phases    ] GC(47)   Other: 7.1ms
[2021-04-21T09:39:02.153+0000][7][gc,heap      ] GC(47) Eden regions: 31->0(37)
[2021-04-21T09:39:02.153+0000][7][gc,heap      ] GC(47) Survivor regions: 3->3(5)
[2021-04-21T09:39:02.153+0000][7][gc,heap      ] GC(47) Old regions: 16->16
[2021-04-21T09:39:02.153+0000][7][gc,heap      ] GC(47) Archive regions: 2->2
[2021-04-21T09:39:02.153+0000][7][gc,heap      ] GC(47) Humongous regions: 1->1
[2021-04-21T09:39:02.153+0000][7][gc,metaspace ] GC(47) Metaspace: 21355K(23036K)->21355K(23036K) NonClass: 18710K(19888K)->18710K(19888K) Class: 2644K(3148K)->2644K(3148K)
[2021-04-21T09:39:02.153+0000][7][gc           ] GC(47) Pause Young (Normal) (G1 Evacuation Pause) 50M->20M(84M) 19.994ms
[2021-04-21T09:39:02.153+0000][7][gc,cpu       ] GC(47) User=0.02s Sys=0.01s Real=0.02s
[2021-04-21T09:39:02.153+0000][7][safepoint    ] Safepoint "G1CollectForAllocation", Time since last: 132038233 ns, Reaching safepoint: 49412 ns, At safepoint: 20075695 ns, Total: 20125107 ns
[2021-04-21T09:39:02.250+0000][7][gc,start     ] GC(48) Pause Young (Normal) (G1 Evacuation Pause)
[2021-04-21T09:39:02.250+0000][7][gc,task      ] GC(48) Using 2 workers of 4 for evacuation
[2021-04-21T09:39:02.250+0000][7][gc,age       ] GC(48) Desired survivor size 2621440 bytes, new threshold 15 (max threshold 15)
[2021-04-21T09:39:02.254+0000][7][gc,age       ] GC(48) Age table with threshold 15 (max threshold 15)
[2021-04-21T09:39:02.254+0000][7][gc,age       ] GC(48) - age   1:    1474840 bytes,    1474840 total
[2021-04-21T09:39:02.254+0000][7][gc,age       ] GC(48) - age   2:      31352 bytes,    1506192 total
[2021-04-21T09:39:02.254+0000][7][gc,age       ] GC(48) - age   3:      72416 bytes,    1578608 total
[2021-04-21T09:39:02.254+0000][7][gc,age       ] GC(48) - age   4:      84528 bytes,    1663136 total
[2021-04-21T09:39:02.254+0000][7][gc,age       ] GC(48) - age   5:      61272 bytes,    1724408 total
[2021-04-21T09:39:02.254+0000][7][gc,age       ] GC(48) - age   6:      51152 bytes,    1775560 total
[2021-04-21T09:39:02.254+0000][7][gc,age       ] GC(48) - age   7:     247736 bytes,    2023296 total
[2021-04-21T09:39:02.254+0000][7][gc,age       ] GC(48) - age   8:        720 bytes,    2024016 total
[2021-04-21T09:39:02.254+0000][7][gc,age       ] GC(48) - age   9:      67176 bytes,    2091192 total
[2021-04-21T09:39:02.254+0000][7][gc,age       ] GC(48) - age  10:      34472 bytes,    2125664 total
[2021-04-21T09:39:02.254+0000][7][gc,age       ] GC(48) - age  11:      69120 bytes,    2194784 total
[2021-04-21T09:39:02.254+0000][7][gc,age       ] GC(48) - age  12:      32816 bytes,    2227600 total
[2021-04-21T09:39:02.254+0000][7][gc,age       ] GC(48) - age  13:      33048 bytes,    2260648 total
[2021-04-21T09:39:02.254+0000][7][gc,phases    ] GC(48)   Pre Evacuate Collection Set: 0.0ms
[2021-04-21T09:39:02.254+0000][7][gc,phases    ] GC(48)   Merge Heap Roots: 0.0ms
[2021-04-21T09:39:02.254+0000][7][gc,phases    ] GC(48)   Evacuate Collection Set: 3.1ms
[2021-04-21T09:39:02.254+0000][7][gc,phases    ] GC(48)   Post Evacuate Collection Set: 0.6ms
[2021-04-21T09:39:02.254+0000][7][gc,phases    ] GC(48)   Other: 0.3ms
[2021-04-21T09:39:02.254+0000][7][gc,heap      ] GC(48) Eden regions: 37->0(37)
[2021-04-21T09:39:02.254+0000][7][gc,heap      ] GC(48) Survivor regions: 3->3(5)
[2021-04-21T09:39:02.254+0000][7][gc,heap      ] GC(48) Old regions: 16->16
[2021-04-21T09:39:02.254+0000][7][gc,heap      ] GC(48) Archive regions: 2->2
[2021-04-21T09:39:02.254+0000][7][gc,heap      ] GC(48) Humongous regions: 1->1
[2021-04-21T09:39:02.254+0000][7][gc,metaspace ] GC(48) Metaspace: 21383K(23036K)->21383K(23036K) NonClass: 18733K(19888K)->18733K(19888K) Class: 2650K(3148K)->2650K(3148K)
[2021-04-21T09:39:02.254+0000][7][gc           ] GC(48) Pause Young (Normal) (G1 Evacuation Pause) 57M->20M(84M) 4.131ms
[2021-04-21T09:39:02.254+0000][7][gc,cpu       ] GC(48) User=0.00s Sys=0.00s Real=0.00s
[2021-04-21T09:39:02.254+0000][7][safepoint    ] Safepoint "G1CollectForAllocation", Time since last: 97100009 ns, Reaching safepoint: 48094 ns, At safepoint: 4195499 ns, Total: 4243593 ns
[2021-04-21T09:39:02.868+0000][7][gc,start     ] GC(49) Pause Young (Normal) (G1 Evacuation Pause)
[2021-04-21T09:39:02.868+0000][7][gc,task      ] GC(49) Using 2 workers of 4 for evacuation
[2021-04-21T09:39:02.868+0000][7][gc,age       ] GC(49) Desired survivor size 2621440 bytes, new threshold 15 (max threshold 15)
[2021-04-21T09:39:02.890+0000][7][gc,age       ] GC(49) Age table with threshold 15 (max threshold 15)
[2021-04-21T09:39:02.890+0000][7][gc,age       ] GC(49) - age   1:    1528984 bytes,    1528984 total
[2021-04-21T09:39:02.890+0000][7][gc,age       ] GC(49) - age   2:      44784 bytes,    1573768 total
[2021-04-21T09:39:02.890+0000][7][gc,age       ] GC(49) - age   3:      31352 bytes,    1605120 total
[2021-04-21T09:39:02.890+0000][7][gc,age       ] GC(49) - age   4:      72416 bytes,    1677536 total
[2021-04-21T09:39:02.890+0000][7][gc,age       ] GC(49) - age   5:      84528 bytes,    1762064 total
[2021-04-21T09:39:02.890+0000][7][gc,age       ] GC(49) - age   6:      61208 bytes,    1823272 total
[2021-04-21T09:39:02.890+0000][7][gc,age       ] GC(49) - age   7:      51088 bytes,    1874360 total
[2021-04-21T09:39:02.890+0000][7][gc,age       ] GC(49) - age   8:     247552 bytes,    2121912 total
[2021-04-21T09:39:02.890+0000][7][gc,age       ] GC(49) - age   9:        720 bytes,    2122632 total
[2021-04-21T09:39:02.890+0000][7][gc,age       ] GC(49) - age  10:      67144 bytes,    2189776 total
[2021-04-21T09:39:02.890+0000][7][gc,age       ] GC(49) - age  11:      34472 bytes,    2224248 total
[2021-04-21T09:39:02.890+0000][7][gc,age       ] GC(49) - age  12:      69120 bytes,    2293368 total
[2021-04-21T09:39:02.890+0000][7][gc,age       ] GC(49) - age  13:      32816 bytes,    2326184 total
[2021-04-21T09:39:02.890+0000][7][gc,age       ] GC(49) - age  14:      33048 bytes,    2359232 total
[2021-04-21T09:39:02.890+0000][7][gc,phases    ] GC(49)   Pre Evacuate Collection Set: 6.6ms
[2021-04-21T09:39:02.890+0000][7][gc,phases    ] GC(49)   Merge Heap Roots: 4.2ms
[2021-04-21T09:39:02.890+0000][7][gc,phases    ] GC(49)   Evacuate Collection Set: 9.4ms
[2021-04-21T09:39:02.890+0000][7][gc,phases    ] GC(49)   Post Evacuate Collection Set: 1.2ms
[2021-04-21T09:39:02.890+0000][7][gc,phases    ] GC(49)   Other: 0.4ms
[2021-04-21T09:39:02.890+0000][7][gc,heap      ] GC(49) Eden regions: 37->0(36)
[2021-04-21T09:39:02.890+0000][7][gc,heap      ] GC(49) Survivor regions: 3->3(5)
[2021-04-21T09:39:02.890+0000][7][gc,heap      ] GC(49) Old regions: 16->16
[2021-04-21T09:39:02.890+0000][7][gc,heap      ] GC(49) Archive regions: 2->2
[2021-04-21T09:39:02.890+0000][7][gc,heap      ] GC(49) Humongous regions: 1->1
[2021-04-21T09:39:02.890+0000][7][gc,metaspace ] GC(49) Metaspace: 25345K(27644K)->25345K(27644K) NonClass: 22163K(23728K)->22163K(23728K) Class: 3181K(3916K)->3181K(3916K)
[2021-04-21T09:39:02.890+0000][7][gc           ] GC(49) Pause Young (Normal) (G1 Evacuation Pause) 57M->20M(84M) 21.911ms
[2021-04-21T09:39:02.890+0000][7][gc,cpu       ] GC(49) User=0.03s Sys=0.00s Real=0.02s
[2021-04-21T09:39:02.890+0000][7][safepoint    ] Safepoint "G1CollectForAllocation", Time since last: 614006338 ns, Reaching safepoint: 264820 ns, At safepoint: 22042492 ns, Total: 22307312 ns
[2021-04-21T09:39:04.035+0000][7][safepoint    ] Safepoint "Cleanup", Time since last: 1140094324 ns, Reaching safepoint: 4621156 ns, At safepoint: 9526 ns, Total: 4630682 ns
[2021-04-21T09:39:04.228+0000][7][gc,start     ] GC(50) Pause Young (Normal) (G1 Evacuation Pause)
[2021-04-21T09:39:04.228+0000][7][gc,task      ] GC(50) Using 2 workers of 4 for evacuation
[2021-04-21T09:39:04.228+0000][7][gc,age       ] GC(50) Desired survivor size 2621440 bytes, new threshold 15 (max threshold 15)
[2021-04-21T09:39:04.249+0000][7][gc,age       ] GC(50) Age table with threshold 15 (max threshold 15)
[2021-04-21T09:39:04.249+0000][7][gc,age       ] GC(50) - age   1:    3363936 bytes,    3363936 total
[2021-04-21T09:39:04.249+0000][7][gc,age       ] GC(50) - age   2:    1052592 bytes,    4416528 total
[2021-04-21T09:39:04.249+0000][7][gc,age       ] GC(50) - age   3:      41760 bytes,    4458288 total
[2021-04-21T09:39:04.249+0000][7][gc,age       ] GC(50) - age   4:      30208 bytes,    4488496 total
[2021-04-21T09:39:04.249+0000][7][gc,age       ] GC(50) - age   5:      71488 bytes,    4559984 total
[2021-04-21T09:39:04.249+0000][7][gc,age       ] GC(50) - age   6:      83240 bytes,    4643224 total
[2021-04-21T09:39:04.249+0000][7][gc,age       ] GC(50) - age   7:      57104 bytes,    4700328 total
[2021-04-21T09:39:04.249+0000][7][gc,age       ] GC(50) - age   8:      46432 bytes,    4746760 total
[2021-04-21T09:39:04.249+0000][7][gc,age       ] GC(50) - age   9:     236472 bytes,    4983232 total
[2021-04-21T09:39:04.249+0000][7][gc,age       ] GC(50) - age  11:      61384 bytes,    5044616 total
[2021-04-21T09:39:04.249+0000][7][gc,age       ] GC(50) - age  12:      32912 bytes,    5077528 total
[2021-04-21T09:39:04.249+0000][7][gc,age       ] GC(50) - age  13:      67240 bytes,    5144768 total
[2021-04-21T09:39:04.249+0000][7][gc,age       ] GC(50) - age  14:      31624 bytes,    5176392 total
[2021-04-21T09:39:04.249+0000][7][gc,age       ] GC(50) - age  15:      31856 bytes,    5208248 total
[2021-04-21T09:39:04.250+0000][7][gc,phases    ] GC(50)   Pre Evacuate Collection Set: 0.0ms
[2021-04-21T09:39:04.250+0000][7][gc,phases    ] GC(50)   Merge Heap Roots: 0.1ms
[2021-04-21T09:39:04.250+0000][7][gc,phases    ] GC(50)   Evacuate Collection Set: 20.5ms
[2021-04-21T09:39:04.250+0000][7][gc,phases    ] GC(50)   Post Evacuate Collection Set: 0.7ms
[2021-04-21T09:39:04.250+0000][7][gc,phases    ] GC(50)   Other: 0.3ms
[2021-04-21T09:39:04.250+0000][7][gc,heap      ] GC(50) Eden regions: 36->0(27)
[2021-04-21T09:39:04.250+0000][7][gc,heap      ] GC(50) Survivor regions: 3->5(5)
[2021-04-21T09:39:04.250+0000][7][gc,heap      ] GC(50) Old regions: 16->20
[2021-04-21T09:39:04.250+0000][7][gc,heap      ] GC(50) Archive regions: 2->2
[2021-04-21T09:39:04.250+0000][7][gc,heap      ] GC(50) Humongous regions: 1->1
[2021-04-21T09:39:04.250+0000][7][gc,metaspace ] GC(50) Metaspace: 28457K(30716K)->28457K(30716K) NonClass: 24838K(26288K)->24838K(26288K) Class: 3618K(4428K)->3618K(4428K)
[2021-04-21T09:39:04.250+0000][7][gc           ] GC(50) Pause Young (Normal) (G1 Evacuation Pause) 56M->25M(84M) 21.736ms
[2021-04-21T09:39:04.250+0000][7][gc,cpu       ] GC(50) User=0.06s Sys=0.00s Real=0.02s
[2021-04-21T09:39:04.250+0000][7][safepoint    ] Safepoint "G1CollectForAllocation", Time since last: 192644961 ns, Reaching safepoint: 118660 ns, At safepoint: 21801148 ns, Total: 21919808 ns
[2021-04-21T09:39:04.618+0000][7][gc,start     ] GC(51) Pause Young (Normal) (G1 Evacuation Pause)
[2021-04-21T09:39:04.619+0000][7][gc,task      ] GC(51) Using 2 workers of 4 for evacuation
[2021-04-21T09:39:04.620+0000][7][gc,age       ] GC(51) Desired survivor size 2097152 bytes, new threshold 1 (max threshold 15)
[2021-04-21T09:39:04.642+0000][7][gc,age       ] GC(51) Age table with threshold 1 (max threshold 15)
[2021-04-21T09:39:04.642+0000][7][gc,age       ] GC(51) - age   1:    4024456 bytes,    4024456 total
[2021-04-21T09:39:04.642+0000][7][gc,phases    ] GC(51)   Pre Evacuate Collection Set: 0.0ms
[2021-04-21T09:39:04.642+0000][7][gc,phases    ] GC(51)   Merge Heap Roots: 0.1ms
[2021-04-21T09:39:04.642+0000][7][gc,phases    ] GC(51)   Evacuate Collection Set: 20.8ms
[2021-04-21T09:39:04.642+0000][7][gc,phases    ] GC(51)   Post Evacuate Collection Set: 0.7ms
[2021-04-21T09:39:04.642+0000][7][gc,phases    ] GC(51)   Other: 1.9ms
[2021-04-21T09:39:04.642+0000][7][gc,heap      ] GC(51) Eden regions: 27->0(22)
[2021-04-21T09:39:04.642+0000][7][gc,heap      ] GC(51) Survivor regions: 5->4(4)
[2021-04-21T09:39:04.642+0000][7][gc,heap      ] GC(51) Old regions: 20->25
[2021-04-21T09:39:04.642+0000][7][gc,heap      ] GC(51) Archive regions: 2->2
[2021-04-21T09:39:04.642+0000][7][gc,heap      ] GC(51) Humongous regions: 1->1
[2021-04-21T09:39:04.642+0000][7][gc,metaspace ] GC(51) Metaspace: 28468K(30716K)->28468K(30716K) NonClass: 24849K(26288K)->24849K(26288K) Class: 3619K(4428K)->3619K(4428K)
[2021-04-21T09:39:04.642+0000][7][gc           ] GC(51) Pause Young (Normal) (G1 Evacuation Pause) 52M->30M(84M) 23.829ms
[2021-04-21T09:39:04.642+0000][7][gc,cpu       ] GC(51) User=0.06s Sys=0.00s Real=0.02s
[2021-04-21T09:39:04.642+0000][7][safepoint    ] Safepoint "G1CollectForAllocation", Time since last: 368476716 ns, Reaching safepoint: 224287 ns, At safepoint: 23909231 ns, Total: 24133518 ns
[2021-04-21T09:39:05.162+0000][7][gc,start     ] GC(52) Pause Young (Concurrent Start) (G1 Evacuation Pause)
[2021-04-21T09:39:05.163+0000][7][gc,task      ] GC(52) Using 2 workers of 4 for evacuation
[2021-04-21T09:39:05.163+0000][7][gc,age       ] GC(52) Desired survivor size 2097152 bytes, new threshold 1 (max threshold 15)
[2021-04-21T09:39:05.181+0000][7][gc,age       ] GC(52) Age table with threshold 1 (max threshold 15)
[2021-04-21T09:39:05.181+0000][7][gc,age       ] GC(52) - age   1:    2846528 bytes,    2846528 total
[2021-04-21T09:39:05.181+0000][7][gc,phases    ] GC(52)   Pre Evacuate Collection Set: 0.1ms
[2021-04-21T09:39:05.181+0000][7][gc,phases    ] GC(52)   Merge Heap Roots: 0.0ms
[2021-04-21T09:39:05.181+0000][7][gc,phases    ] GC(52)   Evacuate Collection Set: 16.5ms
[2021-04-21T09:39:05.181+0000][7][gc,phases    ] GC(52)   Post Evacuate Collection Set: 0.3ms
[2021-04-21T09:39:05.181+0000][7][gc,phases    ] GC(52)   Other: 2.3ms
[2021-04-21T09:39:05.181+0000][7][gc,heap      ] GC(52) Eden regions: 22->0(20)
[2021-04-21T09:39:05.181+0000][7][gc,heap      ] GC(52) Survivor regions: 4->3(4)
[2021-04-21T09:39:05.181+0000][7][gc,heap      ] GC(52) Old regions: 25->29
[2021-04-21T09:39:05.181+0000][7][gc,heap      ] GC(52) Archive regions: 2->2
[2021-04-21T09:39:05.181+0000][7][gc,heap      ] GC(52) Humongous regions: 1->1
[2021-04-21T09:39:05.181+0000][7][gc,metaspace ] GC(52) Metaspace: 28470K(30716K)->28470K(30716K) NonClass: 24850K(26288K)->24850K(26288K) Class: 3619K(4428K)->3619K(4428K)
[2021-04-21T09:39:05.181+0000][7][gc           ] GC(52) Pause Young (Concurrent Start) (G1 Evacuation Pause) 52M->33M(84M) 19.385ms
[2021-04-21T09:39:05.181+0000][7][gc,cpu       ] GC(52) User=0.03s Sys=0.01s Real=0.02s
[2021-04-21T09:39:05.181+0000][7][safepoint    ] Safepoint "G1CollectForAllocation", Time since last: 519391766 ns, Reaching safepoint: 136519 ns, At safepoint: 19483462 ns, Total: 19619981 ns
[2021-04-21T09:39:05.181+0000][7][gc           ] GC(53) Concurrent Cycle
[2021-04-21T09:39:05.181+0000][7][gc,marking   ] GC(53) Concurrent Clear Claimed Marks
[2021-04-21T09:39:05.181+0000][7][gc,marking   ] GC(53) Concurrent Clear Claimed Marks 0.119ms
[2021-04-21T09:39:05.182+0000][7][gc,marking   ] GC(53) Concurrent Scan Root Regions
[2021-04-21T09:39:05.194+0000][7][gc,marking   ] GC(53) Concurrent Scan Root Regions 12.882ms
[2021-04-21T09:39:05.194+0000][7][gc,marking   ] GC(53) Concurrent Mark (11.722s)
[2021-04-21T09:39:05.194+0000][7][gc,marking   ] GC(53) Concurrent Mark From Roots
[2021-04-21T09:39:05.194+0000][7][gc,task      ] GC(53) Using 1 workers of 1 for marking
[2021-04-21T09:39:05.250+0000][7][gc,marking   ] GC(53) Concurrent Mark From Roots 55.211ms
[2021-04-21T09:39:05.250+0000][7][gc,marking   ] GC(53) Concurrent Preclean
[2021-04-21T09:39:05.250+0000][7][gc,marking   ] GC(53) Concurrent Preclean 0.262ms
[2021-04-21T09:39:05.250+0000][7][gc,marking   ] GC(53) Concurrent Mark (11.722s, 11.777s) 55.551ms
[2021-04-21T09:39:05.255+0000][7][gc,start     ] GC(53) Pause Remark
[2021-04-21T09:39:05.261+0000][7][gc           ] GC(53) Pause Remark 38M->38M(84M) 5.717ms
[2021-04-21T09:39:05.261+0000][7][gc,cpu       ] GC(53) User=0.00s Sys=0.00s Real=0.01s
[2021-04-21T09:39:05.261+0000][7][safepoint    ] Safepoint "G1Concurrent", Time since last: 68688407 ns, Reaching safepoint: 5369437 ns, At safepoint: 5795897 ns, Total: 11165334 ns
[2021-04-21T09:39:05.261+0000][7][gc,marking   ] GC(53) Concurrent Rebuild Remembered Sets
[2021-04-21T09:39:05.356+0000][7][gc,marking   ] GC(53) Concurrent Rebuild Remembered Sets 94.513ms
[2021-04-21T09:39:05.356+0000][7][gc,start     ] GC(53) Pause Cleanup
[2021-04-21T09:39:05.356+0000][7][gc           ] GC(53) Pause Cleanup 43M->43M(84M) 0.106ms
[2021-04-21T09:39:05.356+0000][7][gc,cpu       ] GC(53) User=0.00s Sys=0.00s Real=0.00s
[2021-04-21T09:39:05.356+0000][7][safepoint    ] Safepoint "G1Concurrent", Time since last: 94619036 ns, Reaching safepoint: 508849 ns, At safepoint: 150792 ns, Total: 659641 ns
[2021-04-21T09:39:05.357+0000][7][gc,marking   ] GC(53) Concurrent Cleanup for Next Mark
[2021-04-21T09:39:05.360+0000][7][gc,marking   ] GC(53) Concurrent Cleanup for Next Mark 3.769ms
[2021-04-21T09:39:05.360+0000][7][gc           ] GC(53) Concurrent Cycle 179.010ms
[2021-04-21T09:39:05.451+0000][7][gc,start     ] GC(54) Pause Young (Normal) (G1 Evacuation Pause)
[2021-04-21T09:39:05.452+0000][7][gc,task      ] GC(54) Using 2 workers of 4 for evacuation
[2021-04-21T09:39:05.453+0000][7][gc,age       ] GC(54) Desired survivor size 1572864 bytes, new threshold 1 (max threshold 15)
[2021-04-21T09:39:05.465+0000][7][gc,age       ] GC(54) Age table with threshold 1 (max threshold 15)
[2021-04-21T09:39:05.466+0000][7][gc,age       ] GC(54) - age   1:    2937624 bytes,    2937624 total
[2021-04-21T09:39:05.466+0000][7][gc,phases    ] GC(54)   Pre Evacuate Collection Set: 0.1ms
[2021-04-21T09:39:05.467+0000][7][gc,phases    ] GC(54)   Merge Heap Roots: 0.1ms
[2021-04-21T09:39:05.467+0000][7][gc,phases    ] GC(54)   Evacuate Collection Set: 11.2ms
[2021-04-21T09:39:05.467+0000][7][gc,phases    ] GC(54)   Post Evacuate Collection Set: 0.3ms
[2021-04-21T09:39:05.467+0000][7][gc,phases    ] GC(54)   Other: 3.5ms
[2021-04-21T09:39:05.467+0000][7][gc,heap      ] GC(54) Eden regions: 20->0(17)
[2021-04-21T09:39:05.467+0000][7][gc,heap      ] GC(54) Survivor regions: 3->3(3)
[2021-04-21T09:39:05.467+0000][7][gc,heap      ] GC(54) Old regions: 29->31
[2021-04-21T09:39:05.468+0000][7][gc,heap      ] GC(54) Archive regions: 2->2
[2021-04-21T09:39:05.468+0000][7][gc,heap      ] GC(54) Humongous regions: 1->1
[2021-04-21T09:39:05.468+0000][7][gc,metaspace ] GC(54) Metaspace: 28484K(30716K)->28484K(30716K) NonClass: 24865K(26288K)->24865K(26288K) Class: 3619K(4428K)->3619K(4428K)
[2021-04-21T09:39:05.468+0000][7][gc           ] GC(54) Pause Young (Normal) (G1 Evacuation Pause) 53M->35M(84M) 16.310ms
[2021-04-21T09:39:05.468+0000][7][gc,cpu       ] GC(54) User=0.02s Sys=0.00s Real=0.02s
[2021-04-21T09:39:05.468+0000][7][safepoint    ] Safepoint "G1CollectForAllocation", Time since last: 94658225 ns, Reaching safepoint: 122594 ns, At safepoint: 16399865 ns, Total: 16522459 ns
[2021-04-21T09:39:05.671+0000][7][gc,start     ] GC(55) Pause Young (Concurrent Start) (G1 Evacuation Pause)
[2021-04-21T09:39:05.671+0000][7][gc,task      ] GC(55) Using 2 workers of 4 for evacuation
[2021-04-21T09:39:05.672+0000][7][gc,age       ] GC(55) Desired survivor size 1572864 bytes, new threshold 1 (max threshold 15)
[2021-04-21T09:39:05.680+0000][7][gc,age       ] GC(55) Age table with threshold 1 (max threshold 15)
[2021-04-21T09:39:05.681+0000][7][gc,age       ] GC(55) - age   1:    2660232 bytes,    2660232 total
[2021-04-21T09:39:05.682+0000][7][gc,phases    ] GC(55)   Pre Evacuate Collection Set: 0.1ms
[2021-04-21T09:39:05.682+0000][7][gc,phases    ] GC(55)   Merge Heap Roots: 0.0ms
[2021-04-21T09:39:05.683+0000][7][gc,phases    ] GC(55)   Evacuate Collection Set: 7.2ms
[2021-04-21T09:39:05.683+0000][7][gc,phases    ] GC(55)   Post Evacuate Collection Set: 0.2ms
[2021-04-21T09:39:05.683+0000][7][gc,phases    ] GC(55)   Other: 3.6ms
[2021-04-21T09:39:05.683+0000][7][gc,heap      ] GC(55) Eden regions: 17->0(15)
[2021-04-21T09:39:05.683+0000][7][gc,heap      ] GC(55) Survivor regions: 3->3(3)
[2021-04-21T09:39:05.683+0000][7][gc,heap      ] GC(55) Old regions: 31->34
[2021-04-21T09:39:05.683+0000][7][gc,heap      ] GC(55) Archive regions: 2->2
[2021-04-21T09:39:05.683+0000][7][gc,heap      ] GC(55) Humongous regions: 1->1
[2021-04-21T09:39:05.683+0000][7][gc,metaspace ] GC(55) Metaspace: 28486K(30716K)->28486K(30716K) NonClass: 24866K(26288K)->24866K(26288K) Class: 3619K(4428K)->3619K(4428K)
[2021-04-21T09:39:05.683+0000][7][gc           ] GC(55) Pause Young (Concurrent Start) (G1 Evacuation Pause) 52M->38M(84M) 12.961ms
[2021-04-21T09:39:05.683+0000][7][gc,cpu       ] GC(55) User=0.03s Sys=0.00s Real=0.01s
[2021-04-21T09:39:05.684+0000][7][gc           ] GC(56) Concurrent Cycle
[2021-04-21T09:39:05.684+0000][7][gc,marking   ] GC(56) Concurrent Clear Claimed Marks
[2021-04-21T09:39:05.684+0000][7][gc,marking   ] GC(56) Concurrent Clear Claimed Marks 0.117ms
[2021-04-21T09:39:05.684+0000][7][gc,marking   ] GC(56) Concurrent Scan Root Regions
[2021-04-21T09:39:05.684+0000][7][safepoint    ] Safepoint "G1CollectForAllocation", Time since last: 202714189 ns, Reaching safepoint: 122941 ns, At safepoint: 13044980 ns, Total: 13167921 ns
[2021-04-21T09:39:05.688+0000][7][gc,marking   ] GC(56) Concurrent Scan Root Regions 4.234ms
[2021-04-21T09:39:05.688+0000][7][gc,marking   ] GC(56) Concurrent Mark (12.215s)
[2021-04-21T09:39:05.688+0000][7][gc,marking   ] GC(56) Concurrent Mark From Roots
[2021-04-21T09:39:05.688+0000][7][gc,task      ] GC(56) Using 1 workers of 1 for marking
[2021-04-21T09:39:05.826+0000][7][gc,start     ] GC(57) Pause Young (Normal) (G1 Evacuation Pause)
[2021-04-21T09:39:05.827+0000][7][gc,task      ] GC(57) Using 2 workers of 4 for evacuation
[2021-04-21T09:39:05.828+0000][7][gc,age       ] GC(57) Desired survivor size 1572864 bytes, new threshold 1 (max threshold 15)
[2021-04-21T09:39:05.834+0000][7][gc,age       ] GC(57) Age table with threshold 1 (max threshold 15)
[2021-04-21T09:39:05.836+0000][7][gc,age       ] GC(57) - age   1:    2362192 bytes,    2362192 total
[2021-04-21T09:39:05.837+0000][7][gc,phases    ] GC(57)   Pre Evacuate Collection Set: 0.0ms
[2021-04-21T09:39:05.838+0000][7][gc,phases    ] GC(57)   Merge Heap Roots: 0.0ms
[2021-04-21T09:39:05.839+0000][7][gc,phases    ] GC(57)   Evacuate Collection Set: 5.1ms
[2021-04-21T09:39:05.840+0000][7][gc,phases    ] GC(57)   Post Evacuate Collection Set: 0.3ms
[2021-04-21T09:39:05.841+0000][7][gc,phases    ] GC(57)   Other: 4.7ms
[2021-04-21T09:39:05.841+0000][7][gc,heap      ] GC(57) Eden regions: 15->0(14)
[2021-04-21T09:39:05.841+0000][7][gc,heap      ] GC(57) Survivor regions: 3->3(3)
[2021-04-21T09:39:05.841+0000][7][gc,heap      ] GC(57) Old regions: 34->36
[2021-04-21T09:39:05.841+0000][7][gc,heap      ] GC(57) Archive regions: 2->2
[2021-04-21T09:39:05.841+0000][7][gc,heap      ] GC(57) Humongous regions: 1->1
[2021-04-21T09:39:05.841+0000][7][gc,metaspace ] GC(57) Metaspace: 28486K(30716K)->28486K(30716K) NonClass: 24866K(26288K)->24866K(26288K) Class: 3619K(4428K)->3619K(4428K)
[2021-04-21T09:39:05.841+0000][7][gc           ] GC(57) Pause Young (Normal) (G1 Evacuation Pause) 53M->40M(84M) 14.726ms
[2021-04-21T09:39:05.841+0000][7][gc,cpu       ] GC(57) User=0.03s Sys=0.00s Real=0.01s
[2021-04-21T09:39:05.841+0000][7][safepoint    ] Safepoint "G1CollectForAllocation", Time since last: 135586349 ns, Reaching safepoint: 7313969 ns, At safepoint: 14815305 ns, Total: 22129274 ns
[2021-04-21T09:39:05.846+0000][7][gc,marking   ] GC(56) Concurrent Mark From Roots 157.415ms
[2021-04-21T09:39:05.847+0000][7][gc,marking   ] GC(56) Concurrent Preclean
[2021-04-21T09:39:05.848+0000][7][gc,marking   ] GC(56) Concurrent Preclean 0.998ms
[2021-04-21T09:39:05.849+0000][7][gc,marking   ] GC(56) Concurrent Mark (12.215s, 12.376s) 160.778ms
[2021-04-21T09:39:05.850+0000][7][gc,start     ] GC(56) Pause Remark
[2021-04-21T09:39:05.854+0000][7][gc           ] GC(56) Pause Remark 41M->41M(84M) 4.375ms
[2021-04-21T09:39:05.855+0000][7][gc,cpu       ] GC(56) User=0.01s Sys=0.00s Real=0.00s
[2021-04-21T09:39:05.856+0000][7][safepoint    ] Safepoint "G1Concurrent", Time since last: 8316143 ns, Reaching safepoint: 115673 ns, At safepoint: 6135587 ns, Total: 6251260 ns
[2021-04-21T09:39:05.857+0000][7][gc,marking   ] GC(56) Concurrent Rebuild Remembered Sets
[2021-04-21T09:39:05.948+0000][7][gc,marking   ] GC(56) Concurrent Rebuild Remembered Sets 91.297ms
[2021-04-21T09:39:05.949+0000][7][gc,start     ] GC(56) Pause Cleanup
[2021-04-21T09:39:05.950+0000][7][gc           ] GC(56) Pause Cleanup 46M->46M(84M) 0.700ms
[2021-04-21T09:39:05.950+0000][7][gc,cpu       ] GC(56) User=0.00s Sys=0.00s Real=0.00s
[2021-04-21T09:39:05.951+0000][7][safepoint    ] Safepoint "G1Concurrent", Time since last: 92928344 ns, Reaching safepoint: 114825 ns, At safepoint: 2126199 ns, Total: 2241024 ns
[2021-04-21T09:39:05.952+0000][7][gc,marking   ] GC(56) Concurrent Cleanup for Next Mark
[2021-04-21T09:39:05.952+0000][7][gc,marking   ] GC(56) Concurrent Cleanup for Next Mark 0.739ms
[2021-04-21T09:39:05.953+0000][7][gc           ] GC(56) Concurrent Cycle 269.603ms
[2021-04-21T09:39:06.017+0000][7][gc,start     ] GC(58) Pause Young (Normal) (G1 Evacuation Pause)
[2021-04-21T09:39:06.018+0000][7][gc,task      ] GC(58) Using 2 workers of 4 for evacuation
[2021-04-21T09:39:06.018+0000][7][gc,age       ] GC(58) Desired survivor size 1572864 bytes, new threshold 1 (max threshold 15)
[2021-04-21T09:39:06.024+0000][7][gc,age       ] GC(58) Age table with threshold 1 (max threshold 15)
[2021-04-21T09:39:06.024+0000][7][gc,age       ] GC(58) - age   1:    2498560 bytes,    2498560 total
[2021-04-21T09:39:06.024+0000][7][gc,phases    ] GC(58)   Pre Evacuate Collection Set: 0.0ms
[2021-04-21T09:39:06.024+0000][7][gc,phases    ] GC(58)   Merge Heap Roots: 0.0ms
[2021-04-21T09:39:06.024+0000][7][gc,phases    ] GC(58)   Evacuate Collection Set: 4.5ms
[2021-04-21T09:39:06.024+0000][7][gc,phases    ] GC(58)   Post Evacuate Collection Set: 0.3ms
[2021-04-21T09:39:06.024+0000][7][gc,phases    ] GC(58)   Other: 2.3ms
[2021-04-21T09:39:06.024+0000][7][gc,heap      ] GC(58) Eden regions: 14->0(12)
[2021-04-21T09:39:06.024+0000][7][gc,heap      ] GC(58) Survivor regions: 3->3(3)
[2021-04-21T09:39:06.024+0000][7][gc,heap      ] GC(58) Old regions: 36->38
[2021-04-21T09:39:06.024+0000][7][gc,heap      ] GC(58) Archive regions: 2->2
[2021-04-21T09:39:06.024+0000][7][gc,heap      ] GC(58) Humongous regions: 1->1
[2021-04-21T09:39:06.024+0000][7][gc,metaspace ] GC(58) Metaspace: 28486K(30716K)->28486K(30716K) NonClass: 24866K(26288K)->24866K(26288K) Class: 3619K(4428K)->3619K(4428K)
[2021-04-21T09:39:06.024+0000][7][gc           ] GC(58) Pause Young (Normal) (G1 Evacuation Pause) 54M->42M(84M) 7.292ms
[2021-04-21T09:39:06.024+0000][7][gc,cpu       ] GC(58) User=0.01s Sys=0.00s Real=0.01s
[2021-04-21T09:39:06.024+0000][7][safepoint    ] Safepoint "G1CollectForAllocation", Time since last: 65684174 ns, Reaching safepoint: 112568 ns, At safepoint: 7462229 ns, Total: 7574797 ns
[2021-04-21T09:39:06.226+0000][7][gc,start     ] GC(59) Pause Young (Concurrent Start) (G1 Evacuation Pause)
[2021-04-21T09:39:06.227+0000][7][gc,task      ] GC(59) Using 2 workers of 4 for evacuation
[2021-04-21T09:39:06.227+0000][7][gc,age       ] GC(59) Desired survivor size 1048576 bytes, new threshold 1 (max threshold 15)
[2021-04-21T09:39:06.235+0000][7][gc,age       ] GC(59) Age table with threshold 1 (max threshold 15)
[2021-04-21T09:39:06.235+0000][7][gc,age       ] GC(59) - age   1:    1900248 bytes,    1900248 total
[2021-04-21T09:39:06.235+0000][7][gc,phases    ] GC(59)   Pre Evacuate Collection Set: 0.1ms
[2021-04-21T09:39:06.235+0000][7][gc,phases    ] GC(59)   Merge Heap Roots: 0.0ms
[2021-04-21T09:39:06.235+0000][7][gc,phases    ] GC(59)   Evacuate Collection Set: 6.4ms
[2021-04-21T09:39:06.235+0000][7][gc,phases    ] GC(59)   Post Evacuate Collection Set: 0.4ms
[2021-04-21T09:39:06.235+0000][7][gc,phases    ] GC(59)   Other: 2.1ms
[2021-04-21T09:39:06.235+0000][7][gc,heap      ] GC(59) Eden regions: 12->0(10)
[2021-04-21T09:39:06.235+0000][7][gc,heap      ] GC(59) Survivor regions: 3->2(2)
[2021-04-21T09:39:06.235+0000][7][gc,heap      ] GC(59) Old regions: 38->41
[2021-04-21T09:39:06.235+0000][7][gc,heap      ] GC(59) Archive regions: 2->2
[2021-04-21T09:39:06.235+0000][7][gc,heap      ] GC(59) Humongous regions: 1->1
[2021-04-21T09:39:06.235+0000][7][gc,metaspace ] GC(59) Metaspace: 28508K(30716K)->28508K(30716K) NonClass: 24885K(26288K)->24885K(26288K) Class: 3622K(4428K)->3622K(4428K)
[2021-04-21T09:39:06.235+0000][7][gc           ] GC(59) Pause Young (Concurrent Start) (G1 Evacuation Pause) 54M->44M(84M) 9.228ms
[2021-04-21T09:39:06.235+0000][7][gc,cpu       ] GC(59) User=0.02s Sys=0.00s Real=0.01s
[2021-04-21T09:39:06.235+0000][7][safepoint    ] Safepoint "G1CollectForAllocation", Time since last: 201440623 ns, Reaching safepoint: 45674 ns, At safepoint: 9307617 ns, Total: 9353291 ns
[2021-04-21T09:39:06.235+0000][7][gc           ] GC(60) Concurrent Cycle
[2021-04-21T09:39:06.235+0000][7][gc,marking   ] GC(60) Concurrent Clear Claimed Marks
[2021-04-21T09:39:06.235+0000][7][gc,marking   ] GC(60) Concurrent Clear Claimed Marks 0.104ms
[2021-04-21T09:39:06.235+0000][7][gc,marking   ] GC(60) Concurrent Scan Root Regions
[2021-04-21T09:39:06.241+0000][7][gc,marking   ] GC(60) Concurrent Scan Root Regions 5.602ms
[2021-04-21T09:39:06.241+0000][7][gc,marking   ] GC(60) Concurrent Mark (12.768s)
[2021-04-21T09:39:06.241+0000][7][gc,marking   ] GC(60) Concurrent Mark From Roots
[2021-04-21T09:39:06.241+0000][7][gc,task      ] GC(60) Using 1 workers of 1 for marking
[2021-04-21T09:39:06.321+0000][7][gc,start     ] GC(61) Pause Young (Normal) (G1 Evacuation Pause)
[2021-04-21T09:39:06.321+0000][7][gc,task      ] GC(61) Using 2 workers of 4 for evacuation
[2021-04-21T09:39:06.321+0000][7][gc,age       ] GC(61) Desired survivor size 1048576 bytes, new threshold 1 (max threshold 15)
[2021-04-21T09:39:06.330+0000][7][gc,age       ] GC(61) Age table with threshold 1 (max threshold 15)
[2021-04-21T09:39:06.330+0000][7][gc,age       ] GC(61) - age   1:    2096616 bytes,    2096616 total
[2021-04-21T09:39:06.331+0000][7][gc,phases    ] GC(61)   Pre Evacuate Collection Set: 0.0ms
[2021-04-21T09:39:06.331+0000][7][gc,phases    ] GC(61)   Merge Heap Roots: 0.1ms
[2021-04-21T09:39:06.331+0000][7][gc,phases    ] GC(61)   Evacuate Collection Set: 5.6ms
[2021-04-21T09:39:06.331+0000][7][gc,phases    ] GC(61)   Post Evacuate Collection Set: 3.8ms
[2021-04-21T09:39:06.331+0000][7][gc,phases    ] GC(61)   Other: 0.2ms
[2021-04-21T09:39:06.331+0000][7][gc,heap      ] GC(61) Eden regions: 10->0(9)
[2021-04-21T09:39:06.331+0000][7][gc,heap      ] GC(61) Survivor regions: 2->2(2)
[2021-04-21T09:39:06.331+0000][7][gc,heap      ] GC(61) Old regions: 41->42
[2021-04-21T09:39:06.331+0000][7][gc,heap      ] GC(61) Archive regions: 2->2
[2021-04-21T09:39:06.331+0000][7][gc,heap      ] GC(61) Humongous regions: 1->1
[2021-04-21T09:39:06.331+0000][7][gc,metaspace ] GC(61) Metaspace: 28645K(30972K)->28645K(30972K) NonClass: 24992K(26544K)->24992K(26544K) Class: 3652K(4428K)->3652K(4428K)
[2021-04-21T09:39:06.331+0000][7][gc           ] GC(61) Pause Young (Normal) (G1 Evacuation Pause) 54M->45M(84M) 9.915ms
[2021-04-21T09:39:06.331+0000][7][gc,cpu       ] GC(61) User=0.01s Sys=0.00s Real=0.01s
[2021-04-21T09:39:06.331+0000][7][safepoint    ] Safepoint "G1CollectForAllocation", Time since last: 85639705 ns, Reaching safepoint: 73334 ns, At safepoint: 9987201 ns, Total: 10060535 ns
[2021-04-21T09:39:06.376+0000][7][gc,marking   ] GC(60) Concurrent Mark From Roots 134.972ms
[2021-04-21T09:39:06.376+0000][7][gc,marking   ] GC(60) Concurrent Preclean
[2021-04-21T09:39:06.376+0000][7][gc,marking   ] GC(60) Concurrent Preclean 0.149ms
[2021-04-21T09:39:06.376+0000][7][gc,marking   ] GC(60) Concurrent Mark (12.768s, 12.903s) 135.205ms
[2021-04-21T09:39:06.378+0000][7][gc,start     ] GC(60) Pause Remark
[2021-04-21T09:39:06.383+0000][7][gc           ] GC(60) Pause Remark 48M->48M(84M) 4.864ms
[2021-04-21T09:39:06.383+0000][7][gc,cpu       ] GC(60) User=0.01s Sys=0.00s Real=0.01s
[2021-04-21T09:39:06.383+0000][7][safepoint    ] Safepoint "G1Concurrent", Time since last: 45347511 ns, Reaching safepoint: 1944688 ns, At safepoint: 4960526 ns, Total: 6905214 ns
[2021-04-21T09:39:06.383+0000][7][gc,marking   ] GC(60) Concurrent Rebuild Remembered Sets
[2021-04-21T09:39:06.546+0000][7][gc,start     ] GC(62) Pause Young (Normal) (G1 Evacuation Pause)
[2021-04-21T09:39:06.546+0000][7][gc,task      ] GC(62) Using 2 workers of 4 for evacuation
[2021-04-21T09:39:06.546+0000][7][gc,age       ] GC(62) Desired survivor size 1048576 bytes, new threshold 1 (max threshold 15)
[2021-04-21T09:39:06.570+0000][7][gc,age       ] GC(62) Age table with threshold 1 (max threshold 15)
[2021-04-21T09:39:06.570+0000][7][gc,age       ] GC(62) - age   1:    1940832 bytes,    1940832 total
[2021-04-21T09:39:06.571+0000][7][gc,phases    ] GC(62)   Pre Evacuate Collection Set: 0.0ms
[2021-04-21T09:39:06.571+0000][7][gc,phases    ] GC(62)   Merge Heap Roots: 0.1ms
[2021-04-21T09:39:06.571+0000][7][gc,phases    ] GC(62)   Evacuate Collection Set: 20.5ms
[2021-04-21T09:39:06.571+0000][7][gc,phases    ] GC(62)   Post Evacuate Collection Set: 3.8ms
[2021-04-21T09:39:06.571+0000][7][gc,phases    ] GC(62)   Other: 0.2ms
[2021-04-21T09:39:06.571+0000][7][gc,heap      ] GC(62) Eden regions: 9->0(8)
[2021-04-21T09:39:06.571+0000][7][gc,heap      ] GC(62) Survivor regions: 2->2(2)
[2021-04-21T09:39:06.571+0000][7][gc,heap      ] GC(62) Old regions: 42->44
[2021-04-21T09:39:06.571+0000][7][gc,heap      ] GC(62) Archive regions: 2->2
[2021-04-21T09:39:06.571+0000][7][gc,heap      ] GC(62) Humongous regions: 1->1
[2021-04-21T09:39:06.571+0000][7][gc,metaspace ] GC(62) Metaspace: 28648K(30972K)->28648K(30972K) NonClass: 24995K(26544K)->24995K(26544K) Class: 3652K(4428K)->3652K(4428K)
[2021-04-21T09:39:06.571+0000][7][gc           ] GC(62) Pause Young (Normal) (G1 Evacuation Pause) 54M->47M(84M) 25.095ms
[2021-04-21T09:39:06.571+0000][7][gc,cpu       ] GC(62) User=0.05s Sys=0.00s Real=0.03s
[2021-04-21T09:39:06.571+0000][7][safepoint    ] Safepoint "G1CollectForAllocation", Time since last: 160332573 ns, Reaching safepoint: 2566973 ns, At safepoint: 25204837 ns, Total: 27771810 ns
[2021-04-21T09:39:06.586+0000][7][gc,marking   ] GC(60) Concurrent Rebuild Remembered Sets 203.003ms
[2021-04-21T09:39:06.589+0000][7][gc,start     ] GC(60) Pause Cleanup
[2021-04-21T09:39:06.589+0000][7][gc           ] GC(60) Pause Cleanup 48M->48M(84M) 0.178ms
[2021-04-21T09:39:06.589+0000][7][gc,cpu       ] GC(60) User=0.00s Sys=0.00s Real=0.00s
[2021-04-21T09:39:06.589+0000][7][safepoint    ] Safepoint "G1Concurrent", Time since last: 15810547 ns, Reaching safepoint: 2181878 ns, At safepoint: 231305 ns, Total: 2413183 ns
[2021-04-21T09:39:06.590+0000][7][gc,marking   ] GC(60) Concurrent Cleanup for Next Mark
[2021-04-21T09:39:06.591+0000][7][gc,marking   ] GC(60) Concurrent Cleanup for Next Mark 0.875ms
[2021-04-21T09:39:06.591+0000][7][gc           ] GC(60) Concurrent Cycle 355.725ms
[2021-04-21T09:39:06.684+0000][7][gc,start     ] GC(63) Pause Young (Normal) (G1 Evacuation Pause)
[2021-04-21T09:39:06.685+0000][7][gc,task      ] GC(63) Using 2 workers of 4 for evacuation
[2021-04-21T09:39:06.685+0000][7][gc,age       ] GC(63) Desired survivor size 1048576 bytes, new threshold 1 (max threshold 15)
[2021-04-21T09:39:06.690+0000][7][gc,age       ] GC(63) Age table with threshold 1 (max threshold 15)
[2021-04-21T09:39:06.690+0000][7][gc,age       ] GC(63) - age   1:    1093608 bytes,    1093608 total
[2021-04-21T09:39:06.690+0000][7][gc,phases    ] GC(63)   Pre Evacuate Collection Set: 0.0ms
[2021-04-21T09:39:06.690+0000][7][gc,phases    ] GC(63)   Merge Heap Roots: 0.0ms
[2021-04-21T09:39:06.690+0000][7][gc,phases    ] GC(63)   Evacuate Collection Set: 4.9ms
[2021-04-21T09:39:06.690+0000][7][gc,phases    ] GC(63)   Post Evacuate Collection Set: 0.4ms
[2021-04-21T09:39:06.690+0000][7][gc,phases    ] GC(63)   Other: 0.3ms
[2021-04-21T09:39:06.690+0000][7][gc,heap      ] GC(63) Eden regions: 8->0(7)
[2021-04-21T09:39:06.690+0000][7][gc,heap      ] GC(63) Survivor regions: 2->2(2)
[2021-04-21T09:39:06.690+0000][7][gc,heap      ] GC(63) Old regions: 44->46
[2021-04-21T09:39:06.690+0000][7][gc,heap      ] GC(63) Archive regions: 2->2
[2021-04-21T09:39:06.690+0000][7][gc,heap      ] GC(63) Humongous regions: 1->1
[2021-04-21T09:39:06.690+0000][7][gc,metaspace ] GC(63) Metaspace: 28648K(30972K)->28648K(30972K) NonClass: 24995K(26544K)->24995K(26544K) Class: 3652K(4428K)->3652K(4428K)
[2021-04-21T09:39:06.690+0000][7][gc           ] GC(63) Pause Young (Normal) (G1 Evacuation Pause) 55M->49M(84M) 5.774ms
[2021-04-21T09:39:06.690+0000][7][gc,cpu       ] GC(63) User=0.02s Sys=0.00s Real=0.01s
[2021-04-21T09:39:06.690+0000][7][safepoint    ] Safepoint "G1CollectForAllocation", Time since last: 95055195 ns, Reaching safepoint: 54580 ns, At safepoint: 5849310 ns, Total: 5903890 ns
[2021-04-21T09:39:06.840+0000][7][gc,start     ] GC(64) Pause Young (Concurrent Start) (G1 Evacuation Pause)
[2021-04-21T09:39:06.841+0000][7][gc,task      ] GC(64) Using 2 workers of 4 for evacuation
[2021-04-21T09:39:06.841+0000][7][gc,age       ] GC(64) Desired survivor size 1048576 bytes, new threshold 1 (max threshold 15)
[2021-04-21T09:39:06.850+0000][7][gc,age       ] GC(64) Age table with threshold 1 (max threshold 15)
[2021-04-21T09:39:06.850+0000][7][gc,age       ] GC(64) - age   1:    1087336 bytes,    1087336 total
[2021-04-21T09:39:06.850+0000][7][gc,phases    ] GC(64)   Pre Evacuate Collection Set: 0.1ms
[2021-04-21T09:39:06.850+0000][7][gc,phases    ] GC(64)   Merge Heap Roots: 0.0ms
[2021-04-21T09:39:06.850+0000][7][gc,phases    ] GC(64)   Evacuate Collection Set: 3.9ms
[2021-04-21T09:39:06.850+0000][7][gc,phases    ] GC(64)   Post Evacuate Collection Set: 4.9ms
[2021-04-21T09:39:06.850+0000][7][gc,phases    ] GC(64)   Other: 0.9ms
[2021-04-21T09:39:06.850+0000][7][gc,heap      ] GC(64) Eden regions: 7->0(6)
[2021-04-21T09:39:06.850+0000][7][gc,heap      ] GC(64) Survivor regions: 2->2(2)
[2021-04-21T09:39:06.850+0000][7][gc,heap      ] GC(64) Old regions: 46->47
[2021-04-21T09:39:06.850+0000][7][gc,heap      ] GC(64) Archive regions: 2->2
[2021-04-21T09:39:06.850+0000][7][gc,heap      ] GC(64) Humongous regions: 1->1
[2021-04-21T09:39:06.850+0000][7][gc,metaspace ] GC(64) Metaspace: 29459K(31868K)->29459K(31868K) NonClass: 25708K(27312K)->25708K(27312K) Class: 3751K(4556K)->3751K(4556K)
[2021-04-21T09:39:06.850+0000][7][gc           ] GC(64) Pause Young (Concurrent Start) (G1 Evacuation Pause) 56M->49M(84M) 10.061ms
[2021-04-21T09:39:06.850+0000][7][gc,cpu       ] GC(64) User=0.02s Sys=0.00s Real=0.01s
[2021-04-21T09:39:06.850+0000][7][safepoint    ] Safepoint "G1CollectForAllocation", Time since last: 149506115 ns, Reaching safepoint: 182647 ns, At safepoint: 10147152 ns, Total: 10329799 ns
[2021-04-21T09:39:06.850+0000][7][gc           ] GC(65) Concurrent Cycle
[2021-04-21T09:39:06.850+0000][7][gc,marking   ] GC(65) Concurrent Clear Claimed Marks
[2021-04-21T09:39:06.850+0000][7][gc,marking   ] GC(65) Concurrent Clear Claimed Marks 0.137ms
[2021-04-21T09:39:06.850+0000][7][gc,marking   ] GC(65) Concurrent Scan Root Regions
[2021-04-21T09:39:06.854+0000][7][gc,marking   ] GC(65) Concurrent Scan Root Regions 4.105ms
[2021-04-21T09:39:06.855+0000][7][gc,marking   ] GC(65) Concurrent Mark (13.383s)
[2021-04-21T09:39:06.856+0000][7][gc,marking   ] GC(65) Concurrent Mark From Roots
[2021-04-21T09:39:06.856+0000][7][gc,task      ] GC(65) Using 1 workers of 1 for marking
[2021-04-21T09:39:07.020+0000][7][gc,marking   ] GC(65) Concurrent Mark From Roots 163.912ms
[2021-04-21T09:39:07.020+0000][7][gc,marking   ] GC(65) Concurrent Preclean
[2021-04-21T09:39:07.020+0000][7][gc,marking   ] GC(65) Concurrent Preclean 0.144ms
[2021-04-21T09:39:07.020+0000][7][gc,marking   ] GC(65) Concurrent Mark (13.383s, 13.547s) 164.728ms
[2021-04-21T09:39:07.020+0000][7][gc,start     ] GC(65) Pause Remark
[2021-04-21T09:39:07.039+0000][7][gc           ] GC(65) Pause Remark 55M->55M(97M) 19.273ms
[2021-04-21T09:39:07.039+0000][7][gc,cpu       ] GC(65) User=0.04s Sys=0.01s Real=0.02s
[2021-04-21T09:39:07.039+0000][7][safepoint    ] Safepoint "G1Concurrent", Time since last: 169866553 ns, Reaching safepoint: 163928 ns, At safepoint: 19360236 ns, Total: 19524164 ns
[2021-04-21T09:39:07.046+0000][7][gc,marking   ] GC(65) Concurrent Rebuild Remembered Sets
[2021-04-21T09:39:07.049+0000][7][gc,start     ] GC(66) Pause Young (Normal) (G1 Evacuation Pause)
[2021-04-21T09:39:07.049+0000][7][gc,task      ] GC(66) Using 2 workers of 4 for evacuation
[2021-04-21T09:39:07.050+0000][7][gc,age       ] GC(66) Desired survivor size 524288 bytes, new threshold 1 (max threshold 15)
[2021-04-21T09:39:07.060+0000][7][gc,age       ] GC(66) Age table with threshold 1 (max threshold 15)
[2021-04-21T09:39:07.060+0000][7][gc,age       ] GC(66) - age   1:     180976 bytes,     180976 total
[2021-04-21T09:39:07.060+0000][7][gc,phases    ] GC(66)   Pre Evacuate Collection Set: 0.3ms
[2021-04-21T09:39:07.060+0000][7][gc,phases    ] GC(66)   Merge Heap Roots: 0.1ms
[2021-04-21T09:39:07.060+0000][7][gc,phases    ] GC(66)   Evacuate Collection Set: 9.1ms
[2021-04-21T09:39:07.060+0000][7][gc,phases    ] GC(66)   Post Evacuate Collection Set: 0.6ms
[2021-04-21T09:39:07.060+0000][7][gc,phases    ] GC(66)   Other: 0.2ms
[2021-04-21T09:39:07.060+0000][7][gc,heap      ] GC(66) Eden regions: 6->0(14)
[2021-04-21T09:39:07.060+0000][7][gc,heap      ] GC(66) Survivor regions: 2->1(1)
[2021-04-21T09:39:07.060+0000][7][gc,heap      ] GC(66) Old regions: 47->48
[2021-04-21T09:39:07.060+0000][7][gc,heap      ] GC(66) Archive regions: 2->2
[2021-04-21T09:39:07.060+0000][7][gc,heap      ] GC(66) Humongous regions: 1->1
[2021-04-21T09:39:07.060+0000][7][gc,metaspace ] GC(66) Metaspace: 30132K(32892K)->30132K(32892K) NonClass: 26249K(28080K)->26249K(28080K) Class: 3882K(4812K)->3882K(4812K)
[2021-04-21T09:39:07.060+0000][7][gc           ] GC(66) Pause Young (Normal) (G1 Evacuation Pause) 55M->50M(97M) 10.511ms
[2021-04-21T09:39:07.060+0000][7][gc,cpu       ] GC(66) User=0.02s Sys=0.00s Real=0.01s
[2021-04-21T09:39:07.060+0000][7][safepoint    ] Safepoint "G1CollectForAllocation", Time since last: 6467084 ns, Reaching safepoint: 3460856 ns, At safepoint: 10589613 ns, Total: 14050469 ns
[2021-04-21T09:39:07.182+0000][7][gc,marking   ] GC(65) Concurrent Rebuild Remembered Sets 135.962ms
[2021-04-21T09:39:07.188+0000][7][gc,start     ] GC(65) Pause Cleanup
[2021-04-21T09:39:07.189+0000][7][gc           ] GC(65) Pause Cleanup 56M->56M(97M) 0.852ms
[2021-04-21T09:39:07.189+0000][7][gc,cpu       ] GC(65) User=0.00s Sys=0.00s Real=0.00s
[2021-04-21T09:39:07.189+0000][7][safepoint    ] Safepoint "G1Concurrent", Time since last: 121912986 ns, Reaching safepoint: 6221163 ns, At safepoint: 974194 ns, Total: 7195357 ns
[2021-04-21T09:39:07.193+0000][7][gc,marking   ] GC(65) Concurrent Cleanup for Next Mark
[2021-04-21T09:39:07.193+0000][7][gc,marking   ] GC(65) Concurrent Cleanup for Next Mark 0.290ms
[2021-04-21T09:39:07.193+0000][7][gc           ] GC(65) Concurrent Cycle 342.831ms
[2021-04-21T09:39:07.410+0000][7][gc,start     ] GC(67) Pause Young (Normal) (G1 Evacuation Pause)
[2021-04-21T09:39:07.410+0000][7][gc,task      ] GC(67) Using 2 workers of 4 for evacuation
[2021-04-21T09:39:07.410+0000][7][gc,age       ] GC(67) Desired survivor size 1048576 bytes, new threshold 15 (max threshold 15)
[2021-04-21T09:39:07.415+0000][7][gc,age       ] GC(67) Age table with threshold 15 (max threshold 15)
[2021-04-21T09:39:07.415+0000][7][gc,age       ] GC(67) - age   1:     488032 bytes,     488032 total
[2021-04-21T09:39:07.415+0000][7][gc,age       ] GC(67) - age   2:     166504 bytes,     654536 total
[2021-04-21T09:39:07.415+0000][7][gc,phases    ] GC(67)   Pre Evacuate Collection Set: 0.8ms
[2021-04-21T09:39:07.415+0000][7][gc,phases    ] GC(67)   Merge Heap Roots: 0.1ms
[2021-04-21T09:39:07.415+0000][7][gc,phases    ] GC(67)   Evacuate Collection Set: 3.4ms
[2021-04-21T09:39:07.415+0000][7][gc,phases    ] GC(67)   Post Evacuate Collection Set: 0.7ms
[2021-04-21T09:39:07.415+0000][7][gc,phases    ] GC(67)   Other: 0.2ms
[2021-04-21T09:39:07.415+0000][7][gc,heap      ] GC(67) Eden regions: 14->0(14)
[2021-04-21T09:39:07.415+0000][7][gc,heap      ] GC(67) Survivor regions: 1->1(2)
[2021-04-21T09:39:07.415+0000][7][gc,heap      ] GC(67) Old regions: 48->48
[2021-04-21T09:39:07.415+0000][7][gc,heap      ] GC(67) Archive regions: 2->2
[2021-04-21T09:39:07.415+0000][7][gc,heap      ] GC(67) Humongous regions: 1->1
[2021-04-21T09:39:07.415+0000][7][gc,metaspace ] GC(67) Metaspace: 31699K(34556K)->31699K(34556K) NonClass: 27538K(29360K)->27538K(29360K) Class: 4161K(5196K)->4161K(5196K)
[2021-04-21T09:39:07.415+0000][7][gc           ] GC(67) Pause Young (Normal) (G1 Evacuation Pause) 64M->50M(97M) 5.180ms
[2021-04-21T09:39:07.415+0000][7][gc,cpu       ] GC(67) User=0.01s Sys=0.00s Real=0.00s
[2021-04-21T09:39:07.415+0000][7][safepoint    ] Safepoint "G1CollectForAllocation", Time since last: 220871059 ns, Reaching safepoint: 223405 ns, At safepoint: 5252968 ns, Total: 5476373 ns
[2021-04-21T09:39:07.614+0000][7][gc,start     ] GC(68) Pause Young (Concurrent Start) (G1 Evacuation Pause)
[2021-04-21T09:39:07.614+0000][7][gc,task      ] GC(68) Using 2 workers of 4 for evacuation
[2021-04-21T09:39:07.614+0000][7][gc,age       ] GC(68) Desired survivor size 1048576 bytes, new threshold 15 (max threshold 15)
[2021-04-21T09:39:07.618+0000][7][gc,age       ] GC(68) Age table with threshold 15 (max threshold 15)
[2021-04-21T09:39:07.618+0000][7][gc,age       ] GC(68) - age   1:     632592 bytes,     632592 total
[2021-04-21T09:39:07.618+0000][7][gc,age       ] GC(68) - age   2:     405128 bytes,    1037720 total
[2021-04-21T09:39:07.618+0000][7][gc,age       ] GC(68) - age   3:     166296 bytes,    1204016 total
[2021-04-21T09:39:07.618+0000][7][gc,phases    ] GC(68)   Pre Evacuate Collection Set: 0.4ms
[2021-04-21T09:39:07.618+0000][7][gc,phases    ] GC(68)   Merge Heap Roots: 0.1ms
[2021-04-21T09:39:07.618+0000][7][gc,phases    ] GC(68)   Evacuate Collection Set: 3.5ms
[2021-04-21T09:39:07.618+0000][7][gc,phases    ] GC(68)   Post Evacuate Collection Set: 0.6ms
[2021-04-21T09:39:07.618+0000][7][gc,phases    ] GC(68)   Other: 0.2ms
[2021-04-21T09:39:07.618+0000][7][gc,heap      ] GC(68) Eden regions: 14->0(14)
[2021-04-21T09:39:07.618+0000][7][gc,heap      ] GC(68) Survivor regions: 1->2(2)
[2021-04-21T09:39:07.618+0000][7][gc,heap      ] GC(68) Old regions: 48->48
[2021-04-21T09:39:07.618+0000][7][gc,heap      ] GC(68) Archive regions: 2->2
[2021-04-21T09:39:07.618+0000][7][gc,heap      ] GC(68) Humongous regions: 1->1
[2021-04-21T09:39:07.618+0000][7][gc,metaspace ] GC(68) Metaspace: 33337K(36348K)->33337K(36348K) NonClass: 28966K(30896K)->28966K(30896K) Class: 4370K(5452K)->4370K(5452K)
[2021-04-21T09:39:07.618+0000][7][gc           ] GC(68) Pause Young (Concurrent Start) (G1 Evacuation Pause) 64M->51M(97M) 4.949ms
[2021-04-21T09:39:07.618+0000][7][gc,cpu       ] GC(68) User=0.02s Sys=0.00s Real=0.01s
[2021-04-21T09:39:07.618+0000][7][safepoint    ] Safepoint "G1CollectForAllocation", Time since last: 197953657 ns, Reaching safepoint: 59148 ns, At safepoint: 5017555 ns, Total: 5076703 ns
[2021-04-21T09:39:07.619+0000][7][gc           ] GC(69) Concurrent Cycle
[2021-04-21T09:39:07.619+0000][7][gc,marking   ] GC(69) Concurrent Clear Claimed Marks
[2021-04-21T09:39:07.619+0000][7][gc,marking   ] GC(69) Concurrent Clear Claimed Marks 0.142ms
[2021-04-21T09:39:07.619+0000][7][gc,marking   ] GC(69) Concurrent Scan Root Regions
[2021-04-21T09:39:07.628+0000][7][gc,marking   ] GC(69) Concurrent Scan Root Regions 8.956ms
[2021-04-21T09:39:07.629+0000][7][gc,marking   ] GC(69) Concurrent Mark (14.156s)
[2021-04-21T09:39:07.629+0000][7][gc,marking   ] GC(69) Concurrent Mark From Roots
[2021-04-21T09:39:07.629+0000][7][gc,task      ] GC(69) Using 1 workers of 1 for marking
[2021-04-21T09:39:07.767+0000][7][gc,marking   ] GC(69) Concurrent Mark From Roots 137.933ms
[2021-04-21T09:39:07.768+0000][7][gc,marking   ] GC(69) Concurrent Preclean
[2021-04-21T09:39:07.769+0000][7][gc,marking   ] GC(69) Concurrent Preclean 1.005ms
[2021-04-21T09:39:07.771+0000][7][gc,marking   ] GC(69) Concurrent Mark (14.156s, 14.299s) 142.700ms
[2021-04-21T09:39:07.772+0000][7][gc,start     ] GC(70) Pause Young (Normal) (G1 Evacuation Pause)
[2021-04-21T09:39:07.773+0000][7][gc,task      ] GC(70) Using 2 workers of 4 for evacuation
[2021-04-21T09:39:07.773+0000][7][gc,age       ] GC(70) Desired survivor size 1048576 bytes, new threshold 3 (max threshold 15)
[2021-04-21T09:39:07.784+0000][7][gc,age       ] GC(70) Age table with threshold 3 (max threshold 15)
[2021-04-21T09:39:07.784+0000][7][gc,age       ] GC(70) - age   1:     322376 bytes,     322376 total
[2021-04-21T09:39:07.784+0000][7][gc,age       ] GC(70) - age   2:     620640 bytes,     943016 total
[2021-04-21T09:39:07.784+0000][7][gc,age       ] GC(70) - age   3:     405128 bytes,    1348144 total
[2021-04-21T09:39:07.784+0000][7][gc,phases    ] GC(70)   Pre Evacuate Collection Set: 1.2ms
[2021-04-21T09:39:07.784+0000][7][gc,phases    ] GC(70)   Merge Heap Roots: 0.1ms
[2021-04-21T09:39:07.784+0000][7][gc,phases    ] GC(70)   Evacuate Collection Set: 9.1ms
[2021-04-21T09:39:07.784+0000][7][gc,phases    ] GC(70)   Post Evacuate Collection Set: 0.7ms
[2021-04-21T09:39:07.784+0000][7][gc,phases    ] GC(70)   Other: 0.7ms
[2021-04-21T09:39:07.784+0000][7][gc,heap      ] GC(70) Eden regions: 14->0(14)
[2021-04-21T09:39:07.784+0000][7][gc,heap      ] GC(70) Survivor regions: 2->2(2)
[2021-04-21T09:39:07.784+0000][7][gc,heap      ] GC(70) Old regions: 48->49
[2021-04-21T09:39:07.784+0000][7][gc,heap      ] GC(70) Archive regions: 2->2
[2021-04-21T09:39:07.784+0000][7][gc,heap      ] GC(70) Humongous regions: 1->1
[2021-04-21T09:39:07.784+0000][7][gc,metaspace ] GC(70) Metaspace: 34004K(36860K)->34004K(36860K) NonClass: 29569K(31408K)->29569K(31408K) Class: 4435K(5452K)->4435K(5452K)
[2021-04-21T09:39:07.784+0000][7][gc           ] GC(70) Pause Young (Normal) (G1 Evacuation Pause) 65M->51M(97M) 12.070ms
[2021-04-21T09:39:07.784+0000][7][gc,cpu       ] GC(70) User=0.03s Sys=0.00s Real=0.01s
[2021-04-21T09:39:07.785+0000][7][safepoint    ] Safepoint "G1CollectForAllocation", Time since last: 153045866 ns, Reaching safepoint: 812523 ns, At safepoint: 12153444 ns, Total: 12965967 ns
[2021-04-21T09:39:07.787+0000][7][gc,start     ] GC(69) Pause Remark
[2021-04-21T09:39:07.797+0000][7][gc           ] GC(69) Pause Remark 53M->53M(97M) 9.928ms
[2021-04-21T09:39:07.797+0000][7][gc,cpu       ] GC(69) User=0.03s Sys=0.00s Real=0.00s
[2021-04-21T09:39:07.797+0000][7][safepoint    ] Safepoint "G1Concurrent", Time since last: 2544930 ns, Reaching safepoint: 46904 ns, At safepoint: 10022978 ns, Total: 10069882 ns
[2021-04-21T09:39:07.798+0000][7][gc,marking   ] GC(69) Concurrent Rebuild Remembered Sets
[2021-04-21T09:39:07.828+0000][7][gc,start     ] GC(71) Pause Young (Normal) (G1 Evacuation Pause)
[2021-04-21T09:39:07.829+0000][7][gc,task      ] GC(71) Using 2 workers of 4 for evacuation
[2021-04-21T09:39:07.829+0000][7][gc,age       ] GC(71) Desired survivor size 1048576 bytes, new threshold 3 (max threshold 15)
[2021-04-21T09:39:07.832+0000][7][gc,age       ] GC(71) Age table with threshold 3 (max threshold 15)
[2021-04-21T09:39:07.832+0000][7][gc,age       ] GC(71) - age   1:      14672 bytes,      14672 total
[2021-04-21T09:39:07.832+0000][7][gc,age       ] GC(71) - age   2:     320240 bytes,     334912 total
[2021-04-21T09:39:07.832+0000][7][gc,age       ] GC(71) - age   3:     620384 bytes,     955296 total
[2021-04-21T09:39:07.832+0000][7][gc,phases    ] GC(71)   Pre Evacuate Collection Set: 0.0ms
[2021-04-21T09:39:07.832+0000][7][gc,phases    ] GC(71)   Merge Heap Roots: 0.0ms
[2021-04-21T09:39:07.832+0000][7][gc,phases    ] GC(71)   Evacuate Collection Set: 2.9ms
[2021-04-21T09:39:07.832+0000][7][gc,phases    ] GC(71)   Post Evacuate Collection Set: 0.5ms
[2021-04-21T09:39:07.832+0000][7][gc,phases    ] GC(71)   Other: 0.7ms
[2021-04-21T09:39:07.832+0000][7][gc,heap      ] GC(71) Eden regions: 14->0(15)
[2021-04-21T09:39:07.832+0000][7][gc,heap      ] GC(71) Survivor regions: 2->1(2)
[2021-04-21T09:39:07.832+0000][7][gc,heap      ] GC(71) Old regions: 49->49
[2021-04-21T09:39:07.832+0000][7][gc,heap      ] GC(71) Archive regions: 2->2
[2021-04-21T09:39:07.832+0000][7][gc,heap      ] GC(71) Humongous regions: 1->1
[2021-04-21T09:39:07.832+0000][7][gc,metaspace ] GC(71) Metaspace: 34004K(36860K)->34004K(36860K) NonClass: 29569K(31408K)->29569K(31408K) Class: 4435K(5452K)->4435K(5452K)
[2021-04-21T09:39:07.832+0000][7][gc           ] GC(71) Pause Young (Normal) (G1 Evacuation Pause) 65M->51M(97M) 4.190ms
[2021-04-21T09:39:07.832+0000][7][gc,cpu       ] GC(71) User=0.01s Sys=0.00s Real=0.00s
[2021-04-21T09:39:07.832+0000][7][safepoint    ] Safepoint "G1CollectForAllocation", Time since last: 30182368 ns, Reaching safepoint: 787518 ns, At safepoint: 4261487 ns, Total: 5049005 ns
[2021-04-21T09:39:07.867+0000][7][gc,start     ] GC(72) Pause Young (Normal) (G1 Evacuation Pause)
[2021-04-21T09:39:07.867+0000][7][gc,task      ] GC(72) Using 2 workers of 4 for evacuation
[2021-04-21T09:39:07.867+0000][7][gc,age       ] GC(72) Desired survivor size 1048576 bytes, new threshold 15 (max threshold 15)
[2021-04-21T09:39:07.875+0000][7][gc,age       ] GC(72) Age table with threshold 15 (max threshold 15)
[2021-04-21T09:39:07.875+0000][7][gc,age       ] GC(72) - age   1:      14896 bytes,      14896 total
[2021-04-21T09:39:07.875+0000][7][gc,age       ] GC(72) - age   2:      14576 bytes,      29472 total
[2021-04-21T09:39:07.875+0000][7][gc,age       ] GC(72) - age   3:     318176 bytes,     347648 total
[2021-04-21T09:39:07.875+0000][7][gc,age       ] GC(72) - age   4:     620384 bytes,     968032 total
[2021-04-21T09:39:07.875+0000][7][gc,phases    ] GC(72)   Pre Evacuate Collection Set: 1.2ms
[2021-04-21T09:39:07.875+0000][7][gc,phases    ] GC(72)   Merge Heap Roots: 0.1ms
[2021-04-21T09:39:07.875+0000][7][gc,phases    ] GC(72)   Evacuate Collection Set: 5.7ms
[2021-04-21T09:39:07.875+0000][7][gc,phases    ] GC(72)   Post Evacuate Collection Set: 0.8ms
[2021-04-21T09:39:07.875+0000][7][gc,phases    ] GC(72)   Other: 0.2ms
[2021-04-21T09:39:07.875+0000][7][gc,heap      ] GC(72) Eden regions: 15->0(16)
[2021-04-21T09:39:07.875+0000][7][gc,heap      ] GC(72) Survivor regions: 1->1(2)
[2021-04-21T09:39:07.875+0000][7][gc,heap      ] GC(72) Old regions: 49->49
[2021-04-21T09:39:07.875+0000][7][gc,heap      ] GC(72) Archive regions: 2->2
[2021-04-21T09:39:07.875+0000][7][gc,heap      ] GC(72) Humongous regions: 1->1
[2021-04-21T09:39:07.875+0000][7][gc,metaspace ] GC(72) Metaspace: 34004K(36860K)->34004K(36860K) NonClass: 29569K(31408K)->29569K(31408K) Class: 4435K(5452K)->4435K(5452K)
[2021-04-21T09:39:07.875+0000][7][gc           ] GC(72) Pause Young (Normal) (G1 Evacuation Pause) 66M->51M(97M) 8.090ms
[2021-04-21T09:39:07.875+0000][7][gc,cpu       ] GC(72) User=0.02s Sys=0.00s Real=0.00s
[2021-04-21T09:39:07.875+0000][7][safepoint    ] Safepoint "G1CollectForAllocation", Time since last: 34004955 ns, Reaching safepoint: 460875 ns, At safepoint: 8185817 ns, Total: 8646692 ns
[2021-04-21T09:39:07.895+0000][7][gc,start     ] GC(73) Pause Young (Normal) (G1 Evacuation Pause)
[2021-04-21T09:39:07.896+0000][7][gc,task      ] GC(73) Using 2 workers of 4 for evacuation
[2021-04-21T09:39:07.896+0000][7][gc,age       ] GC(73) Desired survivor size 1572864 bytes, new threshold 15 (max threshold 15)
[2021-04-21T09:39:07.906+0000][7][gc,age       ] GC(73) Age table with threshold 15 (max threshold 15)
[2021-04-21T09:39:07.906+0000][7][gc,age       ] GC(73) - age   1:       8744 bytes,       8744 total
[2021-04-21T09:39:07.906+0000][7][gc,age       ] GC(73) - age   2:      14784 bytes,      23528 total
[2021-04-21T09:39:07.906+0000][7][gc,age       ] GC(73) - age   3:      14576 bytes,      38104 total
[2021-04-21T09:39:07.906+0000][7][gc,age       ] GC(73) - age   4:     318176 bytes,     356280 total
[2021-04-21T09:39:07.906+0000][7][gc,age       ] GC(73) - age   5:     620384 bytes,     976664 total
[2021-04-21T09:39:07.906+0000][7][gc,phases    ] GC(73)   Pre Evacuate Collection Set: 1.3ms
[2021-04-21T09:39:07.906+0000][7][gc,phases    ] GC(73)   Merge Heap Roots: 0.9ms
[2021-04-21T09:39:07.906+0000][7][gc,phases    ] GC(73)   Evacuate Collection Set: 6.8ms
[2021-04-21T09:39:07.906+0000][7][gc,phases    ] GC(73)   Post Evacuate Collection Set: 0.6ms
[2021-04-21T09:39:07.906+0000][7][gc,phases    ] GC(73)   Other: 0.6ms
[2021-04-21T09:39:07.906+0000][7][gc,heap      ] GC(73) Eden regions: 16->0(16)
[2021-04-21T09:39:07.906+0000][7][gc,heap      ] GC(73) Survivor regions: 1->1(3)
[2021-04-21T09:39:07.906+0000][7][gc,heap      ] GC(73) Old regions: 49->49
[2021-04-21T09:39:07.906+0000][7][gc,heap      ] GC(73) Archive regions: 2->2
[2021-04-21T09:39:07.906+0000][7][gc,heap      ] GC(73) Humongous regions: 1->1
[2021-04-21T09:39:07.906+0000][7][gc,metaspace ] GC(73) Metaspace: 34004K(36860K)->34004K(36860K) NonClass: 29569K(31408K)->29569K(31408K) Class: 4435K(5452K)->4435K(5452K)
[2021-04-21T09:39:07.906+0000][7][gc           ] GC(73) Pause Young (Normal) (G1 Evacuation Pause) 67M->51M(97M) 10.314ms
[2021-04-21T09:39:07.906+0000][7][gc,cpu       ] GC(73) User=0.01s Sys=0.00s Real=0.01s
[2021-04-21T09:39:07.906+0000][7][safepoint    ] Safepoint "G1CollectForAllocation", Time since last: 19795901 ns, Reaching safepoint: 641293 ns, At safepoint: 10396851 ns, Total: 11038144 ns
[2021-04-21T09:39:07.928+0000][7][gc,marking   ] GC(69) Concurrent Rebuild Remembered Sets 130.272ms
[2021-04-21T09:39:07.929+0000][7][gc,start     ] GC(69) Pause Cleanup
[2021-04-21T09:39:07.930+0000][7][gc           ] GC(69) Pause Cleanup 61M->61M(97M) 0.604ms
[2021-04-21T09:39:07.930+0000][7][gc,cpu       ] GC(69) User=0.00s Sys=0.00s Real=0.00s
[2021-04-21T09:39:07.930+0000][7][safepoint    ] Safepoint "G1Concurrent", Time since last: 22632174 ns, Reaching safepoint: 844232 ns, At safepoint: 678890 ns, Total: 1523122 ns
[2021-04-21T09:39:07.930+0000][7][gc,marking   ] GC(69) Concurrent Cleanup for Next Mark
[2021-04-21T09:39:07.931+0000][7][gc,marking   ] GC(69) Concurrent Cleanup for Next Mark 1.095ms
[2021-04-21T09:39:07.931+0000][7][gc           ] GC(69) Concurrent Cycle 312.643ms
[2021-04-21T09:39:07.943+0000][7][gc,start     ] GC(74) Pause Young (Prepare Mixed) (G1 Evacuation Pause)
[2021-04-21T09:39:07.943+0000][7][gc,task      ] GC(74) Using 2 workers of 4 for evacuation
[2021-04-21T09:39:07.943+0000][7][gc,age       ] GC(74) Desired survivor size 1572864 bytes, new threshold 15 (max threshold 15)
[2021-04-21T09:39:07.951+0000][7][gc,age       ] GC(74) Age table with threshold 15 (max threshold 15)
[2021-04-21T09:39:07.951+0000][7][gc,age       ] GC(74) - age   1:      13688 bytes,      13688 total
[2021-04-21T09:39:07.951+0000][7][gc,age       ] GC(74) - age   2:       8520 bytes,      22208 total
[2021-04-21T09:39:07.951+0000][7][gc,age       ] GC(74) - age   3:      14784 bytes,      36992 total
[2021-04-21T09:39:07.951+0000][7][gc,age       ] GC(74) - age   4:      12512 bytes,      49504 total
[2021-04-21T09:39:07.951+0000][7][gc,age       ] GC(74) - age   5:     318176 bytes,     367680 total
[2021-04-21T09:39:07.951+0000][7][gc,age       ] GC(74) - age   6:     620384 bytes,     988064 total
[2021-04-21T09:39:07.951+0000][7][gc,phases    ] GC(74)   Pre Evacuate Collection Set: 1.8ms
[2021-04-21T09:39:07.951+0000][7][gc,phases    ] GC(74)   Merge Heap Roots: 0.1ms
[2021-04-21T09:39:07.951+0000][7][gc,phases    ] GC(74)   Evacuate Collection Set: 5.0ms
[2021-04-21T09:39:07.951+0000][7][gc,phases    ] GC(74)   Post Evacuate Collection Set: 0.5ms
[2021-04-21T09:39:07.951+0000][7][gc,phases    ] GC(74)   Other: 0.3ms
[2021-04-21T09:39:07.951+0000][7][gc,heap      ] GC(74) Eden regions: 16->0(3)
[2021-04-21T09:39:07.951+0000][7][gc,heap      ] GC(74) Survivor regions: 1->1(3)
[2021-04-21T09:39:07.951+0000][7][gc,heap      ] GC(74) Old regions: 49->49
[2021-04-21T09:39:07.951+0000][7][gc,heap      ] GC(74) Archive regions: 2->2
[2021-04-21T09:39:07.951+0000][7][gc,heap      ] GC(74) Humongous regions: 1->1
[2021-04-21T09:39:07.951+0000][7][gc,metaspace ] GC(74) Metaspace: 34004K(36860K)->34004K(36860K) NonClass: 29569K(31408K)->29569K(31408K) Class: 4435K(5452K)->4435K(5452K)
[2021-04-21T09:39:07.951+0000][7][gc           ] GC(74) Pause Young (Prepare Mixed) (G1 Evacuation Pause) 67M->51M(97M) 7.696ms
[2021-04-21T09:39:07.951+0000][7][gc,cpu       ] GC(74) User=0.01s Sys=0.00s Real=0.01s
[2021-04-21T09:39:07.951+0000][7][safepoint    ] Safepoint "G1CollectForAllocation", Time since last: 12733296 ns, Reaching safepoint: 434351 ns, At safepoint: 7763756 ns, Total: 8198107 ns
[2021-04-21T09:39:07.954+0000][7][gc,start     ] GC(75) Pause Young (Mixed) (G1 Evacuation Pause)
[2021-04-21T09:39:07.955+0000][7][gc,task      ] GC(75) Using 2 workers of 4 for evacuation
[2021-04-21T09:39:07.955+0000][7][gc,age       ] GC(75) Desired survivor size 524288 bytes, new threshold 6 (max threshold 15)
[2021-04-21T09:39:07.973+0000][7][gc,age       ] GC(75) Age table with threshold 6 (max threshold 15)
[2021-04-21T09:39:07.973+0000][7][gc,age       ] GC(75) - age   1:       1400 bytes,       1400 total
[2021-04-21T09:39:07.973+0000][7][gc,age       ] GC(75) - age   2:      13592 bytes,      14992 total
[2021-04-21T09:39:07.973+0000][7][gc,age       ] GC(75) - age   3:       8520 bytes,      23512 total
[2021-04-21T09:39:07.973+0000][7][gc,age       ] GC(75) - age   4:      14784 bytes,      38296 total
[2021-04-21T09:39:07.973+0000][7][gc,age       ] GC(75) - age   5:      12512 bytes,      50808 total
[2021-04-21T09:39:07.973+0000][7][gc,age       ] GC(75) - age   6:     318176 bytes,     368984 total
[2021-04-21T09:39:07.973+0000][7][gc,phases    ] GC(75)   Pre Evacuate Collection Set: 0.1ms
[2021-04-21T09:39:07.973+0000][7][gc,phases    ] GC(75)   Merge Heap Roots: 0.1ms
[2021-04-21T09:39:07.973+0000][7][gc,phases    ] GC(75)   Evacuate Collection Set: 17.6ms
[2021-04-21T09:39:07.973+0000][7][gc,phases    ] GC(75)   Post Evacuate Collection Set: 0.5ms
[2021-04-21T09:39:07.973+0000][7][gc,phases    ] GC(75)   Other: 0.9ms
[2021-04-21T09:39:07.973+0000][7][gc,heap      ] GC(75) Eden regions: 3->0(19)
[2021-04-21T09:39:07.973+0000][7][gc,heap      ] GC(75) Survivor regions: 1->1(1)
[2021-04-21T09:39:07.973+0000][7][gc,heap      ] GC(75) Old regions: 49->46
[2021-04-21T09:39:07.973+0000][7][gc,heap      ] GC(75) Archive regions: 2->2
[2021-04-21T09:39:07.973+0000][7][gc,heap      ] GC(75) Humongous regions: 1->1
[2021-04-21T09:39:07.973+0000][7][gc,metaspace ] GC(75) Metaspace: 34004K(36860K)->34004K(36860K) NonClass: 29569K(31408K)->29569K(31408K) Class: 4435K(5452K)->4435K(5452K)
[2021-04-21T09:39:07.973+0000][7][gc           ] GC(75) Pause Young (Mixed) (G1 Evacuation Pause) 54M->48M(97M) 19.254ms
[2021-04-21T09:39:07.974+0000][7][gc,cpu       ] GC(75) User=0.05s Sys=0.00s Real=0.02s
[2021-04-21T09:39:07.974+0000][7][safepoint    ] Safepoint "G1CollectForAllocation", Time since last: 2978653 ns, Reaching safepoint: 102376 ns, At safepoint: 19918054 ns, Total: 20020430 ns
[2021-04-21T09:39:07.991+0000][7][gc,start     ] GC(76) Pause Young (Concurrent Start) (G1 Evacuation Pause)
[2021-04-21T09:39:07.992+0000][7][gc,task      ] GC(76) Using 2 workers of 4 for evacuation
[2021-04-21T09:39:07.992+0000][7][gc,age       ] GC(76) Desired survivor size 1572864 bytes, new threshold 15 (max threshold 15)
[2021-04-21T09:39:07.996+0000][7][gc,age       ] GC(76) Age table with threshold 15 (max threshold 15)
[2021-04-21T09:39:07.997+0000][7][gc,age       ] GC(76) - age   1:       8480 bytes,       8480 total
[2021-04-21T09:39:07.997+0000][7][gc,age       ] GC(76) - age   2:       1192 bytes,       9672 total
[2021-04-21T09:39:07.998+0000][7][gc,age       ] GC(76) - age   3:      13592 bytes,      23264 total
[2021-04-21T09:39:07.999+0000][7][gc,age       ] GC(76) - age   4:       8520 bytes,      31784 total
[2021-04-21T09:39:07.999+0000][7][gc,age       ] GC(76) - age   5:      14784 bytes,      46568 total
[2021-04-21T09:39:08.000+0000][7][gc,age       ] GC(76) - age   6:      12512 bytes,      59080 total
[2021-04-21T09:39:08.000+0000][7][gc,age       ] GC(76) - age   7:     318176 bytes,     377256 total
[2021-04-21T09:39:08.000+0000][7][gc,phases    ] GC(76)   Pre Evacuate Collection Set: 0.2ms
[2021-04-21T09:39:08.000+0000][7][gc,phases    ] GC(76)   Merge Heap Roots: 0.0ms
[2021-04-21T09:39:08.000+0000][7][gc,phases    ] GC(76)   Evacuate Collection Set: 2.7ms
[2021-04-21T09:39:08.000+0000][7][gc,phases    ] GC(76)   Post Evacuate Collection Set: 0.6ms
[2021-04-21T09:39:08.000+0000][7][gc,phases    ] GC(76)   Other: 5.3ms
[2021-04-21T09:39:08.000+0000][7][gc,heap      ] GC(76) Eden regions: 19->0(19)
[2021-04-21T09:39:08.000+0000][7][gc,heap      ] GC(76) Survivor regions: 1->1(3)
[2021-04-21T09:39:08.000+0000][7][gc,heap      ] GC(76) Old regions: 46->46
[2021-04-21T09:39:08.000+0000][7][gc,heap      ] GC(76) Archive regions: 2->2
[2021-04-21T09:39:08.000+0000][7][gc,heap      ] GC(76) Humongous regions: 1->1
[2021-04-21T09:39:08.000+0000][7][gc,metaspace ] GC(76) Metaspace: 34004K(36860K)->34004K(36860K) NonClass: 29569K(31408K)->29569K(31408K) Class: 4435K(5452K)->4435K(5452K)
[2021-04-21T09:39:08.000+0000][7][gc           ] GC(76) Pause Young (Concurrent Start) (G1 Evacuation Pause) 67M->48M(97M) 9.000ms
[2021-04-21T09:39:08.000+0000][7][gc,cpu       ] GC(76) User=0.01s Sys=0.00s Real=0.01s
[2021-04-21T09:39:08.000+0000][7][safepoint    ] Safepoint "G1CollectForAllocation", Time since last: 16856614 ns, Reaching safepoint: 116432 ns, At safepoint: 9082860 ns, Total: 9199292 ns
[2021-04-21T09:39:08.000+0000][7][gc           ] GC(77) Concurrent Cycle
[2021-04-21T09:39:08.000+0000][7][gc,marking   ] GC(77) Concurrent Clear Claimed Marks
[2021-04-21T09:39:08.000+0000][7][gc,marking   ] GC(77) Concurrent Clear Claimed Marks 0.171ms
[2021-04-21T09:39:08.000+0000][7][gc,marking   ] GC(77) Concurrent Scan Root Regions
[2021-04-21T09:39:08.002+0000][7][gc,marking   ] GC(77) Concurrent Scan Root Regions 1.730ms
[2021-04-21T09:39:08.002+0000][7][gc,marking   ] GC(77) Concurrent Mark (14.529s)
[2021-04-21T09:39:08.002+0000][7][gc,marking   ] GC(77) Concurrent Mark From Roots
[2021-04-21T09:39:08.002+0000][7][gc,task      ] GC(77) Using 1 workers of 1 for marking
[2021-04-21T09:39:08.292+0000][7][gc,marking   ] GC(77) Concurrent Mark From Roots 290.284ms
[2021-04-21T09:39:08.293+0000][7][gc,marking   ] GC(77) Concurrent Preclean
[2021-04-21T09:39:08.294+0000][7][gc,marking   ] GC(77) Concurrent Preclean 0.698ms
[2021-04-21T09:39:08.294+0000][7][gc,marking   ] GC(77) Concurrent Mark (14.529s, 14.822s) 292.403ms
[2021-04-21T09:39:08.295+0000][7][gc,start     ] GC(77) Pause Remark
[2021-04-21T09:39:08.305+0000][7][gc           ] GC(77) Pause Remark 58M->58M(102M) 9.435ms
[2021-04-21T09:39:08.305+0000][7][gc,cpu       ] GC(77) User=0.02s Sys=0.00s Real=0.01s
[2021-04-21T09:39:08.305+0000][7][safepoint    ] Safepoint "G1Concurrent", Time since last: 295037282 ns, Reaching safepoint: 213491 ns, At safepoint: 9576468 ns, Total: 9789959 ns
[2021-04-21T09:39:08.306+0000][7][gc,marking   ] GC(77) Concurrent Rebuild Remembered Sets
[2021-04-21T09:39:08.383+0000][7][gc,start     ] GC(78) Pause Young (Normal) (G1 Evacuation Pause)
[2021-04-21T09:39:08.384+0000][7][gc,task      ] GC(78) Using 2 workers of 4 for evacuation
[2021-04-21T09:39:08.385+0000][7][gc,age       ] GC(78) Desired survivor size 1572864 bytes, new threshold 15 (max threshold 15)
[2021-04-21T09:39:08.394+0000][7][gc,age       ] GC(78) Age table with threshold 15 (max threshold 15)
[2021-04-21T09:39:08.395+0000][7][gc,age       ] GC(78) - age   1:    1596096 bytes,    1596096 total
[2021-04-21T09:39:08.395+0000][7][gc,age       ] GC(78) - age   2:       8328 bytes,    1604424 total
[2021-04-21T09:39:08.396+0000][7][gc,age       ] GC(78) - age   3:       1192 bytes,    1605616 total
[2021-04-21T09:39:08.397+0000][7][gc,age       ] GC(78) - age   4:      13592 bytes,    1619208 total
[2021-04-21T09:39:08.397+0000][7][gc,age       ] GC(78) - age   5:       8520 bytes,    1627728 total
[2021-04-21T09:39:08.397+0000][7][gc,age       ] GC(78) - age   6:      14784 bytes,    1642512 total
[2021-04-21T09:39:08.397+0000][7][gc,age       ] GC(78) - age   7:      12512 bytes,    1655024 total
[2021-04-21T09:39:08.397+0000][7][gc,age       ] GC(78) - age   8:     273904 bytes,    1928928 total
[2021-04-21T09:39:08.397+0000][7][gc,phases    ] GC(78)   Pre Evacuate Collection Set: 0.1ms
[2021-04-21T09:39:08.397+0000][7][gc,phases    ] GC(78)   Merge Heap Roots: 0.1ms
[2021-04-21T09:39:08.397+0000][7][gc,phases    ] GC(78)   Evacuate Collection Set: 8.5ms
[2021-04-21T09:39:08.397+0000][7][gc,phases    ] GC(78)   Post Evacuate Collection Set: 0.6ms
[2021-04-21T09:39:08.397+0000][7][gc,phases    ] GC(78)   Other: 4.4ms
[2021-04-21T09:39:08.397+0000][7][gc,heap      ] GC(78) Eden regions: 18->0(21)
[2021-04-21T09:39:08.397+0000][7][gc,heap      ] GC(78) Survivor regions: 1->2(3)
[2021-04-21T09:39:08.397+0000][7][gc,heap      ] GC(78) Old regions: 46->46
[2021-04-21T09:39:08.397+0000][7][gc,heap      ] GC(78) Archive regions: 2->2
[2021-04-21T09:39:08.397+0000][7][gc,heap      ] GC(78) Humongous regions: 1->1
[2021-04-21T09:39:08.397+0000][7][gc,metaspace ] GC(78) Metaspace: 34542K(37500K)->34542K(37500K) NonClass: 30046K(31920K)->30046K(31920K) Class: 4496K(5580K)->4496K(5580K)
[2021-04-21T09:39:08.397+0000][7][gc           ] GC(78) Pause Young (Normal) (G1 Evacuation Pause) 66M->49M(102M) 13.744ms
[2021-04-21T09:39:08.397+0000][7][gc,cpu       ] GC(78) User=0.02s Sys=0.00s Real=0.01s
[2021-04-21T09:39:08.398+0000][7][safepoint    ] Safepoint "G1CollectForAllocation", Time since last: 77471023 ns, Reaching safepoint: 808638 ns, At safepoint: 14454683 ns, Total: 15263321 ns
[2021-04-21T09:39:08.485+0000][7][gc,marking   ] GC(77) Concurrent Rebuild Remembered Sets 179.474ms
[2021-04-21T09:39:08.486+0000][7][gc,start     ] GC(77) Pause Cleanup
[2021-04-21T09:39:08.486+0000][7][gc           ] GC(77) Pause Cleanup 52M->52M(102M) 0.230ms
[2021-04-21T09:39:08.486+0000][7][gc,cpu       ] GC(77) User=0.00s Sys=0.00s Real=0.00s
[2021-04-21T09:39:08.486+0000][7][safepoint    ] Safepoint "G1Concurrent", Time since last: 87834504 ns, Reaching safepoint: 132523 ns, At safepoint: 295525 ns, Total: 428048 ns
[2021-04-21T09:39:08.486+0000][7][gc,marking   ] GC(77) Concurrent Cleanup for Next Mark
[2021-04-21T09:39:08.486+0000][7][gc,marking   ] GC(77) Concurrent Cleanup for Next Mark 0.469ms
[2021-04-21T09:39:08.486+0000][7][gc           ] GC(77) Concurrent Cycle 486.428ms
[2021-04-21T09:39:08.869+0000][7][gc,start     ] GC(79) Pause Young (Normal) (G1 Evacuation Pause)
[2021-04-21T09:39:08.870+0000][7][gc,task      ] GC(79) Using 2 workers of 4 for evacuation
[2021-04-21T09:39:08.870+0000][7][gc,age       ] GC(79) Desired survivor size 1572864 bytes, new threshold 1 (max threshold 15)
[2021-04-21T09:39:08.878+0000][7][gc,age       ] GC(79) Age table with threshold 1 (max threshold 15)
[2021-04-21T09:39:08.878+0000][7][gc,age       ] GC(79) - age   1:    1156152 bytes,    1156152 total
[2021-04-21T09:39:08.878+0000][7][gc,phases    ] GC(79)   Pre Evacuate Collection Set: 0.1ms
[2021-04-21T09:39:08.878+0000][7][gc,phases    ] GC(79)   Merge Heap Roots: 0.1ms
[2021-04-21T09:39:08.878+0000][7][gc,phases    ] GC(79)   Evacuate Collection Set: 6.6ms
[2021-04-21T09:39:08.878+0000][7][gc,phases    ] GC(79)   Post Evacuate Collection Set: 0.7ms
[2021-04-21T09:39:08.878+0000][7][gc,phases    ] GC(79)   Other: 2.0ms
[2021-04-21T09:39:08.878+0000][7][gc,heap      ] GC(79) Eden regions: 21->0(19)
[2021-04-21T09:39:08.878+0000][7][gc,heap      ] GC(79) Survivor regions: 2->2(3)
[2021-04-21T09:39:08.878+0000][7][gc,heap      ] GC(79) Old regions: 46->48
[2021-04-21T09:39:08.878+0000][7][gc,heap      ] GC(79) Archive regions: 2->2
[2021-04-21T09:39:08.878+0000][7][gc,heap      ] GC(79) Humongous regions: 1->1
[2021-04-21T09:39:08.878+0000][7][gc,metaspace ] GC(79) Metaspace: 39379K(42748K)->39379K(42748K) NonClass: 34172K(36272K)->34172K(36272K) Class: 5206K(6476K)->5206K(6476K)
[2021-04-21T09:39:08.878+0000][7][gc           ] GC(79) Pause Young (Normal) (G1 Evacuation Pause) 70M->50M(102M) 9.592ms
[2021-04-21T09:39:08.878+0000][7][gc,cpu       ] GC(79) User=0.03s Sys=0.00s Real=0.00s
[2021-04-21T09:39:08.878+0000][7][safepoint    ] Safepoint "G1CollectForAllocation", Time since last: 382719768 ns, Reaching safepoint: 90107 ns, At safepoint: 9670110 ns, Total: 9760217 ns
[2021-04-21T09:39:09.303+0000][7][gc,start     ] GC(80) Pause Young (Concurrent Start) (G1 Evacuation Pause)
[2021-04-21T09:39:09.304+0000][7][gc,task      ] GC(80) Using 2 workers of 4 for evacuation
[2021-04-21T09:39:09.304+0000][7][gc,age       ] GC(80) Desired survivor size 1572864 bytes, new threshold 15 (max threshold 15)
[2021-04-21T09:39:09.312+0000][7][gc,age       ] GC(80) Age table with threshold 15 (max threshold 15)
[2021-04-21T09:39:09.312+0000][7][gc,age       ] GC(80) - age   1:     743200 bytes,     743200 total
[2021-04-21T09:39:09.313+0000][7][gc,age       ] GC(80) - age   2:    1104080 bytes,    1847280 total
[2021-04-21T09:39:09.313+0000][7][gc,phases    ] GC(80)   Pre Evacuate Collection Set: 0.2ms
[2021-04-21T09:39:09.313+0000][7][gc,phases    ] GC(80)   Merge Heap Roots: 0.2ms
[2021-04-21T09:39:09.313+0000][7][gc,phases    ] GC(80)   Evacuate Collection Set: 6.3ms
[2021-04-21T09:39:09.313+0000][7][gc,phases    ] GC(80)   Post Evacuate Collection Set: 0.7ms
[2021-04-21T09:39:09.313+0000][7][gc,phases    ] GC(80)   Other: 2.4ms
[2021-04-21T09:39:09.313+0000][7][gc,heap      ] GC(80) Eden regions: 19->0(19)
[2021-04-21T09:39:09.313+0000][7][gc,heap      ] GC(80) Survivor regions: 2->2(3)
[2021-04-21T09:39:09.313+0000][7][gc,heap      ] GC(80) Old regions: 48->48
[2021-04-21T09:39:09.313+0000][7][gc,heap      ] GC(80) Archive regions: 2->2
[2021-04-21T09:39:09.313+0000][7][gc,heap      ] GC(80) Humongous regions: 1->1
[2021-04-21T09:39:09.313+0000][7][gc,metaspace ] GC(80) Metaspace: 43234K(47228K)->43234K(47228K) NonClass: 37415K(39856K)->37415K(39856K) Class: 5818K(7372K)->5818K(7372K)
[2021-04-21T09:39:09.313+0000][7][gc           ] GC(80) Pause Young (Concurrent Start) (G1 Evacuation Pause) 69M->51M(102M) 10.052ms
[2021-04-21T09:39:09.314+0000][7][gc,cpu       ] GC(80) User=0.03s Sys=0.00s Real=0.01s
[2021-04-21T09:39:09.314+0000][7][gc           ] GC(81) Concurrent Cycle
[2021-04-21T09:39:09.314+0000][7][safepoint    ] Safepoint "G1CollectForAllocation", Time since last: 425052962 ns, Reaching safepoint: 68006 ns, At safepoint: 10134618 ns, Total: 10202624 ns
[2021-04-21T09:39:09.314+0000][7][gc,marking   ] GC(81) Concurrent Clear Claimed Marks
[2021-04-21T09:39:09.314+0000][7][gc,marking   ] GC(81) Concurrent Clear Claimed Marks 0.211ms
[2021-04-21T09:39:09.314+0000][7][gc,marking   ] GC(81) Concurrent Scan Root Regions
[2021-04-21T09:39:09.317+0000][7][gc,marking   ] GC(81) Concurrent Scan Root Regions 3.582ms
[2021-04-21T09:39:09.318+0000][7][gc,marking   ] GC(81) Concurrent Mark (15.845s)
[2021-04-21T09:39:09.319+0000][7][gc,marking   ] GC(81) Concurrent Mark From Roots
[2021-04-21T09:39:09.319+0000][7][gc,task      ] GC(81) Using 1 workers of 1 for marking
[2021-04-21T09:39:09.433+0000][7][gc,marking   ] GC(81) Concurrent Mark From Roots 114.231ms
[2021-04-21T09:39:09.433+0000][7][gc,marking   ] GC(81) Concurrent Preclean
[2021-04-21T09:39:09.433+0000][7][gc,marking   ] GC(81) Concurrent Preclean 0.141ms
[2021-04-21T09:39:09.433+0000][7][gc,marking   ] GC(81) Concurrent Mark (15.845s, 15.960s) 114.946ms
[2021-04-21T09:39:09.433+0000][7][gc,start     ] GC(81) Pause Remark
[2021-04-21T09:39:09.439+0000][7][gc           ] GC(81) Pause Remark 60M->60M(104M) 5.490ms
[2021-04-21T09:39:09.439+0000][7][gc,cpu       ] GC(81) User=0.01s Sys=0.00s Real=0.01s
[2021-04-21T09:39:09.439+0000][7][safepoint    ] Safepoint "G1Concurrent", Time since last: 119487024 ns, Reaching safepoint: 130671 ns, At safepoint: 5564575 ns, Total: 5695246 ns
[2021-04-21T09:39:09.439+0000][7][gc,marking   ] GC(81) Concurrent Rebuild Remembered Sets
[2021-04-21T09:39:09.495+0000][7][gc,marking   ] GC(81) Concurrent Rebuild Remembered Sets 56.298ms
[2021-04-21T09:39:09.496+0000][7][gc,start     ] GC(81) Pause Cleanup
[2021-04-21T09:39:09.496+0000][7][gc           ] GC(81) Pause Cleanup 65M->65M(104M) 0.155ms
[2021-04-21T09:39:09.496+0000][7][gc,cpu       ] GC(81) User=0.00s Sys=0.00s Real=0.00s
[2021-04-21T09:39:09.496+0000][7][safepoint    ] Safepoint "G1Concurrent", Time since last: 56394188 ns, Reaching safepoint: 750342 ns, At safepoint: 212337 ns, Total: 962679 ns
[2021-04-21T09:39:09.496+0000][7][gc,marking   ] GC(81) Concurrent Cleanup for Next Mark
[2021-04-21T09:39:09.497+0000][7][gc,marking   ] GC(81) Concurrent Cleanup for Next Mark 0.645ms
[2021-04-21T09:39:09.497+0000][7][gc           ] GC(81) Concurrent Cycle 183.455ms
[2021-04-21T09:39:09.569+0000][7][gc,start     ] GC(82) Pause Young (Normal) (G1 Evacuation Pause)
[2021-04-21T09:39:09.569+0000][7][gc,task      ] GC(82) Using 2 workers of 4 for evacuation
[2021-04-21T09:39:09.569+0000][7][gc,age       ] GC(82) Desired survivor size 1572864 bytes, new threshold 2 (max threshold 15)
[2021-04-21T09:39:09.575+0000][7][gc,age       ] GC(82) Age table with threshold 2 (max threshold 15)
[2021-04-21T09:39:09.575+0000][7][gc,age       ] GC(82) - age   1:    1043032 bytes,    1043032 total
[2021-04-21T09:39:09.575+0000][7][gc,age       ] GC(82) - age   2:     691672 bytes,    1734704 total
[2021-04-21T09:39:09.575+0000][7][gc,phases    ] GC(82)   Pre Evacuate Collection Set: 0.0ms
[2021-04-21T09:39:09.575+0000][7][gc,phases    ] GC(82)   Merge Heap Roots: 0.1ms
[2021-04-21T09:39:09.575+0000][7][gc,phases    ] GC(82)   Evacuate Collection Set: 5.1ms
[2021-04-21T09:39:09.575+0000][7][gc,phases    ] GC(82)   Post Evacuate Collection Set: 0.7ms
[2021-04-21T09:39:09.575+0000][7][gc,phases    ] GC(82)   Other: 0.2ms
[2021-04-21T09:39:09.575+0000][7][gc,heap      ] GC(82) Eden regions: 19->0(20)
[2021-04-21T09:39:09.575+0000][7][gc,heap      ] GC(82) Survivor regions: 2->2(3)
[2021-04-21T09:39:09.575+0000][7][gc,heap      ] GC(82) Old regions: 48->49
[2021-04-21T09:39:09.575+0000][7][gc,heap      ] GC(82) Archive regions: 2->2
[2021-04-21T09:39:09.575+0000][7][gc,heap      ] GC(82) Humongous regions: 1->1
[2021-04-21T09:39:09.576+0000][7][gc,metaspace ] GC(82) Metaspace: 46006K(50428K)->46006K(50428K) NonClass: 39751K(42416K)->39751K(42416K) Class: 6254K(8012K)->6254K(8012K)
[2021-04-21T09:39:09.576+0000][7][gc           ] GC(82) Pause Young (Normal) (G1 Evacuation Pause) 70M->52M(104M) 6.917ms
[2021-04-21T09:39:09.576+0000][7][gc,cpu       ] GC(82) User=0.01s Sys=0.00s Real=0.00s
[2021-04-21T09:39:09.576+0000][7][safepoint    ] Safepoint "G1CollectForAllocation", Time since last: 72425249 ns, Reaching safepoint: 161864 ns, At safepoint: 7018051 ns, Total: 7179915 ns
[2021-04-21T09:39:10.060+0000][7][gc,start     ] GC(83) Pause Young (Concurrent Start) (G1 Evacuation Pause)
[2021-04-21T09:39:10.060+0000][7][gc,task      ] GC(83) Using 2 workers of 4 for evacuation
[2021-04-21T09:39:10.060+0000][7][gc,age       ] GC(83) Desired survivor size 1572864 bytes, new threshold 2 (max threshold 15)
[2021-04-21T09:39:10.068+0000][7][gc,age       ] GC(83) Age table with threshold 2 (max threshold 15)
[2021-04-21T09:39:10.068+0000][7][gc,age       ] GC(83) - age   1:    1530176 bytes,    1530176 total
[2021-04-21T09:39:10.068+0000][7][gc,age       ] GC(83) - age   2:     985640 bytes,    2515816 total
[2021-04-21T09:39:10.068+0000][7][gc,phases    ] GC(83)   Pre Evacuate Collection Set: 0.3ms
[2021-04-21T09:39:10.068+0000][7][gc,phases    ] GC(83)   Merge Heap Roots: 0.1ms
[2021-04-21T09:39:10.068+0000][7][gc,phases    ] GC(83)   Evacuate Collection Set: 6.2ms
[2021-04-21T09:39:10.068+0000][7][gc,phases    ] GC(83)   Post Evacuate Collection Set: 0.9ms
[2021-04-21T09:39:10.068+0000][7][gc,phases    ] GC(83)   Other: 0.2ms
[2021-04-21T09:39:10.068+0000][7][gc,heap      ] GC(83) Eden regions: 20->0(18)
[2021-04-21T09:39:10.068+0000][7][gc,heap      ] GC(83) Survivor regions: 2->3(3)
[2021-04-21T09:39:10.068+0000][7][gc,heap      ] GC(83) Old regions: 49->50
[2021-04-21T09:39:10.068+0000][7][gc,heap      ] GC(83) Archive regions: 2->2
[2021-04-21T09:39:10.068+0000][7][gc,heap      ] GC(83) Humongous regions: 1->1
[2021-04-21T09:39:10.068+0000][7][gc,metaspace ] GC(83) Metaspace: 47892K(52348K)->47892K(52348K) NonClass: 41424K(44208K)->41424K(44208K) Class: 6468K(8140K)->6468K(8140K)
[2021-04-21T09:39:10.068+0000][7][gc           ] GC(83) Pause Young (Concurrent Start) (G1 Evacuation Pause) 72M->53M(104M) 7.905ms
[2021-04-21T09:39:10.068+0000][7][gc,cpu       ] GC(83) User=0.02s Sys=0.00s Real=0.01s
[2021-04-21T09:39:10.068+0000][7][safepoint    ] Safepoint "G1CollectForAllocation", Time since last: 484624120 ns, Reaching safepoint: 77899 ns, At safepoint: 7973701 ns, Total: 8051600 ns
[2021-04-21T09:39:10.068+0000][7][gc           ] GC(84) Concurrent Cycle
[2021-04-21T09:39:10.068+0000][7][gc,marking   ] GC(84) Concurrent Clear Claimed Marks
[2021-04-21T09:39:10.069+0000][7][gc,marking   ] GC(84) Concurrent Clear Claimed Marks 0.229ms
[2021-04-21T09:39:10.069+0000][7][gc,marking   ] GC(84) Concurrent Scan Root Regions
[2021-04-21T09:39:10.072+0000][7][gc,marking   ] GC(84) Concurrent Scan Root Regions 3.220ms
[2021-04-21T09:39:10.072+0000][7][gc,marking   ] GC(84) Concurrent Mark (16.599s)
[2021-04-21T09:39:10.072+0000][7][gc,marking   ] GC(84) Concurrent Mark From Roots
[2021-04-21T09:39:10.072+0000][7][gc,task      ] GC(84) Using 1 workers of 1 for marking
[2021-04-21T09:39:10.184+0000][7][gc,marking   ] GC(84) Concurrent Mark From Roots 111.627ms
[2021-04-21T09:39:10.184+0000][7][gc,marking   ] GC(84) Concurrent Preclean
[2021-04-21T09:39:10.184+0000][7][gc,marking   ] GC(84) Concurrent Preclean 0.154ms
[2021-04-21T09:39:10.184+0000][7][gc,marking   ] GC(84) Concurrent Mark (16.599s, 16.711s) 111.851ms
[2021-04-21T09:39:10.186+0000][7][gc,start     ] GC(84) Pause Remark
[2021-04-21T09:39:10.196+0000][7][gc           ] GC(84) Pause Remark 54M->54M(104M) 9.291ms
[2021-04-21T09:39:10.196+0000][7][gc,cpu       ] GC(84) User=0.01s Sys=0.00s Real=0.01s
[2021-04-21T09:39:10.196+0000][7][safepoint    ] Safepoint "G1Concurrent", Time since last: 115732575 ns, Reaching safepoint: 2126173 ns, At safepoint: 9396787 ns, Total: 11522960 ns
[2021-04-21T09:39:10.196+0000][7][gc,marking   ] GC(84) Concurrent Rebuild Remembered Sets
[2021-04-21T09:39:10.253+0000][7][gc,marking   ] GC(84) Concurrent Rebuild Remembered Sets 57.818ms
[2021-04-21T09:39:10.254+0000][7][gc,start     ] GC(84) Pause Cleanup
[2021-04-21T09:39:10.255+0000][7][gc           ] GC(84) Pause Cleanup 58M->58M(104M) 0.119ms
[2021-04-21T09:39:10.255+0000][7][gc,cpu       ] GC(84) User=0.00s Sys=0.00s Real=0.00s
[2021-04-21T09:39:10.255+0000][7][safepoint    ] Safepoint "G1Concurrent", Time since last: 58454939 ns, Reaching safepoint: 350750 ns, At safepoint: 177773 ns, Total: 528523 ns
[2021-04-21T09:39:10.255+0000][7][gc,marking   ] GC(84) Concurrent Cleanup for Next Mark
[2021-04-21T09:39:10.255+0000][7][gc,marking   ] GC(84) Concurrent Cleanup for Next Mark 0.317ms
[2021-04-21T09:39:10.255+0000][7][gc           ] GC(84) Concurrent Cycle 186.595ms
[2021-04-21T09:39:10.437+0000][7][gc,start     ] GC(85) Pause Young (Normal) (G1 Evacuation Pause)
[2021-04-21T09:39:10.437+0000][7][gc,task      ] GC(85) Using 2 workers of 4 for evacuation
[2021-04-21T09:39:10.437+0000][7][gc,age       ] GC(85) Desired survivor size 1572864 bytes, new threshold 2 (max threshold 15)
[2021-04-21T09:39:10.444+0000][7][gc,age       ] GC(85) Age table with threshold 2 (max threshold 15)
[2021-04-21T09:39:10.445+0000][7][gc,age       ] GC(85) - age   1:     825592 bytes,     825592 total
[2021-04-21T09:39:10.448+0000][7][gc,age       ] GC(85) - age   2:    1514344 bytes,    2339936 total
[2021-04-21T09:39:10.448+0000][7][gc,phases    ] GC(85)   Pre Evacuate Collection Set: 0.0ms
[2021-04-21T09:39:10.448+0000][7][gc,phases    ] GC(85)   Merge Heap Roots: 0.3ms
[2021-04-21T09:39:10.448+0000][7][gc,phases    ] GC(85)   Evacuate Collection Set: 5.7ms
[2021-04-21T09:39:10.448+0000][7][gc,phases    ] GC(85)   Post Evacuate Collection Set: 0.7ms
[2021-04-21T09:39:10.448+0000][7][gc,phases    ] GC(85)   Other: 3.8ms
[2021-04-21T09:39:10.448+0000][7][gc,heap      ] GC(85) Eden regions: 18->0(17)
[2021-04-21T09:39:10.448+0000][7][gc,heap      ] GC(85) Survivor regions: 3->3(3)
[2021-04-21T09:39:10.448+0000][7][gc,heap      ] GC(85) Old regions: 50->51
[2021-04-21T09:39:10.448+0000][7][gc,heap      ] GC(85) Archive regions: 2->2
[2021-04-21T09:39:10.448+0000][7][gc,heap      ] GC(85) Humongous regions: 1->1
[2021-04-21T09:39:10.448+0000][7][gc,metaspace ] GC(85) Metaspace: 48742K(53244K)->48742K(53244K) NonClass: 42168K(44976K)->42168K(44976K) Class: 6573K(8268K)->6573K(8268K)
[2021-04-21T09:39:10.448+0000][7][gc           ] GC(85) Pause Young (Normal) (G1 Evacuation Pause) 71M->54M(104M) 10.635ms
[2021-04-21T09:39:10.448+0000][7][gc,cpu       ] GC(85) User=0.02s Sys=0.00s Real=0.02s
[2021-04-21T09:39:10.448+0000][7][safepoint    ] Safepoint "G1CollectForAllocation", Time since last: 182568531 ns, Reaching safepoint: 71057 ns, At safepoint: 10710680 ns, Total: 10781737 ns
[2021-04-21T09:39:10.607+0000][7][gc,start     ] GC(86) Pause Young (Concurrent Start) (G1 Evacuation Pause)
[2021-04-21T09:39:10.608+0000][7][gc,task      ] GC(86) Using 2 workers of 4 for evacuation
[2021-04-21T09:39:10.608+0000][7][gc,age       ] GC(86) Desired survivor size 1572864 bytes, new threshold 2 (max threshold 15)
[2021-04-21T09:39:10.615+0000][7][gc,age       ] GC(86) Age table with threshold 2 (max threshold 15)
[2021-04-21T09:39:10.615+0000][7][gc,age       ] GC(86) - age   1:     930048 bytes,     930048 total
[2021-04-21T09:39:10.615+0000][7][gc,age       ] GC(86) - age   2:     719248 bytes,    1649296 total
[2021-04-21T09:39:10.616+0000][7][gc,phases    ] GC(86)   Pre Evacuate Collection Set: 0.8ms
[2021-04-21T09:39:10.616+0000][7][gc,phases    ] GC(86)   Merge Heap Roots: 0.1ms
[2021-04-21T09:39:10.616+0000][7][gc,phases    ] GC(86)   Evacuate Collection Set: 5.8ms
[2021-04-21T09:39:10.616+0000][7][gc,phases    ] GC(86)   Post Evacuate Collection Set: 0.5ms
[2021-04-21T09:39:10.616+0000][7][gc,phases    ] GC(86)   Other: 1.0ms
[2021-04-21T09:39:10.616+0000][7][gc,heap      ] GC(86) Eden regions: 17->0(17)
[2021-04-21T09:39:10.616+0000][7][gc,heap      ] GC(86) Survivor regions: 3->2(3)
[2021-04-21T09:39:10.616+0000][7][gc,heap      ] GC(86) Old regions: 51->53
[2021-04-21T09:39:10.616+0000][7][gc,heap      ] GC(86) Archive regions: 2->2
[2021-04-21T09:39:10.616+0000][7][gc,heap      ] GC(86) Humongous regions: 1->1
[2021-04-21T09:39:10.616+0000][7][gc,metaspace ] GC(86) Metaspace: 49877K(54524K)->49877K(54524K) NonClass: 43140K(46000K)->43140K(46000K) Class: 6736K(8524K)->6736K(8524K)
[2021-04-21T09:39:10.616+0000][7][gc           ] GC(86) Pause Young (Concurrent Start) (G1 Evacuation Pause) 71M->55M(104M) 8.380ms
[2021-04-21T09:39:10.616+0000][7][gc,cpu       ] GC(86) User=0.02s Sys=0.00s Real=0.00s
[2021-04-21T09:39:10.616+0000][7][safepoint    ] Safepoint "G1CollectForAllocation", Time since last: 159143354 ns, Reaching safepoint: 164955 ns, At safepoint: 8454733 ns, Total: 8619688 ns
[2021-04-21T09:39:10.616+0000][7][gc           ] GC(87) Concurrent Cycle
[2021-04-21T09:39:10.616+0000][7][gc,marking   ] GC(87) Concurrent Clear Claimed Marks
[2021-04-21T09:39:10.616+0000][7][gc,marking   ] GC(87) Concurrent Clear Claimed Marks 0.297ms
[2021-04-21T09:39:10.616+0000][7][gc,marking   ] GC(87) Concurrent Scan Root Regions
[2021-04-21T09:39:10.620+0000][7][gc,marking   ] GC(87) Concurrent Scan Root Regions 3.869ms
[2021-04-21T09:39:10.620+0000][7][gc,marking   ] GC(87) Concurrent Mark (17.147s)
[2021-04-21T09:39:10.620+0000][7][gc,marking   ] GC(87) Concurrent Mark From Roots
[2021-04-21T09:39:10.620+0000][7][gc,task      ] GC(87) Using 1 workers of 1 for marking
[2021-04-21T09:39:10.749+0000][7][gc,marking   ] GC(87) Concurrent Mark From Roots 128.598ms
[2021-04-21T09:39:10.749+0000][7][gc,marking   ] GC(87) Concurrent Preclean
[2021-04-21T09:39:10.749+0000][7][gc,marking   ] GC(87) Concurrent Preclean 0.238ms
[2021-04-21T09:39:10.749+0000][7][gc,marking   ] GC(87) Concurrent Mark (17.147s, 17.276s) 128.922ms
[2021-04-21T09:39:10.750+0000][7][gc,start     ] GC(87) Pause Remark
[2021-04-21T09:39:10.758+0000][7][gc           ] GC(87) Pause Remark 61M->61M(109M) 7.444ms
[2021-04-21T09:39:10.758+0000][7][gc,cpu       ] GC(87) User=0.02s Sys=0.00s Real=0.00s
[2021-04-21T09:39:10.758+0000][7][safepoint    ] Safepoint "G1Concurrent", Time since last: 133243949 ns, Reaching safepoint: 1210657 ns, At safepoint: 7532890 ns, Total: 8743547 ns
[2021-04-21T09:39:10.758+0000][7][gc,marking   ] GC(87) Concurrent Rebuild Remembered Sets
[2021-04-21T09:39:10.846+0000][7][gc,marking   ] GC(87) Concurrent Rebuild Remembered Sets 87.877ms
[2021-04-21T09:39:10.846+0000][7][gc,start     ] GC(87) Pause Cleanup
[2021-04-21T09:39:10.846+0000][7][gc           ] GC(87) Pause Cleanup 67M->67M(109M) 0.112ms
[2021-04-21T09:39:10.846+0000][7][gc,cpu       ] GC(87) User=0.00s Sys=0.00s Real=0.00s
[2021-04-21T09:39:10.846+0000][7][safepoint    ] Safepoint "G1Concurrent", Time since last: 87982226 ns, Reaching safepoint: 326071 ns, At safepoint: 150685 ns, Total: 476756 ns
[2021-04-21T09:39:10.846+0000][7][gc,marking   ] GC(87) Concurrent Cleanup for Next Mark
[2021-04-21T09:39:10.846+0000][7][gc,marking   ] GC(87) Concurrent Cleanup for Next Mark 0.257ms
[2021-04-21T09:39:10.846+0000][7][gc           ] GC(87) Concurrent Cycle 230.736ms
[2021-04-21T09:39:10.891+0000][7][gc,start     ] GC(88) Pause Young (Normal) (G1 Evacuation Pause)
[2021-04-21T09:39:10.891+0000][7][gc,task      ] GC(88) Using 2 workers of 4 for evacuation
[2021-04-21T09:39:10.891+0000][7][gc,age       ] GC(88) Desired survivor size 1572864 bytes, new threshold 2 (max threshold 15)
[2021-04-21T09:39:10.898+0000][7][gc,age       ] GC(88) Age table with threshold 2 (max threshold 15)
[2021-04-21T09:39:10.899+0000][7][gc,age       ] GC(88) - age   1:    1333536 bytes,    1333536 total
[2021-04-21T09:39:10.899+0000][7][gc,age       ] GC(88) - age   2:     909416 bytes,    2242952 total
[2021-04-21T09:39:10.899+0000][7][gc,phases    ] GC(88)   Pre Evacuate Collection Set: 0.0ms
[2021-04-21T09:39:10.899+0000][7][gc,phases    ] GC(88)   Merge Heap Roots: 0.1ms
[2021-04-21T09:39:10.899+0000][7][gc,phases    ] GC(88)   Evacuate Collection Set: 7.1ms
[2021-04-21T09:39:10.899+0000][7][gc,phases    ] GC(88)   Post Evacuate Collection Set: 0.4ms
[2021-04-21T09:39:10.899+0000][7][gc,phases    ] GC(88)   Other: 0.2ms
[2021-04-21T09:39:10.899+0000][7][gc,heap      ] GC(88) Eden regions: 17->0(18)
[2021-04-21T09:39:10.899+0000][7][gc,heap      ] GC(88) Survivor regions: 2->3(3)
[2021-04-21T09:39:10.899+0000][7][gc,heap      ] GC(88) Old regions: 53->53
[2021-04-21T09:39:10.899+0000][7][gc,heap      ] GC(88) Archive regions: 2->2
[2021-04-21T09:39:10.899+0000][7][gc,heap      ] GC(88) Humongous regions: 1->1
[2021-04-21T09:39:10.899+0000][7][gc,metaspace ] GC(88) Metaspace: 51373K(56060K)->51373K(56060K) NonClass: 44400K(47280K)->44400K(47280K) Class: 6972K(8780K)->6972K(8780K)
[2021-04-21T09:39:10.899+0000][7][gc           ] GC(88) Pause Young (Normal) (G1 Evacuation Pause) 72M->57M(109M) 7.911ms
[2021-04-21T09:39:10.899+0000][7][gc,cpu       ] GC(88) User=0.02s Sys=0.00s Real=0.01s
[2021-04-21T09:39:10.899+0000][7][safepoint    ] Safepoint "G1CollectForAllocation", Time since last: 44480410 ns, Reaching safepoint: 65143 ns, At safepoint: 7985955 ns, Total: 8051098 ns
[2021-04-21T09:39:11.089+0000][7][safepoint    ] Safepoint "BulkRevokeBias", Time since last: 189554682 ns, Reaching safepoint: 404610 ns, At safepoint: 115272 ns, Total: 519882 ns
[2021-04-21T09:39:11.095+0000][7][safepoint    ] Safepoint "BulkRevokeBias", Time since last: 6453866 ns, Reaching safepoint: 40323 ns, At safepoint: 90625 ns, Total: 130948 ns
[2021-04-21T09:39:11.099+0000][7][safepoint    ] Safepoint "BulkRevokeBias", Time since last: 3074174 ns, Reaching safepoint: 101741 ns, At safepoint: 91840 ns, Total: 193581 ns
[2021-04-21T09:39:11.106+0000][7][safepoint    ] Safepoint "BulkRevokeBias", Time since last: 7109444 ns, Reaching safepoint: 573991 ns, At safepoint: 119020 ns, Total: 693011 ns
[2021-04-21T09:39:11.119+0000][7][gc,start     ] GC(89) Pause Young (Concurrent Start) (G1 Evacuation Pause)
[2021-04-21T09:39:11.120+0000][7][gc,task      ] GC(89) Using 2 workers of 4 for evacuation
[2021-04-21T09:39:11.120+0000][7][gc,age       ] GC(89) Desired survivor size 1572864 bytes, new threshold 2 (max threshold 15)
[2021-04-21T09:39:11.128+0000][7][gc,age       ] GC(89) Age table with threshold 2 (max threshold 15)
[2021-04-21T09:39:11.128+0000][7][gc,age       ] GC(89) - age   1:     430736 bytes,     430736 total
[2021-04-21T09:39:11.128+0000][7][gc,age       ] GC(89) - age   2:    1322544 bytes,    1753280 total
[2021-04-21T09:39:11.128+0000][7][gc,phases    ] GC(89)   Pre Evacuate Collection Set: 0.3ms
[2021-04-21T09:39:11.128+0000][7][gc,phases    ] GC(89)   Merge Heap Roots: 0.1ms
[2021-04-21T09:39:11.128+0000][7][gc,phases    ] GC(89)   Evacuate Collection Set: 7.3ms
[2021-04-21T09:39:11.128+0000][7][gc,phases    ] GC(89)   Post Evacuate Collection Set: 0.8ms
[2021-04-21T09:39:11.128+0000][7][gc,phases    ] GC(89)   Other: 0.2ms
[2021-04-21T09:39:11.128+0000][7][gc,heap      ] GC(89) Eden regions: 18->0(19)
[2021-04-21T09:39:11.128+0000][7][gc,heap      ] GC(89) Survivor regions: 3->2(3)
[2021-04-21T09:39:11.128+0000][7][gc,heap      ] GC(89) Old regions: 53->54
[2021-04-21T09:39:11.128+0000][7][gc,heap      ] GC(89) Archive regions: 2->2
[2021-04-21T09:39:11.128+0000][7][gc,heap      ] GC(89) Humongous regions: 1->1
[2021-04-21T09:39:11.128+0000][7][gc,metaspace ] GC(89) Metaspace: 52966K(57724K)->52966K(57724K) NonClass: 45824K(48816K)->45824K(48816K) Class: 7141K(8908K)->7141K(8908K)
[2021-04-21T09:39:11.128+0000][7][gc           ] GC(89) Pause Young (Concurrent Start) (G1 Evacuation Pause) 75M->57M(109M) 8.718ms
[2021-04-21T09:39:11.128+0000][7][gc,cpu       ] GC(89) User=0.01s Sys=0.00s Real=0.01s
[2021-04-21T09:39:11.128+0000][7][gc           ] GC(90) Concurrent Cycle
[2021-04-21T09:39:11.128+0000][7][gc,marking   ] GC(90) Concurrent Clear Claimed Marks
[2021-04-21T09:39:11.129+0000][7][gc,marking   ] GC(90) Concurrent Clear Claimed Marks 0.248ms
[2021-04-21T09:39:11.129+0000][7][gc,marking   ] GC(90) Concurrent Scan Root Regions
[2021-04-21T09:39:11.132+0000][7][gc,marking   ] GC(90) Concurrent Scan Root Regions 3.615ms
[2021-04-21T09:39:11.132+0000][7][gc,marking   ] GC(90) Concurrent Mark (17.660s)
[2021-04-21T09:39:11.132+0000][7][gc,marking   ] GC(90) Concurrent Mark From Roots
[2021-04-21T09:39:11.132+0000][7][gc,task      ] GC(90) Using 1 workers of 1 for marking
[2021-04-21T09:39:11.132+0000][7][safepoint    ] Safepoint "G1CollectForAllocation", Time since last: 12991726 ns, Reaching safepoint: 54847 ns, At safepoint: 12687238 ns, Total: 12742085 ns
[2021-04-21T09:39:11.271+0000][7][gc,start     ] GC(91) Pause Young (Normal) (G1 Evacuation Pause)
[2021-04-21T09:39:11.271+0000][7][gc,task      ] GC(91) Using 2 workers of 4 for evacuation
[2021-04-21T09:39:11.271+0000][7][gc,age       ] GC(91) Desired survivor size 1572864 bytes, new threshold 2 (max threshold 15)
[2021-04-21T09:39:11.277+0000][7][gc,age       ] GC(91) Age table with threshold 2 (max threshold 15)
[2021-04-21T09:39:11.278+0000][7][gc,age       ] GC(91) - age   1:     235904 bytes,     235904 total
[2021-04-21T09:39:11.278+0000][7][gc,age       ] GC(91) - age   2:     422144 bytes,     658048 total
[2021-04-21T09:39:11.278+0000][7][gc,phases    ] GC(91)   Pre Evacuate Collection Set: 0.2ms
[2021-04-21T09:39:11.278+0000][7][gc,phases    ] GC(91)   Merge Heap Roots: 0.1ms
[2021-04-21T09:39:11.278+0000][7][gc,phases    ] GC(91)   Evacuate Collection Set: 5.7ms
[2021-04-21T09:39:11.278+0000][7][gc,phases    ] GC(91)   Post Evacuate Collection Set: 0.8ms
[2021-04-21T09:39:11.278+0000][7][gc,phases    ] GC(91)   Other: 0.2ms
[2021-04-21T09:39:11.278+0000][7][gc,heap      ] GC(91) Eden regions: 19->0(18)
[2021-04-21T09:39:11.278+0000][7][gc,heap      ] GC(91) Survivor regions: 2->1(3)
[2021-04-21T09:39:11.278+0000][7][gc,heap      ] GC(91) Old regions: 54->56
[2021-04-21T09:39:11.278+0000][7][gc,heap      ] GC(91) Archive regions: 2->2
[2021-04-21T09:39:11.278+0000][7][gc,heap      ] GC(91) Humongous regions: 1->1
[2021-04-21T09:39:11.278+0000][7][gc,metaspace ] GC(91) Metaspace: 54010K(58748K)->54010K(58748K) NonClass: 46698K(49584K)->46698K(49584K) Class: 7312K(9164K)->7312K(9164K)
[2021-04-21T09:39:11.278+0000][7][gc           ] GC(91) Pause Young (Normal) (G1 Evacuation Pause) 76M->57M(109M) 7.135ms
[2021-04-21T09:39:11.278+0000][7][gc,cpu       ] GC(91) User=0.01s Sys=0.00s Real=0.00s
[2021-04-21T09:39:11.278+0000][7][safepoint    ] Safepoint "G1CollectForAllocation", Time since last: 138221409 ns, Reaching safepoint: 156146 ns, At safepoint: 7212758 ns, Total: 7368904 ns
[2021-04-21T09:39:11.287+0000][7][gc,marking   ] GC(90) Concurrent Mark From Roots 154.358ms
[2021-04-21T09:39:11.287+0000][7][gc,marking   ] GC(90) Concurrent Preclean
[2021-04-21T09:39:11.287+0000][7][gc,marking   ] GC(90) Concurrent Preclean 0.258ms
[2021-04-21T09:39:11.287+0000][7][gc,marking   ] GC(90) Concurrent Mark (17.660s, 17.814s) 154.713ms
[2021-04-21T09:39:11.288+0000][7][gc,start     ] GC(90) Pause Remark
[2021-04-21T09:39:11.294+0000][7][gc           ] GC(90) Pause Remark 59M->59M(109M) 5.985ms
[2021-04-21T09:39:11.294+0000][7][gc,cpu       ] GC(90) User=0.01s Sys=0.00s Real=0.00s
[2021-04-21T09:39:11.294+0000][7][safepoint    ] Safepoint "G1Concurrent", Time since last: 9401321 ns, Reaching safepoint: 545625 ns, At safepoint: 6080930 ns, Total: 6626555 ns
[2021-04-21T09:39:11.294+0000][7][gc,marking   ] GC(90) Concurrent Rebuild Remembered Sets
[2021-04-21T09:39:11.361+0000][7][gc,start     ] GC(92) Pause Young (Normal) (G1 Evacuation Pause)
[2021-04-21T09:39:11.361+0000][7][gc,task      ] GC(92) Using 2 workers of 4 for evacuation
[2021-04-21T09:39:11.361+0000][7][gc,age       ] GC(92) Desired survivor size 1572864 bytes, new threshold 15 (max threshold 15)
[2021-04-21T09:39:11.364+0000][7][gc,age       ] GC(92) Age table with threshold 15 (max threshold 15)
[2021-04-21T09:39:11.364+0000][7][gc,age       ] GC(92) - age   1:     214224 bytes,     214224 total
[2021-04-21T09:39:11.364+0000][7][gc,age       ] GC(92) - age   2:     226072 bytes,     440296 total
[2021-04-21T09:39:11.364+0000][7][gc,age       ] GC(92) - age   3:     421792 bytes,     862088 total
[2021-04-21T09:39:11.364+0000][7][gc,phases    ] GC(92)   Pre Evacuate Collection Set: 0.1ms
[2021-04-21T09:39:11.364+0000][7][gc,phases    ] GC(92)   Merge Heap Roots: 0.1ms
[2021-04-21T09:39:11.364+0000][7][gc,phases    ] GC(92)   Evacuate Collection Set: 2.9ms
[2021-04-21T09:39:11.364+0000][7][gc,phases    ] GC(92)   Post Evacuate Collection Set: 0.4ms
[2021-04-21T09:39:11.364+0000][7][gc,phases    ] GC(92)   Other: 0.2ms
[2021-04-21T09:39:11.364+0000][7][gc,heap      ] GC(92) Eden regions: 18->0(18)
[2021-04-21T09:39:11.364+0000][7][gc,heap      ] GC(92) Survivor regions: 1->1(3)
[2021-04-21T09:39:11.364+0000][7][gc,heap      ] GC(92) Old regions: 56->56
[2021-04-21T09:39:11.364+0000][7][gc,heap      ] GC(92) Archive regions: 2->2
[2021-04-21T09:39:11.364+0000][7][gc,heap      ] GC(92) Humongous regions: 1->1
[2021-04-21T09:39:11.364+0000][7][gc,metaspace ] GC(92) Metaspace: 54742K(59516K)->54742K(59516K) NonClass: 47259K(50096K)->47259K(50096K) Class: 7482K(9420K)->7482K(9420K)
[2021-04-21T09:39:11.364+0000][7][gc           ] GC(92) Pause Young (Normal) (G1 Evacuation Pause) 75M->57M(109M) 3.773ms
[2021-04-21T09:39:11.364+0000][7][gc,cpu       ] GC(92) User=0.00s Sys=0.00s Real=0.00s
[2021-04-21T09:39:11.364+0000][7][safepoint    ] Safepoint "G1CollectForAllocation", Time since last: 66232262 ns, Reaching safepoint: 559873 ns, At safepoint: 3833343 ns, Total: 4393216 ns
[2021-04-21T09:39:11.365+0000][7][gc,marking   ] GC(90) Concurrent Rebuild Remembered Sets 70.811ms
[2021-04-21T09:39:11.365+0000][7][gc,start     ] GC(90) Pause Cleanup
[2021-04-21T09:39:11.366+0000][7][gc           ] GC(90) Pause Cleanup 57M->57M(109M) 0.118ms
[2021-04-21T09:39:11.366+0000][7][gc,cpu       ] GC(90) User=0.00s Sys=0.00s Real=0.00s
[2021-04-21T09:39:11.366+0000][7][safepoint    ] Safepoint "G1Concurrent", Time since last: 732708 ns, Reaching safepoint: 247672 ns, At safepoint: 168628 ns, Total: 416300 ns
[2021-04-21T09:39:11.366+0000][7][gc,marking   ] GC(90) Concurrent Cleanup for Next Mark
[2021-04-21T09:39:11.366+0000][7][gc,marking   ] GC(90) Concurrent Cleanup for Next Mark 0.230ms
[2021-04-21T09:39:11.366+0000][7][gc           ] GC(90) Concurrent Cycle 237.604ms
[2021-04-21T09:39:11.447+0000][7][gc,start     ] GC(93) Pause Young (Normal) (G1 Evacuation Pause)
[2021-04-21T09:39:11.447+0000][7][gc,task      ] GC(93) Using 2 workers of 4 for evacuation
[2021-04-21T09:39:11.448+0000][7][gc,age       ] GC(93) Desired survivor size 1572864 bytes, new threshold 15 (max threshold 15)
[2021-04-21T09:39:11.451+0000][7][gc,age       ] GC(93) Age table with threshold 15 (max threshold 15)
[2021-04-21T09:39:11.451+0000][7][gc,age       ] GC(93) - age   1:     190192 bytes,     190192 total
[2021-04-21T09:39:11.451+0000][7][gc,age       ] GC(93) - age   2:     202296 bytes,     392488 total
[2021-04-21T09:39:11.451+0000][7][gc,age       ] GC(93) - age   3:     224840 bytes,     617328 total
[2021-04-21T09:39:11.451+0000][7][gc,age       ] GC(93) - age   4:     421648 bytes,    1038976 total
[2021-04-21T09:39:11.451+0000][7][gc,phases    ] GC(93)   Pre Evacuate Collection Set: 0.0ms
[2021-04-21T09:39:11.451+0000][7][gc,phases    ] GC(93)   Merge Heap Roots: 0.1ms
[2021-04-21T09:39:11.451+0000][7][gc,phases    ] GC(93)   Evacuate Collection Set: 2.6ms
[2021-04-21T09:39:11.451+0000][7][gc,phases    ] GC(93)   Post Evacuate Collection Set: 0.5ms
[2021-04-21T09:39:11.451+0000][7][gc,phases    ] GC(93)   Other: 0.2ms
[2021-04-21T09:39:11.451+0000][7][gc,heap      ] GC(93) Eden regions: 18->0(18)
[2021-04-21T09:39:11.451+0000][7][gc,heap      ] GC(93) Survivor regions: 1->2(3)
[2021-04-21T09:39:11.451+0000][7][gc,heap      ] GC(93) Old regions: 56->56
[2021-04-21T09:39:11.451+0000][7][gc,heap      ] GC(93) Archive regions: 2->2
[2021-04-21T09:39:11.451+0000][7][gc,heap      ] GC(93) Humongous regions: 1->1
[2021-04-21T09:39:11.451+0000][7][gc,metaspace ] GC(93) Metaspace: 55413K(60412K)->55413K(60412K) NonClass: 47819K(50864K)->47819K(50864K) Class: 7593K(9548K)->7593K(9548K)
[2021-04-21T09:39:11.451+0000][7][gc           ] GC(93) Pause Young (Normal) (G1 Evacuation Pause) 75M->58M(109M) 3.464ms
[2021-04-21T09:39:11.451+0000][7][gc,cpu       ] GC(93) User=0.00s Sys=0.00s Real=0.00s
[2021-04-21T09:39:11.451+0000][7][safepoint    ] Safepoint "G1CollectForAllocation", Time since last: 81814256 ns, Reaching safepoint: 58869 ns, At safepoint: 3528048 ns, Total: 3586917 ns
[2021-04-21T09:39:11.632+0000][7][gc,start     ] GC(94) Pause Young (Concurrent Start) (G1 Evacuation Pause)
[2021-04-21T09:39:11.633+0000][7][gc,task      ] GC(94) Using 2 workers of 4 for evacuation
[2021-04-21T09:39:11.633+0000][7][gc,age       ] GC(94) Desired survivor size 1572864 bytes, new threshold 15 (max threshold 15)
[2021-04-21T09:39:11.639+0000][7][gc,age       ] GC(94) Age table with threshold 15 (max threshold 15)
[2021-04-21T09:39:11.639+0000][7][gc,age       ] GC(94) - age   1:     349752 bytes,     349752 total
[2021-04-21T09:39:11.639+0000][7][gc,age       ] GC(94) - age   2:     188992 bytes,     538744 total
[2021-04-21T09:39:11.639+0000][7][gc,age       ] GC(94) - age   3:     202296 bytes,     741040 total
[2021-04-21T09:39:11.639+0000][7][gc,age       ] GC(94) - age   4:     224744 bytes,     965784 total
[2021-04-21T09:39:11.639+0000][7][gc,age       ] GC(94) - age   5:     421272 bytes,    1387056 total
[2021-04-21T09:39:11.639+0000][7][gc,phases    ] GC(94)   Pre Evacuate Collection Set: 0.3ms
[2021-04-21T09:39:11.639+0000][7][gc,phases    ] GC(94)   Merge Heap Roots: 0.2ms
[2021-04-21T09:39:11.639+0000][7][gc,phases    ] GC(94)   Evacuate Collection Set: 5.4ms
[2021-04-21T09:39:11.639+0000][7][gc,phases    ] GC(94)   Post Evacuate Collection Set: 0.6ms
[2021-04-21T09:39:11.639+0000][7][gc,phases    ] GC(94)   Other: 0.3ms
[2021-04-21T09:39:11.639+0000][7][gc,heap      ] GC(94) Eden regions: 18->0(18)
[2021-04-21T09:39:11.639+0000][7][gc,heap      ] GC(94) Survivor regions: 2->2(3)
[2021-04-21T09:39:11.639+0000][7][gc,heap      ] GC(94) Old regions: 56->56
[2021-04-21T09:39:11.639+0000][7][gc,heap      ] GC(94) Archive regions: 2->2
[2021-04-21T09:39:11.639+0000][7][gc,heap      ] GC(94) Humongous regions: 1->1
[2021-04-21T09:39:11.639+0000][7][gc,metaspace ] GC(94) Metaspace: 57658K(62588K)->57658K(62588K) NonClass: 49763K(52656K)->49763K(52656K) Class: 7894K(9932K)->7894K(9932K)
[2021-04-21T09:39:11.639+0000][7][gc           ] GC(94) Pause Young (Concurrent Start) (G1 Evacuation Pause) 76M->58M(109M) 6.818ms
[2021-04-21T09:39:11.639+0000][7][gc,cpu       ] GC(94) User=0.02s Sys=0.00s Real=0.01s
[2021-04-21T09:39:11.639+0000][7][safepoint    ] Safepoint "G1CollectForAllocation", Time since last: 180823356 ns, Reaching safepoint: 677453 ns, At safepoint: 6891413 ns, Total: 7568866 ns
[2021-04-21T09:39:11.639+0000][7][gc           ] GC(95) Concurrent Cycle
[2021-04-21T09:39:11.639+0000][7][gc,marking   ] GC(95) Concurrent Clear Claimed Marks
[2021-04-21T09:39:11.640+0000][7][gc,marking   ] GC(95) Concurrent Clear Claimed Marks 0.285ms
[2021-04-21T09:39:11.640+0000][7][gc,marking   ] GC(95) Concurrent Scan Root Regions
[2021-04-21T09:39:11.642+0000][7][gc,marking   ] GC(95) Concurrent Scan Root Regions 2.604ms
[2021-04-21T09:39:11.642+0000][7][gc,marking   ] GC(95) Concurrent Mark (18.170s)
[2021-04-21T09:39:11.642+0000][7][gc,marking   ] GC(95) Concurrent Mark From Roots
[2021-04-21T09:39:11.643+0000][7][gc,task      ] GC(95) Using 1 workers of 1 for marking
[2021-04-21T09:39:11.789+0000][7][gc,marking   ] GC(95) Concurrent Mark From Roots 147.070ms
[2021-04-21T09:39:11.789+0000][7][gc,marking   ] GC(95) Concurrent Preclean
[2021-04-21T09:39:11.790+0000][7][gc,marking   ] GC(95) Concurrent Preclean 0.250ms
[2021-04-21T09:39:11.790+0000][7][gc,marking   ] GC(95) Concurrent Mark (18.170s, 18.317s) 147.415ms
[2021-04-21T09:39:11.791+0000][7][gc,start     ] GC(95) Pause Remark
[2021-04-21T09:39:11.804+0000][7][gc           ] GC(95) Pause Remark 76M->76M(128M) 12.788ms
[2021-04-21T09:39:11.804+0000][7][gc,cpu       ] GC(95) User=0.02s Sys=0.01s Real=0.01s
[2021-04-21T09:39:11.804+0000][7][safepoint    ] Safepoint "G1Concurrent", Time since last: 150455776 ns, Reaching safepoint: 1589078 ns, At safepoint: 12874332 ns, Total: 14463410 ns
[2021-04-21T09:39:11.804+0000][7][gc,marking   ] GC(95) Concurrent Rebuild Remembered Sets
[2021-04-21T09:39:11.807+0000][7][gc,start     ] GC(96) Pause Young (Normal) (G1 Evacuation Pause)
[2021-04-21T09:39:11.807+0000][7][gc,task      ] GC(96) Using 3 workers of 4 for evacuation
[2021-04-21T09:39:11.807+0000][7][gc,age       ] GC(96) Desired survivor size 1572864 bytes, new threshold 15 (max threshold 15)
[2021-04-21T09:39:11.813+0000][7][gc,age       ] GC(96) Age table with threshold 15 (max threshold 15)
[2021-04-21T09:39:11.813+0000][7][gc,age       ] GC(96) - age   1:     230904 bytes,     230904 total
[2021-04-21T09:39:11.813+0000][7][gc,age       ] GC(96) - age   2:     335744 bytes,     566648 total
[2021-04-21T09:39:11.813+0000][7][gc,age       ] GC(96) - age   3:     188896 bytes,     755544 total
[2021-04-21T09:39:11.813+0000][7][gc,age       ] GC(96) - age   4:     202104 bytes,     957648 total
[2021-04-21T09:39:11.813+0000][7][gc,age       ] GC(96) - age   5:     221352 bytes,    1179000 total
[2021-04-21T09:39:11.813+0000][7][gc,age       ] GC(96) - age   6:     419752 bytes,    1598752 total
[2021-04-21T09:39:11.813+0000][7][gc,phases    ] GC(96)   Pre Evacuate Collection Set: 0.0ms
[2021-04-21T09:39:11.813+0000][7][gc,phases    ] GC(96)   Merge Heap Roots: 0.1ms
[2021-04-21T09:39:11.813+0000][7][gc,phases    ] GC(96)   Evacuate Collection Set: 5.1ms
[2021-04-21T09:39:11.813+0000][7][gc,phases    ] GC(96)   Post Evacuate Collection Set: 0.6ms
[2021-04-21T09:39:11.813+0000][7][gc,phases    ] GC(96)   Other: 0.4ms
[2021-04-21T09:39:11.813+0000][7][gc,heap      ] GC(96) Eden regions: 18->0(32)
[2021-04-21T09:39:11.813+0000][7][gc,heap      ] GC(96) Survivor regions: 2->2(3)
[2021-04-21T09:39:11.814+0000][7][gc,heap      ] GC(96) Old regions: 56->56
[2021-04-21T09:39:11.814+0000][7][gc,heap      ] GC(96) Archive regions: 2->2
[2021-04-21T09:39:11.814+0000][7][gc,heap      ] GC(96) Humongous regions: 1->1
[2021-04-21T09:39:11.814+0000][7][gc,metaspace ] GC(96) Metaspace: 58982K(63996K)->58982K(63996K) NonClass: 50906K(53936K)->50906K(53936K) Class: 8076K(10060K)->8076K(10060K)
[2021-04-21T09:39:11.814+0000][7][gc           ] GC(96) Pause Young (Normal) (G1 Evacuation Pause) 76M->58M(128M) 6.933ms
[2021-04-21T09:39:11.814+0000][7][gc,cpu       ] GC(96) User=0.01s Sys=0.00s Real=0.00s
[2021-04-21T09:39:11.814+0000][7][safepoint    ] Safepoint "G1CollectForAllocation", Time since last: 2028662 ns, Reaching safepoint: 587494 ns, At safepoint: 7013974 ns, Total: 7601468 ns
[2021-04-21T09:39:11.886+0000][7][gc,marking   ] GC(95) Concurrent Rebuild Remembered Sets 81.760ms
[2021-04-21T09:39:11.887+0000][7][gc,start     ] GC(95) Pause Cleanup
[2021-04-21T09:39:11.887+0000][7][gc           ] GC(95) Pause Cleanup 68M->68M(128M) 0.168ms
[2021-04-21T09:39:11.887+0000][7][gc,cpu       ] GC(95) User=0.00s Sys=0.00s Real=0.00s
[2021-04-21T09:39:11.887+0000][7][safepoint    ] Safepoint "G1Concurrent", Time since last: 72245169 ns, Reaching safepoint: 597149 ns, At safepoint: 220134 ns, Total: 817283 ns
[2021-04-21T09:39:11.887+0000][7][gc,marking   ] GC(95) Concurrent Cleanup for Next Mark
[2021-04-21T09:39:11.887+0000][7][gc,marking   ] GC(95) Concurrent Cleanup for Next Mark 0.301ms
[2021-04-21T09:39:11.887+0000][7][gc           ] GC(95) Concurrent Cycle 248.003ms
[2021-04-21T09:39:12.167+0000][7][gc,start     ] GC(97) Pause Young (Normal) (G1 Evacuation Pause)
[2021-04-21T09:39:12.167+0000][7][gc,task      ] GC(97) Using 3 workers of 4 for evacuation
[2021-04-21T09:39:12.167+0000][7][gc,age       ] GC(97) Desired survivor size 2621440 bytes, new threshold 15 (max threshold 15)
[2021-04-21T09:39:12.172+0000][7][gc,age       ] GC(97) Age table with threshold 15 (max threshold 15)
[2021-04-21T09:39:12.172+0000][7][gc,age       ] GC(97) - age   1:    1193632 bytes,    1193632 total
[2021-04-21T09:39:12.172+0000][7][gc,age       ] GC(97) - age   2:     211312 bytes,    1404944 total
[2021-04-21T09:39:12.172+0000][7][gc,age       ] GC(97) - age   3:     334912 bytes,    1739856 total
[2021-04-21T09:39:12.172+0000][7][gc,age       ] GC(97) - age   4:     187680 bytes,    1927536 total
[2021-04-21T09:39:12.172+0000][7][gc,age       ] GC(97) - age   5:     202040 bytes,    2129576 total
[2021-04-21T09:39:12.172+0000][7][gc,age       ] GC(97) - age   6:     220992 bytes,    2350568 total
[2021-04-21T09:39:12.172+0000][7][gc,age       ] GC(97) - age   7:     417208 bytes,    2767776 total
[2021-04-21T09:39:12.172+0000][7][gc,phases    ] GC(97)   Pre Evacuate Collection Set: 0.0ms
[2021-04-21T09:39:12.172+0000][7][gc,phases    ] GC(97)   Merge Heap Roots: 0.1ms
[2021-04-21T09:39:12.172+0000][7][gc,phases    ] GC(97)   Evacuate Collection Set: 4.5ms
[2021-04-21T09:39:12.172+0000][7][gc,phases    ] GC(97)   Post Evacuate Collection Set: 0.6ms
[2021-04-21T09:39:12.172+0000][7][gc,phases    ] GC(97)   Other: 0.2ms
[2021-04-21T09:39:12.172+0000][7][gc,heap      ] GC(97) Eden regions: 32->0(31)
[2021-04-21T09:39:12.172+0000][7][gc,heap      ] GC(97) Survivor regions: 2->3(5)
[2021-04-21T09:39:12.172+0000][7][gc,heap      ] GC(97) Old regions: 56->56
[2021-04-21T09:39:12.172+0000][7][gc,heap      ] GC(97) Archive regions: 2->2
[2021-04-21T09:39:12.172+0000][7][gc,heap      ] GC(97) Humongous regions: 1->1
[2021-04-21T09:39:12.172+0000][7][gc,metaspace ] GC(97) Metaspace: 63538K(68860K)->63538K(68860K) NonClass: 54874K(58032K)->54874K(58032K) Class: 8664K(10828K)->8664K(10828K)
[2021-04-21T09:39:12.172+0000][7][gc           ] GC(97) Pause Young (Normal) (G1 Evacuation Pause) 90M->59M(128M) 5.596ms
[2021-04-21T09:39:12.172+0000][7][gc,cpu       ] GC(97) User=0.02s Sys=0.00s Real=0.00s
[2021-04-21T09:39:12.172+0000][7][safepoint    ] Safepoint "G1CollectForAllocation", Time since last: 278661692 ns, Reaching safepoint: 968298 ns, At safepoint: 5653978 ns, Total: 6622276 ns
[2021-04-21T09:39:12.531+0000][7][gc,start     ] GC(98) Pause Young (Concurrent Start) (G1 Evacuation Pause)
[2021-04-21T09:39:12.532+0000][7][gc,task      ] GC(98) Using 3 workers of 4 for evacuation
[2021-04-21T09:39:12.532+0000][7][gc,age       ] GC(98) Desired survivor size 2621440 bytes, new threshold 7 (max threshold 15)
[2021-04-21T09:39:12.546+0000][7][gc,age       ] GC(98) Age table with threshold 7 (max threshold 15)
[2021-04-21T09:39:12.546+0000][7][gc,age       ] GC(98) - age   1:    1933592 bytes,    1933592 total
[2021-04-21T09:39:12.547+0000][7][gc,age       ] GC(98) - age   2:    1153888 bytes,    3087480 total
[2021-04-21T09:39:12.547+0000][7][gc,age       ] GC(98) - age   3:     210872 bytes,    3298352 total
[2021-04-21T09:39:12.547+0000][7][gc,age       ] GC(98) - age   4:     334120 bytes,    3632472 total
[2021-04-21T09:39:12.547+0000][7][gc,age       ] GC(98) - age   5:     187056 bytes,    3819528 total
[2021-04-21T09:39:12.547+0000][7][gc,age       ] GC(98) - age   6:     201592 bytes,    4021120 total
[2021-04-21T09:39:12.547+0000][7][gc,age       ] GC(98) - age   7:     220032 bytes,    4241152 total
[2021-04-21T09:39:12.547+0000][7][gc,phases    ] GC(98)   Pre Evacuate Collection Set: 0.4ms
[2021-04-21T09:39:12.547+0000][7][gc,phases    ] GC(98)   Merge Heap Roots: 0.1ms
[2021-04-21T09:39:12.547+0000][7][gc,phases    ] GC(98)   Evacuate Collection Set: 11.9ms
[2021-04-21T09:39:12.547+0000][7][gc,phases    ] GC(98)   Post Evacuate Collection Set: 1.1ms
[2021-04-21T09:39:12.547+0000][7][gc,phases    ] GC(98)   Other: 2.1ms
[2021-04-21T09:39:12.547+0000][7][gc,heap      ] GC(98) Eden regions: 31->0(27)
[2021-04-21T09:39:12.547+0000][7][gc,heap      ] GC(98) Survivor regions: 3->5(5)
[2021-04-21T09:39:12.547+0000][7][gc,heap      ] GC(98) Old regions: 56->56
[2021-04-21T09:39:12.547+0000][7][gc,heap      ] GC(98) Archive regions: 2->2
[2021-04-21T09:39:12.547+0000][7][gc,heap      ] GC(98) Humongous regions: 1->1
[2021-04-21T09:39:12.547+0000][7][gc,metaspace ] GC(98) Metaspace: 66116K(71420K)->66116K(71420K) NonClass: 57178K(60336K)->57178K(60336K) Class: 8938K(11084K)->8938K(11084K)
[2021-04-21T09:39:12.547+0000][7][gc           ] GC(98) Pause Young (Concurrent Start) (G1 Evacuation Pause) 90M->61M(128M) 15.731ms
[2021-04-21T09:39:12.547+0000][7][gc,cpu       ] GC(98) User=0.06s Sys=0.00s Real=0.02s
[2021-04-21T09:39:12.547+0000][7][safepoint    ] Safepoint "G1CollectForAllocation", Time since last: 358629696 ns, Reaching safepoint: 96049 ns, At safepoint: 15861119 ns, Total: 15957168 ns
[2021-04-21T09:39:12.548+0000][7][gc           ] GC(99) Concurrent Cycle
[2021-04-21T09:39:12.548+0000][7][gc,marking   ] GC(99) Concurrent Clear Claimed Marks
[2021-04-21T09:39:12.549+0000][7][gc,marking   ] GC(99) Concurrent Clear Claimed Marks 0.705ms
[2021-04-21T09:39:12.550+0000][7][gc,marking   ] GC(99) Concurrent Scan Root Regions
[2021-04-21T09:39:12.555+0000][7][gc,marking   ] GC(99) Concurrent Scan Root Regions 5.365ms
[2021-04-21T09:39:12.555+0000][7][gc,marking   ] GC(99) Concurrent Mark (19.082s)
[2021-04-21T09:39:12.555+0000][7][gc,marking   ] GC(99) Concurrent Mark From Roots
[2021-04-21T09:39:12.555+0000][7][gc,task      ] GC(99) Using 1 workers of 1 for marking
[2021-04-21T09:39:12.725+0000][7][gc,marking   ] GC(99) Concurrent Mark From Roots 169.435ms
[2021-04-21T09:39:12.725+0000][7][gc,marking   ] GC(99) Concurrent Preclean
[2021-04-21T09:39:12.725+0000][7][gc,marking   ] GC(99) Concurrent Preclean 0.599ms
[2021-04-21T09:39:12.725+0000][7][gc,marking   ] GC(99) Concurrent Mark (19.082s, 19.253s) 170.129ms
[2021-04-21T09:39:12.727+0000][7][gc,start     ] GC(99) Pause Remark
[2021-04-21T09:39:12.735+0000][7][gc           ] GC(99) Pause Remark 67M->67M(128M) 7.473ms
[2021-04-21T09:39:12.735+0000][7][gc,cpu       ] GC(99) User=0.03s Sys=0.00s Real=0.00s
[2021-04-21T09:39:12.735+0000][7][safepoint    ] Safepoint "G1Concurrent", Time since last: 179814340 ns, Reaching safepoint: 779027 ns, At safepoint: 7556792 ns, Total: 8335819 ns
[2021-04-21T09:39:12.735+0000][7][gc,marking   ] GC(99) Concurrent Rebuild Remembered Sets
[2021-04-21T09:39:12.857+0000][7][gc,marking   ] GC(99) Concurrent Rebuild Remembered Sets 121.605ms
[2021-04-21T09:39:12.857+0000][7][gc,start     ] GC(99) Pause Cleanup
[2021-04-21T09:39:12.858+0000][7][gc           ] GC(99) Pause Cleanup 75M->75M(128M) 0.164ms
[2021-04-21T09:39:12.858+0000][7][gc,cpu       ] GC(99) User=0.00s Sys=0.00s Real=0.00s
[2021-04-21T09:39:12.858+0000][7][safepoint    ] Safepoint "G1Concurrent", Time since last: 121696924 ns, Reaching safepoint: 687525 ns, At safepoint: 212057 ns, Total: 899582 ns
[2021-04-21T09:39:12.858+0000][7][gc,marking   ] GC(99) Concurrent Cleanup for Next Mark
[2021-04-21T09:39:12.859+0000][7][gc,marking   ] GC(99) Concurrent Cleanup for Next Mark 1.298ms
[2021-04-21T09:39:12.859+0000][7][gc           ] GC(99) Concurrent Cycle 310.994ms
[2021-04-21T09:39:13.022+0000][7][gc,start     ] GC(100) Pause Young (Normal) (G1 Evacuation Pause)
[2021-04-21T09:39:13.022+0000][7][gc,task      ] GC(100) Using 3 workers of 4 for evacuation
[2021-04-21T09:39:13.022+0000][7][gc,age       ] GC(100) Desired survivor size 2097152 bytes, new threshold 2 (max threshold 15)
[2021-04-21T09:39:13.034+0000][7][gc,age       ] GC(100) Age table with threshold 2 (max threshold 15)
[2021-04-21T09:39:13.034+0000][7][gc,age       ] GC(100) - age   1:    1424728 bytes,    1424728 total
[2021-04-21T09:39:13.034+0000][7][gc,age       ] GC(100) - age   2:    1711840 bytes,    3136568 total
[2021-04-21T09:39:13.034+0000][7][gc,phases    ] GC(100)   Pre Evacuate Collection Set: 0.0ms
[2021-04-21T09:39:13.034+0000][7][gc,phases    ] GC(100)   Merge Heap Roots: 0.2ms
[2021-04-21T09:39:13.034+0000][7][gc,phases    ] GC(100)   Evacuate Collection Set: 11.5ms
[2021-04-21T09:39:13.034+0000][7][gc,phases    ] GC(100)   Post Evacuate Collection Set: 0.6ms
[2021-04-21T09:39:13.034+0000][7][gc,phases    ] GC(100)   Other: 0.2ms
[2021-04-21T09:39:13.034+0000][7][gc,heap      ] GC(100) Eden regions: 27->0(27)
[2021-04-21T09:39:13.034+0000][7][gc,heap      ] GC(100) Survivor regions: 5->4(4)
[2021-04-21T09:39:13.034+0000][7][gc,heap      ] GC(100) Old regions: 56->58
[2021-04-21T09:39:13.034+0000][7][gc,heap      ] GC(100) Archive regions: 2->2
[2021-04-21T09:39:13.034+0000][7][gc,heap      ] GC(100) Humongous regions: 1->1
[2021-04-21T09:39:13.034+0000][7][gc,metaspace ] GC(100) Metaspace: 68844K(74492K)->68844K(74492K) NonClass: 59448K(62640K)->59448K(62640K) Class: 9395K(11852K)->9395K(11852K)
[2021-04-21T09:39:13.034+0000][7][gc           ] GC(100) Pause Young (Normal) (G1 Evacuation Pause) 88M->63M(128M) 12.591ms
[2021-04-21T09:39:13.034+0000][7][gc,cpu       ] GC(100) User=0.03s Sys=0.00s Real=0.01s
[2021-04-21T09:39:13.034+0000][7][safepoint    ] Safepoint "G1CollectForAllocation", Time since last: 164039345 ns, Reaching safepoint: 56025 ns, At safepoint: 12713248 ns, Total: 12769273 ns
[2021-04-21T09:39:13.219+0000][7][gc,start     ] GC(101) Pause Young (Concurrent Start) (G1 Evacuation Pause)
[2021-04-21T09:39:13.219+0000][7][gc,task      ] GC(101) Using 3 workers of 4 for evacuation
[2021-04-21T09:39:13.219+0000][7][gc,age       ] GC(101) Desired survivor size 2097152 bytes, new threshold 2 (max threshold 15)
[2021-04-21T09:39:13.225+0000][7][gc,age       ] GC(101) Age table with threshold 2 (max threshold 15)
[2021-04-21T09:39:13.225+0000][7][gc,age       ] GC(101) - age   1:     955672 bytes,     955672 total
[2021-04-21T09:39:13.225+0000][7][gc,age       ] GC(101) - age   2:    1373192 bytes,    2328864 total
[2021-04-21T09:39:13.225+0000][7][gc,phases    ] GC(101)   Pre Evacuate Collection Set: 0.4ms
[2021-04-21T09:39:13.225+0000][7][gc,phases    ] GC(101)   Merge Heap Roots: 0.1ms
[2021-04-21T09:39:13.225+0000][7][gc,phases    ] GC(101)   Evacuate Collection Set: 5.7ms
[2021-04-21T09:39:13.225+0000][7][gc,phases    ] GC(101)   Post Evacuate Collection Set: 0.5ms
[2021-04-21T09:39:13.225+0000][7][gc,phases    ] GC(101)   Other: 0.2ms
[2021-04-21T09:39:13.225+0000][7][gc,heap      ] GC(101) Eden regions: 27->0(26)
[2021-04-21T09:39:13.225+0000][7][gc,heap      ] GC(101) Survivor regions: 4->3(4)
[2021-04-21T09:39:13.225+0000][7][gc,heap      ] GC(101) Old regions: 58->60
[2021-04-21T09:39:13.225+0000][7][gc,heap      ] GC(101) Archive regions: 2->2
[2021-04-21T09:39:13.225+0000][7][gc,heap      ] GC(101) Humongous regions: 1->1
[2021-04-21T09:39:13.226+0000][7][gc,metaspace ] GC(101) Metaspace: 71496K(77436K)->71496K(77436K) NonClass: 61698K(65200K)->61698K(65200K) Class: 9797K(12236K)->9797K(12236K)
[2021-04-21T09:39:13.226+0000][7][gc           ] GC(101) Pause Young (Concurrent Start) (G1 Evacuation Pause) 90M->64M(128M) 6.913ms
[2021-04-21T09:39:13.226+0000][7][gc,cpu       ] GC(101) User=0.01s Sys=0.00s Real=0.00s
[2021-04-21T09:39:13.226+0000][7][gc           ] GC(102) Concurrent Cycle
[2021-04-21T09:39:13.226+0000][7][safepoint    ] Safepoint "G1CollectForAllocation", Time since last: 184166870 ns, Reaching safepoint: 53570 ns, At safepoint: 6981841 ns, Total: 7035411 ns
[2021-04-21T09:39:13.226+0000][7][gc,marking   ] GC(102) Concurrent Clear Claimed Marks
[2021-04-21T09:39:13.226+0000][7][gc,marking   ] GC(102) Concurrent Clear Claimed Marks 0.369ms
[2021-04-21T09:39:13.226+0000][7][gc,marking   ] GC(102) Concurrent Scan Root Regions
[2021-04-21T09:39:13.233+0000][7][gc,marking   ] GC(102) Concurrent Scan Root Regions 7.150ms
[2021-04-21T09:39:13.233+0000][7][gc,marking   ] GC(102) Concurrent Mark (19.761s)
[2021-04-21T09:39:13.233+0000][7][gc,marking   ] GC(102) Concurrent Mark From Roots
[2021-04-21T09:39:13.233+0000][7][gc,task      ] GC(102) Using 1 workers of 1 for marking
[2021-04-21T09:39:13.342+0000][7][gc,marking   ] GC(102) Concurrent Mark From Roots 108.344ms
[2021-04-21T09:39:13.342+0000][7][gc,marking   ] GC(102) Concurrent Preclean
[2021-04-21T09:39:13.342+0000][7][gc,marking   ] GC(102) Concurrent Preclean 0.251ms
[2021-04-21T09:39:13.342+0000][7][gc,marking   ] GC(102) Concurrent Mark (19.761s, 19.869s) 108.675ms
[2021-04-21T09:39:13.345+0000][7][gc,start     ] GC(102) Pause Remark
[2021-04-21T09:39:13.351+0000][7][gc           ] GC(102) Pause Remark 75M->75M(128M) 6.638ms
[2021-04-21T09:39:13.351+0000][7][gc,cpu       ] GC(102) User=0.01s Sys=0.00s Real=0.01s
[2021-04-21T09:39:13.352+0000][7][safepoint    ] Safepoint "G1Concurrent", Time since last: 119127857 ns, Reaching safepoint: 72544 ns, At safepoint: 6727397 ns, Total: 6799941 ns
[2021-04-21T09:39:13.352+0000][7][gc,marking   ] GC(102) Concurrent Rebuild Remembered Sets
[2021-04-21T09:39:13.468+0000][7][gc,marking   ] GC(102) Concurrent Rebuild Remembered Sets 116.778ms
[2021-04-21T09:39:13.469+0000][7][gc,start     ] GC(102) Pause Cleanup
[2021-04-21T09:39:13.469+0000][7][gc           ] GC(102) Pause Cleanup 78M->78M(128M) 0.183ms
[2021-04-21T09:39:13.469+0000][7][gc,cpu       ] GC(102) User=0.00s Sys=0.00s Real=0.00s
[2021-04-21T09:39:13.469+0000][7][safepoint    ] Safepoint "G1Concurrent", Time since last: 116882109 ns, Reaching safepoint: 737627 ns, At safepoint: 241868 ns, Total: 979495 ns
[2021-04-21T09:39:13.470+0000][7][gc,marking   ] GC(102) Concurrent Cleanup for Next Mark
[2021-04-21T09:39:13.471+0000][7][gc,marking   ] GC(102) Concurrent Cleanup for Next Mark 1.367ms
[2021-04-21T09:39:13.472+0000][7][gc           ] GC(102) Concurrent Cycle 246.479ms
[2021-04-21T09:39:13.623+0000][7][gc,start     ] GC(103) Pause Young (Normal) (G1 Evacuation Pause)
[2021-04-21T09:39:13.623+0000][7][gc,task      ] GC(103) Using 3 workers of 4 for evacuation
[2021-04-21T09:39:13.623+0000][7][gc,age       ] GC(103) Desired survivor size 2097152 bytes, new threshold 2 (max threshold 15)
[2021-04-21T09:39:13.631+0000][7][gc,age       ] GC(103) Age table with threshold 2 (max threshold 15)
[2021-04-21T09:39:13.631+0000][7][gc,age       ] GC(103) - age   1:     863256 bytes,     863256 total
[2021-04-21T09:39:13.631+0000][7][gc,age       ] GC(103) - age   2:     929536 bytes,    1792792 total
[2021-04-21T09:39:13.631+0000][7][gc,phases    ] GC(103)   Pre Evacuate Collection Set: 0.1ms
[2021-04-21T09:39:13.631+0000][7][gc,phases    ] GC(103)   Merge Heap Roots: 0.1ms
[2021-04-21T09:39:13.631+0000][7][gc,phases    ] GC(103)   Evacuate Collection Set: 6.8ms
[2021-04-21T09:39:13.631+0000][7][gc,phases    ] GC(103)   Post Evacuate Collection Set: 0.6ms
[2021-04-21T09:39:13.631+0000][7][gc,phases    ] GC(103)   Other: 0.2ms
[2021-04-21T09:39:13.631+0000][7][gc,heap      ] GC(103) Eden regions: 26->0(26)
[2021-04-21T09:39:13.631+0000][7][gc,heap      ] GC(103) Survivor regions: 3->2(4)
[2021-04-21T09:39:13.631+0000][7][gc,heap      ] GC(103) Old regions: 60->62
[2021-04-21T09:39:13.631+0000][7][gc,heap      ] GC(103) Archive regions: 2->2
[2021-04-21T09:39:13.631+0000][7][gc,heap      ] GC(103) Humongous regions: 1->1
[2021-04-21T09:39:13.631+0000][7][gc,metaspace ] GC(103) Metaspace: 75288K(81276K)->75288K(81276K) NonClass: 65055K(68528K)->65055K(68528K) Class: 10233K(12748K)->10233K(12748K)
[2021-04-21T09:39:13.631+0000][7][gc           ] GC(103) Pause Young (Normal) (G1 Evacuation Pause) 90M->65M(128M) 7.823ms
[2021-04-21T09:39:13.631+0000][7][gc,cpu       ] GC(103) User=0.02s Sys=0.00s Real=0.01s
[2021-04-21T09:39:13.631+0000][7][safepoint    ] Safepoint "G1CollectForAllocation", Time since last: 153372418 ns, Reaching safepoint: 189329 ns, At safepoint: 7913425 ns, Total: 8102754 ns
[2021-04-21T09:39:13.827+0000][7][safepoint    ] Safepoint "BulkRevokeBias", Time since last: 196209125 ns, Reaching safepoint: 64016 ns, At safepoint: 86271 ns, Total: 150287 ns
[2021-04-21T09:39:13.926+0000][7][safepoint    ] Safepoint "BulkRevokeBias", Time since last: 97755495 ns, Reaching safepoint: 148027 ns, At safepoint: 557601 ns, Total: 705628 ns
[2021-04-21T09:39:14.071+0000][7][gc,start     ] GC(104) Pause Young (Concurrent Start) (G1 Evacuation Pause)
[2021-04-21T09:39:14.071+0000][7][gc,task      ] GC(104) Using 3 workers of 4 for evacuation
[2021-04-21T09:39:14.071+0000][7][gc,age       ] GC(104) Desired survivor size 2097152 bytes, new threshold 15 (max threshold 15)
[2021-04-21T09:39:14.079+0000][7][gc,age       ] GC(104) Age table with threshold 15 (max threshold 15)
[2021-04-21T09:39:14.079+0000][7][gc,age       ] GC(104) - age   1:     811128 bytes,     811128 total
[2021-04-21T09:39:14.079+0000][7][gc,age       ] GC(104) - age   2:     651224 bytes,    1462352 total
[2021-04-21T09:39:14.079+0000][7][gc,age       ] GC(104) - age   3:     928704 bytes,    2391056 total
[2021-04-21T09:39:14.079+0000][7][gc,phases    ] GC(104)   Pre Evacuate Collection Set: 0.5ms
[2021-04-21T09:39:14.079+0000][7][gc,phases    ] GC(104)   Merge Heap Roots: 0.1ms
[2021-04-21T09:39:14.079+0000][7][gc,phases    ] GC(104)   Evacuate Collection Set: 5.9ms
[2021-04-21T09:39:14.079+0000][7][gc,phases    ] GC(104)   Post Evacuate Collection Set: 0.5ms
[2021-04-21T09:39:14.079+0000][7][gc,phases    ] GC(104)   Other: 0.2ms
[2021-04-21T09:39:14.079+0000][7][gc,heap      ] GC(104) Eden regions: 26->0(25)
[2021-04-21T09:39:14.079+0000][7][gc,heap      ] GC(104) Survivor regions: 2->3(4)
[2021-04-21T09:39:14.079+0000][7][gc,heap      ] GC(104) Old regions: 62->62
[2021-04-21T09:39:14.079+0000][7][gc,heap      ] GC(104) Archive regions: 2->2
[2021-04-21T09:39:14.079+0000][7][gc,heap      ] GC(104) Humongous regions: 1->1
[2021-04-21T09:39:14.079+0000][7][gc,metaspace ] GC(104) Metaspace: 76696K(83068K)->76696K(83068K) NonClass: 66243K(70064K)->66243K(70064K) Class: 10452K(13004K)->10452K(13004K)
[2021-04-21T09:39:14.079+0000][7][gc           ] GC(104) Pause Young (Concurrent Start) (G1 Evacuation Pause) 91M->65M(128M) 7.482ms
[2021-04-21T09:39:14.079+0000][7][gc,cpu       ] GC(104) User=0.02s Sys=0.00s Real=0.01s
[2021-04-21T09:39:14.079+0000][7][gc           ] GC(105) Concurrent Cycle
[2021-04-21T09:39:14.079+0000][7][gc,marking   ] GC(105) Concurrent Clear Claimed Marks
[2021-04-21T09:39:14.079+0000][7][safepoint    ] Safepoint "G1CollectForAllocation", Time since last: 129614341 ns, Reaching safepoint: 16076679 ns, At safepoint: 7570808 ns, Total: 23647487 ns
[2021-04-21T09:39:14.081+0000][7][gc,marking   ] GC(105) Concurrent Clear Claimed Marks 1.955ms
[2021-04-21T09:39:14.081+0000][7][gc,marking   ] GC(105) Concurrent Scan Root Regions
[2021-04-21T09:39:14.086+0000][7][gc,marking   ] GC(105) Concurrent Scan Root Regions 5.554ms
[2021-04-21T09:39:14.087+0000][7][gc,marking   ] GC(105) Concurrent Mark (20.614s)
[2021-04-21T09:39:14.087+0000][7][gc,marking   ] GC(105) Concurrent Mark From Roots
[2021-04-21T09:39:14.087+0000][7][gc,task      ] GC(105) Using 1 workers of 1 for marking
[2021-04-21T09:39:14.306+0000][7][gc,marking   ] GC(105) Concurrent Mark From Roots 219.743ms
[2021-04-21T09:39:14.306+0000][7][gc,marking   ] GC(105) Concurrent Preclean
[2021-04-21T09:39:14.307+0000][7][gc,marking   ] GC(105) Concurrent Preclean 0.261ms
[2021-04-21T09:39:14.307+0000][7][gc,marking   ] GC(105) Concurrent Mark (20.614s, 20.834s) 220.116ms
[2021-04-21T09:39:14.314+0000][7][gc,start     ] GC(105) Pause Remark
[2021-04-21T09:39:14.327+0000][7][gc           ] GC(105) Pause Remark 88M->88M(128M) 12.720ms
[2021-04-21T09:39:14.327+0000][7][gc,cpu       ] GC(105) User=0.03s Sys=0.00s Real=0.02s
[2021-04-21T09:39:14.330+0000][7][safepoint    ] Safepoint "G1Concurrent", Time since last: 235448146 ns, Reaching safepoint: 112506 ns, At safepoint: 15392565 ns, Total: 15505071 ns
[2021-04-21T09:39:14.331+0000][7][gc,marking   ] GC(105) Concurrent Rebuild Remembered Sets
[2021-04-21T09:39:14.354+0000][7][gc,start     ] GC(106) Pause Young (Normal) (G1 Evacuation Pause)
[2021-04-21T09:39:14.355+0000][7][gc,task      ] GC(106) Using 4 workers of 4 for evacuation
[2021-04-21T09:39:14.355+0000][7][gc,age       ] GC(106) Desired survivor size 2097152 bytes, new threshold 3 (max threshold 15)
[2021-04-21T09:39:14.363+0000][7][gc,age       ] GC(106) Age table with threshold 3 (max threshold 15)
[2021-04-21T09:39:14.363+0000][7][gc,age       ] GC(106) - age   1:     796096 bytes,     796096 total
[2021-04-21T09:39:14.363+0000][7][gc,age       ] GC(106) - age   2:     663312 bytes,    1459408 total
[2021-04-21T09:39:14.363+0000][7][gc,age       ] GC(106) - age   3:     641952 bytes,    2101360 total
[2021-04-21T09:39:14.363+0000][7][gc,phases    ] GC(106)   Pre Evacuate Collection Set: 0.1ms
[2021-04-21T09:39:14.363+0000][7][gc,phases    ] GC(106)   Merge Heap Roots: 0.1ms
[2021-04-21T09:39:14.363+0000][7][gc,phases    ] GC(106)   Evacuate Collection Set: 7.1ms
[2021-04-21T09:39:14.363+0000][7][gc,phases    ] GC(106)   Post Evacuate Collection Set: 0.7ms
[2021-04-21T09:39:14.363+0000][7][gc,phases    ] GC(106)   Other: 1.1ms
[2021-04-21T09:39:14.363+0000][7][gc,heap      ] GC(106) Eden regions: 25->0(24)
[2021-04-21T09:39:14.363+0000][7][gc,heap      ] GC(106) Survivor regions: 3->3(4)
[2021-04-21T09:39:14.363+0000][7][gc,heap      ] GC(106) Old regions: 62->63
[2021-04-21T09:39:14.363+0000][7][gc,heap      ] GC(106) Archive regions: 2->2
[2021-04-21T09:39:14.363+0000][7][gc,heap      ] GC(106) Humongous regions: 1->1
[2021-04-21T09:39:14.363+0000][7][gc,metaspace ] GC(106) Metaspace: 78843K(85244K)->78843K(85244K) NonClass: 68060K(71856K)->68060K(71856K) Class: 10782K(13388K)->10782K(13388K)
[2021-04-21T09:39:14.363+0000][7][gc           ] GC(106) Pause Young (Normal) (G1 Evacuation Pause) 90M->66M(128M) 9.105ms
[2021-04-21T09:39:14.363+0000][7][gc,cpu       ] GC(106) User=0.03s Sys=0.01s Real=0.01s
[2021-04-21T09:39:14.363+0000][7][safepoint    ] Safepoint "G1CollectForAllocation", Time since last: 23716077 ns, Reaching safepoint: 549966 ns, At safepoint: 9187288 ns, Total: 9737254 ns
[2021-04-21T09:39:14.467+0000][7][gc,marking   ] GC(105) Concurrent Rebuild Remembered Sets 136.411ms
[2021-04-21T09:39:14.474+0000][7][gc,start     ] GC(105) Pause Cleanup
[2021-04-21T09:39:14.474+0000][7][gc           ] GC(105) Pause Cleanup 68M->68M(128M) 0.253ms
[2021-04-21T09:39:14.474+0000][7][gc,cpu       ] GC(105) User=0.00s Sys=0.00s Real=0.00s
[2021-04-21T09:39:14.474+0000][7][safepoint    ] Safepoint "G1Concurrent", Time since last: 110544636 ns, Reaching safepoint: 156837 ns, At safepoint: 330860 ns, Total: 487697 ns
[2021-04-21T09:39:14.474+0000][7][gc,marking   ] GC(105) Concurrent Cleanup for Next Mark
[2021-04-21T09:39:14.477+0000][7][gc,marking   ] GC(105) Concurrent Cleanup for Next Mark 2.900ms
[2021-04-21T09:39:14.477+0000][7][gc           ] GC(105) Concurrent Cycle 398.440ms
[2021-04-21T09:39:14.562+0000][7][safepoint    ] Safepoint "BulkRevokeBias", Time since last: 87061429 ns, Reaching safepoint: 95654 ns, At safepoint: 221451 ns, Total: 317105 ns
[2021-04-21T09:39:14.816+0000][7][gc,start     ] GC(107) Pause Young (Concurrent Start) (G1 Humongous Allocation)
[2021-04-21T09:39:14.816+0000][7][gc,task      ] GC(107) Using 4 workers of 4 for evacuation
[2021-04-21T09:39:14.816+0000][7][gc,age       ] GC(107) Desired survivor size 2097152 bytes, new threshold 3 (max threshold 15)
[2021-04-21T09:39:14.829+0000][7][gc,age       ] GC(107) Age table with threshold 3 (max threshold 15)
[2021-04-21T09:39:14.829+0000][7][gc,age       ] GC(107) - age   1:     569856 bytes,     569856 total
[2021-04-21T09:39:14.829+0000][7][gc,age       ] GC(107) - age   2:     718088 bytes,    1287944 total
[2021-04-21T09:39:14.829+0000][7][gc,age       ] GC(107) - age   3:     555424 bytes,    1843368 total
[2021-04-21T09:39:14.829+0000][7][gc,phases    ] GC(107)   Pre Evacuate Collection Set: 0.4ms
[2021-04-21T09:39:14.829+0000][7][gc,phases    ] GC(107)   Merge Heap Roots: 0.1ms
[2021-04-21T09:39:14.829+0000][7][gc,phases    ] GC(107)   Evacuate Collection Set: 11.7ms
[2021-04-21T09:39:14.829+0000][7][gc,phases    ] GC(107)   Post Evacuate Collection Set: 0.8ms
[2021-04-21T09:39:14.829+0000][7][gc,phases    ] GC(107)   Other: 0.3ms
[2021-04-21T09:39:14.829+0000][7][gc,heap      ] GC(107) Eden regions: 24->0(25)
[2021-04-21T09:39:14.829+0000][7][gc,heap      ] GC(107) Survivor regions: 3->2(4)
[2021-04-21T09:39:14.829+0000][7][gc,heap      ] GC(107) Old regions: 63->63
[2021-04-21T09:39:14.829+0000][7][gc,heap      ] GC(107) Archive regions: 2->2
[2021-04-21T09:39:14.829+0000][7][gc,heap      ] GC(107) Humongous regions: 1->1
[2021-04-21T09:39:14.829+0000][7][gc,metaspace ] GC(107) Metaspace: 80090K(86524K)->80090K(86524K) NonClass: 69141K(72880K)->69141K(72880K) Class: 10948K(13644K)->10948K(13644K)
[2021-04-21T09:39:14.829+0000][7][gc           ] GC(107) Pause Young (Concurrent Start) (G1 Humongous Allocation) 89M->66M(128M) 13.626ms
[2021-04-21T09:39:14.830+0000][7][gc,cpu       ] GC(107) User=0.05s Sys=0.00s Real=0.02s
[2021-04-21T09:39:14.830+0000][7][gc           ] GC(108) Concurrent Cycle
[2021-04-21T09:39:14.830+0000][7][gc,marking   ] GC(108) Concurrent Clear Claimed Marks
[2021-04-21T09:39:14.830+0000][7][safepoint    ] Safepoint "G1TryInitiateConcMark", Time since last: 253939171 ns, Reaching safepoint: 139869 ns, At safepoint: 13719631 ns, Total: 13859500 ns
[2021-04-21T09:39:14.830+0000][7][gc,marking   ] GC(108) Concurrent Clear Claimed Marks 0.519ms
[2021-04-21T09:39:14.830+0000][7][gc,marking   ] GC(108) Concurrent Scan Root Regions
[2021-04-21T09:39:14.838+0000][7][gc,marking   ] GC(108) Concurrent Scan Root Regions 8.250ms
[2021-04-21T09:39:14.838+0000][7][gc,marking   ] GC(108) Concurrent Mark (21.366s)
[2021-04-21T09:39:14.838+0000][7][gc,marking   ] GC(108) Concurrent Mark From Roots
[2021-04-21T09:39:14.838+0000][7][gc,task      ] GC(108) Using 1 workers of 1 for marking
[2021-04-21T09:39:14.976+0000][7][safepoint    ] Safepoint "BulkRevokeBias", Time since last: 146556290 ns, Reaching safepoint: 109247 ns, At safepoint: 244620 ns, Total: 353867 ns
[2021-04-21T09:39:15.072+0000][7][gc,marking   ] GC(108) Concurrent Mark From Roots 233.811ms
[2021-04-21T09:39:15.072+0000][7][gc,marking   ] GC(108) Concurrent Preclean
[2021-04-21T09:39:15.072+0000][7][gc,marking   ] GC(108) Concurrent Preclean 0.148ms
[2021-04-21T09:39:15.072+0000][7][gc,marking   ] GC(108) Concurrent Mark (21.366s, 21.600s) 234.039ms
[2021-04-21T09:39:15.073+0000][7][gc,start     ] GC(108) Pause Remark
[2021-04-21T09:39:15.076+0000][7][gc           ] GC(108) Pause Remark 82M->82M(128M) 3.634ms
[2021-04-21T09:39:15.076+0000][7][gc,cpu       ] GC(108) User=0.01s Sys=0.00s Real=0.00s
[2021-04-21T09:39:15.076+0000][7][safepoint    ] Safepoint "G1Concurrent", Time since last: 96029874 ns, Reaching safepoint: 218250 ns, At safepoint: 3715345 ns, Total: 3933595 ns
[2021-04-21T09:39:15.078+0000][7][gc,marking   ] GC(108) Concurrent Rebuild Remembered Sets
[2021-04-21T09:39:15.215+0000][7][gc,marking   ] GC(108) Concurrent Rebuild Remembered Sets 137.582ms
[2021-04-21T09:39:15.216+0000][7][gc,start     ] GC(108) Pause Cleanup
[2021-04-21T09:39:15.216+0000][7][gc           ] GC(108) Pause Cleanup 90M->90M(128M) 0.183ms
[2021-04-21T09:39:15.216+0000][7][gc,cpu       ] GC(108) User=0.00s Sys=0.00s Real=0.00s
[2021-04-21T09:39:15.216+0000][7][safepoint    ] Safepoint "G1Concurrent", Time since last: 138967265 ns, Reaching safepoint: 607010 ns, At safepoint: 242389 ns, Total: 849399 ns
[2021-04-21T09:39:15.216+0000][7][gc,marking   ] GC(108) Concurrent Cleanup for Next Mark
[2021-04-21T09:39:15.217+0000][7][gc,marking   ] GC(108) Concurrent Cleanup for Next Mark 0.285ms
[2021-04-21T09:39:15.217+0000][7][gc           ] GC(108) Concurrent Cycle 387.048ms
[2021-04-21T09:39:15.240+0000][7][gc,start     ] GC(109) Pause Young (Normal) (G1 Evacuation Pause)
[2021-04-21T09:39:15.240+0000][7][gc,task      ] GC(109) Using 4 workers of 4 for evacuation
[2021-04-21T09:39:15.240+0000][7][gc,age       ] GC(109) Desired survivor size 2097152 bytes, new threshold 15 (max threshold 15)
[2021-04-21T09:39:15.246+0000][7][gc,age       ] GC(109) Age table with threshold 15 (max threshold 15)
[2021-04-21T09:39:15.246+0000][7][gc,age       ] GC(109) - age   1:    1993232 bytes,    1993232 total
[2021-04-21T09:39:15.246+0000][7][gc,age       ] GC(109) - age   2:     500080 bytes,    2493312 total
[2021-04-21T09:39:15.246+0000][7][gc,age       ] GC(109) - age   3:     716480 bytes,    3209792 total
[2021-04-21T09:39:15.246+0000][7][gc,age       ] GC(109) - age   4:     554680 bytes,    3764472 total
[2021-04-21T09:39:15.246+0000][7][gc,phases    ] GC(109)   Pre Evacuate Collection Set: 0.0ms
[2021-04-21T09:39:15.246+0000][7][gc,phases    ] GC(109)   Merge Heap Roots: 0.1ms
[2021-04-21T09:39:15.246+0000][7][gc,phases    ] GC(109)   Evacuate Collection Set: 5.7ms
[2021-04-21T09:39:15.246+0000][7][gc,phases    ] GC(109)   Post Evacuate Collection Set: 0.6ms
[2021-04-21T09:39:15.247+0000][7][gc,phases    ] GC(109)   Other: 0.2ms
[2021-04-21T09:39:15.247+0000][7][gc,heap      ] GC(109) Eden regions: 25->0(16)
[2021-04-21T09:39:15.247+0000][7][gc,heap      ] GC(109) Survivor regions: 2->4(4)
[2021-04-21T09:39:15.247+0000][7][gc,heap      ] GC(109) Old regions: 63->63
[2021-04-21T09:39:15.247+0000][7][gc,heap      ] GC(109) Archive regions: 2->2
[2021-04-21T09:39:15.247+0000][7][gc,heap      ] GC(109) Humongous regions: 7->7
[2021-04-21T09:39:15.247+0000][7][gc,metaspace ] GC(109) Metaspace: 82517K(89212K)->82517K(89212K) NonClass: 71265K(75184K)->71265K(75184K) Class: 11251K(14028K)->11251K(14028K)
[2021-04-21T09:39:15.247+0000][7][gc           ] GC(109) Pause Young (Normal) (G1 Evacuation Pause) 97M->74M(128M) 6.738ms
[2021-04-21T09:39:15.247+0000][7][gc,cpu       ] GC(109) User=0.01s Sys=0.00s Real=0.01s
[2021-04-21T09:39:15.247+0000][7][safepoint    ] Safepoint "G1CollectForAllocation", Time since last: 23438104 ns, Reaching safepoint: 160512 ns, At safepoint: 6824426 ns, Total: 6984938 ns
[2021-04-21T09:39:15.294+0000][7][gc,start     ] GC(110) Pause Young (Concurrent Start) (G1 Evacuation Pause)
[2021-04-21T09:39:15.294+0000][7][gc,task      ] GC(110) Using 4 workers of 4 for evacuation
[2021-04-21T09:39:15.294+0000][7][gc,age       ] GC(110) Desired survivor size 1572864 bytes, new threshold 1 (max threshold 15)
[2021-04-21T09:39:15.302+0000][7][gc,age       ] GC(110) Age table with threshold 1 (max threshold 15)
[2021-04-21T09:39:15.302+0000][7][gc,age       ] GC(110) - age   1:     273256 bytes,     273256 total
[2021-04-21T09:39:15.302+0000][7][gc,phases    ] GC(110)   Pre Evacuate Collection Set: 0.6ms
[2021-04-21T09:39:15.302+0000][7][gc,phases    ] GC(110)   Merge Heap Roots: 0.1ms
[2021-04-21T09:39:15.302+0000][7][gc,phases    ] GC(110)   Evacuate Collection Set: 6.1ms
[2021-04-21T09:39:15.302+0000][7][gc,phases    ] GC(110)   Post Evacuate Collection Set: 0.5ms
[2021-04-21T09:39:15.302+0000][7][gc,phases    ] GC(110)   Other: 0.2ms
[2021-04-21T09:39:15.302+0000][7][gc,heap      ] GC(110) Eden regions: 16->0(17)
[2021-04-21T09:39:15.302+0000][7][gc,heap      ] GC(110) Survivor regions: 4->1(3)
[2021-04-21T09:39:15.302+0000][7][gc,heap      ] GC(110) Old regions: 63->67
[2021-04-21T09:39:15.302+0000][7][gc,heap      ] GC(110) Archive regions: 2->2
[2021-04-21T09:39:15.302+0000][7][gc,heap      ] GC(110) Humongous regions: 7->7
[2021-04-21T09:39:15.302+0000][7][gc,metaspace ] GC(110) Metaspace: 83073K(89724K)->83073K(89724K) NonClass: 71760K(75696K)->71760K(75696K) Class: 11313K(14028K)->11313K(14028K)
[2021-04-21T09:39:15.302+0000][7][gc           ] GC(110) Pause Young (Concurrent Start) (G1 Evacuation Pause) 90M->74M(128M) 7.632ms
[2021-04-21T09:39:15.302+0000][7][gc,cpu       ] GC(110) User=0.02s Sys=0.00s Real=0.01s
[2021-04-21T09:39:15.302+0000][7][gc           ] GC(111) Concurrent Cycle
[2021-04-21T09:39:15.302+0000][7][safepoint    ] Safepoint "G1CollectForAllocation", Time since last: 45297766 ns, Reaching safepoint: 2237041 ns, At safepoint: 7710437 ns, Total: 9947478 ns
[2021-04-21T09:39:15.302+0000][7][gc,marking   ] GC(111) Concurrent Clear Claimed Marks
[2021-04-21T09:39:15.303+0000][7][gc,marking   ] GC(111) Concurrent Clear Claimed Marks 0.624ms
[2021-04-21T09:39:15.303+0000][7][gc,marking   ] GC(111) Concurrent Scan Root Regions
[2021-04-21T09:39:15.310+0000][7][gc,marking   ] GC(111) Concurrent Scan Root Regions 7.785ms
[2021-04-21T09:39:15.310+0000][7][gc,marking   ] GC(111) Concurrent Mark (21.838s)
[2021-04-21T09:39:15.310+0000][7][gc,marking   ] GC(111) Concurrent Mark From Roots
[2021-04-21T09:39:15.310+0000][7][gc,task      ] GC(111) Using 1 workers of 1 for marking
[2021-04-21T09:39:15.390+0000][7][gc,start     ] GC(112) Pause Young (Normal) (G1 Evacuation Pause)
[2021-04-21T09:39:15.391+0000][7][gc,task      ] GC(112) Using 4 workers of 4 for evacuation
[2021-04-21T09:39:15.391+0000][7][gc,age       ] GC(112) Desired survivor size 1572864 bytes, new threshold 15 (max threshold 15)
[2021-04-21T09:39:15.394+0000][7][gc,age       ] GC(112) Age table with threshold 15 (max threshold 15)
[2021-04-21T09:39:15.394+0000][7][gc,age       ] GC(112) - age   1:     266744 bytes,     266744 total
[2021-04-21T09:39:15.394+0000][7][gc,age       ] GC(112) - age   2:     186464 bytes,     453208 total
[2021-04-21T09:39:15.394+0000][7][gc,phases    ] GC(112)   Pre Evacuate Collection Set: 0.0ms
[2021-04-21T09:39:15.394+0000][7][gc,phases    ] GC(112)   Merge Heap Roots: 0.1ms
[2021-04-21T09:39:15.394+0000][7][gc,phases    ] GC(112)   Evacuate Collection Set: 2.9ms
[2021-04-21T09:39:15.394+0000][7][gc,phases    ] GC(112)   Post Evacuate Collection Set: 0.4ms
[2021-04-21T09:39:15.394+0000][7][gc,phases    ] GC(112)   Other: 0.2ms
[2021-04-21T09:39:15.394+0000][7][gc,heap      ] GC(112) Eden regions: 17->0(17)
[2021-04-21T09:39:15.394+0000][7][gc,heap      ] GC(112) Survivor regions: 1->1(3)
[2021-04-21T09:39:15.394+0000][7][gc,heap      ] GC(112) Old regions: 67->67
[2021-04-21T09:39:15.394+0000][7][gc,heap      ] GC(112) Archive regions: 2->2
[2021-04-21T09:39:15.394+0000][7][gc,heap      ] GC(112) Humongous regions: 7->7
[2021-04-21T09:39:15.394+0000][7][gc,metaspace ] GC(112) Metaspace: 83677K(90364K)->83677K(90364K) NonClass: 72274K(76208K)->72274K(76208K) Class: 11403K(14156K)->11403K(14156K)
[2021-04-21T09:39:15.394+0000][7][gc           ] GC(112) Pause Young (Normal) (G1 Evacuation Pause) 91M->74M(128M) 3.734ms
[2021-04-21T09:39:15.394+0000][7][gc,cpu       ] GC(112) User=0.01s Sys=0.00s Real=0.00s
[2021-04-21T09:39:15.394+0000][7][safepoint    ] Safepoint "G1CollectForAllocation", Time since last: 88398342 ns, Reaching safepoint: 146020 ns, At safepoint: 3802178 ns, Total: 3948198 ns
[2021-04-21T09:39:15.546+0000][7][gc,marking   ] GC(111) Concurrent Mark From Roots 236.083ms
[2021-04-21T09:39:15.547+0000][7][gc,marking   ] GC(111) Concurrent Preclean
[2021-04-21T09:39:15.547+0000][7][gc,marking   ] GC(111) Concurrent Preclean 0.152ms
[2021-04-21T09:39:15.547+0000][7][gc,marking   ] GC(111) Concurrent Mark (21.838s, 22.074s) 236.311ms
[2021-04-21T09:39:15.547+0000][7][gc,start     ] GC(111) Pause Remark
[2021-04-21T09:39:15.553+0000][7][gc           ] GC(111) Pause Remark 90M->90M(128M) 5.616ms
[2021-04-21T09:39:15.553+0000][7][gc,cpu       ] GC(111) User=0.01s Sys=0.00s Real=0.00s
[2021-04-21T09:39:15.553+0000][7][safepoint    ] Safepoint "G1Concurrent", Time since last: 152490861 ns, Reaching safepoint: 506217 ns, At safepoint: 5712140 ns, Total: 6218357 ns
[2021-04-21T09:39:15.556+0000][7][gc,marking   ] GC(111) Concurrent Rebuild Remembered Sets
[2021-04-21T09:39:15.557+0000][7][gc,start     ] GC(113) Pause Young (Normal) (G1 Evacuation Pause)
[2021-04-21T09:39:15.557+0000][7][gc,task      ] GC(113) Using 4 workers of 4 for evacuation
[2021-04-21T09:39:15.557+0000][7][gc,age       ] GC(113) Desired survivor size 1572864 bytes, new threshold 15 (max threshold 15)
[2021-04-21T09:39:15.562+0000][7][gc,age       ] GC(113) Age table with threshold 15 (max threshold 15)
[2021-04-21T09:39:15.562+0000][7][gc,age       ] GC(113) - age   1:    1243400 bytes,    1243400 total
[2021-04-21T09:39:15.562+0000][7][gc,age       ] GC(113) - age   2:     245304 bytes,    1488704 total
[2021-04-21T09:39:15.562+0000][7][gc,age       ] GC(113) - age   3:     174720 bytes,    1663424 total
[2021-04-21T09:39:15.562+0000][7][gc,phases    ] GC(113)   Pre Evacuate Collection Set: 0.1ms
[2021-04-21T09:39:15.562+0000][7][gc,phases    ] GC(113)   Merge Heap Roots: 0.1ms
[2021-04-21T09:39:15.562+0000][7][gc,phases    ] GC(113)   Evacuate Collection Set: 4.0ms
[2021-04-21T09:39:15.562+0000][7][gc,phases    ] GC(113)   Post Evacuate Collection Set: 0.5ms
[2021-04-21T09:39:15.562+0000][7][gc,phases    ] GC(113)   Other: 0.2ms
[2021-04-21T09:39:15.562+0000][7][gc,heap      ] GC(113) Eden regions: 17->0(16)
[2021-04-21T09:39:15.562+0000][7][gc,heap      ] GC(113) Survivor regions: 1->2(3)
[2021-04-21T09:39:15.562+0000][7][gc,heap      ] GC(113) Old regions: 67->67
[2021-04-21T09:39:15.562+0000][7][gc,heap      ] GC(113) Archive regions: 2->2
[2021-04-21T09:39:15.562+0000][7][gc,heap      ] GC(113) Humongous regions: 7->7
[2021-04-21T09:39:15.562+0000][7][gc,metaspace ] GC(113) Metaspace: 84844K(91644K)->84844K(91644K) NonClass: 73247K(77232K)->73247K(77232K) Class: 11597K(14412K)->11597K(14412K)
[2021-04-21T09:39:15.562+0000][7][gc           ] GC(113) Pause Young (Normal) (G1 Evacuation Pause) 91M->75M(128M) 5.058ms
[2021-04-21T09:39:15.562+0000][7][gc,cpu       ] GC(113) User=0.02s Sys=0.00s Real=0.01s
[2021-04-21T09:39:15.562+0000][7][safepoint    ] Safepoint "G1CollectForAllocation", Time since last: 3311499 ns, Reaching safepoint: 931564 ns, At safepoint: 5159869 ns, Total: 6091433 ns
[2021-04-21T09:39:15.739+0000][7][gc,marking   ] GC(111) Concurrent Rebuild Remembered Sets 182.982ms
[2021-04-21T09:39:15.747+0000][7][gc,start     ] GC(111) Pause Cleanup
[2021-04-21T09:39:15.747+0000][7][gc           ] GC(111) Pause Cleanup 89M->89M(128M) 0.166ms
[2021-04-21T09:39:15.747+0000][7][gc,cpu       ] GC(111) User=0.00s Sys=0.00s Real=0.00s
[2021-04-21T09:39:15.747+0000][7][safepoint    ] Safepoint "G1Concurrent", Time since last: 184092715 ns, Reaching safepoint: 158654 ns, At safepoint: 260630 ns, Total: 419284 ns
[2021-04-21T09:39:15.747+0000][7][gc,marking   ] GC(111) Concurrent Cleanup for Next Mark
[2021-04-21T09:39:15.751+0000][7][gc,marking   ] GC(111) Concurrent Cleanup for Next Mark 4.182ms
[2021-04-21T09:39:15.751+0000][7][gc           ] GC(111) Concurrent Cycle 449.587ms
[2021-04-21T09:39:15.760+0000][7][gc,start     ] GC(114) Pause Young (Normal) (G1 Evacuation Pause)
[2021-04-21T09:39:15.760+0000][7][gc,task      ] GC(114) Using 4 workers of 4 for evacuation
[2021-04-21T09:39:15.760+0000][7][gc,age       ] GC(114) Desired survivor size 1572864 bytes, new threshold 3 (max threshold 15)
[2021-04-21T09:39:15.767+0000][7][gc,age       ] GC(114) Age table with threshold 3 (max threshold 15)
[2021-04-21T09:39:15.768+0000][7][gc,age       ] GC(114) - age   1:     748528 bytes,     748528 total
[2021-04-21T09:39:15.768+0000][7][gc,age       ] GC(114) - age   2:     902720 bytes,    1651248 total
[2021-04-21T09:39:15.768+0000][7][gc,age       ] GC(114) - age   3:     245024 bytes,    1896272 total
[2021-04-21T09:39:15.768+0000][7][gc,phases    ] GC(114)   Pre Evacuate Collection Set: 0.1ms
[2021-04-21T09:39:15.768+0000][7][gc,phases    ] GC(114)   Merge Heap Roots: 0.1ms
[2021-04-21T09:39:15.768+0000][7][gc,phases    ] GC(114)   Evacuate Collection Set: 5.8ms
[2021-04-21T09:39:15.768+0000][7][gc,phases    ] GC(114)   Post Evacuate Collection Set: 0.7ms
[2021-04-21T09:39:15.768+0000][7][gc,phases    ] GC(114)   Other: 1.1ms
[2021-04-21T09:39:15.768+0000][7][gc,heap      ] GC(114) Eden regions: 16->0(15)
[2021-04-21T09:39:15.768+0000][7][gc,heap      ] GC(114) Survivor regions: 2->2(3)
[2021-04-21T09:39:15.768+0000][7][gc,heap      ] GC(114) Old regions: 67->67
[2021-04-21T09:39:15.768+0000][7][gc,heap      ] GC(114) Archive regions: 2->2
[2021-04-21T09:39:15.768+0000][7][gc,heap      ] GC(114) Humongous regions: 7->7
[2021-04-21T09:39:15.768+0000][7][gc,metaspace ] GC(114) Metaspace: 85121K(91900K)->85121K(91900K) NonClass: 73477K(77488K)->73477K(77488K) Class: 11644K(14412K)->11644K(14412K)
[2021-04-21T09:39:15.768+0000][7][gc           ] GC(114) Pause Young (Normal) (G1 Evacuation Pause) 91M->76M(128M) 7.875ms
[2021-04-21T09:39:15.768+0000][7][gc,cpu       ] GC(114) User=0.03s Sys=0.00s Real=0.01s
[2021-04-21T09:39:15.768+0000][7][safepoint    ] Safepoint "G1CollectForAllocation", Time since last: 13109306 ns, Reaching safepoint: 165263 ns, At safepoint: 7974004 ns, Total: 8139267 ns
[2021-04-21T09:39:15.769+0000][7][safepoint    ] Safepoint "BulkRevokeBias", Time since last: 20555 ns, Reaching safepoint: 440711 ns, At safepoint: 447449 ns, Total: 888160 ns
[2021-04-21T09:39:15.920+0000][7][gc,start     ] GC(115) Pause Young (Concurrent Start) (G1 Evacuation Pause)
[2021-04-21T09:39:15.920+0000][7][gc,task      ] GC(115) Using 4 workers of 4 for evacuation
[2021-04-21T09:39:15.920+0000][7][gc,age       ] GC(115) Desired survivor size 1572864 bytes, new threshold 2 (max threshold 15)
[2021-04-21T09:39:15.932+0000][7][gc,age       ] GC(115) Age table with threshold 2 (max threshold 15)
[2021-04-21T09:39:15.932+0000][7][gc,age       ] GC(115) - age   1:     294072 bytes,     294072 total
[2021-04-21T09:39:15.932+0000][7][gc,age       ] GC(115) - age   2:     481256 bytes,     775328 total
[2021-04-21T09:39:15.932+0000][7][gc,phases    ] GC(115)   Pre Evacuate Collection Set: 0.5ms
[2021-04-21T09:39:15.932+0000][7][gc,phases    ] GC(115)   Merge Heap Roots: 0.1ms
[2021-04-21T09:39:15.932+0000][7][gc,phases    ] GC(115)   Evacuate Collection Set: 10.1ms
[2021-04-21T09:39:15.932+0000][7][gc,phases    ] GC(115)   Post Evacuate Collection Set: 0.6ms
[2021-04-21T09:39:15.932+0000][7][gc,phases    ] GC(115)   Other: 0.2ms
[2021-04-21T09:39:15.932+0000][7][gc,heap      ] GC(115) Eden regions: 15->0(16)
[2021-04-21T09:39:15.932+0000][7][gc,heap      ] GC(115) Survivor regions: 2->1(3)
[2021-04-21T09:39:15.932+0000][7][gc,heap      ] GC(115) Old regions: 67->68
[2021-04-21T09:39:15.932+0000][7][gc,heap      ] GC(115) Archive regions: 2->2
[2021-04-21T09:39:15.932+0000][7][gc,heap      ] GC(115) Humongous regions: 7->7
[2021-04-21T09:39:15.932+0000][7][gc,metaspace ] GC(115) Metaspace: 86299K(93180K)->86299K(93180K) NonClass: 74470K(78512K)->74470K(78512K) Class: 11829K(14668K)->11829K(14668K)
[2021-04-21T09:39:15.932+0000][7][gc           ] GC(115) Pause Young (Concurrent Start) (G1 Evacuation Pause) 91M->76M(128M) 11.734ms
[2021-04-21T09:39:15.932+0000][7][gc,cpu       ] GC(115) User=0.03s Sys=0.00s Real=0.01s
[2021-04-21T09:39:15.933+0000][7][gc           ] GC(116) Concurrent Cycle
[2021-04-21T09:39:15.935+0000][7][gc,marking   ] GC(116) Concurrent Clear Claimed Marks
[2021-04-21T09:39:15.935+0000][7][gc,marking   ] GC(116) Concurrent Clear Claimed Marks 0.871ms
[2021-04-21T09:39:15.936+0000][7][gc,marking   ] GC(116) Concurrent Scan Root Regions
[2021-04-21T09:39:15.941+0000][7][gc,marking   ] GC(116) Concurrent Scan Root Regions 4.822ms
[2021-04-21T09:39:15.942+0000][7][gc,marking   ] GC(116) Concurrent Mark (22.469s)
[2021-04-21T09:39:15.942+0000][7][gc,marking   ] GC(116) Concurrent Mark From Roots
[2021-04-21T09:39:15.943+0000][7][gc,task      ] GC(116) Using 1 workers of 1 for marking
[2021-04-21T09:39:15.956+0000][7][safepoint    ] Safepoint "G1CollectForAllocation", Time since last: 151145159 ns, Reaching safepoint: 117611 ns, At safepoint: 35700768 ns, Total: 35818379 ns
[2021-04-21T09:39:16.008+0000][7][safepoint    ] Safepoint "BulkRevokeBias", Time since last: 49677978 ns, Reaching safepoint: 2138865 ns, At safepoint: 398880 ns, Total: 2537745 ns
[2021-04-21T09:39:16.022+0000][7][safepoint    ] Safepoint "BulkRevokeBias", Time since last: 12148507 ns, Reaching safepoint: 1625899 ns, At safepoint: 380305 ns, Total: 2006204 ns
[2021-04-21T09:39:16.163+0000][7][gc,marking   ] GC(116) Concurrent Mark From Roots 220.747ms
[2021-04-21T09:39:16.163+0000][7][gc,marking   ] GC(116) Concurrent Preclean
[2021-04-21T09:39:16.163+0000][7][gc,marking   ] GC(116) Concurrent Preclean 0.160ms
[2021-04-21T09:39:16.163+0000][7][gc,marking   ] GC(116) Concurrent Mark (22.469s, 22.691s) 221.673ms
[2021-04-21T09:39:16.164+0000][7][gc,start     ] GC(116) Pause Remark
[2021-04-21T09:39:16.175+0000][7][gc           ] GC(116) Pause Remark 84M->84M(128M) 10.727ms
[2021-04-21T09:39:16.175+0000][7][gc,cpu       ] GC(116) User=0.04s Sys=0.00s Real=0.01s
[2021-04-21T09:39:16.175+0000][7][safepoint    ] Safepoint "G1Concurrent", Time since last: 140900081 ns, Reaching safepoint: 722562 ns, At safepoint: 10826257 ns, Total: 11548819 ns
[2021-04-21T09:39:16.175+0000][7][gc,marking   ] GC(116) Concurrent Rebuild Remembered Sets
[2021-04-21T09:39:16.268+0000][7][gc,marking   ] GC(116) Concurrent Rebuild Remembered Sets 93.119ms
[2021-04-21T09:39:16.269+0000][7][gc,start     ] GC(116) Pause Cleanup
[2021-04-21T09:39:16.269+0000][7][gc           ] GC(116) Pause Cleanup 84M->84M(128M) 0.141ms
[2021-04-21T09:39:16.269+0000][7][gc,cpu       ] GC(116) User=0.00s Sys=0.00s Real=0.00s
[2021-04-21T09:39:16.269+0000][7][safepoint    ] Safepoint "G1Concurrent", Time since last: 93210464 ns, Reaching safepoint: 555832 ns, At safepoint: 189779 ns, Total: 745611 ns
[2021-04-21T09:39:16.269+0000][7][gc,marking   ] GC(116) Concurrent Cleanup for Next Mark
[2021-04-21T09:39:16.269+0000][7][gc,marking   ] GC(116) Concurrent Cleanup for Next Mark 0.260ms
[2021-04-21T09:39:16.269+0000][7][gc           ] GC(116) Concurrent Cycle 336.252ms
[2021-04-21T09:39:17.269+0000][7][safepoint    ] Safepoint "Cleanup", Time since last: 1000106907 ns, Reaching safepoint: 149847 ns, At safepoint: 9439 ns, Total: 159286 ns
[2021-04-21T09:39:18.583+0000][7][safepoint    ] Safepoint "BulkRevokeBias", Time since last: 1313068551 ns, Reaching safepoint: 146237 ns, At safepoint: 334742 ns, Total: 480979 ns
[2021-04-21T09:39:20.536+0000][7][safepoint    ] Safepoint "Cleanup", Time since last: 1953281236 ns, Reaching safepoint: 156205 ns, At safepoint: 11962 ns, Total: 168167 ns
[2021-04-21T09:39:21.589+0000][7][safepoint    ] Safepoint "Cleanup", Time since last: 1052356508 ns, Reaching safepoint: 288090 ns, At safepoint: 8523 ns, Total: 296613 ns
[2021-04-21T09:39:22.589+0000][7][safepoint    ] Safepoint "Cleanup", Time since last: 1000176803 ns, Reaching safepoint: 145370 ns, At safepoint: 7698 ns, Total: 153068 ns
[2021-04-21T09:39:24.212+0000][7][safepoint    ] Safepoint "Cleanup", Time since last: 1622923772 ns, Reaching safepoint: 159744 ns, At safepoint: 5724 ns, Total: 165468 ns
[2021-04-21T09:39:25.596+0000][7][safepoint    ] Safepoint "Cleanup", Time since last: 1384189531 ns, Reaching safepoint: 163095 ns, At safepoint: 12008 ns, Total: 175103 ns
[2021-04-21T09:39:25.924+0000][7][gc,start     ] GC(117) Pause Young (Normal) (G1 Evacuation Pause)
[2021-04-21T09:39:25.924+0000][7][gc,task      ] GC(117) Using 4 workers of 4 for evacuation
[2021-04-21T09:39:25.924+0000][7][gc,age       ] GC(117) Desired survivor size 1572864 bytes, new threshold 15 (max threshold 15)
[2021-04-21T09:39:25.929+0000][7][gc,age       ] GC(117) Age table with threshold 15 (max threshold 15)
[2021-04-21T09:39:25.929+0000][7][gc,age       ] GC(117) - age   1:     933368 bytes,     933368 total
[2021-04-21T09:39:25.929+0000][7][gc,age       ] GC(117) - age   2:     227168 bytes,    1160536 total
[2021-04-21T09:39:25.929+0000][7][gc,age       ] GC(117) - age   3:     219560 bytes,    1380096 total
[2021-04-21T09:39:25.929+0000][7][gc,phases    ] GC(117)   Pre Evacuate Collection Set: 0.1ms
[2021-04-21T09:39:25.929+0000][7][gc,phases    ] GC(117)   Merge Heap Roots: 0.2ms
[2021-04-21T09:39:25.929+0000][7][gc,phases    ] GC(117)   Evacuate Collection Set: 3.9ms
[2021-04-21T09:39:25.929+0000][7][gc,phases    ] GC(117)   Post Evacuate Collection Set: 0.5ms
[2021-04-21T09:39:25.929+0000][7][gc,phases    ] GC(117)   Other: 0.2ms
[2021-04-21T09:39:25.929+0000][7][gc,heap      ] GC(117) Eden regions: 16->0(14)
[2021-04-21T09:39:25.929+0000][7][gc,heap      ] GC(117) Survivor regions: 1->2(3)
[2021-04-21T09:39:25.929+0000][7][gc,heap      ] GC(117) Old regions: 68->68
[2021-04-21T09:39:25.929+0000][7][gc,heap      ] GC(117) Archive regions: 2->2
[2021-04-21T09:39:25.929+0000][7][gc,heap      ] GC(117) Humongous regions: 7->7
[2021-04-21T09:39:25.929+0000][7][gc,metaspace ] GC(117) Metaspace: 86989K(94076K)->86989K(94076K) NonClass: 75078K(79280K)->75078K(79280K) Class: 11910K(14796K)->11910K(14796K)
[2021-04-21T09:39:25.929+0000][7][gc           ] GC(117) Pause Young (Normal) (G1 Evacuation Pause) 92M->76M(128M) 5.053ms
[2021-04-21T09:39:25.929+0000][7][gc,cpu       ] GC(117) User=0.01s Sys=0.00s Real=0.01s
[2021-04-21T09:39:25.930+0000][7][safepoint    ] Safepoint "G1CollectForAllocation", Time since last: 327597630 ns, Reaching safepoint: 294435 ns, At safepoint: 5149637 ns, Total: 5444072 ns
[2021-04-21T09:39:25.955+0000][7][safepoint    ] Safepoint "BulkRevokeBias", Time since last: 21712083 ns, Reaching safepoint: 2200893 ns, At safepoint: 1776590 ns, Total: 3977483 ns
[2021-04-21T09:39:26.053+0000][7][safepoint    ] Safepoint "BulkRevokeBias", Time since last: 96919902 ns, Reaching safepoint: 152867 ns, At safepoint: 570485 ns, Total: 723352 ns
[2021-04-21T09:39:27.054+0000][7][safepoint    ] Safepoint "Cleanup", Time since last: 1000783510 ns, Reaching safepoint: 175552 ns, At safepoint: 15507 ns, Total: 191059 ns
[2021-04-21T09:39:28.603+0000][7][safepoint    ] Safepoint "Cleanup", Time since last: 1548947671 ns, Reaching safepoint: 139086 ns, At safepoint: 16873 ns, Total: 155959 ns
[2021-04-21T09:39:29.603+0000][7][safepoint    ] Safepoint "Cleanup", Time since last: 1000204255 ns, Reaching safepoint: 164636 ns, At safepoint: 8107 ns, Total: 172743 ns
[2021-04-21T09:39:30.604+0000][7][safepoint    ] Safepoint "Cleanup", Time since last: 1000193014 ns, Reaching safepoint: 161895 ns, At safepoint: 9493 ns, Total: 171388 ns
[2021-04-21T09:39:31.604+0000][7][safepoint    ] Safepoint "Cleanup", Time since last: 1000163819 ns, Reaching safepoint: 207637 ns, At safepoint: 9437 ns, Total: 217074 ns
[2021-04-21T09:39:32.604+0000][7][safepoint    ] Safepoint "Cleanup", Time since last: 1000189138 ns, Reaching safepoint: 160068 ns, At safepoint: 17865 ns, Total: 177933 ns
[2021-04-21T09:39:33.201+0000][7][gc,start     ] GC(118) Pause Young (Concurrent Start) (G1 Evacuation Pause)
[2021-04-21T09:39:33.201+0000][7][gc,task      ] GC(118) Using 4 workers of 4 for evacuation
[2021-04-21T09:39:33.201+0000][7][gc,age       ] GC(118) Desired survivor size 1048576 bytes, new threshold 2 (max threshold 15)
[2021-04-21T09:39:33.208+0000][7][gc,age       ] GC(118) Age table with threshold 2 (max threshold 15)
[2021-04-21T09:39:33.208+0000][7][gc,age       ] GC(118) - age   1:     405752 bytes,     405752 total
[2021-04-21T09:39:33.208+0000][7][gc,age       ] GC(118) - age   2:     514728 bytes,     920480 total
[2021-04-21T09:39:33.208+0000][7][gc,phases    ] GC(118)   Pre Evacuate Collection Set: 0.6ms
[2021-04-21T09:39:33.208+0000][7][gc,phases    ] GC(118)   Merge Heap Roots: 0.1ms
[2021-04-21T09:39:33.208+0000][7][gc,phases    ] GC(118)   Evacuate Collection Set: 4.6ms
[2021-04-21T09:39:33.208+0000][7][gc,phases    ] GC(118)   Post Evacuate Collection Set: 1.2ms
[2021-04-21T09:39:33.208+0000][7][gc,phases    ] GC(118)   Other: 0.3ms
[2021-04-21T09:39:33.208+0000][7][gc,heap      ] GC(118) Eden regions: 14->0(15)
[2021-04-21T09:39:33.208+0000][7][gc,heap      ] GC(118) Survivor regions: 2->1(2)
[2021-04-21T09:39:33.208+0000][7][gc,heap      ] GC(118) Old regions: 68->69
[2021-04-21T09:39:33.208+0000][7][gc,heap      ] GC(118) Archive regions: 2->2
[2021-04-21T09:39:33.208+0000][7][gc,heap      ] GC(118) Humongous regions: 7->7
[2021-04-21T09:39:33.208+0000][7][gc,metaspace ] GC(118) Metaspace: 87687K(94716K)->87687K(94716K) NonClass: 75677K(79792K)->75677K(79792K) Class: 12009K(14924K)->12009K(14924K)
[2021-04-21T09:39:33.208+0000][7][gc           ] GC(118) Pause Young (Concurrent Start) (G1 Evacuation Pause) 90M->76M(128M) 7.080ms
[2021-04-21T09:39:33.208+0000][7][gc,cpu       ] GC(118) User=0.02s Sys=0.00s Real=0.01s
[2021-04-21T09:39:33.208+0000][7][gc           ] GC(119) Concurrent Cycle
[2021-04-21T09:39:33.208+0000][7][safepoint    ] Safepoint "G1CollectForAllocation", Time since last: 596255902 ns, Reaching safepoint: 131581 ns, At safepoint: 7200624 ns, Total: 7332205 ns
[2021-04-21T09:39:33.208+0000][7][gc,marking   ] GC(119) Concurrent Clear Claimed Marks
[2021-04-21T09:39:33.209+0000][7][gc,marking   ] GC(119) Concurrent Clear Claimed Marks 0.515ms
[2021-04-21T09:39:33.209+0000][7][gc,marking   ] GC(119) Concurrent Scan Root Regions
[2021-04-21T09:39:33.212+0000][7][gc,marking   ] GC(119) Concurrent Scan Root Regions 3.113ms
[2021-04-21T09:39:33.212+0000][7][gc,marking   ] GC(119) Concurrent Mark (39.739s)
[2021-04-21T09:39:33.212+0000][7][gc,marking   ] GC(119) Concurrent Mark From Roots
[2021-04-21T09:39:33.212+0000][7][gc,task      ] GC(119) Using 1 workers of 1 for marking
[2021-04-21T09:39:33.325+0000][7][gc,marking   ] GC(119) Concurrent Mark From Roots 113.476ms
[2021-04-21T09:39:33.325+0000][7][gc,marking   ] GC(119) Concurrent Preclean
[2021-04-21T09:39:33.325+0000][7][gc,marking   ] GC(119) Concurrent Preclean 0.108ms
[2021-04-21T09:39:33.325+0000][7][gc,marking   ] GC(119) Concurrent Mark (39.739s, 39.853s) 113.647ms
[2021-04-21T09:39:33.326+0000][7][gc,start     ] GC(119) Pause Remark
[2021-04-21T09:39:33.337+0000][7][gc           ] GC(119) Pause Remark 78M->78M(128M) 11.632ms
[2021-04-21T09:39:33.337+0000][7][gc,cpu       ] GC(119) User=0.02s Sys=0.00s Real=0.01s
[2021-04-21T09:39:33.337+0000][7][safepoint    ] Safepoint "G1Concurrent", Time since last: 117410078 ns, Reaching safepoint: 93633 ns, At safepoint: 11738644 ns, Total: 11832277 ns
[2021-04-21T09:39:33.342+0000][7][gc,marking   ] GC(119) Concurrent Rebuild Remembered Sets
[2021-04-21T09:39:33.422+0000][7][gc,marking   ] GC(119) Concurrent Rebuild Remembered Sets 79.472ms
[2021-04-21T09:39:33.423+0000][7][gc,start     ] GC(119) Pause Cleanup
[2021-04-21T09:39:33.423+0000][7][gc           ] GC(119) Pause Cleanup 78M->78M(128M) 0.170ms
[2021-04-21T09:39:33.423+0000][7][gc,cpu       ] GC(119) User=0.00s Sys=0.00s Real=0.00s
[2021-04-21T09:39:33.423+0000][7][safepoint    ] Safepoint "G1Concurrent", Time since last: 84676460 ns, Reaching safepoint: 570400 ns, At safepoint: 239714 ns, Total: 810114 ns
[2021-04-21T09:39:33.423+0000][7][gc,marking   ] GC(119) Concurrent Cleanup for Next Mark
[2021-04-21T09:39:33.423+0000][7][gc,marking   ] GC(119) Concurrent Cleanup for Next Mark 0.260ms
[2021-04-21T09:39:33.423+0000][7][gc           ] GC(119) Concurrent Cycle 215.050ms
[2021-04-21T09:39:34.620+0000][7][safepoint    ] Safepoint "Cleanup", Time since last: 1196915505 ns, Reaching safepoint: 273475 ns, At safepoint: 29561 ns, Total: 303036 ns
[2021-04-21T09:39:35.620+0000][7][safepoint    ] Safepoint "Cleanup", Time since last: 1000185465 ns, Reaching safepoint: 157510 ns, At safepoint: 13516 ns, Total: 171026 ns
[2021-04-21T09:39:36.621+0000][7][safepoint    ] Safepoint "Cleanup", Time since last: 1000141837 ns, Reaching safepoint: 196364 ns, At safepoint: 10263 ns, Total: 206627 ns
[2021-04-21T09:39:37.629+0000][7][safepoint    ] Safepoint "Cleanup", Time since last: 1007846254 ns, Reaching safepoint: 120744 ns, At safepoint: 7677 ns, Total: 128421 ns
[2021-04-21T09:39:38.629+0000][7][safepoint    ] Safepoint "Cleanup", Time since last: 1000131567 ns, Reaching safepoint: 98316 ns, At safepoint: 6647 ns, Total: 104963 ns
[2021-04-21T09:39:39.629+0000][7][safepoint    ] Safepoint "Cleanup", Time since last: 1000111859 ns, Reaching safepoint: 144759 ns, At safepoint: 4572 ns, Total: 149331 ns
[2021-04-21T09:39:40.138+0000][7][safepoint    ] Safepoint "BulkRevokeBias", Time since last: 508310084 ns, Reaching safepoint: 265319 ns, At safepoint: 391828 ns, Total: 657147 ns
[2021-04-21T09:39:40.479+0000][7][safepoint    ] Safepoint "BulkRevokeBias", Time since last: 340686689 ns, Reaching safepoint: 139832 ns, At safepoint: 378270 ns, Total: 518102 ns
[2021-04-21T09:39:40.494+0000][7][safepoint    ] Safepoint "BulkRevokeBias", Time since last: 14518320 ns, Reaching safepoint: 148507 ns, At safepoint: 303178 ns, Total: 451685 ns
[2021-04-21T09:39:40.503+0000][7][safepoint    ] Safepoint "BulkRevokeBias", Time since last: 7865669 ns, Reaching safepoint: 131798 ns, At safepoint: 979960 ns, Total: 1111758 ns
[2021-04-21T09:39:40.518+0000][7][gc,heap,exit ] Heap
[2021-04-21T09:39:40.518+0000][7][gc,heap,exit ]  garbage-first heap   total 131072K, used 86862K [0x00000000f8000000, 0x0000000100000000)
[2021-04-21T09:39:40.518+0000][7][gc,heap,exit ]   region size 1024K, 11 young (11264K), 1 survivors (1024K)
[2021-04-21T09:39:40.518+0000][7][gc,heap,exit ]  Metaspace       used 87957K, capacity 94755K, committed 94972K, reserved 1130496K
[2021-04-21T09:39:40.518+0000][7][gc,heap,exit ]   class space    used 12042K, capacity 14844K, committed 14924K, reserved 1048576K
