[2021-04-21T09:35:23.979+0000][6][gc,heap] Heap region size: 1M
[2021-04-21T09:35:23.980+0000][6][gc,heap,coops] Heap address: 0x00000000f8000000, size: 128 MB, Compressed Oops mode: 32-bit
[2021-04-21T09:35:24.006+0000][6][gc           ] Using G1
[2021-04-21T09:35:24.006+0000][6][gc,cds       ] Mark closed archive regions in map: [0x00000000fff00000, 0x00000000fff7eff8]
[2021-04-21T09:35:24.006+0000][6][gc,cds       ] Mark open archive regions in map: [0x00000000ffe00000, 0x00000000ffe52ff8]
[2021-04-21T09:35:24.022+0000][6][gc           ] Periodic GC disabled
[2021-04-21T09:35:24.429+0000][6][gc,start     ] GC(0) Pause Young (Normal) (G1 Evacuation Pause)
[2021-04-21T09:35:24.430+0000][6][gc,task      ] GC(0) Using 2 workers of 4 for evacuation
[2021-04-21T09:35:24.430+0000][6][gc,age       ] GC(0) Desired survivor size 1048576 bytes, new threshold 15 (max threshold 15)
[2021-04-21T09:35:24.438+0000][6][gc,age       ] GC(0) Age table with threshold 15 (max threshold 15)
[2021-04-21T09:35:24.439+0000][6][gc,age       ] GC(0) - age   1:    2064464 bytes,    2064464 total
[2021-04-21T09:35:24.439+0000][6][gc,phases    ] GC(0)   Pre Evacuate Collection Set: 0.0ms
[2021-04-21T09:35:24.439+0000][6][gc,phases    ] GC(0)   Merge Heap Roots: 0.1ms
[2021-04-21T09:35:24.439+0000][6][gc,phases    ] GC(0)   Evacuate Collection Set: 6.6ms
[2021-04-21T09:35:24.439+0000][6][gc,phases    ] GC(0)   Post Evacuate Collection Set: 1.1ms
[2021-04-21T09:35:24.439+0000][6][gc,phases    ] GC(0)   Other: 2.4ms
[2021-04-21T09:35:24.439+0000][6][gc,heap      ] GC(0) Eden regions: 13->0(16)
[2021-04-21T09:35:24.439+0000][6][gc,heap      ] GC(0) Survivor regions: 0->2(2)
[2021-04-21T09:35:24.439+0000][6][gc,heap      ] GC(0) Old regions: 0->1
[2021-04-21T09:35:24.439+0000][6][gc,heap      ] GC(0) Archive regions: 2->2
[2021-04-21T09:35:24.439+0000][6][gc,heap      ] GC(0) Humongous regions: 1->1
[2021-04-21T09:35:24.439+0000][6][gc,metaspace ] GC(0) Metaspace: 2961K(6272K)->2961K(6272K) NonClass: 2655K(5632K)->2655K(5632K) Class: 306K(640K)->306K(640K)
[2021-04-21T09:35:24.439+0000][6][gc           ] GC(0) Pause Young (Normal) (G1 Evacuation Pause) 14M->3M(66M) 10.343ms
[2021-04-21T09:35:24.439+0000][6][gc,cpu       ] GC(0) User=0.01s Sys=0.00s Real=0.01s
[2021-04-21T09:35:24.439+0000][6][safepoint    ] Safepoint "G1CollectForAllocation", Time since last: 414863225 ns, Reaching safepoint: 99956 ns, At safepoint: 10420515 ns, Total: 10520471 ns
[2021-04-21T09:35:25.081+0000][6][gc,start     ] GC(1) Pause Young (Normal) (G1 Evacuation Pause)
[2021-04-21T09:35:25.081+0000][6][gc,task      ] GC(1) Using 2 workers of 4 for evacuation
[2021-04-21T09:35:25.081+0000][6][gc,age       ] GC(1) Desired survivor size 1572864 bytes, new threshold 1 (max threshold 15)
[2021-04-21T09:35:25.090+0000][6][gc,age       ] GC(1) Age table with threshold 1 (max threshold 15)
[2021-04-21T09:35:25.090+0000][6][gc,age       ] GC(1) - age   1:    1168920 bytes,    1168920 total
[2021-04-21T09:35:25.090+0000][6][gc,phases    ] GC(1)   Pre Evacuate Collection Set: 0.0ms
[2021-04-21T09:35:25.090+0000][6][gc,phases    ] GC(1)   Merge Heap Roots: 0.0ms
[2021-04-21T09:35:25.090+0000][6][gc,phases    ] GC(1)   Evacuate Collection Set: 8.3ms
[2021-04-21T09:35:25.090+0000][6][gc,phases    ] GC(1)   Post Evacuate Collection Set: 0.5ms
[2021-04-21T09:35:25.090+0000][6][gc,phases    ] GC(1)   Other: 0.2ms
[2021-04-21T09:35:25.090+0000][6][gc,heap      ] GC(1) Eden regions: 16->0(33)
[2021-04-21T09:35:25.090+0000][6][gc,heap      ] GC(1) Survivor regions: 2->2(3)
[2021-04-21T09:35:25.090+0000][6][gc,heap      ] GC(1) Old regions: 1->2
[2021-04-21T09:35:25.090+0000][6][gc,heap      ] GC(1) Archive regions: 2->2
[2021-04-21T09:35:25.090+0000][6][gc,heap      ] GC(1) Humongous regions: 1->1
[2021-04-21T09:35:25.090+0000][6][gc,metaspace ] GC(1) Metaspace: 7485K(9344K)->7485K(9344K) NonClass: 6621K(8192K)->6621K(8192K) Class: 864K(1152K)->864K(1152K)
[2021-04-21T09:35:25.090+0000][6][gc           ] GC(1) Pause Young (Normal) (G1 Evacuation Pause) 19M->5M(66M) 9.194ms
[2021-04-21T09:35:25.090+0000][6][gc,cpu       ] GC(1) User=0.02s Sys=0.00s Real=0.01s
[2021-04-21T09:35:25.090+0000][6][safepoint    ] Safepoint "G1CollectForAllocation", Time since last: 641698175 ns, Reaching safepoint: 151724 ns, At safepoint: 9272667 ns, Total: 9424391 ns
[2021-04-21T09:35:26.244+0000][6][safepoint    ] Safepoint "Cleanup", Time since last: 1154075930 ns, Reaching safepoint: 129819 ns, At safepoint: 2940 ns, Total: 132759 ns
[2021-04-21T09:35:26.378+0000][6][gc,start     ] GC(2) Pause Young (Normal) (G1 Evacuation Pause)
[2021-04-21T09:35:26.378+0000][6][gc,task      ] GC(2) Using 2 workers of 4 for evacuation
[2021-04-21T09:35:26.379+0000][6][gc,age       ] GC(2) Desired survivor size 2621440 bytes, new threshold 15 (max threshold 15)
[2021-04-21T09:35:26.386+0000][6][gc,age       ] GC(2) Age table with threshold 15 (max threshold 15)
[2021-04-21T09:35:26.386+0000][6][gc,age       ] GC(2) - age   1:    2450904 bytes,    2450904 total
[2021-04-21T09:35:26.386+0000][6][gc,age       ] GC(2) - age   2:    1132536 bytes,    3583440 total
[2021-04-21T09:35:26.386+0000][6][gc,phases    ] GC(2)   Pre Evacuate Collection Set: 0.0ms
[2021-04-21T09:35:26.386+0000][6][gc,phases    ] GC(2)   Merge Heap Roots: 0.0ms
[2021-04-21T09:35:26.386+0000][6][gc,phases    ] GC(2)   Evacuate Collection Set: 6.6ms
[2021-04-21T09:35:26.386+0000][6][gc,phases    ] GC(2)   Post Evacuate Collection Set: 0.5ms
[2021-04-21T09:35:26.386+0000][6][gc,phases    ] GC(2)   Other: 0.2ms
[2021-04-21T09:35:26.386+0000][6][gc,heap      ] GC(2) Eden regions: 33->0(31)
[2021-04-21T09:35:26.386+0000][6][gc,heap      ] GC(2) Survivor regions: 2->4(5)
[2021-04-21T09:35:26.386+0000][6][gc,heap      ] GC(2) Old regions: 2->2
[2021-04-21T09:35:26.386+0000][6][gc,heap      ] GC(2) Archive regions: 2->2
[2021-04-21T09:35:26.386+0000][6][gc,heap      ] GC(2) Humongous regions: 1->1
[2021-04-21T09:35:26.386+0000][6][gc,metaspace ] GC(2) Metaspace: 13217K(13952K)->13217K(13952K) NonClass: 11608K(12032K)->11608K(12032K) Class: 1608K(1920K)->1608K(1920K)
[2021-04-21T09:35:26.386+0000][6][gc           ] GC(2) Pause Young (Normal) (G1 Evacuation Pause) 38M->7M(66M) 7.484ms
[2021-04-21T09:35:26.386+0000][6][gc,cpu       ] GC(2) User=0.01s Sys=0.00s Real=0.00s
[2021-04-21T09:35:26.386+0000][6][safepoint    ] Safepoint "G1CollectForAllocation", Time since last: 134078276 ns, Reaching safepoint: 67019 ns, At safepoint: 7543511 ns, Total: 7610530 ns
[2021-04-21T09:35:27.078+0000][6][gc,start     ] GC(3) Pause Young (Normal) (G1 Evacuation Pause)
[2021-04-21T09:35:27.079+0000][6][gc,task      ] GC(3) Using 2 workers of 4 for evacuation
[2021-04-21T09:35:27.079+0000][6][gc,age       ] GC(3) Desired survivor size 2621440 bytes, new threshold 2 (max threshold 15)
[2021-04-21T09:35:27.090+0000][6][gc,age       ] GC(3) Age table with threshold 2 (max threshold 15)
[2021-04-21T09:35:27.090+0000][6][gc,age       ] GC(3) - age   1:    1197560 bytes,    1197560 total
[2021-04-21T09:35:27.090+0000][6][gc,age       ] GC(3) - age   2:    2239416 bytes,    3436976 total
[2021-04-21T09:35:27.091+0000][6][gc,phases    ] GC(3)   Pre Evacuate Collection Set: 0.0ms
[2021-04-21T09:35:27.091+0000][6][gc,phases    ] GC(3)   Merge Heap Roots: 0.0ms
[2021-04-21T09:35:27.091+0000][6][gc,phases    ] GC(3)   Evacuate Collection Set: 10.9ms
[2021-04-21T09:35:27.091+0000][6][gc,phases    ] GC(3)   Post Evacuate Collection Set: 0.8ms
[2021-04-21T09:35:27.091+0000][6][gc,phases    ] GC(3)   Other: 0.2ms
[2021-04-21T09:35:27.091+0000][6][gc,heap      ] GC(3) Eden regions: 31->0(31)
[2021-04-21T09:35:27.091+0000][6][gc,heap      ] GC(3) Survivor regions: 4->4(5)
[2021-04-21T09:35:27.091+0000][6][gc,heap      ] GC(3) Old regions: 2->4
[2021-04-21T09:35:27.091+0000][6][gc,heap      ] GC(3) Archive regions: 2->2
[2021-04-21T09:35:27.091+0000][6][gc,heap      ] GC(3) Humongous regions: 1->1
[2021-04-21T09:35:27.091+0000][6][gc,metaspace ] GC(3) Metaspace: 16328K(17024K)->16328K(17024K) NonClass: 14380K(14848K)->14380K(14848K) Class: 1947K(2176K)->1947K(2176K)
[2021-04-21T09:35:27.091+0000][6][gc           ] GC(3) Pause Young (Normal) (G1 Evacuation Pause) 38M->8M(66M) 12.175ms
[2021-04-21T09:35:27.091+0000][6][gc,cpu       ] GC(3) User=0.02s Sys=0.00s Real=0.01s
[2021-04-21T09:35:27.091+0000][6][safepoint    ] Safepoint "G1CollectForAllocation", Time since last: 692395217 ns, Reaching safepoint: 112923 ns, At safepoint: 12281082 ns, Total: 12394005 ns
[2021-04-21T09:35:27.092+0000][6][safepoint    ] Safepoint "BulkRevokeBias", Time since last: 566042 ns, Reaching safepoint: 296558 ns, At safepoint: 124084 ns, Total: 420642 ns
[2021-04-21T09:35:27.520+0000][6][gc,start     ] GC(4) Pause Young (Normal) (G1 Evacuation Pause)
[2021-04-21T09:35:27.520+0000][6][gc,task      ] GC(4) Using 2 workers of 4 for evacuation
[2021-04-21T09:35:27.520+0000][6][gc,age       ] GC(4) Desired survivor size 2621440 bytes, new threshold 2 (max threshold 15)
[2021-04-21T09:35:27.532+0000][6][gc,age       ] GC(4) Age table with threshold 2 (max threshold 15)
[2021-04-21T09:35:27.532+0000][6][gc,age       ] GC(4) - age   1:    1311728 bytes,    1311728 total
[2021-04-21T09:35:27.532+0000][6][gc,age       ] GC(4) - age   2:    1174288 bytes,    2486016 total
[2021-04-21T09:35:27.532+0000][6][gc,phases    ] GC(4)   Pre Evacuate Collection Set: 0.0ms
[2021-04-21T09:35:27.532+0000][6][gc,phases    ] GC(4)   Merge Heap Roots: 0.0ms
[2021-04-21T09:35:27.532+0000][6][gc,phases    ] GC(4)   Evacuate Collection Set: 11.3ms
[2021-04-21T09:35:27.532+0000][6][gc,phases    ] GC(4)   Post Evacuate Collection Set: 0.4ms
[2021-04-21T09:35:27.532+0000][6][gc,phases    ] GC(4)   Other: 0.9ms
[2021-04-21T09:35:27.532+0000][6][gc,heap      ] GC(4) Eden regions: 31->0(31)
[2021-04-21T09:35:27.532+0000][6][gc,heap      ] GC(4) Survivor regions: 4->3(5)
[2021-04-21T09:35:27.532+0000][6][gc,heap      ] GC(4) Old regions: 4->6
[2021-04-21T09:35:27.532+0000][6][gc,heap      ] GC(4) Archive regions: 2->2
[2021-04-21T09:35:27.532+0000][6][gc,heap      ] GC(4) Humongous regions: 2->1
[2021-04-21T09:35:27.532+0000][6][gc,metaspace ] GC(4) Metaspace: 17424K(18304K)->17424K(18304K) NonClass: 15291K(15872K)->15291K(15872K) Class: 2132K(2432K)->2132K(2432K)
[2021-04-21T09:35:27.533+0000][6][gc           ] GC(4) Pause Young (Normal) (G1 Evacuation Pause) 40M->10M(66M) 12.748ms
[2021-04-21T09:35:27.533+0000][6][gc,cpu       ] GC(4) User=0.02s Sys=0.00s Real=0.01s
[2021-04-21T09:35:27.533+0000][6][safepoint    ] Safepoint "G1CollectForAllocation", Time since last: 427914615 ns, Reaching safepoint: 81212 ns, At safepoint: 12816616 ns, Total: 12897828 ns
[2021-04-21T09:35:27.534+0000][6][safepoint    ] Safepoint "BulkRevokeBias", Time since last: 1187770 ns, Reaching safepoint: 247873 ns, At safepoint: 66399 ns, Total: 314272 ns
[2021-04-21T09:35:27.535+0000][6][safepoint    ] Safepoint "BulkRevokeBias", Time since last: 509173 ns, Reaching safepoint: 440125 ns, At safepoint: 66446 ns, Total: 506571 ns
[2021-04-21T09:35:27.772+0000][6][gc,start     ] GC(5) Pause Young (Normal) (G1 Evacuation Pause)
[2021-04-21T09:35:27.773+0000][6][gc,task      ] GC(5) Using 2 workers of 4 for evacuation
[2021-04-21T09:35:27.773+0000][6][gc,age       ] GC(5) Desired survivor size 2621440 bytes, new threshold 15 (max threshold 15)
[2021-04-21T09:35:27.781+0000][6][gc,age       ] GC(5) Age table with threshold 15 (max threshold 15)
[2021-04-21T09:35:27.781+0000][6][gc,age       ] GC(5) - age   1:    1493720 bytes,    1493720 total
[2021-04-21T09:35:27.781+0000][6][gc,age       ] GC(5) - age   2:    1284136 bytes,    2777856 total
[2021-04-21T09:35:27.781+0000][6][gc,age       ] GC(5) - age   3:    1173960 bytes,    3951816 total
[2021-04-21T09:35:27.781+0000][6][gc,phases    ] GC(5)   Pre Evacuate Collection Set: 0.1ms
[2021-04-21T09:35:27.781+0000][6][gc,phases    ] GC(5)   Merge Heap Roots: 0.3ms
[2021-04-21T09:35:27.781+0000][6][gc,phases    ] GC(5)   Evacuate Collection Set: 6.5ms
[2021-04-21T09:35:27.781+0000][6][gc,phases    ] GC(5)   Post Evacuate Collection Set: 0.6ms
[2021-04-21T09:35:27.781+0000][6][gc,phases    ] GC(5)   Other: 1.5ms
[2021-04-21T09:35:27.781+0000][6][gc,heap      ] GC(5) Eden regions: 31->0(31)
[2021-04-21T09:35:27.781+0000][6][gc,heap      ] GC(5) Survivor regions: 3->4(5)
[2021-04-21T09:35:27.781+0000][6][gc,heap      ] GC(5) Old regions: 6->6
[2021-04-21T09:35:27.781+0000][6][gc,heap      ] GC(5) Archive regions: 2->2
[2021-04-21T09:35:27.781+0000][6][gc,heap      ] GC(5) Humongous regions: 1->1
[2021-04-21T09:35:27.781+0000][6][gc,metaspace ] GC(5) Metaspace: 17520K(18304K)->17520K(18304K) NonClass: 15382K(15872K)->15382K(15872K) Class: 2138K(2432K)->2138K(2432K)
[2021-04-21T09:35:27.781+0000][6][gc           ] GC(5) Pause Young (Normal) (G1 Evacuation Pause) 41M->11M(66M) 9.162ms
[2021-04-21T09:35:27.781+0000][6][gc,cpu       ] GC(5) User=0.01s Sys=0.00s Real=0.01s
[2021-04-21T09:35:27.781+0000][6][safepoint    ] Safepoint "G1CollectForAllocation", Time since last: 236686295 ns, Reaching safepoint: 108703 ns, At safepoint: 9241824 ns, Total: 9350527 ns
[2021-04-21T09:35:28.280+0000][6][gc,start     ] GC(6) Pause Young (Normal) (G1 Evacuation Pause)
[2021-04-21T09:35:28.280+0000][6][gc,task      ] GC(6) Using 2 workers of 4 for evacuation
[2021-04-21T09:35:28.281+0000][6][gc,age       ] GC(6) Desired survivor size 2621440 bytes, new threshold 2 (max threshold 15)
[2021-04-21T09:35:28.286+0000][6][gc,age       ] GC(6) Age table with threshold 2 (max threshold 15)
[2021-04-21T09:35:28.286+0000][6][gc,age       ] GC(6) - age   1:    1514784 bytes,    1514784 total
[2021-04-21T09:35:28.286+0000][6][gc,age       ] GC(6) - age   2:      39592 bytes,    1554376 total
[2021-04-21T09:35:28.286+0000][6][gc,phases    ] GC(6)   Pre Evacuate Collection Set: 0.5ms
[2021-04-21T09:35:28.286+0000][6][gc,phases    ] GC(6)   Merge Heap Roots: 0.6ms
[2021-04-21T09:35:28.286+0000][6][gc,phases    ] GC(6)   Evacuate Collection Set: 4.3ms
[2021-04-21T09:35:28.286+0000][6][gc,phases    ] GC(6)   Post Evacuate Collection Set: 0.4ms
[2021-04-21T09:35:28.287+0000][6][gc,phases    ] GC(6)   Other: 0.2ms
[2021-04-21T09:35:28.287+0000][6][gc,heap      ] GC(6) Eden regions: 31->0(31)
[2021-04-21T09:35:28.287+0000][6][gc,heap      ] GC(6) Survivor regions: 4->2(5)
[2021-04-21T09:35:28.287+0000][6][gc,heap      ] GC(6) Old regions: 6->8
[2021-04-21T09:35:28.287+0000][6][gc,heap      ] GC(6) Archive regions: 2->2
[2021-04-21T09:35:28.287+0000][6][gc,heap      ] GC(6) Humongous regions: 1->1
[2021-04-21T09:35:28.287+0000][6][gc,metaspace ] GC(6) Metaspace: 18897K(19840K)->18897K(19840K) NonClass: 16589K(17152K)->16589K(17152K) Class: 2308K(2688K)->2308K(2688K)
[2021-04-21T09:35:28.287+0000][6][gc           ] GC(6) Pause Young (Normal) (G1 Evacuation Pause) 42M->11M(66M) 6.127ms
[2021-04-21T09:35:28.287+0000][6][gc,cpu       ] GC(6) User=0.00s Sys=0.01s Real=0.01s
[2021-04-21T09:35:28.287+0000][6][safepoint    ] Safepoint "G1CollectForAllocation", Time since last: 499133836 ns, Reaching safepoint: 170415 ns, At safepoint: 6207004 ns, Total: 6377419 ns
[2021-04-21T09:35:28.407+0000][6][gc,start     ] GC(7) Pause Young (Normal) (G1 Evacuation Pause)
[2021-04-21T09:35:28.407+0000][6][gc,task      ] GC(7) Using 2 workers of 4 for evacuation
[2021-04-21T09:35:28.407+0000][6][gc,age       ] GC(7) Desired survivor size 2621440 bytes, new threshold 15 (max threshold 15)
[2021-04-21T09:35:28.423+0000][6][gc,age       ] GC(7) Age table with threshold 15 (max threshold 15)
[2021-04-21T09:35:28.423+0000][6][gc,age       ] GC(7) - age   1:    1504072 bytes,    1504072 total
[2021-04-21T09:35:28.423+0000][6][gc,age       ] GC(7) - age   2:    1324216 bytes,    2828288 total
[2021-04-21T09:35:28.423+0000][6][gc,age       ] GC(7) - age   3:      39592 bytes,    2867880 total
[2021-04-21T09:35:28.423+0000][6][gc,phases    ] GC(7)   Pre Evacuate Collection Set: 0.5ms
[2021-04-21T09:35:28.423+0000][6][gc,phases    ] GC(7)   Merge Heap Roots: 0.1ms
[2021-04-21T09:35:28.423+0000][6][gc,phases    ] GC(7)   Evacuate Collection Set: 14.5ms
[2021-04-21T09:35:28.423+0000][6][gc,phases    ] GC(7)   Post Evacuate Collection Set: 0.4ms
[2021-04-21T09:35:28.423+0000][6][gc,phases    ] GC(7)   Other: 0.2ms
[2021-04-21T09:35:28.423+0000][6][gc,heap      ] GC(7) Eden regions: 31->0(30)
[2021-04-21T09:35:28.423+0000][6][gc,heap      ] GC(7) Survivor regions: 2->3(5)
[2021-04-21T09:35:28.423+0000][6][gc,heap      ] GC(7) Old regions: 8->8
[2021-04-21T09:35:28.423+0000][6][gc,heap      ] GC(7) Archive regions: 2->2
[2021-04-21T09:35:28.423+0000][6][gc,heap      ] GC(7) Humongous regions: 1->1
[2021-04-21T09:35:28.423+0000][6][gc,metaspace ] GC(7) Metaspace: 18938K(19840K)->18938K(19840K) NonClass: 16628K(17152K)->16628K(17152K) Class: 2309K(2688K)->2309K(2688K)
[2021-04-21T09:35:28.423+0000][6][gc           ] GC(7) Pause Young (Normal) (G1 Evacuation Pause) 42M->12M(66M) 15.812ms
[2021-04-21T09:35:28.423+0000][6][gc,cpu       ] GC(7) User=0.01s Sys=0.00s Real=0.01s
[2021-04-21T09:35:28.423+0000][6][safepoint    ] Safepoint "G1CollectForAllocation", Time since last: 120211022 ns, Reaching safepoint: 541120 ns, At safepoint: 15898130 ns, Total: 16439250 ns
[2021-04-21T09:35:28.639+0000][6][gc,start     ] GC(8) Pause Young (Normal) (G1 Evacuation Pause)
[2021-04-21T09:35:28.639+0000][6][gc,task      ] GC(8) Using 2 workers of 4 for evacuation
[2021-04-21T09:35:28.639+0000][6][gc,age       ] GC(8) Desired survivor size 2621440 bytes, new threshold 2 (max threshold 15)
[2021-04-21T09:35:28.657+0000][6][gc,age       ] GC(8) Age table with threshold 2 (max threshold 15)
[2021-04-21T09:35:28.657+0000][6][gc,age       ] GC(8) - age   1:     251488 bytes,     251488 total
[2021-04-21T09:35:28.657+0000][6][gc,age       ] GC(8) - age   2:      33824 bytes,     285312 total
[2021-04-21T09:35:28.657+0000][6][gc,phases    ] GC(8)   Pre Evacuate Collection Set: 3.2ms
[2021-04-21T09:35:28.657+0000][6][gc,phases    ] GC(8)   Merge Heap Roots: 2.5ms
[2021-04-21T09:35:28.657+0000][6][gc,phases    ] GC(8)   Evacuate Collection Set: 2.7ms
[2021-04-21T09:35:28.657+0000][6][gc,phases    ] GC(8)   Post Evacuate Collection Set: 9.2ms
[2021-04-21T09:35:28.657+0000][6][gc,phases    ] GC(8)   Other: 0.4ms
[2021-04-21T09:35:28.657+0000][6][gc,heap      ] GC(8) Eden regions: 30->0(31)
[2021-04-21T09:35:28.657+0000][6][gc,heap      ] GC(8) Survivor regions: 3->1(5)
[2021-04-21T09:35:28.657+0000][6][gc,heap      ] GC(8) Old regions: 8->10
[2021-04-21T09:35:28.657+0000][6][gc,heap      ] GC(8) Archive regions: 2->2
[2021-04-21T09:35:28.657+0000][6][gc,heap      ] GC(8) Humongous regions: 1->1
[2021-04-21T09:35:28.657+0000][6][gc,metaspace ] GC(8) Metaspace: 18964K(19840K)->18964K(19840K) NonClass: 16653K(17152K)->16653K(17152K) Class: 2311K(2688K)->2311K(2688K)
[2021-04-21T09:35:28.657+0000][6][gc           ] GC(8) Pause Young (Normal) (G1 Evacuation Pause) 42M->11M(66M) 18.136ms
[2021-04-21T09:35:28.657+0000][6][gc,cpu       ] GC(8) User=0.01s Sys=0.00s Real=0.01s
[2021-04-21T09:35:28.657+0000][6][safepoint    ] Safepoint "G1CollectForAllocation", Time since last: 213924227 ns, Reaching safepoint: 1754330 ns, At safepoint: 18268722 ns, Total: 20023052 ns
[2021-04-21T09:35:28.851+0000][6][gc,start     ] GC(9) Pause Young (Normal) (G1 Evacuation Pause)
[2021-04-21T09:35:28.851+0000][6][gc,task      ] GC(9) Using 2 workers of 4 for evacuation
[2021-04-21T09:35:28.851+0000][6][gc,age       ] GC(9) Desired survivor size 2097152 bytes, new threshold 15 (max threshold 15)
[2021-04-21T09:35:28.860+0000][6][gc,age       ] GC(9) Age table with threshold 15 (max threshold 15)
[2021-04-21T09:35:28.860+0000][6][gc,age       ] GC(9) - age   1:     342328 bytes,     342328 total
[2021-04-21T09:35:28.860+0000][6][gc,age       ] GC(9) - age   2:     233456 bytes,     575784 total
[2021-04-21T09:35:28.860+0000][6][gc,age       ] GC(9) - age   3:      33824 bytes,     609608 total
[2021-04-21T09:35:28.860+0000][6][gc,phases    ] GC(9)   Pre Evacuate Collection Set: 1.3ms
[2021-04-21T09:35:28.860+0000][6][gc,phases    ] GC(9)   Merge Heap Roots: 0.7ms
[2021-04-21T09:35:28.860+0000][6][gc,phases    ] GC(9)   Evacuate Collection Set: 3.2ms
[2021-04-21T09:35:28.860+0000][6][gc,phases    ] GC(9)   Post Evacuate Collection Set: 3.8ms
[2021-04-21T09:35:28.860+0000][6][gc,phases    ] GC(9)   Other: 0.5ms
[2021-04-21T09:35:28.860+0000][6][gc,heap      ] GC(9) Eden regions: 31->0(32)
[2021-04-21T09:35:28.861+0000][6][gc,heap      ] GC(9) Survivor regions: 1->1(4)
[2021-04-21T09:35:28.861+0000][6][gc,heap      ] GC(9) Old regions: 10->10
[2021-04-21T09:35:28.861+0000][6][gc,heap      ] GC(9) Archive regions: 2->2
[2021-04-21T09:35:28.861+0000][6][gc,heap      ] GC(9) Humongous regions: 1->1
[2021-04-21T09:35:28.861+0000][6][gc,metaspace ] GC(9) Metaspace: 19009K(20096K)->19009K(20096K) NonClass: 16693K(17408K)->16693K(17408K) Class: 2316K(2688K)->2316K(2688K)
[2021-04-21T09:35:28.861+0000][6][gc           ] GC(9) Pause Young (Normal) (G1 Evacuation Pause) 42M->11M(66M) 9.659ms
[2021-04-21T09:35:28.861+0000][6][gc,cpu       ] GC(9) User=0.01s Sys=0.00s Real=0.01s
[2021-04-21T09:35:28.861+0000][6][safepoint    ] Safepoint "G1CollectForAllocation", Time since last: 193140360 ns, Reaching safepoint: 559908 ns, At safepoint: 9744901 ns, Total: 10304809 ns
[2021-04-21T09:35:29.133+0000][6][gc,start     ] GC(10) Pause Young (Normal) (G1 Evacuation Pause)
[2021-04-21T09:35:29.135+0000][6][gc,task      ] GC(10) Using 2 workers of 4 for evacuation
[2021-04-21T09:35:29.135+0000][6][gc,age       ] GC(10) Desired survivor size 2621440 bytes, new threshold 15 (max threshold 15)
[2021-04-21T09:35:29.140+0000][6][gc,age       ] GC(10) Age table with threshold 15 (max threshold 15)
[2021-04-21T09:35:29.140+0000][6][gc,age       ] GC(10) - age   1:    1255712 bytes,    1255712 total
[2021-04-21T09:35:29.140+0000][6][gc,age       ] GC(10) - age   2:      63464 bytes,    1319176 total
[2021-04-21T09:35:29.140+0000][6][gc,age       ] GC(10) - age   3:     233456 bytes,    1552632 total
[2021-04-21T09:35:29.140+0000][6][gc,age       ] GC(10) - age   4:      33824 bytes,    1586456 total
[2021-04-21T09:35:29.140+0000][6][gc,phases    ] GC(10)   Pre Evacuate Collection Set: 0.7ms
[2021-04-21T09:35:29.140+0000][6][gc,phases    ] GC(10)   Merge Heap Roots: 0.0ms
[2021-04-21T09:35:29.140+0000][6][gc,phases    ] GC(10)   Evacuate Collection Set: 2.9ms
[2021-04-21T09:35:29.140+0000][6][gc,phases    ] GC(10)   Post Evacuate Collection Set: 0.5ms
[2021-04-21T09:35:29.140+0000][6][gc,phases    ] GC(10)   Other: 2.2ms
[2021-04-21T09:35:29.140+0000][6][gc,heap      ] GC(10) Eden regions: 32->0(31)
[2021-04-21T09:35:29.140+0000][6][gc,heap      ] GC(10) Survivor regions: 1->2(5)
[2021-04-21T09:35:29.140+0000][6][gc,heap      ] GC(10) Old regions: 10->10
[2021-04-21T09:35:29.140+0000][6][gc,heap      ] GC(10) Archive regions: 2->2
[2021-04-21T09:35:29.140+0000][6][gc,heap      ] GC(10) Humongous regions: 1->1
[2021-04-21T09:35:29.140+0000][6][gc,metaspace ] GC(10) Metaspace: 19034K(20096K)->19034K(20096K) NonClass: 16716K(17408K)->16716K(17408K) Class: 2318K(2688K)->2318K(2688K)
[2021-04-21T09:35:29.140+0000][6][gc           ] GC(10) Pause Young (Normal) (G1 Evacuation Pause) 43M->12M(66M) 6.343ms
[2021-04-21T09:35:29.140+0000][6][gc,cpu       ] GC(10) User=0.01s Sys=0.01s Real=0.01s
[2021-04-21T09:35:29.140+0000][6][safepoint    ] Safepoint "G1CollectForAllocation", Time since last: 272600405 ns, Reaching safepoint: 198609 ns, At safepoint: 6412877 ns, Total: 6611486 ns
[2021-04-21T09:35:29.143+0000][6][safepoint    ] Safepoint "BulkRevokeBias", Time since last: 1876462 ns, Reaching safepoint: 1204375 ns, At safepoint: 227944 ns, Total: 1432319 ns
[2021-04-21T09:35:29.312+0000][6][gc,start     ] GC(11) Pause Young (Normal) (G1 Evacuation Pause)
[2021-04-21T09:35:29.312+0000][6][gc,task      ] GC(11) Using 2 workers of 4 for evacuation
[2021-04-21T09:35:29.312+0000][6][gc,age       ] GC(11) Desired survivor size 2621440 bytes, new threshold 15 (max threshold 15)
[2021-04-21T09:35:29.320+0000][6][gc,age       ] GC(11) Age table with threshold 15 (max threshold 15)
[2021-04-21T09:35:29.320+0000][6][gc,age       ] GC(11) - age   1:    1033600 bytes,    1033600 total
[2021-04-21T09:35:29.320+0000][6][gc,age       ] GC(11) - age   2:      49968 bytes,    1083568 total
[2021-04-21T09:35:29.320+0000][6][gc,age       ] GC(11) - age   3:      63464 bytes,    1147032 total
[2021-04-21T09:35:29.320+0000][6][gc,age       ] GC(11) - age   4:     233456 bytes,    1380488 total
[2021-04-21T09:35:29.320+0000][6][gc,age       ] GC(11) - age   5:      33824 bytes,    1414312 total
[2021-04-21T09:35:29.320+0000][6][gc,phases    ] GC(11)   Pre Evacuate Collection Set: 2.7ms
[2021-04-21T09:35:29.320+0000][6][gc,phases    ] GC(11)   Merge Heap Roots: 0.7ms
[2021-04-21T09:35:29.320+0000][6][gc,phases    ] GC(11)   Evacuate Collection Set: 3.8ms
[2021-04-21T09:35:29.320+0000][6][gc,phases    ] GC(11)   Post Evacuate Collection Set: 0.8ms
[2021-04-21T09:35:29.320+0000][6][gc,phases    ] GC(11)   Other: 0.5ms
[2021-04-21T09:35:29.320+0000][6][gc,heap      ] GC(11) Eden regions: 31->0(31)
[2021-04-21T09:35:29.320+0000][6][gc,heap      ] GC(11) Survivor regions: 2->2(5)
[2021-04-21T09:35:29.320+0000][6][gc,heap      ] GC(11) Old regions: 10->10
[2021-04-21T09:35:29.320+0000][6][gc,heap      ] GC(11) Archive regions: 2->2
[2021-04-21T09:35:29.320+0000][6][gc,heap      ] GC(11) Humongous regions: 1->1
[2021-04-21T09:35:29.320+0000][6][gc,metaspace ] GC(11) Metaspace: 19057K(20096K)->19057K(20096K) NonClass: 16739K(17408K)->16739K(17408K) Class: 2318K(2688K)->2318K(2688K)
[2021-04-21T09:35:29.320+0000][6][gc           ] GC(11) Pause Young (Normal) (G1 Evacuation Pause) 43M->12M(66M) 8.610ms
[2021-04-21T09:35:29.320+0000][6][gc,cpu       ] GC(11) User=0.00s Sys=0.00s Real=0.01s
[2021-04-21T09:35:29.321+0000][6][safepoint    ] Safepoint "G1CollectForAllocation", Time since last: 168179837 ns, Reaching safepoint: 374383 ns, At safepoint: 8774923 ns, Total: 9149306 ns
[2021-04-21T09:35:29.594+0000][6][gc,start     ] GC(12) Pause Young (Normal) (G1 Evacuation Pause)
[2021-04-21T09:35:29.594+0000][6][gc,task      ] GC(12) Using 2 workers of 4 for evacuation
[2021-04-21T09:35:29.594+0000][6][gc,age       ] GC(12) Desired survivor size 2621440 bytes, new threshold 15 (max threshold 15)
[2021-04-21T09:35:29.606+0000][6][gc,age       ] GC(12) Age table with threshold 15 (max threshold 15)
[2021-04-21T09:35:29.606+0000][6][gc,age       ] GC(12) - age   1:    2246848 bytes,    2246848 total
[2021-04-21T09:35:29.606+0000][6][gc,age       ] GC(12) - age   2:    1030176 bytes,    3277024 total
[2021-04-21T09:35:29.606+0000][6][gc,age       ] GC(12) - age   3:      37680 bytes,    3314704 total
[2021-04-21T09:35:29.606+0000][6][gc,age       ] GC(12) - age   4:      63464 bytes,    3378168 total
[2021-04-21T09:35:29.606+0000][6][gc,age       ] GC(12) - age   5:     233456 bytes,    3611624 total
[2021-04-21T09:35:29.606+0000][6][gc,age       ] GC(12) - age   6:      33824 bytes,    3645448 total
[2021-04-21T09:35:29.606+0000][6][gc,phases    ] GC(12)   Pre Evacuate Collection Set: 0.8ms
[2021-04-21T09:35:29.606+0000][6][gc,phases    ] GC(12)   Merge Heap Roots: 3.0ms
[2021-04-21T09:35:29.606+0000][6][gc,phases    ] GC(12)   Evacuate Collection Set: 6.7ms
[2021-04-21T09:35:29.606+0000][6][gc,phases    ] GC(12)   Post Evacuate Collection Set: 1.3ms
[2021-04-21T09:35:29.607+0000][6][gc,phases    ] GC(12)   Other: 0.3ms
[2021-04-21T09:35:29.607+0000][6][gc,heap      ] GC(12) Eden regions: 31->0(28)
[2021-04-21T09:35:29.607+0000][6][gc,heap      ] GC(12) Survivor regions: 2->4(5)
[2021-04-21T09:35:29.607+0000][6][gc,heap      ] GC(12) Old regions: 10->10
[2021-04-21T09:35:29.607+0000][6][gc,heap      ] GC(12) Archive regions: 2->2
[2021-04-21T09:35:29.607+0000][6][gc,heap      ] GC(12) Humongous regions: 1->1
[2021-04-21T09:35:29.607+0000][6][gc,metaspace ] GC(12) Metaspace: 19355K(20480K)->19355K(20480K) NonClass: 16993K(17664K)->16993K(17664K) Class: 2361K(2816K)->2361K(2816K)
[2021-04-21T09:35:29.607+0000][6][gc           ] GC(12) Pause Young (Normal) (G1 Evacuation Pause) 43M->14M(66M) 12.187ms
[2021-04-21T09:35:29.607+0000][6][gc,cpu       ] GC(12) User=0.02s Sys=0.01s Real=0.02s
[2021-04-21T09:35:29.607+0000][6][safepoint    ] Safepoint "G1CollectForAllocation", Time since last: 272967168 ns, Reaching safepoint: 869680 ns, At safepoint: 12268493 ns, Total: 13138173 ns
[2021-04-21T09:35:29.860+0000][6][gc,start     ] GC(13) Pause Young (Normal) (G1 Evacuation Pause)
[2021-04-21T09:35:29.860+0000][6][gc,task      ] GC(13) Using 2 workers of 4 for evacuation
[2021-04-21T09:35:29.860+0000][6][gc,age       ] GC(13) Desired survivor size 2097152 bytes, new threshold 1 (max threshold 15)
[2021-04-21T09:35:29.866+0000][6][gc,age       ] GC(13) Age table with threshold 1 (max threshold 15)
[2021-04-21T09:35:29.867+0000][6][gc,age       ] GC(13) - age   1:     972760 bytes,     972760 total
[2021-04-21T09:35:29.868+0000][6][gc,phases    ] GC(13)   Pre Evacuate Collection Set: 0.0ms
[2021-04-21T09:35:29.869+0000][6][gc,phases    ] GC(13)   Merge Heap Roots: 0.0ms
[2021-04-21T09:35:29.869+0000][6][gc,phases    ] GC(13)   Evacuate Collection Set: 3.8ms
[2021-04-21T09:35:29.869+0000][6][gc,phases    ] GC(13)   Post Evacuate Collection Set: 2.3ms
[2021-04-21T09:35:29.869+0000][6][gc,phases    ] GC(13)   Other: 2.3ms
[2021-04-21T09:35:29.869+0000][6][gc,heap      ] GC(13) Eden regions: 28->0(30)
[2021-04-21T09:35:29.869+0000][6][gc,heap      ] GC(13) Survivor regions: 4->1(4)
[2021-04-21T09:35:29.869+0000][6][gc,heap      ] GC(13) Old regions: 10->11
[2021-04-21T09:35:29.869+0000][6][gc,heap      ] GC(13) Archive regions: 2->2
[2021-04-21T09:35:29.869+0000][6][gc,heap      ] GC(13) Humongous regions: 1->1
[2021-04-21T09:35:29.869+0000][6][gc,metaspace ] GC(13) Metaspace: 19545K(20736K)->19545K(20736K) NonClass: 17160K(17920K)->17160K(17920K) Class: 2384K(2816K)->2384K(2816K)
[2021-04-21T09:35:29.869+0000][6][gc           ] GC(13) Pause Young (Normal) (G1 Evacuation Pause) 42M->13M(66M) 9.227ms
[2021-04-21T09:35:29.869+0000][6][gc,cpu       ] GC(13) User=0.01s Sys=0.00s Real=0.01s
[2021-04-21T09:35:29.869+0000][6][safepoint    ] Safepoint "G1CollectForAllocation", Time since last: 248064992 ns, Reaching safepoint: 4938837 ns, At safepoint: 9327786 ns, Total: 14266623 ns
[2021-04-21T09:35:29.874+0000][6][safepoint    ] Safepoint "BulkRevokeBias", Time since last: 4857561 ns, Reaching safepoint: 119458 ns, At safepoint: 65719 ns, Total: 185177 ns
[2021-04-21T09:35:29.962+0000][6][gc,start     ] GC(14) Pause Young (Normal) (G1 Evacuation Pause)
[2021-04-21T09:35:29.962+0000][6][gc,task      ] GC(14) Using 2 workers of 4 for evacuation
[2021-04-21T09:35:29.962+0000][6][gc,age       ] GC(14) Desired survivor size 2097152 bytes, new threshold 15 (max threshold 15)
[2021-04-21T09:35:29.977+0000][6][gc,age       ] GC(14) Age table with threshold 15 (max threshold 15)
[2021-04-21T09:35:29.977+0000][6][gc,age       ] GC(14) - age   1:    1234152 bytes,    1234152 total
[2021-04-21T09:35:29.977+0000][6][gc,age       ] GC(14) - age   2:     968152 bytes,    2202304 total
[2021-04-21T09:35:29.978+0000][6][gc,phases    ] GC(14)   Pre Evacuate Collection Set: 0.0ms
[2021-04-21T09:35:29.978+0000][6][gc,phases    ] GC(14)   Merge Heap Roots: 0.0ms
[2021-04-21T09:35:29.978+0000][6][gc,phases    ] GC(14)   Evacuate Collection Set: 14.7ms
[2021-04-21T09:35:29.978+0000][6][gc,phases    ] GC(14)   Post Evacuate Collection Set: 0.4ms
[2021-04-21T09:35:29.978+0000][6][gc,phases    ] GC(14)   Other: 0.2ms
[2021-04-21T09:35:29.978+0000][6][gc,heap      ] GC(14) Eden regions: 30->0(29)
[2021-04-21T09:35:29.978+0000][6][gc,heap      ] GC(14) Survivor regions: 1->3(4)
[2021-04-21T09:35:29.978+0000][6][gc,heap      ] GC(14) Old regions: 11->11
[2021-04-21T09:35:29.978+0000][6][gc,heap      ] GC(14) Archive regions: 2->2
[2021-04-21T09:35:29.978+0000][6][gc,heap      ] GC(14) Humongous regions: 1->1
[2021-04-21T09:35:29.978+0000][6][gc,metaspace ] GC(14) Metaspace: 19659K(20736K)->19659K(20736K) NonClass: 17255K(17920K)->17255K(17920K) Class: 2403K(2816K)->2403K(2816K)
[2021-04-21T09:35:29.978+0000][6][gc           ] GC(14) Pause Young (Normal) (G1 Evacuation Pause) 43M->14M(66M) 15.567ms
[2021-04-21T09:35:29.978+0000][6][gc,cpu       ] GC(14) User=0.01s Sys=0.00s Real=0.01s
[2021-04-21T09:35:29.978+0000][6][safepoint    ] Safepoint "G1CollectForAllocation", Time since last: 85805200 ns, Reaching safepoint: 2240576 ns, At safepoint: 15670819 ns, Total: 17911395 ns
[2021-04-21T09:35:30.143+0000][6][gc,start     ] GC(15) Pause Young (Normal) (G1 Evacuation Pause)
[2021-04-21T09:35:30.143+0000][6][gc,task      ] GC(15) Using 2 workers of 4 for evacuation
[2021-04-21T09:35:30.143+0000][6][gc,age       ] GC(15) Desired survivor size 2097152 bytes, new threshold 2 (max threshold 15)
[2021-04-21T09:35:30.163+0000][6][gc,age       ] GC(15) Age table with threshold 2 (max threshold 15)
[2021-04-21T09:35:30.164+0000][6][gc,age       ] GC(15) - age   1:     302496 bytes,     302496 total
[2021-04-21T09:35:30.164+0000][6][gc,age       ] GC(15) - age   2:     586592 bytes,     889088 total
[2021-04-21T09:35:30.164+0000][6][gc,phases    ] GC(15)   Pre Evacuate Collection Set: 2.5ms
[2021-04-21T09:35:30.164+0000][6][gc,phases    ] GC(15)   Merge Heap Roots: 1.6ms
[2021-04-21T09:35:30.164+0000][6][gc,phases    ] GC(15)   Evacuate Collection Set: 5.8ms
[2021-04-21T09:35:30.164+0000][6][gc,phases    ] GC(15)   Post Evacuate Collection Set: 9.9ms
[2021-04-21T09:35:30.164+0000][6][gc,phases    ] GC(15)   Other: 1.4ms
[2021-04-21T09:35:30.164+0000][6][gc,heap      ] GC(15) Eden regions: 29->0(30)
[2021-04-21T09:35:30.164+0000][6][gc,heap      ] GC(15) Survivor regions: 3->1(4)
[2021-04-21T09:35:30.164+0000][6][gc,heap      ] GC(15) Old regions: 11->12
[2021-04-21T09:35:30.164+0000][6][gc,heap      ] GC(15) Archive regions: 2->2
[2021-04-21T09:35:30.164+0000][6][gc,heap      ] GC(15) Humongous regions: 1->1
[2021-04-21T09:35:30.164+0000][6][gc,metaspace ] GC(15) Metaspace: 19671K(20736K)->19671K(20736K) NonClass: 17265K(17920K)->17265K(17920K) Class: 2405K(2816K)->2405K(2816K)
[2021-04-21T09:35:30.164+0000][6][gc           ] GC(15) Pause Young (Normal) (G1 Evacuation Pause) 43M->14M(66M) 21.293ms
[2021-04-21T09:35:30.164+0000][6][gc,cpu       ] GC(15) User=0.01s Sys=0.00s Real=0.02s
[2021-04-21T09:35:30.164+0000][6][safepoint    ] Safepoint "G1CollectForAllocation", Time since last: 163786964 ns, Reaching safepoint: 1094664 ns, At safepoint: 21390506 ns, Total: 22485170 ns
[2021-04-21T09:35:30.170+0000][6][safepoint    ] Safepoint "BulkRevokeBias", Time since last: 6246628 ns, Reaching safepoint: 127660 ns, At safepoint: 63960 ns, Total: 191620 ns
[2021-04-21T09:35:30.349+0000][6][gc,start     ] GC(16) Pause Young (Normal) (G1 Evacuation Pause)
[2021-04-21T09:35:30.350+0000][6][gc,task      ] GC(16) Using 2 workers of 4 for evacuation
[2021-04-21T09:35:30.352+0000][6][gc,age       ] GC(16) Desired survivor size 2097152 bytes, new threshold 15 (max threshold 15)
[2021-04-21T09:35:30.360+0000][6][gc,age       ] GC(16) Age table with threshold 15 (max threshold 15)
[2021-04-21T09:35:30.360+0000][6][gc,age       ] GC(16) - age   1:    1063576 bytes,    1063576 total
[2021-04-21T09:35:30.360+0000][6][gc,age       ] GC(16) - age   2:      67256 bytes,    1130832 total
[2021-04-21T09:35:30.360+0000][6][gc,age       ] GC(16) - age   3:     586592 bytes,    1717424 total
[2021-04-21T09:35:30.360+0000][6][gc,phases    ] GC(16)   Pre Evacuate Collection Set: 0.2ms
[2021-04-21T09:35:30.360+0000][6][gc,phases    ] GC(16)   Merge Heap Roots: 0.2ms
[2021-04-21T09:35:30.360+0000][6][gc,phases    ] GC(16)   Evacuate Collection Set: 6.9ms
[2021-04-21T09:35:30.360+0000][6][gc,phases    ] GC(16)   Post Evacuate Collection Set: 0.4ms
[2021-04-21T09:35:30.360+0000][6][gc,phases    ] GC(16)   Other: 3.4ms
[2021-04-21T09:35:30.360+0000][6][gc,heap      ] GC(16) Eden regions: 30->0(29)
[2021-04-21T09:35:30.360+0000][6][gc,heap      ] GC(16) Survivor regions: 1->2(4)
[2021-04-21T09:35:30.360+0000][6][gc,heap      ] GC(16) Old regions: 12->12
[2021-04-21T09:35:30.360+0000][6][gc,heap      ] GC(16) Archive regions: 2->2
[2021-04-21T09:35:30.360+0000][6][gc,heap      ] GC(16) Humongous regions: 1->1
[2021-04-21T09:35:30.360+0000][6][gc,metaspace ] GC(16) Metaspace: 19745K(20736K)->19745K(20736K) NonClass: 17327K(17920K)->17327K(17920K) Class: 2418K(2816K)->2418K(2816K)
[2021-04-21T09:35:30.360+0000][6][gc           ] GC(16) Pause Young (Normal) (G1 Evacuation Pause) 44M->15M(66M) 11.244ms
[2021-04-21T09:35:30.360+0000][6][gc,cpu       ] GC(16) User=0.01s Sys=0.00s Real=0.01s
[2021-04-21T09:35:30.360+0000][6][safepoint    ] Safepoint "G1CollectForAllocation", Time since last: 178296595 ns, Reaching safepoint: 65622 ns, At safepoint: 11320149 ns, Total: 11385771 ns
[2021-04-21T09:35:30.463+0000][6][gc,start     ] GC(17) Pause Young (Normal) (G1 Evacuation Pause)
[2021-04-21T09:35:30.463+0000][6][gc,task      ] GC(17) Using 2 workers of 4 for evacuation
[2021-04-21T09:35:30.463+0000][6][gc,age       ] GC(17) Desired survivor size 2097152 bytes, new threshold 15 (max threshold 15)
[2021-04-21T09:35:30.471+0000][6][gc,age       ] GC(17) Age table with threshold 15 (max threshold 15)
[2021-04-21T09:35:30.471+0000][6][gc,age       ] GC(17) - age   1:     789296 bytes,     789296 total
[2021-04-21T09:35:30.471+0000][6][gc,age       ] GC(17) - age   2:     415600 bytes,    1204896 total
[2021-04-21T09:35:30.471+0000][6][gc,age       ] GC(17) - age   3:      67256 bytes,    1272152 total
[2021-04-21T09:35:30.471+0000][6][gc,age       ] GC(17) - age   4:     586592 bytes,    1858744 total
[2021-04-21T09:35:30.471+0000][6][gc,phases    ] GC(17)   Pre Evacuate Collection Set: 0.2ms
[2021-04-21T09:35:30.471+0000][6][gc,phases    ] GC(17)   Merge Heap Roots: 0.0ms
[2021-04-21T09:35:30.471+0000][6][gc,phases    ] GC(17)   Evacuate Collection Set: 7.3ms
[2021-04-21T09:35:30.471+0000][6][gc,phases    ] GC(17)   Post Evacuate Collection Set: 0.4ms
[2021-04-21T09:35:30.471+0000][6][gc,phases    ] GC(17)   Other: 0.3ms
[2021-04-21T09:35:30.471+0000][6][gc,heap      ] GC(17) Eden regions: 29->0(29)
[2021-04-21T09:35:30.471+0000][6][gc,heap      ] GC(17) Survivor regions: 2->2(4)
[2021-04-21T09:35:30.471+0000][6][gc,heap      ] GC(17) Old regions: 12->12
[2021-04-21T09:35:30.471+0000][6][gc,heap      ] GC(17) Archive regions: 2->2
[2021-04-21T09:35:30.471+0000][6][gc,heap      ] GC(17) Humongous regions: 1->1
[2021-04-21T09:35:30.471+0000][6][gc,metaspace ] GC(17) Metaspace: 19772K(20736K)->19772K(20736K) NonClass: 17348K(17920K)->17348K(17920K) Class: 2424K(2816K)->2424K(2816K)
[2021-04-21T09:35:30.471+0000][6][gc           ] GC(17) Pause Young (Normal) (G1 Evacuation Pause) 44M->15M(66M) 8.351ms
[2021-04-21T09:35:30.471+0000][6][gc,cpu       ] GC(17) User=0.01s Sys=0.00s Real=0.01s
[2021-04-21T09:35:30.471+0000][6][safepoint    ] Safepoint "G1CollectForAllocation", Time since last: 102549985 ns, Reaching safepoint: 60252 ns, At safepoint: 8426340 ns, Total: 8486592 ns
[2021-04-21T09:35:30.589+0000][6][gc,start     ] GC(18) Pause Young (Normal) (G1 Evacuation Pause)
[2021-04-21T09:35:30.589+0000][6][gc,task      ] GC(18) Using 2 workers of 4 for evacuation
[2021-04-21T09:35:30.589+0000][6][gc,age       ] GC(18) Desired survivor size 2097152 bytes, new threshold 15 (max threshold 15)
[2021-04-21T09:35:30.599+0000][6][gc,age       ] GC(18) Age table with threshold 15 (max threshold 15)
[2021-04-21T09:35:30.599+0000][6][gc,age       ] GC(18) - age   1:    2267360 bytes,    2267360 total
[2021-04-21T09:35:30.599+0000][6][gc,age       ] GC(18) - age   2:      72592 bytes,    2339952 total
[2021-04-21T09:35:30.599+0000][6][gc,age       ] GC(18) - age   3:     415600 bytes,    2755552 total
[2021-04-21T09:35:30.599+0000][6][gc,age       ] GC(18) - age   4:      67256 bytes,    2822808 total
[2021-04-21T09:35:30.599+0000][6][gc,age       ] GC(18) - age   5:     586592 bytes,    3409400 total
[2021-04-21T09:35:30.599+0000][6][gc,phases    ] GC(18)   Pre Evacuate Collection Set: 0.0ms
[2021-04-21T09:35:30.599+0000][6][gc,phases    ] GC(18)   Merge Heap Roots: 0.0ms
[2021-04-21T09:35:30.599+0000][6][gc,phases    ] GC(18)   Evacuate Collection Set: 8.6ms
[2021-04-21T09:35:30.599+0000][6][gc,phases    ] GC(18)   Post Evacuate Collection Set: 0.5ms
[2021-04-21T09:35:30.599+0000][6][gc,phases    ] GC(18)   Other: 0.2ms
[2021-04-21T09:35:30.599+0000][6][gc,heap      ] GC(18) Eden regions: 29->0(26)
[2021-04-21T09:35:30.599+0000][6][gc,heap      ] GC(18) Survivor regions: 2->4(4)
[2021-04-21T09:35:30.599+0000][6][gc,heap      ] GC(18) Old regions: 12->12
[2021-04-21T09:35:30.599+0000][6][gc,heap      ] GC(18) Archive regions: 2->2
[2021-04-21T09:35:30.599+0000][6][gc,heap      ] GC(18) Humongous regions: 1->1
[2021-04-21T09:35:30.599+0000][6][gc,metaspace ] GC(18) Metaspace: 19773K(20736K)->19773K(20736K) NonClass: 17349K(17920K)->17349K(17920K) Class: 2424K(2816K)->2424K(2816K)
[2021-04-21T09:35:30.599+0000][6][gc           ] GC(18) Pause Young (Normal) (G1 Evacuation Pause) 44M->16M(66M) 9.548ms
[2021-04-21T09:35:30.599+0000][6][gc,cpu       ] GC(18) User=0.01s Sys=0.01s Real=0.01s
[2021-04-21T09:35:30.599+0000][6][safepoint    ] Safepoint "G1CollectForAllocation", Time since last: 118210830 ns, Reaching safepoint: 50305 ns, At safepoint: 9613671 ns, Total: 9663976 ns
[2021-04-21T09:35:30.841+0000][6][gc,start     ] GC(19) Pause Young (Normal) (G1 Evacuation Pause)
[2021-04-21T09:35:30.841+0000][6][gc,task      ] GC(19) Using 2 workers of 4 for evacuation
[2021-04-21T09:35:30.841+0000][6][gc,age       ] GC(19) Desired survivor size 2097152 bytes, new threshold 1 (max threshold 15)
[2021-04-21T09:35:30.845+0000][6][gc,age       ] GC(19) Age table with threshold 1 (max threshold 15)
[2021-04-21T09:35:30.845+0000][6][gc,age       ] GC(19) - age   1:    1102392 bytes,    1102392 total
[2021-04-21T09:35:30.845+0000][6][gc,phases    ] GC(19)   Pre Evacuate Collection Set: 0.0ms
[2021-04-21T09:35:30.845+0000][6][gc,phases    ] GC(19)   Merge Heap Roots: 0.0ms
[2021-04-21T09:35:30.845+0000][6][gc,phases    ] GC(19)   Evacuate Collection Set: 3.3ms
[2021-04-21T09:35:30.845+0000][6][gc,phases    ] GC(19)   Post Evacuate Collection Set: 0.5ms
[2021-04-21T09:35:30.845+0000][6][gc,phases    ] GC(19)   Other: 0.2ms
[2021-04-21T09:35:30.845+0000][6][gc,heap      ] GC(19) Eden regions: 26->0(27)
[2021-04-21T09:35:30.845+0000][6][gc,heap      ] GC(19) Survivor regions: 4->2(4)
[2021-04-21T09:35:30.845+0000][6][gc,heap      ] GC(19) Old regions: 12->13
[2021-04-21T09:35:30.845+0000][6][gc,heap      ] GC(19) Archive regions: 2->2
[2021-04-21T09:35:30.845+0000][6][gc,heap      ] GC(19) Humongous regions: 1->1
[2021-04-21T09:35:30.845+0000][6][gc,metaspace ] GC(19) Metaspace: 20034K(21296K)->20034K(21296K) NonClass: 17553K(18352K)->17553K(18352K) Class: 2480K(2944K)->2480K(2944K)
[2021-04-21T09:35:30.845+0000][6][gc           ] GC(19) Pause Young (Normal) (G1 Evacuation Pause) 42M->15M(66M) 4.215ms
[2021-04-21T09:35:30.845+0000][6][gc,cpu       ] GC(19) User=0.01s Sys=0.01s Real=0.00s
[2021-04-21T09:35:30.845+0000][6][safepoint    ] Safepoint "G1CollectForAllocation", Time since last: 241391265 ns, Reaching safepoint: 147007 ns, At safepoint: 4290556 ns, Total: 4437563 ns
[2021-04-21T09:35:30.910+0000][6][gc,start     ] GC(20) Pause Young (Normal) (G1 Evacuation Pause)
[2021-04-21T09:35:30.910+0000][6][gc,task      ] GC(20) Using 2 workers of 4 for evacuation
[2021-04-21T09:35:30.910+0000][6][gc,age       ] GC(20) Desired survivor size 2097152 bytes, new threshold 15 (max threshold 15)
[2021-04-21T09:35:30.915+0000][6][gc,age       ] GC(20) Age table with threshold 15 (max threshold 15)
[2021-04-21T09:35:30.915+0000][6][gc,age       ] GC(20) - age   1:      31808 bytes,      31808 total
[2021-04-21T09:35:30.915+0000][6][gc,age       ] GC(20) - age   2:     885672 bytes,     917480 total
[2021-04-21T09:35:30.915+0000][6][gc,phases    ] GC(20)   Pre Evacuate Collection Set: 1.3ms
[2021-04-21T09:35:30.915+0000][6][gc,phases    ] GC(20)   Merge Heap Roots: 0.5ms
[2021-04-21T09:35:30.915+0000][6][gc,phases    ] GC(20)   Evacuate Collection Set: 1.9ms
[2021-04-21T09:35:30.915+0000][6][gc,phases    ] GC(20)   Post Evacuate Collection Set: 0.5ms
[2021-04-21T09:35:30.915+0000][6][gc,phases    ] GC(20)   Other: 0.2ms
[2021-04-21T09:35:30.915+0000][6][gc,heap      ] GC(20) Eden regions: 27->0(29)
[2021-04-21T09:35:30.915+0000][6][gc,heap      ] GC(20) Survivor regions: 2->1(4)
[2021-04-21T09:35:30.915+0000][6][gc,heap      ] GC(20) Old regions: 13->13
[2021-04-21T09:35:30.915+0000][6][gc,heap      ] GC(20) Archive regions: 2->2
[2021-04-21T09:35:30.915+0000][6][gc,heap      ] GC(20) Humongous regions: 1->1
[2021-04-21T09:35:30.915+0000][6][gc,metaspace ] GC(20) Metaspace: 20035K(21296K)->20035K(21296K) NonClass: 17554K(18352K)->17554K(18352K) Class: 2480K(2944K)->2480K(2944K)
[2021-04-21T09:35:30.915+0000][6][gc           ] GC(20) Pause Young (Normal) (G1 Evacuation Pause) 42M->15M(66M) 4.618ms
[2021-04-21T09:35:30.915+0000][6][gc,cpu       ] GC(20) User=0.00s Sys=0.01s Real=0.00s
[2021-04-21T09:35:30.915+0000][6][safepoint    ] Safepoint "G1CollectForAllocation", Time since last: 65230908 ns, Reaching safepoint: 207817 ns, At safepoint: 4691396 ns, Total: 4899213 ns
[2021-04-21T09:35:30.927+0000][6][gc,start     ] GC(21) Pause Young (Concurrent Start) (Metadata GC Threshold)
[2021-04-21T09:35:30.927+0000][6][gc,task      ] GC(21) Using 2 workers of 4 for evacuation
[2021-04-21T09:35:30.927+0000][6][gc,age       ] GC(21) Desired survivor size 2097152 bytes, new threshold 15 (max threshold 15)
[2021-04-21T09:35:30.933+0000][6][gc,age       ] GC(21) Age table with threshold 15 (max threshold 15)
[2021-04-21T09:35:30.933+0000][6][gc,age       ] GC(21) - age   1:     105304 bytes,     105304 total
[2021-04-21T09:35:30.933+0000][6][gc,age       ] GC(21) - age   2:       2808 bytes,     108112 total
[2021-04-21T09:35:30.933+0000][6][gc,age       ] GC(21) - age   3:     871616 bytes,     979728 total
[2021-04-21T09:35:30.933+0000][6][gc,phases    ] GC(21)   Pre Evacuate Collection Set: 0.7ms
[2021-04-21T09:35:30.933+0000][6][gc,phases    ] GC(21)   Merge Heap Roots: 1.6ms
[2021-04-21T09:35:30.933+0000][6][gc,phases    ] GC(21)   Evacuate Collection Set: 2.6ms
[2021-04-21T09:35:30.933+0000][6][gc,phases    ] GC(21)   Post Evacuate Collection Set: 0.5ms
[2021-04-21T09:35:30.933+0000][6][gc,phases    ] GC(21)   Other: 0.3ms
[2021-04-21T09:35:30.933+0000][6][gc,heap      ] GC(21) Eden regions: 2->0(29)
[2021-04-21T09:35:30.933+0000][6][gc,heap      ] GC(21) Survivor regions: 1->1(4)
[2021-04-21T09:35:30.933+0000][6][gc,heap      ] GC(21) Old regions: 13->13
[2021-04-21T09:35:30.933+0000][6][gc,heap      ] GC(21) Archive regions: 2->2
[2021-04-21T09:35:30.933+0000][6][gc,heap      ] GC(21) Humongous regions: 1->1
[2021-04-21T09:35:30.933+0000][6][gc,metaspace ] GC(21) Metaspace: 20042K(21296K)->20042K(21296K) NonClass: 17562K(18352K)->17562K(18352K) Class: 2480K(2944K)->2480K(2944K)
[2021-04-21T09:35:30.933+0000][6][gc           ] GC(21) Pause Young (Concurrent Start) (Metadata GC Threshold) 17M->15M(66M) 5.959ms
[2021-04-21T09:35:30.933+0000][6][gc,cpu       ] GC(21) User=0.01s Sys=0.00s Real=0.00s
[2021-04-21T09:35:30.933+0000][6][gc           ] GC(22) Concurrent Cycle
[2021-04-21T09:35:30.933+0000][6][gc,marking   ] GC(22) Concurrent Clear Claimed Marks
[2021-04-21T09:35:30.933+0000][6][gc,marking   ] GC(22) Concurrent Clear Claimed Marks 0.071ms
[2021-04-21T09:35:30.933+0000][6][gc,marking   ] GC(22) Concurrent Scan Root Regions
[2021-04-21T09:35:30.933+0000][6][safepoint    ] Safepoint "CollectForMetadataAllocation", Time since last: 11166463 ns, Reaching safepoint: 894780 ns, At safepoint: 6194977 ns, Total: 7089757 ns
[2021-04-21T09:35:30.943+0000][6][gc,marking   ] GC(22) Concurrent Scan Root Regions 9.315ms
[2021-04-21T09:35:30.943+0000][6][gc,marking   ] GC(22) Concurrent Mark (6.969s)
[2021-04-21T09:35:30.943+0000][6][gc,marking   ] GC(22) Concurrent Mark From Roots
[2021-04-21T09:35:30.943+0000][6][gc,task      ] GC(22) Using 1 workers of 1 for marking
[2021-04-21T09:35:30.994+0000][6][gc,marking   ] GC(22) Concurrent Mark From Roots 50.930ms
[2021-04-21T09:35:30.994+0000][6][gc,marking   ] GC(22) Concurrent Preclean
[2021-04-21T09:35:30.994+0000][6][gc,marking   ] GC(22) Concurrent Preclean 0.120ms
[2021-04-21T09:35:30.994+0000][6][gc,marking   ] GC(22) Concurrent Mark (6.969s, 7.021s) 51.128ms
[2021-04-21T09:35:31.003+0000][6][gc,start     ] GC(22) Pause Remark
[2021-04-21T09:35:31.015+0000][6][gc           ] GC(22) Pause Remark 23M->23M(66M) 12.567ms
[2021-04-21T09:35:31.015+0000][6][gc,cpu       ] GC(22) User=0.02s Sys=0.00s Real=0.01s
[2021-04-21T09:35:31.015+0000][6][safepoint    ] Safepoint "G1Concurrent", Time since last: 63568054 ns, Reaching safepoint: 5753673 ns, At safepoint: 12674020 ns, Total: 18427693 ns
[2021-04-21T09:35:31.015+0000][6][gc,marking   ] GC(22) Concurrent Rebuild Remembered Sets
[2021-04-21T09:35:31.051+0000][6][gc,marking   ] GC(22) Concurrent Rebuild Remembered Sets 35.260ms
[2021-04-21T09:35:31.054+0000][6][gc,start     ] GC(22) Pause Cleanup
[2021-04-21T09:35:31.055+0000][6][gc           ] GC(22) Pause Cleanup 30M->30M(66M) 1.088ms
[2021-04-21T09:35:31.056+0000][6][gc,cpu       ] GC(22) User=0.00s Sys=0.00s Real=0.00s
[2021-04-21T09:35:31.056+0000][6][safepoint    ] Safepoint "G1Concurrent", Time since last: 36784558 ns, Reaching safepoint: 1725797 ns, At safepoint: 1907328 ns, Total: 3633125 ns
[2021-04-21T09:35:31.056+0000][6][gc,marking   ] GC(22) Concurrent Cleanup for Next Mark
[2021-04-21T09:35:31.056+0000][6][gc,marking   ] GC(22) Concurrent Cleanup for Next Mark 0.302ms
[2021-04-21T09:35:31.057+0000][6][gc           ] GC(22) Concurrent Cycle 123.366ms
[2021-04-21T09:35:31.098+0000][6][gc,start     ] GC(23) Pause Young (Normal) (G1 Evacuation Pause)
[2021-04-21T09:35:31.099+0000][6][gc,task      ] GC(23) Using 2 workers of 4 for evacuation
[2021-04-21T09:35:31.099+0000][6][gc,age       ] GC(23) Desired survivor size 2097152 bytes, new threshold 15 (max threshold 15)
[2021-04-21T09:35:31.103+0000][6][gc,age       ] GC(23) Age table with threshold 15 (max threshold 15)
[2021-04-21T09:35:31.103+0000][6][gc,age       ] GC(23) - age   1:      32760 bytes,      32760 total
[2021-04-21T09:35:31.103+0000][6][gc,age       ] GC(23) - age   2:      51752 bytes,      84512 total
[2021-04-21T09:35:31.103+0000][6][gc,age       ] GC(23) - age   3:       2496 bytes,      87008 total
[2021-04-21T09:35:31.103+0000][6][gc,age       ] GC(23) - age   4:     871408 bytes,     958416 total
[2021-04-21T09:35:31.103+0000][6][gc,phases    ] GC(23)   Pre Evacuate Collection Set: 1.3ms
[2021-04-21T09:35:31.103+0000][6][gc,phases    ] GC(23)   Merge Heap Roots: 0.1ms
[2021-04-21T09:35:31.104+0000][6][gc,phases    ] GC(23)   Evacuate Collection Set: 2.4ms
[2021-04-21T09:35:31.104+0000][6][gc,phases    ] GC(23)   Post Evacuate Collection Set: 1.0ms
[2021-04-21T09:35:31.104+0000][6][gc,phases    ] GC(23)   Other: 0.2ms
[2021-04-21T09:35:31.104+0000][6][gc,heap      ] GC(23) Eden regions: 29->0(30)
[2021-04-21T09:35:31.104+0000][6][gc,heap      ] GC(23) Survivor regions: 1->1(4)
[2021-04-21T09:35:31.104+0000][6][gc,heap      ] GC(23) Old regions: 13->13
[2021-04-21T09:35:31.104+0000][6][gc,heap      ] GC(23) Archive regions: 2->2
[2021-04-21T09:35:31.104+0000][6][gc,heap      ] GC(23) Humongous regions: 1->1
[2021-04-21T09:35:31.104+0000][6][gc,metaspace ] GC(23) Metaspace: 20101K(21552K)->20101K(21552K) NonClass: 17609K(18608K)->17609K(18608K) Class: 2492K(2944K)->2492K(2944K)
[2021-04-21T09:35:31.104+0000][6][gc           ] GC(23) Pause Young (Normal) (G1 Evacuation Pause) 44M->15M(66M) 5.139ms
[2021-04-21T09:35:31.104+0000][6][gc,cpu       ] GC(23) User=0.01s Sys=0.00s Real=0.00s
[2021-04-21T09:35:31.104+0000][6][safepoint    ] Safepoint "G1CollectForAllocation", Time since last: 42744826 ns, Reaching safepoint: 61185 ns, At safepoint: 5208451 ns, Total: 5269636 ns
[2021-04-21T09:35:31.250+0000][6][gc,start     ] GC(24) Pause Young (Normal) (G1 Evacuation Pause)
[2021-04-21T09:35:31.251+0000][6][gc,task      ] GC(24) Using 2 workers of 4 for evacuation
[2021-04-21T09:35:31.251+0000][6][gc,age       ] GC(24) Desired survivor size 2097152 bytes, new threshold 15 (max threshold 15)
[2021-04-21T09:35:31.269+0000][6][gc,age       ] GC(24) Age table with threshold 15 (max threshold 15)
[2021-04-21T09:35:31.269+0000][6][gc,age       ] GC(24) - age   1:     677472 bytes,     677472 total
[2021-04-21T09:35:31.269+0000][6][gc,age       ] GC(24) - age   2:      18544 bytes,     696016 total
[2021-04-21T09:35:31.269+0000][6][gc,age       ] GC(24) - age   3:      38200 bytes,     734216 total
[2021-04-21T09:35:31.269+0000][6][gc,age       ] GC(24) - age   4:       2192 bytes,     736408 total
[2021-04-21T09:35:31.269+0000][6][gc,age       ] GC(24) - age   5:     871408 bytes,    1607816 total
[2021-04-21T09:35:31.269+0000][6][gc,phases    ] GC(24)   Pre Evacuate Collection Set: 0.3ms
[2021-04-21T09:35:31.269+0000][6][gc,phases    ] GC(24)   Merge Heap Roots: 0.7ms
[2021-04-21T09:35:31.269+0000][6][gc,phases    ] GC(24)   Evacuate Collection Set: 13.7ms
[2021-04-21T09:35:31.269+0000][6][gc,phases    ] GC(24)   Post Evacuate Collection Set: 3.4ms
[2021-04-21T09:35:31.269+0000][6][gc,phases    ] GC(24)   Other: 1.0ms
[2021-04-21T09:35:31.269+0000][6][gc,heap      ] GC(24) Eden regions: 30->0(29)
[2021-04-21T09:35:31.269+0000][6][gc,heap      ] GC(24) Survivor regions: 1->2(4)
[2021-04-21T09:35:31.269+0000][6][gc,heap      ] GC(24) Old regions: 13->13
[2021-04-21T09:35:31.270+0000][6][gc,heap      ] GC(24) Archive regions: 2->2
[2021-04-21T09:35:31.270+0000][6][gc,heap      ] GC(24) Humongous regions: 1->1
[2021-04-21T09:35:31.270+0000][6][gc,metaspace ] GC(24) Metaspace: 20194K(21552K)->20194K(21552K) NonClass: 17691K(18608K)->17691K(18608K) Class: 2502K(2944K)->2502K(2944K)
[2021-04-21T09:35:31.270+0000][6][gc           ] GC(24) Pause Young (Normal) (G1 Evacuation Pause) 45M->15M(66M) 19.235ms
[2021-04-21T09:35:31.270+0000][6][gc,cpu       ] GC(24) User=0.04s Sys=0.00s Real=0.02s
[2021-04-21T09:35:31.270+0000][6][safepoint    ] Safepoint "G1CollectForAllocation", Time since last: 146566500 ns, Reaching safepoint: 58492 ns, At safepoint: 19300035 ns, Total: 19358527 ns
[2021-04-21T09:35:31.392+0000][6][gc,start     ] GC(25) Pause Young (Normal) (G1 Evacuation Pause)
[2021-04-21T09:35:31.392+0000][6][gc,task      ] GC(25) Using 2 workers of 4 for evacuation
[2021-04-21T09:35:31.392+0000][6][gc,age       ] GC(25) Desired survivor size 2097152 bytes, new threshold 15 (max threshold 15)
[2021-04-21T09:35:31.409+0000][6][gc,age       ] GC(25) Age table with threshold 15 (max threshold 15)
[2021-04-21T09:35:31.409+0000][6][gc,age       ] GC(25) - age   1:    1486912 bytes,    1486912 total
[2021-04-21T09:35:31.409+0000][6][gc,age       ] GC(25) - age   2:     153536 bytes,    1640448 total
[2021-04-21T09:35:31.409+0000][6][gc,age       ] GC(25) - age   3:      18544 bytes,    1658992 total
[2021-04-21T09:35:31.409+0000][6][gc,age       ] GC(25) - age   4:      38200 bytes,    1697192 total
[2021-04-21T09:35:31.409+0000][6][gc,age       ] GC(25) - age   5:       2192 bytes,    1699384 total
[2021-04-21T09:35:31.409+0000][6][gc,age       ] GC(25) - age   6:     871408 bytes,    2570792 total
[2021-04-21T09:35:31.409+0000][6][gc,phases    ] GC(25)   Pre Evacuate Collection Set: 0.1ms
[2021-04-21T09:35:31.409+0000][6][gc,phases    ] GC(25)   Merge Heap Roots: 3.4ms
[2021-04-21T09:35:31.409+0000][6][gc,phases    ] GC(25)   Evacuate Collection Set: 4.4ms
[2021-04-21T09:35:31.409+0000][6][gc,phases    ] GC(25)   Post Evacuate Collection Set: 8.6ms
[2021-04-21T09:35:31.409+0000][6][gc,phases    ] GC(25)   Other: 0.3ms
[2021-04-21T09:35:31.409+0000][6][gc,heap      ] GC(25) Eden regions: 29->0(28)
[2021-04-21T09:35:31.409+0000][6][gc,heap      ] GC(25) Survivor regions: 2->3(4)
[2021-04-21T09:35:31.409+0000][6][gc,heap      ] GC(25) Old regions: 13->13
[2021-04-21T09:35:31.409+0000][6][gc,heap      ] GC(25) Archive regions: 2->2
[2021-04-21T09:35:31.409+0000][6][gc,heap      ] GC(25) Humongous regions: 1->1
[2021-04-21T09:35:31.409+0000][6][gc,metaspace ] GC(25) Metaspace: 20204K(21552K)->20204K(21552K) NonClass: 17700K(18608K)->17700K(18608K) Class: 2504K(2944K)->2504K(2944K)
[2021-04-21T09:35:31.409+0000][6][gc           ] GC(25) Pause Young (Normal) (G1 Evacuation Pause) 44M->16M(66M) 16.794ms
[2021-04-21T09:35:31.409+0000][6][gc,cpu       ] GC(25) User=0.04s Sys=0.00s Real=0.02s
[2021-04-21T09:35:31.409+0000][6][safepoint    ] Safepoint "G1CollectForAllocation", Time since last: 121353776 ns, Reaching safepoint: 1076806 ns, At safepoint: 16867072 ns, Total: 17943878 ns
[2021-04-21T09:35:31.524+0000][6][gc,start     ] GC(26) Pause Young (Normal) (G1 Evacuation Pause)
[2021-04-21T09:35:31.524+0000][6][gc,task      ] GC(26) Using 2 workers of 4 for evacuation
[2021-04-21T09:35:31.524+0000][6][gc,age       ] GC(26) Desired survivor size 2097152 bytes, new threshold 6 (max threshold 15)
[2021-04-21T09:35:31.550+0000][6][gc,age       ] GC(26) Age table with threshold 6 (max threshold 15)
[2021-04-21T09:35:31.550+0000][6][gc,age       ] GC(26) - age   1:    1141984 bytes,    1141984 total
[2021-04-21T09:35:31.550+0000][6][gc,age       ] GC(26) - age   2:      34568 bytes,    1176552 total
[2021-04-21T09:35:31.550+0000][6][gc,age       ] GC(26) - age   3:     153536 bytes,    1330088 total
[2021-04-21T09:35:31.550+0000][6][gc,age       ] GC(26) - age   4:      18544 bytes,    1348632 total
[2021-04-21T09:35:31.550+0000][6][gc,age       ] GC(26) - age   5:      38200 bytes,    1386832 total
[2021-04-21T09:35:31.550+0000][6][gc,age       ] GC(26) - age   6:       2192 bytes,    1389024 total
[2021-04-21T09:35:31.550+0000][6][gc,phases    ] GC(26)   Pre Evacuate Collection Set: 2.3ms
[2021-04-21T09:35:31.550+0000][6][gc,phases    ] GC(26)   Merge Heap Roots: 1.8ms
[2021-04-21T09:35:31.550+0000][6][gc,phases    ] GC(26)   Evacuate Collection Set: 5.4ms
[2021-04-21T09:35:31.550+0000][6][gc,phases    ] GC(26)   Post Evacuate Collection Set: 16.1ms
[2021-04-21T09:35:31.550+0000][6][gc,phases    ] GC(26)   Other: 0.3ms
[2021-04-21T09:35:31.550+0000][6][gc,heap      ] GC(26) Eden regions: 28->0(27)
[2021-04-21T09:35:31.550+0000][6][gc,heap      ] GC(26) Survivor regions: 3->2(4)
[2021-04-21T09:35:31.550+0000][6][gc,heap      ] GC(26) Old regions: 13->14
[2021-04-21T09:35:31.550+0000][6][gc,heap      ] GC(26) Archive regions: 2->2
[2021-04-21T09:35:31.550+0000][6][gc,heap      ] GC(26) Humongous regions: 1->1
[2021-04-21T09:35:31.550+0000][6][gc,metaspace ] GC(26) Metaspace: 20209K(21552K)->20209K(21552K) NonClass: 17704K(18608K)->17704K(18608K) Class: 2504K(2944K)->2504K(2944K)
[2021-04-21T09:35:31.550+0000][6][gc           ] GC(26) Pause Young (Normal) (G1 Evacuation Pause) 44M->17M(66M) 25.933ms
[2021-04-21T09:35:31.550+0000][6][gc,cpu       ] GC(26) User=0.02s Sys=0.00s Real=0.03s
[2021-04-21T09:35:31.550+0000][6][safepoint    ] Safepoint "G1CollectForAllocation", Time since last: 110959892 ns, Reaching safepoint: 4422636 ns, At safepoint: 26021352 ns, Total: 30443988 ns
[2021-04-21T09:35:31.681+0000][6][gc,start     ] GC(27) Pause Young (Normal) (G1 Evacuation Pause)
[2021-04-21T09:35:31.681+0000][6][gc,task      ] GC(27) Using 2 workers of 4 for evacuation
[2021-04-21T09:35:31.681+0000][6][gc,age       ] GC(27) Desired survivor size 2097152 bytes, new threshold 15 (max threshold 15)
[2021-04-21T09:35:31.699+0000][6][gc,age       ] GC(27) Age table with threshold 15 (max threshold 15)
[2021-04-21T09:35:31.699+0000][6][gc,age       ] GC(27) - age   1:    1931088 bytes,    1931088 total
[2021-04-21T09:35:31.699+0000][6][gc,age       ] GC(27) - age   2:     294752 bytes,    2225840 total
[2021-04-21T09:35:31.699+0000][6][gc,age       ] GC(27) - age   3:      34568 bytes,    2260408 total
[2021-04-21T09:35:31.699+0000][6][gc,age       ] GC(27) - age   4:     153536 bytes,    2413944 total
[2021-04-21T09:35:31.699+0000][6][gc,age       ] GC(27) - age   5:      18440 bytes,    2432384 total
[2021-04-21T09:35:31.699+0000][6][gc,age       ] GC(27) - age   6:      38200 bytes,    2470584 total
[2021-04-21T09:35:31.699+0000][6][gc,age       ] GC(27) - age   7:       2192 bytes,    2472776 total
[2021-04-21T09:35:31.707+0000][6][gc,phases    ] GC(27)   Pre Evacuate Collection Set: 0.0ms
[2021-04-21T09:35:31.707+0000][6][gc,phases    ] GC(27)   Merge Heap Roots: 0.0ms
[2021-04-21T09:35:31.707+0000][6][gc,phases    ] GC(27)   Evacuate Collection Set: 7.1ms
[2021-04-21T09:35:31.707+0000][6][gc,phases    ] GC(27)   Post Evacuate Collection Set: 18.1ms
[2021-04-21T09:35:31.707+0000][6][gc,phases    ] GC(27)   Other: 0.3ms
[2021-04-21T09:35:31.707+0000][6][gc,heap      ] GC(27) Eden regions: 27->0(27)
[2021-04-21T09:35:31.707+0000][6][gc,heap      ] GC(27) Survivor regions: 2->3(4)
[2021-04-21T09:35:31.707+0000][6][gc,heap      ] GC(27) Old regions: 14->14
[2021-04-21T09:35:31.707+0000][6][gc,heap      ] GC(27) Archive regions: 2->2
[2021-04-21T09:35:31.707+0000][6][gc,heap      ] GC(27) Humongous regions: 1->1
[2021-04-21T09:35:31.707+0000][6][gc,metaspace ] GC(27) Metaspace: 20219K(21552K)->20219K(21552K) NonClass: 17712K(18608K)->17712K(18608K) Class: 2506K(2944K)->2506K(2944K)
[2021-04-21T09:35:31.707+0000][6][gc           ] GC(27) Pause Young (Normal) (G1 Evacuation Pause) 44M->18M(69M) 25.711ms
[2021-04-21T09:35:31.707+0000][6][gc,cpu       ] GC(27) User=0.02s Sys=0.00s Real=0.03s
[2021-04-21T09:35:31.707+0000][6][safepoint    ] Safepoint "G1CollectForAllocation", Time since last: 130887504 ns, Reaching safepoint: 86168 ns, At safepoint: 25797795 ns, Total: 25883963 ns
[2021-04-21T09:35:32.167+0000][6][gc,start     ] GC(28) Pause Young (Normal) (G1 Evacuation Pause)
[2021-04-21T09:35:32.167+0000][6][gc,task      ] GC(28) Using 2 workers of 4 for evacuation
[2021-04-21T09:35:32.167+0000][6][gc,age       ] GC(28) Desired survivor size 2097152 bytes, new threshold 2 (max threshold 15)
[2021-04-21T09:35:32.170+0000][6][gc,age       ] GC(28) Age table with threshold 2 (max threshold 15)
[2021-04-21T09:35:32.170+0000][6][gc,age       ] GC(28) - age   1:    1377896 bytes,    1377896 total
[2021-04-21T09:35:32.170+0000][6][gc,age       ] GC(28) - age   2:      34136 bytes,    1412032 total
[2021-04-21T09:35:32.171+0000][6][gc,phases    ] GC(28)   Pre Evacuate Collection Set: 0.1ms
[2021-04-21T09:35:32.171+0000][6][gc,phases    ] GC(28)   Merge Heap Roots: 0.0ms
[2021-04-21T09:35:32.171+0000][6][gc,phases    ] GC(28)   Evacuate Collection Set: 2.1ms
[2021-04-21T09:35:32.171+0000][6][gc,phases    ] GC(28)   Post Evacuate Collection Set: 1.4ms
[2021-04-21T09:35:32.171+0000][6][gc,phases    ] GC(28)   Other: 0.3ms
[2021-04-21T09:35:32.171+0000][6][gc,heap      ] GC(28) Eden regions: 27->0(27)
[2021-04-21T09:35:32.171+0000][6][gc,heap      ] GC(28) Survivor regions: 3->2(4)
[2021-04-21T09:35:32.171+0000][6][gc,heap      ] GC(28) Old regions: 14->15
[2021-04-21T09:35:32.171+0000][6][gc,heap      ] GC(28) Archive regions: 2->2
[2021-04-21T09:35:32.171+0000][6][gc,heap      ] GC(28) Humongous regions: 1->1
[2021-04-21T09:35:32.171+0000][6][gc,metaspace ] GC(28) Metaspace: 21120K(22448K)->21120K(22448K) NonClass: 18534K(19376K)->18534K(19376K) Class: 2586K(3072K)->2586K(3072K)
[2021-04-21T09:35:32.171+0000][6][gc           ] GC(28) Pause Young (Normal) (G1 Evacuation Pause) 45M->17M(69M) 4.168ms
[2021-04-21T09:35:32.171+0000][6][gc,cpu       ] GC(28) User=0.00s Sys=0.01s Real=0.00s
[2021-04-21T09:35:32.171+0000][6][safepoint    ] Safepoint "G1CollectForAllocation", Time since last: 459286757 ns, Reaching safepoint: 187336 ns, At safepoint: 4257834 ns, Total: 4445170 ns
[2021-04-21T09:35:32.298+0000][6][gc,start     ] GC(29) Pause Young (Normal) (G1 Evacuation Pause)
[2021-04-21T09:35:32.306+0000][6][gc,task      ] GC(29) Using 2 workers of 4 for evacuation
[2021-04-21T09:35:32.306+0000][6][gc,age       ] GC(29) Desired survivor size 2097152 bytes, new threshold 15 (max threshold 15)
[2021-04-21T09:35:32.328+0000][6][gc,age       ] GC(29) Age table with threshold 15 (max threshold 15)
[2021-04-21T09:35:32.328+0000][6][gc,age       ] GC(29) - age   1:    2735896 bytes,    2735896 total
[2021-04-21T09:35:32.328+0000][6][gc,age       ] GC(29) - age   2:     539576 bytes,    3275472 total
[2021-04-21T09:35:32.328+0000][6][gc,age       ] GC(29) - age   3:      34136 bytes,    3309608 total
[2021-04-21T09:35:32.328+0000][6][gc,phases    ] GC(29)   Pre Evacuate Collection Set: 1.4ms
[2021-04-21T09:35:32.328+0000][6][gc,phases    ] GC(29)   Merge Heap Roots: 3.7ms
[2021-04-21T09:35:32.328+0000][6][gc,phases    ] GC(29)   Evacuate Collection Set: 16.0ms
[2021-04-21T09:35:32.328+0000][6][gc,phases    ] GC(29)   Post Evacuate Collection Set: 1.6ms
[2021-04-21T09:35:32.329+0000][6][gc,phases    ] GC(29)   Other: 7.8ms
[2021-04-21T09:35:32.330+0000][6][gc,heap      ] GC(29) Eden regions: 27->0(23)
[2021-04-21T09:35:32.330+0000][6][gc,heap      ] GC(29) Survivor regions: 2->4(4)
[2021-04-21T09:35:32.330+0000][6][gc,heap      ] GC(29) Old regions: 15->15
[2021-04-21T09:35:32.330+0000][6][gc,heap      ] GC(29) Archive regions: 2->2
[2021-04-21T09:35:32.330+0000][6][gc,heap      ] GC(29) Humongous regions: 1->1
[2021-04-21T09:35:32.330+0000][6][gc,metaspace ] GC(29) Metaspace: 21121K(22448K)->21121K(22448K) NonClass: 18535K(19376K)->18535K(19376K) Class: 2586K(3072K)->2586K(3072K)
[2021-04-21T09:35:32.330+0000][6][gc           ] GC(29) Pause Young (Normal) (G1 Evacuation Pause) 44M->19M(69M) 32.062ms
[2021-04-21T09:35:32.330+0000][6][gc,cpu       ] GC(29) User=0.04s Sys=0.00s Real=0.04s
[2021-04-21T09:35:32.330+0000][6][safepoint    ] Safepoint "G1CollectForAllocation", Time since last: 127011717 ns, Reaching safepoint: 127851 ns, At safepoint: 32142360 ns, Total: 32270211 ns
[2021-04-21T09:35:32.420+0000][6][gc,start     ] GC(30) Pause Young (Normal) (G1 Evacuation Pause)
[2021-04-21T09:35:32.421+0000][6][gc,task      ] GC(30) Using 2 workers of 4 for evacuation
[2021-04-21T09:35:32.421+0000][6][gc,age       ] GC(30) Desired survivor size 2097152 bytes, new threshold 1 (max threshold 15)
[2021-04-21T09:35:32.430+0000][6][gc,age       ] GC(30) Age table with threshold 1 (max threshold 15)
[2021-04-21T09:35:32.430+0000][6][gc,age       ] GC(30) - age   1:    1668624 bytes,    1668624 total
[2021-04-21T09:35:32.430+0000][6][gc,phases    ] GC(30)   Pre Evacuate Collection Set: 1.1ms
[2021-04-21T09:35:32.430+0000][6][gc,phases    ] GC(30)   Merge Heap Roots: 0.1ms
[2021-04-21T09:35:32.430+0000][6][gc,phases    ] GC(30)   Evacuate Collection Set: 4.7ms
[2021-04-21T09:35:32.430+0000][6][gc,phases    ] GC(30)   Post Evacuate Collection Set: 2.6ms
[2021-04-21T09:35:32.430+0000][6][gc,phases    ] GC(30)   Other: 1.1ms
[2021-04-21T09:35:32.430+0000][6][gc,heap      ] GC(30) Eden regions: 23->0(25)
[2021-04-21T09:35:32.430+0000][6][gc,heap      ] GC(30) Survivor regions: 4->2(4)
[2021-04-21T09:35:32.430+0000][6][gc,heap      ] GC(30) Old regions: 15->15
[2021-04-21T09:35:32.430+0000][6][gc,heap      ] GC(30) Archive regions: 2->2
[2021-04-21T09:35:32.430+0000][6][gc,heap      ] GC(30) Humongous regions: 1->1
[2021-04-21T09:35:32.430+0000][6][gc,metaspace ] GC(30) Metaspace: 21160K(22448K)->21160K(22448K) NonClass: 18565K(19376K)->18565K(19376K) Class: 2594K(3072K)->2594K(3072K)
[2021-04-21T09:35:32.430+0000][6][gc           ] GC(30) Pause Young (Normal) (G1 Evacuation Pause) 42M->18M(69M) 9.626ms
[2021-04-21T09:35:32.430+0000][6][gc,cpu       ] GC(30) User=0.01s Sys=0.00s Real=0.01s
[2021-04-21T09:35:32.430+0000][6][safepoint    ] Safepoint "G1CollectForAllocation", Time since last: 90071786 ns, Reaching safepoint: 134718 ns, At safepoint: 9694937 ns, Total: 9829655 ns
[2021-04-21T09:35:32.550+0000][6][gc,start     ] GC(31) Pause Young (Normal) (G1 Evacuation Pause)
[2021-04-21T09:35:32.550+0000][6][gc,task      ] GC(31) Using 2 workers of 4 for evacuation
[2021-04-21T09:35:32.550+0000][6][gc,age       ] GC(31) Desired survivor size 2097152 bytes, new threshold 15 (max threshold 15)
[2021-04-21T09:35:32.562+0000][6][gc,age       ] GC(31) Age table with threshold 15 (max threshold 15)
[2021-04-21T09:35:32.563+0000][6][gc,age       ] GC(31) - age   1:     994536 bytes,     994536 total
[2021-04-21T09:35:32.563+0000][6][gc,age       ] GC(31) - age   2:     868968 bytes,    1863504 total
[2021-04-21T09:35:32.563+0000][6][gc,phases    ] GC(31)   Pre Evacuate Collection Set: 0.1ms
[2021-04-21T09:35:32.563+0000][6][gc,phases    ] GC(31)   Merge Heap Roots: 0.0ms
[2021-04-21T09:35:32.563+0000][6][gc,phases    ] GC(31)   Evacuate Collection Set: 10.6ms
[2021-04-21T09:35:32.563+0000][6][gc,phases    ] GC(31)   Post Evacuate Collection Set: 0.9ms
[2021-04-21T09:35:32.563+0000][6][gc,phases    ] GC(31)   Other: 1.3ms
[2021-04-21T09:35:32.563+0000][6][gc,heap      ] GC(31) Eden regions: 25->0(25)
[2021-04-21T09:35:32.563+0000][6][gc,heap      ] GC(31) Survivor regions: 2->3(4)
[2021-04-21T09:35:32.563+0000][6][gc,heap      ] GC(31) Old regions: 15->15
[2021-04-21T09:35:32.563+0000][6][gc,heap      ] GC(31) Archive regions: 2->2
[2021-04-21T09:35:32.563+0000][6][gc,heap      ] GC(31) Humongous regions: 1->1
[2021-04-21T09:35:32.563+0000][6][gc,metaspace ] GC(31) Metaspace: 21168K(22448K)->21168K(22448K) NonClass: 18572K(19376K)->18572K(19376K) Class: 2595K(3072K)->2595K(3072K)
[2021-04-21T09:35:32.563+0000][6][gc           ] GC(31) Pause Young (Normal) (G1 Evacuation Pause) 43M->18M(69M) 13.045ms
[2021-04-21T09:35:32.563+0000][6][gc,cpu       ] GC(31) User=0.03s Sys=0.00s Real=0.01s
[2021-04-21T09:35:32.563+0000][6][safepoint    ] Safepoint "G1CollectForAllocation", Time since last: 119829347 ns, Reaching safepoint: 100738 ns, At safepoint: 13136520 ns, Total: 13237258 ns
[2021-04-21T09:35:32.695+0000][6][gc,start     ] GC(32) Pause Young (Normal) (G1 Evacuation Pause)
[2021-04-21T09:35:32.705+0000][6][gc,task      ] GC(32) Using 2 workers of 4 for evacuation
[2021-04-21T09:35:32.705+0000][6][gc,age       ] GC(32) Desired survivor size 2097152 bytes, new threshold 15 (max threshold 15)
[2021-04-21T09:35:32.723+0000][6][gc,age       ] GC(32) Age table with threshold 15 (max threshold 15)
[2021-04-21T09:35:32.724+0000][6][gc,age       ] GC(32) - age   1:    1533296 bytes,    1533296 total
[2021-04-21T09:35:32.724+0000][6][gc,age       ] GC(32) - age   2:      36392 bytes,    1569688 total
[2021-04-21T09:35:32.724+0000][6][gc,age       ] GC(32) - age   3:     868968 bytes,    2438656 total
[2021-04-21T09:35:32.724+0000][6][gc,phases    ] GC(32)   Pre Evacuate Collection Set: 3.2ms
[2021-04-21T09:35:32.724+0000][6][gc,phases    ] GC(32)   Merge Heap Roots: 0.1ms
[2021-04-21T09:35:32.724+0000][6][gc,phases    ] GC(32)   Evacuate Collection Set: 13.7ms
[2021-04-21T09:35:32.724+0000][6][gc,phases    ] GC(32)   Post Evacuate Collection Set: 0.5ms
[2021-04-21T09:35:32.724+0000][6][gc,phases    ] GC(32)   Other: 11.4ms
[2021-04-21T09:35:32.724+0000][6][gc,heap      ] GC(32) Eden regions: 25->0(25)
[2021-04-21T09:35:32.724+0000][6][gc,heap      ] GC(32) Survivor regions: 3->3(4)
[2021-04-21T09:35:32.724+0000][6][gc,heap      ] GC(32) Old regions: 15->15
[2021-04-21T09:35:32.724+0000][6][gc,heap      ] GC(32) Archive regions: 2->2
[2021-04-21T09:35:32.724+0000][6][gc,heap      ] GC(32) Humongous regions: 1->1
[2021-04-21T09:35:32.724+0000][6][gc,metaspace ] GC(32) Metaspace: 21176K(22448K)->21176K(22448K) NonClass: 18579K(19376K)->18579K(19376K) Class: 2597K(3072K)->2597K(3072K)
[2021-04-21T09:35:32.724+0000][6][gc           ] GC(32) Pause Young (Normal) (G1 Evacuation Pause) 43M->19M(69M) 29.212ms
[2021-04-21T09:35:32.724+0000][6][gc,cpu       ] GC(32) User=0.05s Sys=0.00s Real=0.03s
[2021-04-21T09:35:32.724+0000][6][safepoint    ] Safepoint "G1CollectForAllocation", Time since last: 131651475 ns, Reaching safepoint: 220358 ns, At safepoint: 29303327 ns, Total: 29523685 ns
[2021-04-21T09:35:32.790+0000][6][gc,start     ] GC(33) Pause Young (Normal) (G1 Evacuation Pause)
[2021-04-21T09:35:32.790+0000][6][gc,task      ] GC(33) Using 2 workers of 4 for evacuation
[2021-04-21T09:35:32.790+0000][6][gc,age       ] GC(33) Desired survivor size 2097152 bytes, new threshold 3 (max threshold 15)
[2021-04-21T09:35:32.799+0000][6][gc,age       ] GC(33) Age table with threshold 3 (max threshold 15)
[2021-04-21T09:35:32.799+0000][6][gc,age       ] GC(33) - age   1:     475104 bytes,     475104 total
[2021-04-21T09:35:32.799+0000][6][gc,age       ] GC(33) - age   2:      42192 bytes,     517296 total
[2021-04-21T09:35:32.799+0000][6][gc,age       ] GC(33) - age   3:      36392 bytes,     553688 total
[2021-04-21T09:35:32.805+0000][6][gc,phases    ] GC(33)   Pre Evacuate Collection Set: 0.4ms
[2021-04-21T09:35:32.805+0000][6][gc,phases    ] GC(33)   Merge Heap Roots: 0.1ms
[2021-04-21T09:35:32.805+0000][6][gc,phases    ] GC(33)   Evacuate Collection Set: 7.9ms
[2021-04-21T09:35:32.805+0000][6][gc,phases    ] GC(33)   Post Evacuate Collection Set: 6.9ms
[2021-04-21T09:35:32.806+0000][6][gc,phases    ] GC(33)   Other: 0.2ms
[2021-04-21T09:35:32.806+0000][6][gc,heap      ] GC(33) Eden regions: 25->0(32)
[2021-04-21T09:35:32.806+0000][6][gc,heap      ] GC(33) Survivor regions: 3->1(4)
[2021-04-21T09:35:32.806+0000][6][gc,heap      ] GC(33) Old regions: 15->16
[2021-04-21T09:35:32.806+0000][6][gc,heap      ] GC(33) Archive regions: 2->2
[2021-04-21T09:35:32.806+0000][6][gc,heap      ] GC(33) Humongous regions: 1->1
[2021-04-21T09:35:32.806+0000][6][gc,metaspace ] GC(33) Metaspace: 21189K(22448K)->21189K(22448K) NonClass: 18591K(19376K)->18591K(19376K) Class: 2598K(3072K)->2598K(3072K)
[2021-04-21T09:35:32.806+0000][6][gc           ] GC(33) Pause Young (Normal) (G1 Evacuation Pause) 44M->18M(77M) 15.701ms
[2021-04-21T09:35:32.806+0000][6][gc,cpu       ] GC(33) User=0.02s Sys=0.00s Real=0.01s
[2021-04-21T09:35:32.806+0000][6][safepoint    ] Safepoint "G1CollectForAllocation", Time since last: 65608983 ns, Reaching safepoint: 49880 ns, At safepoint: 15769194 ns, Total: 15819074 ns
[2021-04-21T09:35:32.920+0000][6][gc,start     ] GC(34) Pause Young (Normal) (G1 Evacuation Pause)
[2021-04-21T09:35:32.920+0000][6][gc,task      ] GC(34) Using 2 workers of 4 for evacuation
[2021-04-21T09:35:32.920+0000][6][gc,age       ] GC(34) Desired survivor size 2621440 bytes, new threshold 15 (max threshold 15)
[2021-04-21T09:35:32.925+0000][6][gc,age       ] GC(34) Age table with threshold 15 (max threshold 15)
[2021-04-21T09:35:32.925+0000][6][gc,age       ] GC(34) - age   1:    1205560 bytes,    1205560 total
[2021-04-21T09:35:32.925+0000][6][gc,age       ] GC(34) - age   2:     155560 bytes,    1361120 total
[2021-04-21T09:35:32.925+0000][6][gc,age       ] GC(34) - age   3:      42192 bytes,    1403312 total
[2021-04-21T09:35:32.925+0000][6][gc,age       ] GC(34) - age   4:      36392 bytes,    1439704 total
[2021-04-21T09:35:32.925+0000][6][gc,phases    ] GC(34)   Pre Evacuate Collection Set: 1.3ms
[2021-04-21T09:35:32.925+0000][6][gc,phases    ] GC(34)   Merge Heap Roots: 0.4ms
[2021-04-21T09:35:32.925+0000][6][gc,phases    ] GC(34)   Evacuate Collection Set: 2.5ms
[2021-04-21T09:35:32.925+0000][6][gc,phases    ] GC(34)   Post Evacuate Collection Set: 0.5ms
[2021-04-21T09:35:32.925+0000][6][gc,phases    ] GC(34)   Other: 0.2ms
[2021-04-21T09:35:32.925+0000][6][gc,heap      ] GC(34) Eden regions: 32->0(32)
[2021-04-21T09:35:32.925+0000][6][gc,heap      ] GC(34) Survivor regions: 1->2(5)
[2021-04-21T09:35:32.925+0000][6][gc,heap      ] GC(34) Old regions: 16->16
[2021-04-21T09:35:32.925+0000][6][gc,heap      ] GC(34) Archive regions: 2->2
[2021-04-21T09:35:32.925+0000][6][gc,heap      ] GC(34) Humongous regions: 1->1
[2021-04-21T09:35:32.925+0000][6][gc,metaspace ] GC(34) Metaspace: 21194K(22448K)->21194K(22448K) NonClass: 18595K(19376K)->18595K(19376K) Class: 2599K(3072K)->2599K(3072K)
[2021-04-21T09:35:32.925+0000][6][gc           ] GC(34) Pause Young (Normal) (G1 Evacuation Pause) 50M->18M(77M) 5.268ms
[2021-04-21T09:35:32.925+0000][6][gc,cpu       ] GC(34) User=0.01s Sys=0.00s Real=0.00s
[2021-04-21T09:35:32.925+0000][6][safepoint    ] Safepoint "G1CollectForAllocation", Time since last: 114050356 ns, Reaching safepoint: 48123 ns, At safepoint: 5337416 ns, Total: 5385539 ns
[2021-04-21T09:35:33.016+0000][6][gc,start     ] GC(35) Pause Young (Normal) (G1 Evacuation Pause)
[2021-04-21T09:35:33.017+0000][6][gc,task      ] GC(35) Using 2 workers of 4 for evacuation
[2021-04-21T09:35:33.017+0000][6][gc,age       ] GC(35) Desired survivor size 2621440 bytes, new threshold 15 (max threshold 15)
[2021-04-21T09:35:33.022+0000][6][gc,age       ] GC(35) Age table with threshold 15 (max threshold 15)
[2021-04-21T09:35:33.022+0000][6][gc,age       ] GC(35) - age   1:    1496288 bytes,    1496288 total
[2021-04-21T09:35:33.022+0000][6][gc,age       ] GC(35) - age   2:      33048 bytes,    1529336 total
[2021-04-21T09:35:33.022+0000][6][gc,age       ] GC(35) - age   3:     155560 bytes,    1684896 total
[2021-04-21T09:35:33.022+0000][6][gc,age       ] GC(35) - age   4:      42192 bytes,    1727088 total
[2021-04-21T09:35:33.022+0000][6][gc,age       ] GC(35) - age   5:      36392 bytes,    1763480 total
[2021-04-21T09:35:33.022+0000][6][gc,phases    ] GC(35)   Pre Evacuate Collection Set: 0.7ms
[2021-04-21T09:35:33.022+0000][6][gc,phases    ] GC(35)   Merge Heap Roots: 0.0ms
[2021-04-21T09:35:33.022+0000][6][gc,phases    ] GC(35)   Evacuate Collection Set: 3.6ms
[2021-04-21T09:35:33.022+0000][6][gc,phases    ] GC(35)   Post Evacuate Collection Set: 0.5ms
[2021-04-21T09:35:33.022+0000][6][gc,phases    ] GC(35)   Other: 1.5ms
[2021-04-21T09:35:33.022+0000][6][gc,heap      ] GC(35) Eden regions: 32->0(31)
[2021-04-21T09:35:33.022+0000][6][gc,heap      ] GC(35) Survivor regions: 2->2(5)
[2021-04-21T09:35:33.022+0000][6][gc,heap      ] GC(35) Old regions: 16->16
[2021-04-21T09:35:33.022+0000][6][gc,heap      ] GC(35) Archive regions: 2->2
[2021-04-21T09:35:33.022+0000][6][gc,heap      ] GC(35) Humongous regions: 1->1
[2021-04-21T09:35:33.022+0000][6][gc,metaspace ] GC(35) Metaspace: 21196K(22448K)->21196K(22448K) NonClass: 18596K(19376K)->18596K(19376K) Class: 2600K(3072K)->2600K(3072K)
[2021-04-21T09:35:33.022+0000][6][gc           ] GC(35) Pause Young (Normal) (G1 Evacuation Pause) 50M->19M(77M) 6.399ms
[2021-04-21T09:35:33.022+0000][6][gc,cpu       ] GC(35) User=0.01s Sys=0.00s Real=0.01s
[2021-04-21T09:35:33.023+0000][6][safepoint    ] Safepoint "G1CollectForAllocation", Time since last: 90698274 ns, Reaching safepoint: 145400 ns, At safepoint: 6659672 ns, Total: 6805072 ns
[2021-04-21T09:35:33.092+0000][6][gc,start     ] GC(36) Pause Young (Normal) (G1 Evacuation Pause)
[2021-04-21T09:35:33.092+0000][6][gc,task      ] GC(36) Using 2 workers of 4 for evacuation
[2021-04-21T09:35:33.092+0000][6][gc,age       ] GC(36) Desired survivor size 2621440 bytes, new threshold 15 (max threshold 15)
[2021-04-21T09:35:33.096+0000][6][gc,age       ] GC(36) Age table with threshold 15 (max threshold 15)
[2021-04-21T09:35:33.096+0000][6][gc,age       ] GC(36) - age   1:     406176 bytes,     406176 total
[2021-04-21T09:35:33.096+0000][6][gc,age       ] GC(36) - age   2:      32816 bytes,     438992 total
[2021-04-21T09:35:33.096+0000][6][gc,age       ] GC(36) - age   3:      33048 bytes,     472040 total
[2021-04-21T09:35:33.096+0000][6][gc,age       ] GC(36) - age   4:     155560 bytes,     627600 total
[2021-04-21T09:35:33.096+0000][6][gc,age       ] GC(36) - age   5:      42192 bytes,     669792 total
[2021-04-21T09:35:33.096+0000][6][gc,age       ] GC(36) - age   6:      36392 bytes,     706184 total
[2021-04-21T09:35:33.096+0000][6][gc,phases    ] GC(36)   Pre Evacuate Collection Set: 1.4ms
[2021-04-21T09:35:33.096+0000][6][gc,phases    ] GC(36)   Merge Heap Roots: 0.0ms
[2021-04-21T09:35:33.096+0000][6][gc,phases    ] GC(36)   Evacuate Collection Set: 2.2ms
[2021-04-21T09:35:33.096+0000][6][gc,phases    ] GC(36)   Post Evacuate Collection Set: 0.5ms
[2021-04-21T09:35:33.096+0000][6][gc,phases    ] GC(36)   Other: 0.3ms
[2021-04-21T09:35:33.096+0000][6][gc,heap      ] GC(36) Eden regions: 31->0(33)
[2021-04-21T09:35:33.096+0000][6][gc,heap      ] GC(36) Survivor regions: 2->1(5)
[2021-04-21T09:35:33.096+0000][6][gc,heap      ] GC(36) Old regions: 16->16
[2021-04-21T09:35:33.096+0000][6][gc,heap      ] GC(36) Archive regions: 2->2
[2021-04-21T09:35:33.096+0000][6][gc,heap      ] GC(36) Humongous regions: 1->1
[2021-04-21T09:35:33.096+0000][6][gc,metaspace ] GC(36) Metaspace: 21206K(22448K)->21206K(22448K) NonClass: 18604K(19376K)->18604K(19376K) Class: 2602K(3072K)->2602K(3072K)
[2021-04-21T09:35:33.096+0000][6][gc           ] GC(36) Pause Young (Normal) (G1 Evacuation Pause) 50M->18M(77M) 4.628ms
[2021-04-21T09:35:33.096+0000][6][gc,cpu       ] GC(36) User=0.01s Sys=0.00s Real=0.00s
[2021-04-21T09:35:33.096+0000][6][safepoint    ] Safepoint "G1CollectForAllocation", Time since last: 68788085 ns, Reaching safepoint: 122079 ns, At safepoint: 4706940 ns, Total: 4829019 ns
[2021-04-21T09:35:33.174+0000][6][gc,start     ] GC(37) Pause Young (Normal) (G1 Evacuation Pause)
[2021-04-21T09:35:33.174+0000][6][gc,task      ] GC(37) Using 2 workers of 4 for evacuation
[2021-04-21T09:35:33.174+0000][6][gc,age       ] GC(37) Desired survivor size 2621440 bytes, new threshold 15 (max threshold 15)
[2021-04-21T09:35:33.180+0000][6][gc,age       ] GC(37) Age table with threshold 15 (max threshold 15)
[2021-04-21T09:35:33.180+0000][6][gc,age       ] GC(37) - age   1:     831664 bytes,     831664 total
[2021-04-21T09:35:33.180+0000][6][gc,age       ] GC(37) - age   2:      69152 bytes,     900816 total
[2021-04-21T09:35:33.180+0000][6][gc,age       ] GC(37) - age   3:      32816 bytes,     933632 total
[2021-04-21T09:35:33.180+0000][6][gc,age       ] GC(37) - age   4:      33048 bytes,     966680 total
[2021-04-21T09:35:33.180+0000][6][gc,age       ] GC(37) - age   5:     155560 bytes,    1122240 total
[2021-04-21T09:35:33.180+0000][6][gc,age       ] GC(37) - age   6:      42192 bytes,    1164432 total
[2021-04-21T09:35:33.180+0000][6][gc,age       ] GC(37) - age   7:      36280 bytes,    1200712 total
[2021-04-21T09:35:33.180+0000][6][gc,phases    ] GC(37)   Pre Evacuate Collection Set: 1.1ms
[2021-04-21T09:35:33.180+0000][6][gc,phases    ] GC(37)   Merge Heap Roots: 0.0ms
[2021-04-21T09:35:33.180+0000][6][gc,phases    ] GC(37)   Evacuate Collection Set: 2.5ms
[2021-04-21T09:35:33.180+0000][6][gc,phases    ] GC(37)   Post Evacuate Collection Set: 2.1ms
[2021-04-21T09:35:33.180+0000][6][gc,phases    ] GC(37)   Other: 0.3ms
[2021-04-21T09:35:33.180+0000][6][gc,heap      ] GC(37) Eden regions: 33->0(32)
[2021-04-21T09:35:33.180+0000][6][gc,heap      ] GC(37) Survivor regions: 1->2(5)
[2021-04-21T09:35:33.180+0000][6][gc,heap      ] GC(37) Old regions: 16->16
[2021-04-21T09:35:33.180+0000][6][gc,heap      ] GC(37) Archive regions: 2->2
[2021-04-21T09:35:33.180+0000][6][gc,heap      ] GC(37) Humongous regions: 1->1
[2021-04-21T09:35:33.180+0000][6][gc,metaspace ] GC(37) Metaspace: 21212K(22448K)->21212K(22448K) NonClass: 18608K(19376K)->18608K(19376K) Class: 2604K(3072K)->2604K(3072K)
[2021-04-21T09:35:33.181+0000][6][gc           ] GC(37) Pause Young (Normal) (G1 Evacuation Pause) 51M->18M(77M) 6.137ms
[2021-04-21T09:35:33.181+0000][6][gc,cpu       ] GC(37) User=0.00s Sys=0.00s Real=0.01s
[2021-04-21T09:35:33.181+0000][6][safepoint    ] Safepoint "G1CollectForAllocation", Time since last: 78002093 ns, Reaching safepoint: 156423 ns, At safepoint: 6223198 ns, Total: 6379621 ns
[2021-04-21T09:35:33.276+0000][6][gc,start     ] GC(38) Pause Young (Normal) (G1 Evacuation Pause)
[2021-04-21T09:35:33.277+0000][6][gc,task      ] GC(38) Using 2 workers of 4 for evacuation
[2021-04-21T09:35:33.277+0000][6][gc,age       ] GC(38) Desired survivor size 2621440 bytes, new threshold 15 (max threshold 15)
[2021-04-21T09:35:33.287+0000][6][gc,age       ] GC(38) Age table with threshold 15 (max threshold 15)
[2021-04-21T09:35:33.288+0000][6][gc,age       ] GC(38) - age   1:     976176 bytes,     976176 total
[2021-04-21T09:35:33.288+0000][6][gc,age       ] GC(38) - age   2:      34472 bytes,    1010648 total
[2021-04-21T09:35:33.288+0000][6][gc,age       ] GC(38) - age   3:      69152 bytes,    1079800 total
[2021-04-21T09:35:33.288+0000][6][gc,age       ] GC(38) - age   4:      32816 bytes,    1112616 total
[2021-04-21T09:35:33.288+0000][6][gc,age       ] GC(38) - age   5:      33048 bytes,    1145664 total
[2021-04-21T09:35:33.288+0000][6][gc,age       ] GC(38) - age   6:     155560 bytes,    1301224 total
[2021-04-21T09:35:33.288+0000][6][gc,age       ] GC(38) - age   7:      42192 bytes,    1343416 total
[2021-04-21T09:35:33.288+0000][6][gc,age       ] GC(38) - age   8:      36280 bytes,    1379696 total
[2021-04-21T09:35:33.288+0000][6][gc,phases    ] GC(38)   Pre Evacuate Collection Set: 1.0ms
[2021-04-21T09:35:33.288+0000][6][gc,phases    ] GC(38)   Merge Heap Roots: 0.1ms
[2021-04-21T09:35:33.288+0000][6][gc,phases    ] GC(38)   Evacuate Collection Set: 7.1ms
[2021-04-21T09:35:33.288+0000][6][gc,phases    ] GC(38)   Post Evacuate Collection Set: 1.4ms
[2021-04-21T09:35:33.288+0000][6][gc,phases    ] GC(38)   Other: 2.0ms
[2021-04-21T09:35:33.288+0000][6][gc,heap      ] GC(38) Eden regions: 32->0(32)
[2021-04-21T09:35:33.288+0000][6][gc,heap      ] GC(38) Survivor regions: 2->2(5)
[2021-04-21T09:35:33.288+0000][6][gc,heap      ] GC(38) Old regions: 16->16
[2021-04-21T09:35:33.288+0000][6][gc,heap      ] GC(38) Archive regions: 2->2
[2021-04-21T09:35:33.288+0000][6][gc,heap      ] GC(38) Humongous regions: 1->1
[2021-04-21T09:35:33.288+0000][6][gc,metaspace ] GC(38) Metaspace: 21313K(22704K)->21313K(22704K) NonClass: 18693K(19632K)->18693K(19632K) Class: 2620K(3072K)->2620K(3072K)
[2021-04-21T09:35:33.288+0000][6][gc           ] GC(38) Pause Young (Normal) (G1 Evacuation Pause) 50M->18M(77M) 11.650ms
[2021-04-21T09:35:33.288+0000][6][gc,cpu       ] GC(38) User=0.01s Sys=0.00s Real=0.02s
[2021-04-21T09:35:33.288+0000][6][safepoint    ] Safepoint "G1CollectForAllocation", Time since last: 95596225 ns, Reaching safepoint: 142012 ns, At safepoint: 11736230 ns, Total: 11878242 ns
[2021-04-21T09:35:33.400+0000][6][gc,start     ] GC(39) Pause Young (Normal) (G1 Evacuation Pause)
[2021-04-21T09:35:33.400+0000][6][gc,task      ] GC(39) Using 2 workers of 4 for evacuation
[2021-04-21T09:35:33.400+0000][6][gc,age       ] GC(39) Desired survivor size 2621440 bytes, new threshold 15 (max threshold 15)
[2021-04-21T09:35:33.404+0000][6][gc,age       ] GC(39) Age table with threshold 15 (max threshold 15)
[2021-04-21T09:35:33.405+0000][6][gc,age       ] GC(39) - age   1:     921416 bytes,     921416 total
[2021-04-21T09:35:33.405+0000][6][gc,age       ] GC(39) - age   2:      67760 bytes,     989176 total
[2021-04-21T09:35:33.405+0000][6][gc,age       ] GC(39) - age   3:      34472 bytes,    1023648 total
[2021-04-21T09:35:33.405+0000][6][gc,age       ] GC(39) - age   4:      69152 bytes,    1092800 total
[2021-04-21T09:35:33.405+0000][6][gc,age       ] GC(39) - age   5:      32816 bytes,    1125616 total
[2021-04-21T09:35:33.405+0000][6][gc,age       ] GC(39) - age   6:      33048 bytes,    1158664 total
[2021-04-21T09:35:33.405+0000][6][gc,age       ] GC(39) - age   7:     155560 bytes,    1314224 total
[2021-04-21T09:35:33.405+0000][6][gc,age       ] GC(39) - age   8:      42192 bytes,    1356416 total
[2021-04-21T09:35:33.405+0000][6][gc,age       ] GC(39) - age   9:      36280 bytes,    1392696 total
[2021-04-21T09:35:33.405+0000][6][gc,phases    ] GC(39)   Pre Evacuate Collection Set: 0.7ms
[2021-04-21T09:35:33.405+0000][6][gc,phases    ] GC(39)   Merge Heap Roots: 0.0ms
[2021-04-21T09:35:33.405+0000][6][gc,phases    ] GC(39)   Evacuate Collection Set: 3.0ms
[2021-04-21T09:35:33.405+0000][6][gc,phases    ] GC(39)   Post Evacuate Collection Set: 0.4ms
[2021-04-21T09:35:33.405+0000][6][gc,phases    ] GC(39)   Other: 0.3ms
[2021-04-21T09:35:33.405+0000][6][gc,heap      ] GC(39) Eden regions: 32->0(33)
[2021-04-21T09:35:33.405+0000][6][gc,heap      ] GC(39) Survivor regions: 2->2(5)
[2021-04-21T09:35:33.405+0000][6][gc,heap      ] GC(39) Old regions: 16->16
[2021-04-21T09:35:33.405+0000][6][gc,heap      ] GC(39) Archive regions: 2->2
[2021-04-21T09:35:33.405+0000][6][gc,heap      ] GC(39) Humongous regions: 1->1
[2021-04-21T09:35:33.405+0000][6][gc,metaspace ] GC(39) Metaspace: 21378K(22704K)->21378K(22704K) NonClass: 18742K(19632K)->18742K(19632K) Class: 2635K(3072K)->2635K(3072K)
[2021-04-21T09:35:33.405+0000][6][gc           ] GC(39) Pause Young (Normal) (G1 Evacuation Pause) 50M->18M(77M) 4.534ms
[2021-04-21T09:35:33.405+0000][6][gc,cpu       ] GC(39) User=0.01s Sys=0.00s Real=0.00s
[2021-04-21T09:35:33.405+0000][6][safepoint    ] Safepoint "G1CollectForAllocation", Time since last: 112006063 ns, Reaching safepoint: 148105 ns, At safepoint: 4617336 ns, Total: 4765441 ns
[2021-04-21T09:35:33.495+0000][6][gc,start     ] GC(40) Pause Young (Normal) (G1 Evacuation Pause)
[2021-04-21T09:35:33.495+0000][6][gc,task      ] GC(40) Using 2 workers of 4 for evacuation
[2021-04-21T09:35:33.495+0000][6][gc,age       ] GC(40) Desired survivor size 2621440 bytes, new threshold 15 (max threshold 15)
[2021-04-21T09:35:33.505+0000][6][gc,age       ] GC(40) Age table with threshold 15 (max threshold 15)
[2021-04-21T09:35:33.505+0000][6][gc,age       ] GC(40) - age   1:    1455712 bytes,    1455712 total
[2021-04-21T09:35:33.505+0000][6][gc,age       ] GC(40) - age   2:     210904 bytes,    1666616 total
[2021-04-21T09:35:33.505+0000][6][gc,age       ] GC(40) - age   3:      67760 bytes,    1734376 total
[2021-04-21T09:35:33.505+0000][6][gc,age       ] GC(40) - age   4:      34472 bytes,    1768848 total
[2021-04-21T09:35:33.505+0000][6][gc,age       ] GC(40) - age   5:      69152 bytes,    1838000 total
[2021-04-21T09:35:33.505+0000][6][gc,age       ] GC(40) - age   6:      32816 bytes,    1870816 total
[2021-04-21T09:35:33.505+0000][6][gc,age       ] GC(40) - age   7:      33048 bytes,    1903864 total
[2021-04-21T09:35:33.505+0000][6][gc,age       ] GC(40) - age   8:     155560 bytes,    2059424 total
[2021-04-21T09:35:33.505+0000][6][gc,age       ] GC(40) - age   9:      42192 bytes,    2101616 total
[2021-04-21T09:35:33.505+0000][6][gc,age       ] GC(40) - age  10:      36280 bytes,    2137896 total
[2021-04-21T09:35:33.505+0000][6][gc,phases    ] GC(40)   Pre Evacuate Collection Set: 0.4ms
[2021-04-21T09:35:33.505+0000][6][gc,phases    ] GC(40)   Merge Heap Roots: 0.0ms
[2021-04-21T09:35:33.505+0000][6][gc,phases    ] GC(40)   Evacuate Collection Set: 9.1ms
[2021-04-21T09:35:33.505+0000][6][gc,phases    ] GC(40)   Post Evacuate Collection Set: 0.4ms
[2021-04-21T09:35:33.505+0000][6][gc,phases    ] GC(40)   Other: 0.3ms
[2021-04-21T09:35:33.505+0000][6][gc,heap      ] GC(40) Eden regions: 33->0(31)
[2021-04-21T09:35:33.505+0000][6][gc,heap      ] GC(40) Survivor regions: 2->3(5)
[2021-04-21T09:35:33.505+0000][6][gc,heap      ] GC(40) Old regions: 16->16
[2021-04-21T09:35:33.505+0000][6][gc,heap      ] GC(40) Archive regions: 2->2
[2021-04-21T09:35:33.505+0000][6][gc,heap      ] GC(40) Humongous regions: 1->1
[2021-04-21T09:35:33.505+0000][6][gc,metaspace ] GC(40) Metaspace: 21384K(22704K)->21384K(22704K) NonClass: 18747K(19632K)->18747K(19632K) Class: 2636K(3072K)->2636K(3072K)
[2021-04-21T09:35:33.505+0000][6][gc           ] GC(40) Pause Young (Normal) (G1 Evacuation Pause) 51M->19M(77M) 10.264ms
[2021-04-21T09:35:33.505+0000][6][gc,cpu       ] GC(40) User=0.02s Sys=0.00s Real=0.01s
[2021-04-21T09:35:33.505+0000][6][safepoint    ] Safepoint "G1CollectForAllocation", Time since last: 90177829 ns, Reaching safepoint: 47624 ns, At safepoint: 10328635 ns, Total: 10376259 ns
[2021-04-21T09:35:33.612+0000][6][gc,start     ] GC(41) Pause Young (Normal) (G1 Evacuation Pause)
[2021-04-21T09:35:33.612+0000][6][gc,task      ] GC(41) Using 2 workers of 4 for evacuation
[2021-04-21T09:35:33.612+0000][6][gc,age       ] GC(41) Desired survivor size 2621440 bytes, new threshold 15 (max threshold 15)
[2021-04-21T09:35:33.618+0000][6][gc,age       ] GC(41) Age table with threshold 15 (max threshold 15)
[2021-04-21T09:35:33.618+0000][6][gc,age       ] GC(41) - age   1:    1535440 bytes,    1535440 total
[2021-04-21T09:35:33.618+0000][6][gc,age       ] GC(41) - age   2:      39184 bytes,    1574624 total
[2021-04-21T09:35:33.618+0000][6][gc,age       ] GC(41) - age   3:     210840 bytes,    1785464 total
[2021-04-21T09:35:33.618+0000][6][gc,age       ] GC(41) - age   4:      67648 bytes,    1853112 total
[2021-04-21T09:35:33.618+0000][6][gc,age       ] GC(41) - age   5:      34472 bytes,    1887584 total
[2021-04-21T09:35:33.618+0000][6][gc,age       ] GC(41) - age   6:      69152 bytes,    1956736 total
[2021-04-21T09:35:33.618+0000][6][gc,age       ] GC(41) - age   7:      32816 bytes,    1989552 total
[2021-04-21T09:35:33.618+0000][6][gc,age       ] GC(41) - age   8:      33048 bytes,    2022600 total
[2021-04-21T09:35:33.618+0000][6][gc,age       ] GC(41) - age   9:     155560 bytes,    2178160 total
[2021-04-21T09:35:33.618+0000][6][gc,age       ] GC(41) - age  10:      42192 bytes,    2220352 total
[2021-04-21T09:35:33.618+0000][6][gc,age       ] GC(41) - age  11:      36280 bytes,    2256632 total
[2021-04-21T09:35:33.618+0000][6][gc,phases    ] GC(41)   Pre Evacuate Collection Set: 0.0ms
[2021-04-21T09:35:33.618+0000][6][gc,phases    ] GC(41)   Merge Heap Roots: 0.0ms
[2021-04-21T09:35:33.618+0000][6][gc,phases    ] GC(41)   Evacuate Collection Set: 5.0ms
[2021-04-21T09:35:33.618+0000][6][gc,phases    ] GC(41)   Post Evacuate Collection Set: 1.1ms
[2021-04-21T09:35:33.618+0000][6][gc,phases    ] GC(41)   Other: 0.4ms
[2021-04-21T09:35:33.618+0000][6][gc,heap      ] GC(41) Eden regions: 31->0(31)
[2021-04-21T09:35:33.618+0000][6][gc,heap      ] GC(41) Survivor regions: 3->3(5)
[2021-04-21T09:35:33.618+0000][6][gc,heap      ] GC(41) Old regions: 16->16
[2021-04-21T09:35:33.618+0000][6][gc,heap      ] GC(41) Archive regions: 2->2
[2021-04-21T09:35:33.618+0000][6][gc,heap      ] GC(41) Humongous regions: 1->1
[2021-04-21T09:35:33.619+0000][6][gc,metaspace ] GC(41) Metaspace: 21421K(22960K)->21421K(22960K) NonClass: 18778K(19888K)->18778K(19888K) Class: 2643K(3072K)->2643K(3072K)
[2021-04-21T09:35:33.619+0000][6][gc           ] GC(41) Pause Young (Normal) (G1 Evacuation Pause) 50M->19M(77M) 6.747ms
[2021-04-21T09:35:33.619+0000][6][gc,cpu       ] GC(41) User=0.01s Sys=0.00s Real=0.01s
[2021-04-21T09:35:33.619+0000][6][safepoint    ] Safepoint "G1CollectForAllocation", Time since last: 106305585 ns, Reaching safepoint: 134737 ns, At safepoint: 6823254 ns, Total: 6957991 ns
[2021-04-21T09:35:33.726+0000][6][gc,start     ] GC(42) Pause Young (Normal) (G1 Evacuation Pause)
[2021-04-21T09:35:33.726+0000][6][gc,task      ] GC(42) Using 2 workers of 4 for evacuation
[2021-04-21T09:35:33.727+0000][6][gc,age       ] GC(42) Desired survivor size 2621440 bytes, new threshold 15 (max threshold 15)
[2021-04-21T09:35:33.733+0000][6][gc,age       ] GC(42) Age table with threshold 15 (max threshold 15)
[2021-04-21T09:35:33.733+0000][6][gc,age       ] GC(42) - age   1:    1023848 bytes,    1023848 total
[2021-04-21T09:35:33.733+0000][6][gc,age       ] GC(42) - age   2:      49088 bytes,    1072936 total
[2021-04-21T09:35:33.733+0000][6][gc,age       ] GC(42) - age   3:      39184 bytes,    1112120 total
[2021-04-21T09:35:33.733+0000][6][gc,age       ] GC(42) - age   4:     210840 bytes,    1322960 total
[2021-04-21T09:35:33.733+0000][6][gc,age       ] GC(42) - age   5:      67648 bytes,    1390608 total
[2021-04-21T09:35:33.733+0000][6][gc,age       ] GC(42) - age   6:      34472 bytes,    1425080 total
[2021-04-21T09:35:33.733+0000][6][gc,age       ] GC(42) - age   7:      69152 bytes,    1494232 total
[2021-04-21T09:35:33.733+0000][6][gc,age       ] GC(42) - age   8:      32816 bytes,    1527048 total
[2021-04-21T09:35:33.733+0000][6][gc,age       ] GC(42) - age   9:      33048 bytes,    1560096 total
[2021-04-21T09:35:33.733+0000][6][gc,age       ] GC(42) - age  10:     155560 bytes,    1715656 total
[2021-04-21T09:35:33.733+0000][6][gc,age       ] GC(42) - age  11:      42192 bytes,    1757848 total
[2021-04-21T09:35:33.733+0000][6][gc,age       ] GC(42) - age  12:      36280 bytes,    1794128 total
[2021-04-21T09:35:33.733+0000][6][gc,phases    ] GC(42)   Pre Evacuate Collection Set: 1.2ms
[2021-04-21T09:35:33.733+0000][6][gc,phases    ] GC(42)   Merge Heap Roots: 0.0ms
[2021-04-21T09:35:33.733+0000][6][gc,phases    ] GC(42)   Evacuate Collection Set: 4.6ms
[2021-04-21T09:35:33.733+0000][6][gc,phases    ] GC(42)   Post Evacuate Collection Set: 0.5ms
[2021-04-21T09:35:33.733+0000][6][gc,phases    ] GC(42)   Other: 0.3ms
[2021-04-21T09:35:33.733+0000][6][gc,heap      ] GC(42) Eden regions: 31->0(32)
[2021-04-21T09:35:33.733+0000][6][gc,heap      ] GC(42) Survivor regions: 3->2(5)
[2021-04-21T09:35:33.733+0000][6][gc,heap      ] GC(42) Old regions: 16->16
[2021-04-21T09:35:33.733+0000][6][gc,heap      ] GC(42) Archive regions: 2->2
[2021-04-21T09:35:33.733+0000][6][gc,heap      ] GC(42) Humongous regions: 1->1
[2021-04-21T09:35:33.733+0000][6][gc,metaspace ] GC(42) Metaspace: 21482K(22960K)->21482K(22960K) NonClass: 18825K(19888K)->18825K(19888K) Class: 2656K(3072K)->2656K(3072K)
[2021-04-21T09:35:33.733+0000][6][gc           ] GC(42) Pause Young (Normal) (G1 Evacuation Pause) 50M->19M(77M) 6.753ms
[2021-04-21T09:35:33.733+0000][6][gc,cpu       ] GC(42) User=0.01s Sys=0.00s Real=0.00s
[2021-04-21T09:35:33.733+0000][6][safepoint    ] Safepoint "G1CollectForAllocation", Time since last: 107506994 ns, Reaching safepoint: 261185 ns, At safepoint: 6924116 ns, Total: 7185301 ns
[2021-04-21T09:35:33.856+0000][6][gc,start     ] GC(43) Pause Young (Normal) (G1 Evacuation Pause)
[2021-04-21T09:35:33.856+0000][6][gc,task      ] GC(43) Using 2 workers of 4 for evacuation
[2021-04-21T09:35:33.856+0000][6][gc,age       ] GC(43) Desired survivor size 2621440 bytes, new threshold 15 (max threshold 15)
[2021-04-21T09:35:33.868+0000][6][gc,age       ] GC(43) Age table with threshold 15 (max threshold 15)
[2021-04-21T09:35:33.868+0000][6][gc,age       ] GC(43) - age   1:    1505016 bytes,    1505016 total
[2021-04-21T09:35:33.868+0000][6][gc,age       ] GC(43) - age   2:     145808 bytes,    1650824 total
[2021-04-21T09:35:33.868+0000][6][gc,age       ] GC(43) - age   3:      49088 bytes,    1699912 total
[2021-04-21T09:35:33.868+0000][6][gc,age       ] GC(43) - age   4:      39184 bytes,    1739096 total
[2021-04-21T09:35:33.868+0000][6][gc,age       ] GC(43) - age   5:     210840 bytes,    1949936 total
[2021-04-21T09:35:33.868+0000][6][gc,age       ] GC(43) - age   6:      67648 bytes,    2017584 total
[2021-04-21T09:35:33.868+0000][6][gc,age       ] GC(43) - age   7:      34472 bytes,    2052056 total
[2021-04-21T09:35:33.868+0000][6][gc,age       ] GC(43) - age   8:      69152 bytes,    2121208 total
[2021-04-21T09:35:33.868+0000][6][gc,age       ] GC(43) - age   9:      32816 bytes,    2154024 total
[2021-04-21T09:35:33.868+0000][6][gc,age       ] GC(43) - age  10:      33048 bytes,    2187072 total
[2021-04-21T09:35:33.868+0000][6][gc,age       ] GC(43) - age  11:     155560 bytes,    2342632 total
[2021-04-21T09:35:33.868+0000][6][gc,age       ] GC(43) - age  12:      42192 bytes,    2384824 total
[2021-04-21T09:35:33.868+0000][6][gc,age       ] GC(43) - age  13:      36280 bytes,    2421104 total
[2021-04-21T09:35:33.868+0000][6][gc,phases    ] GC(43)   Pre Evacuate Collection Set: 0.0ms
[2021-04-21T09:35:33.868+0000][6][gc,phases    ] GC(43)   Merge Heap Roots: 0.1ms
[2021-04-21T09:35:33.869+0000][6][gc,phases    ] GC(43)   Evacuate Collection Set: 10.6ms
[2021-04-21T09:35:33.869+0000][6][gc,phases    ] GC(43)   Post Evacuate Collection Set: 1.4ms
[2021-04-21T09:35:33.869+0000][6][gc,phases    ] GC(43)   Other: 0.6ms
[2021-04-21T09:35:33.869+0000][6][gc,heap      ] GC(43) Eden regions: 32->0(31)
[2021-04-21T09:35:33.869+0000][6][gc,heap      ] GC(43) Survivor regions: 2->3(5)
[2021-04-21T09:35:33.869+0000][6][gc,heap      ] GC(43) Old regions: 16->16
[2021-04-21T09:35:33.869+0000][6][gc,heap      ] GC(43) Archive regions: 2->2
[2021-04-21T09:35:33.869+0000][6][gc,heap      ] GC(43) Humongous regions: 1->1
[2021-04-21T09:35:33.869+0000][6][gc,metaspace ] GC(43) Metaspace: 21489K(22960K)->21489K(22960K) NonClass: 18831K(19888K)->18831K(19888K) Class: 2657K(3072K)->2657K(3072K)
[2021-04-21T09:35:33.869+0000][6][gc           ] GC(43) Pause Young (Normal) (G1 Evacuation Pause) 51M->19M(77M) 12.905ms
[2021-04-21T09:35:33.869+0000][6][gc,cpu       ] GC(43) User=0.03s Sys=0.00s Real=0.02s
[2021-04-21T09:35:33.869+0000][6][safepoint    ] Safepoint "G1CollectForAllocation", Time since last: 122327956 ns, Reaching safepoint: 50734 ns, At safepoint: 12992843 ns, Total: 13043577 ns
[2021-04-21T09:35:33.966+0000][6][gc,start     ] GC(44) Pause Young (Normal) (G1 Evacuation Pause)
[2021-04-21T09:35:33.966+0000][6][gc,task      ] GC(44) Using 2 workers of 4 for evacuation
[2021-04-21T09:35:33.967+0000][6][gc,age       ] GC(44) Desired survivor size 2621440 bytes, new threshold 15 (max threshold 15)
[2021-04-21T09:35:33.987+0000][6][gc,age       ] GC(44) Age table with threshold 15 (max threshold 15)
[2021-04-21T09:35:33.987+0000][6][gc,age       ] GC(44) - age   1:     556008 bytes,     556008 total
[2021-04-21T09:35:33.987+0000][6][gc,age       ] GC(44) - age   2:      34656 bytes,     590664 total
[2021-04-21T09:35:33.987+0000][6][gc,age       ] GC(44) - age   3:     145808 bytes,     736472 total
[2021-04-21T09:35:33.987+0000][6][gc,age       ] GC(44) - age   4:      49088 bytes,     785560 total
[2021-04-21T09:35:33.987+0000][6][gc,age       ] GC(44) - age   5:      39184 bytes,     824744 total
[2021-04-21T09:35:33.987+0000][6][gc,age       ] GC(44) - age   6:     210840 bytes,    1035584 total
[2021-04-21T09:35:33.987+0000][6][gc,age       ] GC(44) - age   7:      67648 bytes,    1103232 total
[2021-04-21T09:35:33.987+0000][6][gc,age       ] GC(44) - age   8:      34472 bytes,    1137704 total
[2021-04-21T09:35:33.987+0000][6][gc,age       ] GC(44) - age   9:      69152 bytes,    1206856 total
[2021-04-21T09:35:33.987+0000][6][gc,age       ] GC(44) - age  10:      32816 bytes,    1239672 total
[2021-04-21T09:35:33.987+0000][6][gc,age       ] GC(44) - age  11:      33048 bytes,    1272720 total
[2021-04-21T09:35:33.987+0000][6][gc,age       ] GC(44) - age  12:     155560 bytes,    1428280 total
[2021-04-21T09:35:33.987+0000][6][gc,age       ] GC(44) - age  13:      42192 bytes,    1470472 total
[2021-04-21T09:35:33.987+0000][6][gc,age       ] GC(44) - age  14:      36280 bytes,    1506752 total
[2021-04-21T09:35:33.989+0000][6][gc,phases    ] GC(44)   Pre Evacuate Collection Set: 0.6ms
[2021-04-21T09:35:33.989+0000][6][gc,phases    ] GC(44)   Merge Heap Roots: 0.0ms
[2021-04-21T09:35:33.989+0000][6][gc,phases    ] GC(44)   Evacuate Collection Set: 12.6ms
[2021-04-21T09:35:33.989+0000][6][gc,phases    ] GC(44)   Post Evacuate Collection Set: 9.0ms
[2021-04-21T09:35:33.989+0000][6][gc,phases    ] GC(44)   Other: 0.3ms
[2021-04-21T09:35:33.989+0000][6][gc,heap      ] GC(44) Eden regions: 31->0(35)
[2021-04-21T09:35:33.989+0000][6][gc,heap      ] GC(44) Survivor regions: 3->2(5)
[2021-04-21T09:35:33.989+0000][6][gc,heap      ] GC(44) Old regions: 16->16
[2021-04-21T09:35:33.989+0000][6][gc,heap      ] GC(44) Archive regions: 2->2
[2021-04-21T09:35:33.989+0000][6][gc,heap      ] GC(44) Humongous regions: 1->1
[2021-04-21T09:35:33.989+0000][6][gc,metaspace ] GC(44) Metaspace: 21499K(22960K)->21499K(22960K) NonClass: 18840K(19888K)->18840K(19888K) Class: 2659K(3072K)->2659K(3072K)
[2021-04-21T09:35:33.989+0000][6][gc           ] GC(44) Pause Young (Normal) (G1 Evacuation Pause) 50M->19M(80M) 22.738ms
[2021-04-21T09:35:33.989+0000][6][gc,cpu       ] GC(44) User=0.04s Sys=0.00s Real=0.02s
[2021-04-21T09:35:33.989+0000][6][safepoint    ] Safepoint "G1CollectForAllocation", Time since last: 97645160 ns, Reaching safepoint: 65085 ns, At safepoint: 22814260 ns, Total: 22879345 ns
[2021-04-21T09:35:34.104+0000][6][gc,start     ] GC(45) Pause Young (Normal) (G1 Evacuation Pause)
[2021-04-21T09:35:34.105+0000][6][gc,task      ] GC(45) Using 2 workers of 4 for evacuation
[2021-04-21T09:35:34.105+0000][6][gc,age       ] GC(45) Desired survivor size 2621440 bytes, new threshold 15 (max threshold 15)
[2021-04-21T09:35:34.124+0000][6][gc,age       ] GC(45) Age table with threshold 15 (max threshold 15)
[2021-04-21T09:35:34.125+0000][6][gc,age       ] GC(45) - age   1:    1076176 bytes,    1076176 total
[2021-04-21T09:35:34.125+0000][6][gc,age       ] GC(45) - age   2:      69144 bytes,    1145320 total
[2021-04-21T09:35:34.125+0000][6][gc,age       ] GC(45) - age   3:      34656 bytes,    1179976 total
[2021-04-21T09:35:34.125+0000][6][gc,age       ] GC(45) - age   4:     145672 bytes,    1325648 total
[2021-04-21T09:35:34.125+0000][6][gc,age       ] GC(45) - age   5:      49088 bytes,    1374736 total
[2021-04-21T09:35:34.125+0000][6][gc,age       ] GC(45) - age   6:      39184 bytes,    1413920 total
[2021-04-21T09:35:34.125+0000][6][gc,age       ] GC(45) - age   7:     210840 bytes,    1624760 total
[2021-04-21T09:35:34.125+0000][6][gc,age       ] GC(45) - age   8:      67648 bytes,    1692408 total
[2021-04-21T09:35:34.125+0000][6][gc,age       ] GC(45) - age   9:      34472 bytes,    1726880 total
[2021-04-21T09:35:34.125+0000][6][gc,age       ] GC(45) - age  10:      69152 bytes,    1796032 total
[2021-04-21T09:35:34.125+0000][6][gc,age       ] GC(45) - age  11:      32816 bytes,    1828848 total
[2021-04-21T09:35:34.125+0000][6][gc,age       ] GC(45) - age  12:      33048 bytes,    1861896 total
[2021-04-21T09:35:34.125+0000][6][gc,age       ] GC(45) - age  13:     155560 bytes,    2017456 total
[2021-04-21T09:35:34.125+0000][6][gc,age       ] GC(45) - age  14:      42192 bytes,    2059648 total
[2021-04-21T09:35:34.125+0000][6][gc,age       ] GC(45) - age  15:      36280 bytes,    2095928 total
[2021-04-21T09:35:34.125+0000][6][gc,phases    ] GC(45)   Pre Evacuate Collection Set: 7.2ms
[2021-04-21T09:35:34.125+0000][6][gc,phases    ] GC(45)   Merge Heap Roots: 0.1ms
[2021-04-21T09:35:34.125+0000][6][gc,phases    ] GC(45)   Evacuate Collection Set: 8.7ms
[2021-04-21T09:35:34.125+0000][6][gc,phases    ] GC(45)   Post Evacuate Collection Set: 3.2ms
[2021-04-21T09:35:34.125+0000][6][gc,phases    ] GC(45)   Other: 1.7ms
[2021-04-21T09:35:34.125+0000][6][gc,heap      ] GC(45) Eden regions: 35->0(34)
[2021-04-21T09:35:34.125+0000][6][gc,heap      ] GC(45) Survivor regions: 2->3(5)
[2021-04-21T09:35:34.125+0000][6][gc,heap      ] GC(45) Old regions: 16->16
[2021-04-21T09:35:34.125+0000][6][gc,heap      ] GC(45) Archive regions: 2->2
[2021-04-21T09:35:34.125+0000][6][gc,heap      ] GC(45) Humongous regions: 1->1
[2021-04-21T09:35:34.125+0000][6][gc,metaspace ] GC(45) Metaspace: 21527K(22960K)->21527K(22960K) NonClass: 18862K(19888K)->18862K(19888K) Class: 2664K(3072K)->2664K(3072K)
[2021-04-21T09:35:34.125+0000][6][gc           ] GC(45) Pause Young (Normal) (G1 Evacuation Pause) 54M->19M(80M) 20.959ms
[2021-04-21T09:35:34.125+0000][6][gc,cpu       ] GC(45) User=0.02s Sys=0.00s Real=0.02s
[2021-04-21T09:35:34.125+0000][6][safepoint    ] Safepoint "G1CollectForAllocation", Time since last: 114401309 ns, Reaching safepoint: 224274 ns, At safepoint: 21045019 ns, Total: 21269293 ns
[2021-04-21T09:35:34.601+0000][6][gc,start     ] GC(46) Pause Young (Normal) (G1 Evacuation Pause)
[2021-04-21T09:35:34.601+0000][6][gc,task      ] GC(46) Using 2 workers of 4 for evacuation
[2021-04-21T09:35:34.601+0000][6][gc,age       ] GC(46) Desired survivor size 2621440 bytes, new threshold 15 (max threshold 15)
[2021-04-21T09:35:34.608+0000][6][gc,age       ] GC(46) Age table with threshold 15 (max threshold 15)
[2021-04-21T09:35:34.608+0000][6][gc,age       ] GC(46) - age   1:     590232 bytes,     590232 total
[2021-04-21T09:35:34.608+0000][6][gc,age       ] GC(46) - age   2:      44752 bytes,     634984 total
[2021-04-21T09:35:34.608+0000][6][gc,age       ] GC(46) - age   3:      69144 bytes,     704128 total
[2021-04-21T09:35:34.608+0000][6][gc,age       ] GC(46) - age   4:      34656 bytes,     738784 total
[2021-04-21T09:35:34.608+0000][6][gc,age       ] GC(46) - age   5:     145608 bytes,     884392 total
[2021-04-21T09:35:34.608+0000][6][gc,age       ] GC(46) - age   6:      49088 bytes,     933480 total
[2021-04-21T09:35:34.608+0000][6][gc,age       ] GC(46) - age   7:      39184 bytes,     972664 total
[2021-04-21T09:35:34.608+0000][6][gc,age       ] GC(46) - age   8:     210688 bytes,    1183352 total
[2021-04-21T09:35:34.608+0000][6][gc,age       ] GC(46) - age   9:      67648 bytes,    1251000 total
[2021-04-21T09:35:34.608+0000][6][gc,age       ] GC(46) - age  10:      34472 bytes,    1285472 total
[2021-04-21T09:35:34.608+0000][6][gc,age       ] GC(46) - age  11:      69152 bytes,    1354624 total
[2021-04-21T09:35:34.608+0000][6][gc,age       ] GC(46) - age  12:      32816 bytes,    1387440 total
[2021-04-21T09:35:34.608+0000][6][gc,age       ] GC(46) - age  13:      33048 bytes,    1420488 total
[2021-04-21T09:35:34.608+0000][6][gc,age       ] GC(46) - age  14:     155560 bytes,    1576048 total
[2021-04-21T09:35:34.608+0000][6][gc,age       ] GC(46) - age  15:      42192 bytes,    1618240 total
[2021-04-21T09:35:34.608+0000][6][gc,phases    ] GC(46)   Pre Evacuate Collection Set: 0.2ms
[2021-04-21T09:35:34.608+0000][6][gc,phases    ] GC(46)   Merge Heap Roots: 0.0ms
[2021-04-21T09:35:34.608+0000][6][gc,phases    ] GC(46)   Evacuate Collection Set: 4.2ms
[2021-04-21T09:35:34.608+0000][6][gc,phases    ] GC(46)   Post Evacuate Collection Set: 2.5ms
[2021-04-21T09:35:34.609+0000][6][gc,phases    ] GC(46)   Other: 0.3ms
[2021-04-21T09:35:34.609+0000][6][gc,heap      ] GC(46) Eden regions: 34->0(36)
[2021-04-21T09:35:34.609+0000][6][gc,heap      ] GC(46) Survivor regions: 3->2(5)
[2021-04-21T09:35:34.609+0000][6][gc,heap      ] GC(46) Old regions: 16->16
[2021-04-21T09:35:34.609+0000][6][gc,heap      ] GC(46) Archive regions: 2->2
[2021-04-21T09:35:34.609+0000][6][gc,heap      ] GC(46) Humongous regions: 1->1
[2021-04-21T09:35:34.609+0000][6][gc,metaspace ] GC(46) Metaspace: 23244K(25136K)->23244K(25136K) NonClass: 20348K(21680K)->20348K(21680K) Class: 2896K(3456K)->2896K(3456K)
[2021-04-21T09:35:34.609+0000][6][gc           ] GC(46) Pause Young (Normal) (G1 Evacuation Pause) 53M->19M(80M) 7.417ms
[2021-04-21T09:35:34.609+0000][6][gc,cpu       ] GC(46) User=0.01s Sys=0.00s Real=0.01s
[2021-04-21T09:35:34.609+0000][6][safepoint    ] Safepoint "G1CollectForAllocation", Time since last: 476206386 ns, Reaching safepoint: 71487 ns, At safepoint: 7478055 ns, Total: 7549542 ns
[2021-04-21T09:35:35.822+0000][6][gc,start     ] GC(47) Pause Young (Normal) (G1 Evacuation Pause)
[2021-04-21T09:35:35.822+0000][6][gc,task      ] GC(47) Using 2 workers of 4 for evacuation
[2021-04-21T09:35:35.822+0000][6][gc,age       ] GC(47) Desired survivor size 2621440 bytes, new threshold 15 (max threshold 15)
[2021-04-21T09:35:35.852+0000][6][gc,age       ] GC(47) Age table with threshold 15 (max threshold 15)
[2021-04-21T09:35:35.852+0000][6][gc,age       ] GC(47) - age   1:    3688392 bytes,    3688392 total
[2021-04-21T09:35:35.852+0000][6][gc,age       ] GC(47) - age   2:     565392 bytes,    4253784 total
[2021-04-21T09:35:35.852+0000][6][gc,age       ] GC(47) - age   3:      44720 bytes,    4298504 total
[2021-04-21T09:35:35.852+0000][6][gc,age       ] GC(47) - age   4:      69144 bytes,    4367648 total
[2021-04-21T09:35:35.852+0000][6][gc,age       ] GC(47) - age   5:      34656 bytes,    4402304 total
[2021-04-21T09:35:35.852+0000][6][gc,age       ] GC(47) - age   6:     145608 bytes,    4547912 total
[2021-04-21T09:35:35.852+0000][6][gc,age       ] GC(47) - age   7:      48992 bytes,    4596904 total
[2021-04-21T09:35:35.852+0000][6][gc,age       ] GC(47) - age   8:      39184 bytes,    4636088 total
[2021-04-21T09:35:35.852+0000][6][gc,age       ] GC(47) - age   9:     210592 bytes,    4846680 total
[2021-04-21T09:35:35.852+0000][6][gc,age       ] GC(47) - age  10:      67416 bytes,    4914096 total
[2021-04-21T09:35:35.852+0000][6][gc,age       ] GC(47) - age  11:      34440 bytes,    4948536 total
[2021-04-21T09:35:35.852+0000][6][gc,age       ] GC(47) - age  12:      69152 bytes,    5017688 total
[2021-04-21T09:35:35.852+0000][6][gc,age       ] GC(47) - age  13:      32816 bytes,    5050504 total
[2021-04-21T09:35:35.852+0000][6][gc,age       ] GC(47) - age  14:      33048 bytes,    5083552 total
[2021-04-21T09:35:35.852+0000][6][gc,age       ] GC(47) - age  15:     155560 bytes,    5239112 total
[2021-04-21T09:35:35.852+0000][6][gc,phases    ] GC(47)   Pre Evacuate Collection Set: 0.0ms
[2021-04-21T09:35:35.852+0000][6][gc,phases    ] GC(47)   Merge Heap Roots: 0.1ms
[2021-04-21T09:35:35.852+0000][6][gc,phases    ] GC(47)   Evacuate Collection Set: 28.3ms
[2021-04-21T09:35:35.852+0000][6][gc,phases    ] GC(47)   Post Evacuate Collection Set: 1.8ms
[2021-04-21T09:35:35.852+0000][6][gc,phases    ] GC(47)   Other: 0.3ms
[2021-04-21T09:35:35.852+0000][6][gc,heap      ] GC(47) Eden regions: 36->0(29)
[2021-04-21T09:35:35.852+0000][6][gc,heap      ] GC(47) Survivor regions: 2->5(5)
[2021-04-21T09:35:35.852+0000][6][gc,heap      ] GC(47) Old regions: 16->17
[2021-04-21T09:35:35.852+0000][6][gc,heap      ] GC(47) Archive regions: 2->2
[2021-04-21T09:35:35.852+0000][6][gc,heap      ] GC(47) Humongous regions: 1->1
[2021-04-21T09:35:35.852+0000][6][gc,metaspace ] GC(47) Metaspace: 28136K(30384K)->28136K(30384K) NonClass: 24545K(26032K)->24545K(26032K) Class: 3591K(4352K)->3591K(4352K)
[2021-04-21T09:35:35.853+0000][6][gc           ] GC(47) Pause Young (Normal) (G1 Evacuation Pause) 55M->23M(80M) 30.671ms
[2021-04-21T09:35:35.853+0000][6][gc,cpu       ] GC(47) User=0.06s Sys=0.00s Real=0.03s
[2021-04-21T09:35:35.853+0000][6][safepoint    ] Safepoint "G1CollectForAllocation", Time since last: 1212728538 ns, Reaching safepoint: 426051 ns, At safepoint: 30745478 ns, Total: 31171529 ns
[2021-04-21T09:35:36.589+0000][6][gc,start     ] GC(48) Pause Young (Normal) (G1 Evacuation Pause)
[2021-04-21T09:35:36.589+0000][6][gc,task      ] GC(48) Using 2 workers of 4 for evacuation
[2021-04-21T09:35:36.589+0000][6][gc,age       ] GC(48) Desired survivor size 2621440 bytes, new threshold 1 (max threshold 15)
[2021-04-21T09:35:36.658+0000][6][gc,age       ] GC(48) Age table with threshold 1 (max threshold 15)
[2021-04-21T09:35:36.658+0000][6][gc,age       ] GC(48) - age   1:    4983288 bytes,    4983288 total
[2021-04-21T09:35:36.658+0000][6][gc,phases    ] GC(48)   Pre Evacuate Collection Set: 0.1ms
[2021-04-21T09:35:36.658+0000][6][gc,phases    ] GC(48)   Merge Heap Roots: 0.1ms
[2021-04-21T09:35:36.658+0000][6][gc,phases    ] GC(48)   Evacuate Collection Set: 66.0ms
[2021-04-21T09:35:36.658+0000][6][gc,phases    ] GC(48)   Post Evacuate Collection Set: 1.3ms
[2021-04-21T09:35:36.658+0000][6][gc,phases    ] GC(48)   Other: 1.5ms
[2021-04-21T09:35:36.658+0000][6][gc,heap      ] GC(48) Eden regions: 29->0(22)
[2021-04-21T09:35:36.658+0000][6][gc,heap      ] GC(48) Survivor regions: 5->5(5)
[2021-04-21T09:35:36.658+0000][6][gc,heap      ] GC(48) Old regions: 17->22
[2021-04-21T09:35:36.658+0000][6][gc,heap      ] GC(48) Archive regions: 2->2
[2021-04-21T09:35:36.658+0000][6][gc,heap      ] GC(48) Humongous regions: 1->1
[2021-04-21T09:35:36.658+0000][6][gc,metaspace ] GC(48) Metaspace: 28621K(31024K)->28621K(31024K) NonClass: 24986K(26544K)->24986K(26544K) Class: 3634K(4480K)->3634K(4480K)
[2021-04-21T09:35:36.658+0000][6][gc           ] GC(48) Pause Young (Normal) (G1 Evacuation Pause) 52M->28M(80M) 69.034ms
[2021-04-21T09:35:36.658+0000][6][gc,cpu       ] GC(48) User=0.15s Sys=0.00s Real=0.06s
[2021-04-21T09:35:36.659+0000][6][safepoint    ] Safepoint "G1CollectForAllocation", Time since last: 736461114 ns, Reaching safepoint: 106851 ns, At safepoint: 69393146 ns, Total: 69499997 ns
[2021-04-21T09:35:37.152+0000][6][gc,start     ] GC(49) Pause Young (Concurrent Start) (G1 Evacuation Pause)
[2021-04-21T09:35:37.152+0000][6][gc,task      ] GC(49) Using 2 workers of 4 for evacuation
[2021-04-21T09:35:37.152+0000][6][gc,age       ] GC(49) Desired survivor size 2097152 bytes, new threshold 1 (max threshold 15)
[2021-04-21T09:35:37.175+0000][6][gc,age       ] GC(49) Age table with threshold 1 (max threshold 15)
[2021-04-21T09:35:37.175+0000][6][gc,age       ] GC(49) - age   1:    2695896 bytes,    2695896 total
[2021-04-21T09:35:37.221+0000][6][gc,phases    ] GC(49)   Pre Evacuate Collection Set: 0.1ms
[2021-04-21T09:35:37.221+0000][6][gc,phases    ] GC(49)   Merge Heap Roots: 0.1ms
[2021-04-21T09:35:37.221+0000][6][gc,phases    ] GC(49)   Evacuate Collection Set: 22.1ms
[2021-04-21T09:35:37.221+0000][6][gc,phases    ] GC(49)   Post Evacuate Collection Set: 46.5ms
[2021-04-21T09:35:37.221+0000][6][gc,phases    ] GC(49)   Other: 0.3ms
[2021-04-21T09:35:37.221+0000][6][gc,heap      ] GC(49) Eden regions: 22->0(25)
[2021-04-21T09:35:37.221+0000][6][gc,heap      ] GC(49) Survivor regions: 5->3(4)
[2021-04-21T09:35:37.221+0000][6][gc,heap      ] GC(49) Old regions: 22->27
[2021-04-21T09:35:37.221+0000][6][gc,heap      ] GC(49) Archive regions: 2->2
[2021-04-21T09:35:37.221+0000][6][gc,heap      ] GC(49) Humongous regions: 1->1
[2021-04-21T09:35:37.221+0000][6][gc,metaspace ] GC(49) Metaspace: 28628K(31024K)->28628K(31024K) NonClass: 24993K(26544K)->24993K(26544K) Class: 3634K(4480K)->3634K(4480K)
[2021-04-21T09:35:37.221+0000][6][gc           ] GC(49) Pause Young (Concurrent Start) (G1 Evacuation Pause) 50M->31M(90M) 69.272ms
[2021-04-21T09:35:37.221+0000][6][gc,cpu       ] GC(49) User=0.08s Sys=0.00s Real=0.07s
[2021-04-21T09:35:37.221+0000][6][safepoint    ] Safepoint "G1CollectForAllocation", Time since last: 493011646 ns, Reaching safepoint: 117034 ns, At safepoint: 69352996 ns, Total: 69470030 ns
[2021-04-21T09:35:37.221+0000][6][gc           ] GC(50) Concurrent Cycle
[2021-04-21T09:35:37.221+0000][6][gc,marking   ] GC(50) Concurrent Clear Claimed Marks
[2021-04-21T09:35:37.221+0000][6][gc,marking   ] GC(50) Concurrent Clear Claimed Marks 0.108ms
[2021-04-21T09:35:37.221+0000][6][gc,marking   ] GC(50) Concurrent Scan Root Regions
[2021-04-21T09:35:37.255+0000][6][gc,marking   ] GC(50) Concurrent Scan Root Regions 33.759ms
[2021-04-21T09:35:37.255+0000][6][gc,marking   ] GC(50) Concurrent Mark (13.282s)
[2021-04-21T09:35:37.255+0000][6][gc,marking   ] GC(50) Concurrent Mark From Roots
[2021-04-21T09:35:37.255+0000][6][gc,task      ] GC(50) Using 1 workers of 1 for marking
[2021-04-21T09:35:37.332+0000][6][gc,marking   ] GC(50) Concurrent Mark From Roots 77.349ms
[2021-04-21T09:35:37.332+0000][6][gc,marking   ] GC(50) Concurrent Preclean
[2021-04-21T09:35:37.333+0000][6][gc,marking   ] GC(50) Concurrent Preclean 0.161ms
[2021-04-21T09:35:37.333+0000][6][gc,marking   ] GC(50) Concurrent Mark (13.282s, 13.359s) 77.603ms
[2021-04-21T09:35:37.334+0000][6][gc,start     ] GC(50) Pause Remark
[2021-04-21T09:35:37.340+0000][6][gc           ] GC(50) Pause Remark 34M->34M(90M) 6.115ms
[2021-04-21T09:35:37.340+0000][6][gc,cpu       ] GC(50) User=0.01s Sys=0.00s Real=0.01s
[2021-04-21T09:35:37.340+0000][6][safepoint    ] Safepoint "G1Concurrent", Time since last: 111618870 ns, Reaching safepoint: 1331802 ns, At safepoint: 6207899 ns, Total: 7539701 ns
[2021-04-21T09:35:37.340+0000][6][gc,marking   ] GC(50) Concurrent Rebuild Remembered Sets
[2021-04-21T09:35:37.466+0000][6][gc,marking   ] GC(50) Concurrent Rebuild Remembered Sets 125.590ms
[2021-04-21T09:35:37.466+0000][6][gc,start     ] GC(50) Pause Cleanup
[2021-04-21T09:35:37.467+0000][6][gc           ] GC(50) Pause Cleanup 38M->38M(90M) 0.187ms
[2021-04-21T09:35:37.467+0000][6][gc,cpu       ] GC(50) User=0.00s Sys=0.00s Real=0.00s
[2021-04-21T09:35:37.467+0000][6][safepoint    ] Safepoint "G1Concurrent", Time since last: 125706112 ns, Reaching safepoint: 533687 ns, At safepoint: 306946 ns, Total: 840633 ns
[2021-04-21T09:35:37.467+0000][6][gc,marking   ] GC(50) Concurrent Cleanup for Next Mark
[2021-04-21T09:35:37.468+0000][6][gc,marking   ] GC(50) Concurrent Cleanup for Next Mark 1.247ms
[2021-04-21T09:35:37.468+0000][6][gc           ] GC(50) Concurrent Cycle 247.059ms
[2021-04-21T09:35:37.743+0000][6][gc,start     ] GC(51) Pause Young (Normal) (G1 Evacuation Pause)
[2021-04-21T09:35:37.743+0000][6][gc,task      ] GC(51) Using 2 workers of 4 for evacuation
[2021-04-21T09:35:37.743+0000][6][gc,age       ] GC(51) Desired survivor size 2097152 bytes, new threshold 1 (max threshold 15)
[2021-04-21T09:35:37.762+0000][6][gc,age       ] GC(51) Age table with threshold 1 (max threshold 15)
[2021-04-21T09:35:37.762+0000][6][gc,age       ] GC(51) - age   1:    3472736 bytes,    3472736 total
[2021-04-21T09:35:37.762+0000][6][gc,phases    ] GC(51)   Pre Evacuate Collection Set: 0.0ms
[2021-04-21T09:35:37.762+0000][6][gc,phases    ] GC(51)   Merge Heap Roots: 0.0ms
[2021-04-21T09:35:37.762+0000][6][gc,phases    ] GC(51)   Evacuate Collection Set: 18.7ms
[2021-04-21T09:35:37.762+0000][6][gc,phases    ] GC(51)   Post Evacuate Collection Set: 0.4ms
[2021-04-21T09:35:37.762+0000][6][gc,phases    ] GC(51)   Other: 0.2ms
[2021-04-21T09:35:37.762+0000][6][gc,heap      ] GC(51) Eden regions: 25->0(21)
[2021-04-21T09:35:37.762+0000][6][gc,heap      ] GC(51) Survivor regions: 3->4(4)
[2021-04-21T09:35:37.762+0000][6][gc,heap      ] GC(51) Old regions: 27->30
[2021-04-21T09:35:37.762+0000][6][gc,heap      ] GC(51) Archive regions: 2->2
[2021-04-21T09:35:37.762+0000][6][gc,heap      ] GC(51) Humongous regions: 1->1
[2021-04-21T09:35:37.762+0000][6][gc,metaspace ] GC(51) Metaspace: 28635K(31024K)->28635K(31024K) NonClass: 24999K(26544K)->24999K(26544K) Class: 3636K(4480K)->3636K(4480K)
[2021-04-21T09:35:37.762+0000][6][gc           ] GC(51) Pause Young (Normal) (G1 Evacuation Pause) 56M->34M(90M) 19.474ms
[2021-04-21T09:35:37.762+0000][6][gc,cpu       ] GC(51) User=0.03s Sys=0.00s Real=0.02s
[2021-04-21T09:35:37.762+0000][6][safepoint    ] Safepoint "G1CollectForAllocation", Time since last: 275851508 ns, Reaching safepoint: 151129 ns, At safepoint: 19569422 ns, Total: 19720551 ns
[2021-04-21T09:35:38.330+0000][6][gc,start     ] GC(52) Pause Young (Concurrent Start) (G1 Evacuation Pause)
[2021-04-21T09:35:38.331+0000][6][gc,task      ] GC(52) Using 2 workers of 4 for evacuation
[2021-04-21T09:35:38.331+0000][6][gc,age       ] GC(52) Desired survivor size 2097152 bytes, new threshold 1 (max threshold 15)
[2021-04-21T09:35:38.376+0000][6][gc,age       ] GC(52) Age table with threshold 1 (max threshold 15)
[2021-04-21T09:35:38.376+0000][6][gc,age       ] GC(52) - age   1:    2841640 bytes,    2841640 total
[2021-04-21T09:35:38.376+0000][6][gc,phases    ] GC(52)   Pre Evacuate Collection Set: 0.1ms
[2021-04-21T09:35:38.376+0000][6][gc,phases    ] GC(52)   Merge Heap Roots: 0.0ms
[2021-04-21T09:35:38.376+0000][6][gc,phases    ] GC(52)   Evacuate Collection Set: 44.5ms
[2021-04-21T09:35:38.376+0000][6][gc,phases    ] GC(52)   Post Evacuate Collection Set: 0.6ms
[2021-04-21T09:35:38.376+0000][6][gc,phases    ] GC(52)   Other: 0.2ms
[2021-04-21T09:35:38.376+0000][6][gc,heap      ] GC(52) Eden regions: 21->0(19)
[2021-04-21T09:35:38.376+0000][6][gc,heap      ] GC(52) Survivor regions: 4->3(4)
[2021-04-21T09:35:38.376+0000][6][gc,heap      ] GC(52) Old regions: 30->33
[2021-04-21T09:35:38.376+0000][6][gc,heap      ] GC(52) Archive regions: 2->2
[2021-04-21T09:35:38.376+0000][6][gc,heap      ] GC(52) Humongous regions: 1->1
[2021-04-21T09:35:38.376+0000][6][gc,metaspace ] GC(52) Metaspace: 28786K(31024K)->28786K(31024K) NonClass: 25119K(26544K)->25119K(26544K) Class: 3666K(4480K)->3666K(4480K)
[2021-04-21T09:35:38.376+0000][6][gc           ] GC(52) Pause Young (Concurrent Start) (G1 Evacuation Pause) 55M->37M(90M) 45.656ms
[2021-04-21T09:35:38.376+0000][6][gc,cpu       ] GC(52) User=0.04s Sys=0.00s Real=0.04s
[2021-04-21T09:35:38.376+0000][6][safepoint    ] Safepoint "G1CollectForAllocation", Time since last: 566599936 ns, Reaching safepoint: 1551523 ns, At safepoint: 45741151 ns, Total: 47292674 ns
[2021-04-21T09:35:38.378+0000][6][gc           ] GC(53) Concurrent Cycle
[2021-04-21T09:35:38.378+0000][6][gc,marking   ] GC(53) Concurrent Clear Claimed Marks
[2021-04-21T09:35:38.379+0000][6][gc,marking   ] GC(53) Concurrent Clear Claimed Marks 0.110ms
[2021-04-21T09:35:38.379+0000][6][gc,marking   ] GC(53) Concurrent Scan Root Regions
[2021-04-21T09:35:38.407+0000][6][gc,marking   ] GC(53) Concurrent Scan Root Regions 28.067ms
[2021-04-21T09:35:38.407+0000][6][gc,marking   ] GC(53) Concurrent Mark (14.434s)
[2021-04-21T09:35:38.407+0000][6][gc,marking   ] GC(53) Concurrent Mark From Roots
[2021-04-21T09:35:38.407+0000][6][gc,task      ] GC(53) Using 1 workers of 1 for marking
[2021-04-21T09:35:38.562+0000][6][gc,marking   ] GC(53) Concurrent Mark From Roots 154.918ms
[2021-04-21T09:35:38.562+0000][6][gc,marking   ] GC(53) Concurrent Preclean
[2021-04-21T09:35:38.562+0000][6][gc,marking   ] GC(53) Concurrent Preclean 0.283ms
[2021-04-21T09:35:38.562+0000][6][gc,marking   ] GC(53) Concurrent Mark (14.434s, 14.589s) 155.368ms
[2021-04-21T09:35:38.563+0000][6][gc,start     ] GC(53) Pause Remark
[2021-04-21T09:35:38.579+0000][6][gc           ] GC(53) Pause Remark 45M->45M(90M) 16.354ms
[2021-04-21T09:35:38.579+0000][6][gc,cpu       ] GC(53) User=0.02s Sys=0.00s Real=0.02s
[2021-04-21T09:35:38.579+0000][6][safepoint    ] Safepoint "G1Concurrent", Time since last: 186256592 ns, Reaching safepoint: 152050 ns, At safepoint: 16502966 ns, Total: 16655016 ns
[2021-04-21T09:35:38.584+0000][6][gc,marking   ] GC(53) Concurrent Rebuild Remembered Sets
[2021-04-21T09:35:38.731+0000][6][gc,marking   ] GC(53) Concurrent Rebuild Remembered Sets 147.140ms
[2021-04-21T09:35:38.732+0000][6][gc,start     ] GC(53) Pause Cleanup
[2021-04-21T09:35:38.732+0000][6][gc           ] GC(53) Pause Cleanup 53M->53M(90M) 0.122ms
[2021-04-21T09:35:38.732+0000][6][gc,cpu       ] GC(53) User=0.01s Sys=0.00s Real=0.00s
[2021-04-21T09:35:38.732+0000][6][safepoint    ] Safepoint "G1Concurrent", Time since last: 152478297 ns, Reaching safepoint: 242591 ns, At safepoint: 167075 ns, Total: 409666 ns
[2021-04-21T09:35:38.732+0000][6][gc,marking   ] GC(53) Concurrent Cleanup for Next Mark
[2021-04-21T09:35:38.735+0000][6][gc,marking   ] GC(53) Concurrent Cleanup for Next Mark 2.588ms
[2021-04-21T09:35:38.751+0000][6][gc           ] GC(53) Concurrent Cycle 372.650ms
[2021-04-21T09:35:38.838+0000][6][gc,start     ] GC(54) Pause Young (Normal) (G1 Evacuation Pause)
[2021-04-21T09:35:38.839+0000][6][gc,task      ] GC(54) Using 2 workers of 4 for evacuation
[2021-04-21T09:35:38.839+0000][6][gc,age       ] GC(54) Desired survivor size 1572864 bytes, new threshold 1 (max threshold 15)
[2021-04-21T09:35:38.863+0000][6][gc,age       ] GC(54) Age table with threshold 1 (max threshold 15)
[2021-04-21T09:35:38.863+0000][6][gc,age       ] GC(54) - age   1:    2855552 bytes,    2855552 total
[2021-04-21T09:35:38.863+0000][6][gc,phases    ] GC(54)   Pre Evacuate Collection Set: 0.0ms
[2021-04-21T09:35:38.863+0000][6][gc,phases    ] GC(54)   Merge Heap Roots: 0.1ms
[2021-04-21T09:35:38.863+0000][6][gc,phases    ] GC(54)   Evacuate Collection Set: 20.2ms
[2021-04-21T09:35:38.863+0000][6][gc,phases    ] GC(54)   Post Evacuate Collection Set: 4.0ms
[2021-04-21T09:35:38.863+0000][6][gc,phases    ] GC(54)   Other: 0.2ms
[2021-04-21T09:35:38.863+0000][6][gc,heap      ] GC(54) Eden regions: 19->0(17)
[2021-04-21T09:35:38.863+0000][6][gc,heap      ] GC(54) Survivor regions: 3->3(3)
[2021-04-21T09:35:38.863+0000][6][gc,heap      ] GC(54) Old regions: 33->35
[2021-04-21T09:35:38.863+0000][6][gc,heap      ] GC(54) Archive regions: 2->2
[2021-04-21T09:35:38.863+0000][6][gc,heap      ] GC(54) Humongous regions: 1->1
[2021-04-21T09:35:38.863+0000][6][gc,metaspace ] GC(54) Metaspace: 28789K(31024K)->28789K(31024K) NonClass: 25122K(26544K)->25122K(26544K) Class: 3666K(4480K)->3666K(4480K)
[2021-04-21T09:35:38.863+0000][6][gc           ] GC(54) Pause Young (Normal) (G1 Evacuation Pause) 56M->39M(90M) 24.704ms
[2021-04-21T09:35:38.863+0000][6][gc,cpu       ] GC(54) User=0.02s Sys=0.00s Real=0.02s
[2021-04-21T09:35:38.863+0000][6][safepoint    ] Safepoint "G1CollectForAllocation", Time since last: 106403211 ns, Reaching safepoint: 69014 ns, At safepoint: 24859600 ns, Total: 24928614 ns
[2021-04-21T09:35:39.131+0000][6][gc,start     ] GC(55) Pause Young (Concurrent Start) (G1 Evacuation Pause)
[2021-04-21T09:35:39.131+0000][6][gc,task      ] GC(55) Using 2 workers of 4 for evacuation
[2021-04-21T09:35:39.131+0000][6][gc,age       ] GC(55) Desired survivor size 1572864 bytes, new threshold 1 (max threshold 15)
[2021-04-21T09:35:39.147+0000][6][gc,age       ] GC(55) Age table with threshold 1 (max threshold 15)
[2021-04-21T09:35:39.147+0000][6][gc,age       ] GC(55) - age   1:    2642896 bytes,    2642896 total
[2021-04-21T09:35:39.147+0000][6][gc,phases    ] GC(55)   Pre Evacuate Collection Set: 0.1ms
[2021-04-21T09:35:39.147+0000][6][gc,phases    ] GC(55)   Merge Heap Roots: 0.0ms
[2021-04-21T09:35:39.147+0000][6][gc,phases    ] GC(55)   Evacuate Collection Set: 15.4ms
[2021-04-21T09:35:39.147+0000][6][gc,phases    ] GC(55)   Post Evacuate Collection Set: 0.4ms
[2021-04-21T09:35:39.147+0000][6][gc,phases    ] GC(55)   Other: 0.2ms
[2021-04-21T09:35:39.147+0000][6][gc,heap      ] GC(55) Eden regions: 17->0(15)
[2021-04-21T09:35:39.147+0000][6][gc,heap      ] GC(55) Survivor regions: 3->3(3)
[2021-04-21T09:35:39.147+0000][6][gc,heap      ] GC(55) Old regions: 35->38
[2021-04-21T09:35:39.147+0000][6][gc,heap      ] GC(55) Archive regions: 2->2
[2021-04-21T09:35:39.147+0000][6][gc,heap      ] GC(55) Humongous regions: 1->1
[2021-04-21T09:35:39.147+0000][6][gc,metaspace ] GC(55) Metaspace: 28789K(31024K)->28789K(31024K) NonClass: 25122K(26544K)->25122K(26544K) Class: 3666K(4480K)->3666K(4480K)
[2021-04-21T09:35:39.147+0000][6][gc           ] GC(55) Pause Young (Concurrent Start) (G1 Evacuation Pause) 56M->42M(90M) 16.326ms
[2021-04-21T09:35:39.147+0000][6][gc,cpu       ] GC(55) User=0.02s Sys=0.00s Real=0.02s
[2021-04-21T09:35:39.147+0000][6][safepoint    ] Safepoint "G1CollectForAllocation", Time since last: 267164638 ns, Reaching safepoint: 430139 ns, At safepoint: 16406172 ns, Total: 16836311 ns
[2021-04-21T09:35:39.147+0000][6][gc           ] GC(56) Concurrent Cycle
[2021-04-21T09:35:39.147+0000][6][gc,marking   ] GC(56) Concurrent Clear Claimed Marks
[2021-04-21T09:35:39.147+0000][6][gc,marking   ] GC(56) Concurrent Clear Claimed Marks 0.120ms
[2021-04-21T09:35:39.147+0000][6][gc,marking   ] GC(56) Concurrent Scan Root Regions
[2021-04-21T09:35:39.153+0000][6][gc,marking   ] GC(56) Concurrent Scan Root Regions 5.738ms
[2021-04-21T09:35:39.153+0000][6][gc,marking   ] GC(56) Concurrent Mark (15.180s)
[2021-04-21T09:35:39.153+0000][6][gc,marking   ] GC(56) Concurrent Mark From Roots
[2021-04-21T09:35:39.153+0000][6][gc,task      ] GC(56) Using 1 workers of 1 for marking
[2021-04-21T09:35:39.326+0000][6][gc,marking   ] GC(56) Concurrent Mark From Roots 173.136ms
[2021-04-21T09:35:39.326+0000][6][gc,marking   ] GC(56) Concurrent Preclean
[2021-04-21T09:35:39.327+0000][6][gc,marking   ] GC(56) Concurrent Preclean 0.157ms
[2021-04-21T09:35:39.327+0000][6][gc,marking   ] GC(56) Concurrent Mark (15.180s, 15.354s) 173.373ms
[2021-04-21T09:35:39.328+0000][6][gc,start     ] GC(56) Pause Remark
[2021-04-21T09:35:39.336+0000][6][gc           ] GC(56) Pause Remark 52M->52M(90M) 8.051ms
[2021-04-21T09:35:39.336+0000][6][gc,cpu       ] GC(56) User=0.02s Sys=0.00s Real=0.00s
[2021-04-21T09:35:39.336+0000][6][safepoint    ] Safepoint "G1Concurrent", Time since last: 179369467 ns, Reaching safepoint: 1464937 ns, At safepoint: 8152318 ns, Total: 9617255 ns
[2021-04-21T09:35:39.336+0000][6][gc,marking   ] GC(56) Concurrent Rebuild Remembered Sets
[2021-04-21T09:35:39.435+0000][6][gc,start     ] GC(57) Pause Young (Normal) (G1 Evacuation Pause)
[2021-04-21T09:35:39.435+0000][6][gc,task      ] GC(57) Using 2 workers of 4 for evacuation
[2021-04-21T09:35:39.435+0000][6][gc,age       ] GC(57) Desired survivor size 1572864 bytes, new threshold 1 (max threshold 15)
[2021-04-21T09:35:39.448+0000][6][gc,age       ] GC(57) Age table with threshold 1 (max threshold 15)
[2021-04-21T09:35:39.448+0000][6][gc,age       ] GC(57) - age   1:    2476440 bytes,    2476440 total
[2021-04-21T09:35:39.448+0000][6][gc,phases    ] GC(57)   Pre Evacuate Collection Set: 0.0ms
[2021-04-21T09:35:39.448+0000][6][gc,phases    ] GC(57)   Merge Heap Roots: 0.0ms
[2021-04-21T09:35:39.448+0000][6][gc,phases    ] GC(57)   Evacuate Collection Set: 12.8ms
[2021-04-21T09:35:39.448+0000][6][gc,phases    ] GC(57)   Post Evacuate Collection Set: 0.6ms
[2021-04-21T09:35:39.448+0000][6][gc,phases    ] GC(57)   Other: 0.2ms
[2021-04-21T09:35:39.448+0000][6][gc,heap      ] GC(57) Eden regions: 15->0(14)
[2021-04-21T09:35:39.449+0000][6][gc,heap      ] GC(57) Survivor regions: 3->3(3)
[2021-04-21T09:35:39.449+0000][6][gc,heap      ] GC(57) Old regions: 38->40
[2021-04-21T09:35:39.449+0000][6][gc,heap      ] GC(57) Archive regions: 2->2
[2021-04-21T09:35:39.449+0000][6][gc,heap      ] GC(57) Humongous regions: 1->1
[2021-04-21T09:35:39.449+0000][6][gc,metaspace ] GC(57) Metaspace: 28789K(31024K)->28789K(31024K) NonClass: 25122K(26544K)->25122K(26544K) Class: 3666K(4480K)->3666K(4480K)
[2021-04-21T09:35:39.449+0000][6][gc           ] GC(57) Pause Young (Normal) (G1 Evacuation Pause) 57M->44M(90M) 13.809ms
[2021-04-21T09:35:39.449+0000][6][gc,cpu       ] GC(57) User=0.02s Sys=0.00s Real=0.02s
[2021-04-21T09:35:39.449+0000][6][safepoint    ] Safepoint "G1CollectForAllocation", Time since last: 98074267 ns, Reaching safepoint: 368508 ns, At safepoint: 13890003 ns, Total: 14258511 ns
[2021-04-21T09:35:39.461+0000][6][gc,marking   ] GC(56) Concurrent Rebuild Remembered Sets 125.127ms
[2021-04-21T09:35:39.474+0000][6][gc,start     ] GC(56) Pause Cleanup
[2021-04-21T09:35:39.474+0000][6][gc           ] GC(56) Pause Cleanup 45M->45M(90M) 0.138ms
[2021-04-21T09:35:39.474+0000][6][gc,cpu       ] GC(56) User=0.00s Sys=0.00s Real=0.00s
[2021-04-21T09:35:39.474+0000][6][safepoint    ] Safepoint "G1Concurrent", Time since last: 12923700 ns, Reaching safepoint: 12754600 ns, At safepoint: 185324 ns, Total: 12939924 ns
[2021-04-21T09:35:39.475+0000][6][gc,marking   ] GC(56) Concurrent Cleanup for Next Mark
[2021-04-21T09:35:39.475+0000][6][gc,marking   ] GC(56) Concurrent Cleanup for Next Mark 0.191ms
[2021-04-21T09:35:39.475+0000][6][gc           ] GC(56) Concurrent Cycle 327.404ms
[2021-04-21T09:35:39.598+0000][6][gc,start     ] GC(58) Pause Young (Normal) (G1 Evacuation Pause)
[2021-04-21T09:35:39.598+0000][6][gc,task      ] GC(58) Using 2 workers of 4 for evacuation
[2021-04-21T09:35:39.598+0000][6][gc,age       ] GC(58) Desired survivor size 1572864 bytes, new threshold 1 (max threshold 15)
[2021-04-21T09:35:39.614+0000][6][gc,age       ] GC(58) Age table with threshold 1 (max threshold 15)
[2021-04-21T09:35:39.614+0000][6][gc,age       ] GC(58) - age   1:    2434176 bytes,    2434176 total
[2021-04-21T09:35:39.614+0000][6][gc,phases    ] GC(58)   Pre Evacuate Collection Set: 0.7ms
[2021-04-21T09:35:39.614+0000][6][gc,phases    ] GC(58)   Merge Heap Roots: 0.1ms
[2021-04-21T09:35:39.614+0000][6][gc,phases    ] GC(58)   Evacuate Collection Set: 14.8ms
[2021-04-21T09:35:39.614+0000][6][gc,phases    ] GC(58)   Post Evacuate Collection Set: 0.7ms
[2021-04-21T09:35:39.615+0000][6][gc,phases    ] GC(58)   Other: 0.3ms
[2021-04-21T09:35:39.615+0000][6][gc,heap      ] GC(58) Eden regions: 14->0(12)
[2021-04-21T09:35:39.615+0000][6][gc,heap      ] GC(58) Survivor regions: 3->3(3)
[2021-04-21T09:35:39.615+0000][6][gc,heap      ] GC(58) Old regions: 40->42
[2021-04-21T09:35:39.615+0000][6][gc,heap      ] GC(58) Archive regions: 2->2
[2021-04-21T09:35:39.615+0000][6][gc,heap      ] GC(58) Humongous regions: 1->1
[2021-04-21T09:35:39.615+0000][6][gc,metaspace ] GC(58) Metaspace: 28793K(31024K)->28793K(31024K) NonClass: 25126K(26544K)->25126K(26544K) Class: 3666K(4480K)->3666K(4480K)
[2021-04-21T09:35:39.615+0000][6][gc           ] GC(58) Pause Young (Normal) (G1 Evacuation Pause) 58M->45M(90M) 16.663ms
[2021-04-21T09:35:39.615+0000][6][gc,cpu       ] GC(58) User=0.03s Sys=0.00s Real=0.02s
[2021-04-21T09:35:39.615+0000][6][safepoint    ] Safepoint "G1CollectForAllocation", Time since last: 123375954 ns, Reaching safepoint: 47235 ns, At safepoint: 16735559 ns, Total: 16782794 ns
[2021-04-21T09:35:39.759+0000][6][gc,start     ] GC(59) Pause Young (Concurrent Start) (G1 Evacuation Pause)
[2021-04-21T09:35:39.760+0000][6][gc,task      ] GC(59) Using 2 workers of 4 for evacuation
[2021-04-21T09:35:39.760+0000][6][gc,age       ] GC(59) Desired survivor size 1048576 bytes, new threshold 1 (max threshold 15)
[2021-04-21T09:35:39.767+0000][6][gc,age       ] GC(59) Age table with threshold 1 (max threshold 15)
[2021-04-21T09:35:39.767+0000][6][gc,age       ] GC(59) - age   1:    1564424 bytes,    1564424 total
[2021-04-21T09:35:39.767+0000][6][gc,phases    ] GC(59)   Pre Evacuate Collection Set: 0.2ms
[2021-04-21T09:35:39.767+0000][6][gc,phases    ] GC(59)   Merge Heap Roots: 0.0ms
[2021-04-21T09:35:39.767+0000][6][gc,phases    ] GC(59)   Evacuate Collection Set: 6.8ms
[2021-04-21T09:35:39.767+0000][6][gc,phases    ] GC(59)   Post Evacuate Collection Set: 0.8ms
[2021-04-21T09:35:39.767+0000][6][gc,phases    ] GC(59)   Other: 0.2ms
[2021-04-21T09:35:39.768+0000][6][gc,heap      ] GC(59) Eden regions: 12->0(11)
[2021-04-21T09:35:39.768+0000][6][gc,heap      ] GC(59) Survivor regions: 3->2(2)
[2021-04-21T09:35:39.768+0000][6][gc,heap      ] GC(59) Old regions: 42->44
[2021-04-21T09:35:39.768+0000][6][gc,heap      ] GC(59) Archive regions: 2->2
[2021-04-21T09:35:39.768+0000][6][gc,heap      ] GC(59) Humongous regions: 1->1
[2021-04-21T09:35:39.768+0000][6][gc,metaspace ] GC(59) Metaspace: 28847K(31280K)->28847K(31280K) NonClass: 25174K(26800K)->25174K(26800K) Class: 3673K(4480K)->3673K(4480K)
[2021-04-21T09:35:39.768+0000][6][gc           ] GC(59) Pause Young (Concurrent Start) (G1 Evacuation Pause) 57M->47M(90M) 8.119ms
[2021-04-21T09:35:39.768+0000][6][gc,cpu       ] GC(59) User=0.02s Sys=0.00s Real=0.01s
[2021-04-21T09:35:39.768+0000][6][safepoint    ] Safepoint "G1CollectForAllocation", Time since last: 140980446 ns, Reaching safepoint: 3807248 ns, At safepoint: 8198449 ns, Total: 12005697 ns
[2021-04-21T09:35:39.768+0000][6][gc           ] GC(60) Concurrent Cycle
[2021-04-21T09:35:39.768+0000][6][gc,marking   ] GC(60) Concurrent Clear Claimed Marks
[2021-04-21T09:35:39.768+0000][6][gc,marking   ] GC(60) Concurrent Clear Claimed Marks 0.105ms
[2021-04-21T09:35:39.768+0000][6][gc,marking   ] GC(60) Concurrent Scan Root Regions
[2021-04-21T09:35:39.782+0000][6][gc,marking   ] GC(60) Concurrent Scan Root Regions 14.067ms
[2021-04-21T09:35:39.782+0000][6][gc,marking   ] GC(60) Concurrent Mark (15.809s)
[2021-04-21T09:35:39.782+0000][6][gc,marking   ] GC(60) Concurrent Mark From Roots
[2021-04-21T09:35:39.782+0000][6][gc,task      ] GC(60) Using 1 workers of 1 for marking
[2021-04-21T09:35:39.946+0000][6][gc,marking   ] GC(60) Concurrent Mark From Roots 164.259ms
[2021-04-21T09:35:39.946+0000][6][gc,marking   ] GC(60) Concurrent Preclean
[2021-04-21T09:35:39.946+0000][6][gc,marking   ] GC(60) Concurrent Preclean 0.122ms
[2021-04-21T09:35:39.946+0000][6][gc,marking   ] GC(60) Concurrent Mark (15.809s, 15.973s) 164.448ms
[2021-04-21T09:35:39.954+0000][6][gc,start     ] GC(60) Pause Remark
[2021-04-21T09:35:39.962+0000][6][gc           ] GC(60) Pause Remark 49M->49M(90M) 8.292ms
[2021-04-21T09:35:39.962+0000][6][gc,cpu       ] GC(60) User=0.02s Sys=0.00s Real=0.01s
[2021-04-21T09:35:39.962+0000][6][safepoint    ] Safepoint "G1Concurrent", Time since last: 186074493 ns, Reaching safepoint: 154521 ns, At safepoint: 8386500 ns, Total: 8541021 ns
[2021-04-21T09:35:39.962+0000][6][gc,marking   ] GC(60) Concurrent Rebuild Remembered Sets
[2021-04-21T09:35:40.060+0000][6][gc,marking   ] GC(60) Concurrent Rebuild Remembered Sets 98.201ms
[2021-04-21T09:35:40.062+0000][6][gc,start     ] GC(60) Pause Cleanup
[2021-04-21T09:35:40.062+0000][6][gc           ] GC(60) Pause Cleanup 51M->51M(90M) 0.700ms
[2021-04-21T09:35:40.062+0000][6][gc,cpu       ] GC(60) User=0.00s Sys=0.00s Real=0.00s
[2021-04-21T09:35:40.062+0000][6][safepoint    ] Safepoint "G1Concurrent", Time since last: 98990652 ns, Reaching safepoint: 261263 ns, At safepoint: 782100 ns, Total: 1043363 ns
[2021-04-21T09:35:40.063+0000][6][gc,marking   ] GC(60) Concurrent Cleanup for Next Mark
[2021-04-21T09:35:40.064+0000][6][gc,marking   ] GC(60) Concurrent Cleanup for Next Mark 0.266ms
[2021-04-21T09:35:40.064+0000][6][gc           ] GC(60) Concurrent Cycle 295.956ms
[2021-04-21T09:35:40.166+0000][6][gc,start     ] GC(61) Pause Young (Normal) (G1 Evacuation Pause)
[2021-04-21T09:35:40.166+0000][6][gc,task      ] GC(61) Using 2 workers of 4 for evacuation
[2021-04-21T09:35:40.167+0000][6][gc,age       ] GC(61) Desired survivor size 1048576 bytes, new threshold 1 (max threshold 15)
[2021-04-21T09:35:40.178+0000][6][gc,age       ] GC(61) Age table with threshold 1 (max threshold 15)
[2021-04-21T09:35:40.178+0000][6][gc,age       ] GC(61) - age   1:     454104 bytes,     454104 total
[2021-04-21T09:35:40.178+0000][6][gc,phases    ] GC(61)   Pre Evacuate Collection Set: 1.6ms
[2021-04-21T09:35:40.179+0000][6][gc,phases    ] GC(61)   Merge Heap Roots: 2.9ms
[2021-04-21T09:35:40.179+0000][6][gc,phases    ] GC(61)   Evacuate Collection Set: 6.5ms
[2021-04-21T09:35:40.179+0000][6][gc,phases    ] GC(61)   Post Evacuate Collection Set: 0.8ms
[2021-04-21T09:35:40.179+0000][6][gc,phases    ] GC(61)   Other: 0.3ms
[2021-04-21T09:35:40.179+0000][6][gc,heap      ] GC(61) Eden regions: 11->0(11)
[2021-04-21T09:35:40.179+0000][6][gc,heap      ] GC(61) Survivor regions: 2->1(2)
[2021-04-21T09:35:40.179+0000][6][gc,heap      ] GC(61) Old regions: 44->46
[2021-04-21T09:35:40.179+0000][6][gc,heap      ] GC(61) Archive regions: 2->2
[2021-04-21T09:35:40.179+0000][6][gc,heap      ] GC(61) Humongous regions: 1->1
[2021-04-21T09:35:40.179+0000][6][gc,metaspace ] GC(61) Metaspace: 30699K(33456K)->30699K(33456K) NonClass: 26776K(28592K)->26776K(28592K) Class: 3922K(4864K)->3922K(4864K)
[2021-04-21T09:35:40.179+0000][6][gc           ] GC(61) Pause Young (Normal) (G1 Evacuation Pause) 58M->47M(90M) 12.311ms
[2021-04-21T09:35:40.179+0000][6][gc,cpu       ] GC(61) User=0.02s Sys=0.00s Real=0.01s
[2021-04-21T09:35:40.179+0000][6][safepoint    ] Safepoint "G1CollectForAllocation", Time since last: 100675469 ns, Reaching safepoint: 3421621 ns, At safepoint: 12420393 ns, Total: 15842014 ns
[2021-04-21T09:35:40.315+0000][6][gc,start     ] GC(62) Pause Young (Concurrent Start) (G1 Evacuation Pause)
[2021-04-21T09:35:40.316+0000][6][gc,task      ] GC(62) Using 2 workers of 4 for evacuation
[2021-04-21T09:35:40.316+0000][6][gc,age       ] GC(62) Desired survivor size 1048576 bytes, new threshold 15 (max threshold 15)
[2021-04-21T09:35:40.321+0000][6][gc,age       ] GC(62) Age table with threshold 15 (max threshold 15)
[2021-04-21T09:35:40.321+0000][6][gc,age       ] GC(62) - age   1:     377640 bytes,     377640 total
[2021-04-21T09:35:40.321+0000][6][gc,age       ] GC(62) - age   2:     434120 bytes,     811760 total
[2021-04-21T09:35:40.321+0000][6][gc,phases    ] GC(62)   Pre Evacuate Collection Set: 1.1ms
[2021-04-21T09:35:40.321+0000][6][gc,phases    ] GC(62)   Merge Heap Roots: 0.0ms
[2021-04-21T09:35:40.321+0000][6][gc,phases    ] GC(62)   Evacuate Collection Set: 2.7ms
[2021-04-21T09:35:40.321+0000][6][gc,phases    ] GC(62)   Post Evacuate Collection Set: 0.4ms
[2021-04-21T09:35:40.321+0000][6][gc,phases    ] GC(62)   Other: 1.1ms
[2021-04-21T09:35:40.321+0000][6][gc,heap      ] GC(62) Eden regions: 11->0(12)
[2021-04-21T09:35:40.321+0000][6][gc,heap      ] GC(62) Survivor regions: 1->1(2)
[2021-04-21T09:35:40.321+0000][6][gc,heap      ] GC(62) Old regions: 46->46
[2021-04-21T09:35:40.321+0000][6][gc,heap      ] GC(62) Archive regions: 2->2
[2021-04-21T09:35:40.321+0000][6][gc,heap      ] GC(62) Humongous regions: 1->1
[2021-04-21T09:35:40.321+0000][6][gc,metaspace ] GC(62) Metaspace: 31623K(34480K)->31623K(34480K) NonClass: 27479K(29360K)->27479K(29360K) Class: 4143K(5120K)->4143K(5120K)
[2021-04-21T09:35:40.321+0000][6][gc           ] GC(62) Pause Young (Concurrent Start) (G1 Evacuation Pause) 58M->48M(90M) 5.423ms
[2021-04-21T09:35:40.321+0000][6][gc,cpu       ] GC(62) User=0.00s Sys=0.00s Real=0.01s
[2021-04-21T09:35:40.321+0000][6][safepoint    ] Safepoint "G1CollectForAllocation", Time since last: 136350921 ns, Reaching safepoint: 141237 ns, At safepoint: 5496309 ns, Total: 5637546 ns
[2021-04-21T09:35:40.321+0000][6][gc           ] GC(63) Concurrent Cycle
[2021-04-21T09:35:40.321+0000][6][gc,marking   ] GC(63) Concurrent Clear Claimed Marks
[2021-04-21T09:35:40.321+0000][6][gc,marking   ] GC(63) Concurrent Clear Claimed Marks 0.130ms
[2021-04-21T09:35:40.321+0000][6][gc,marking   ] GC(63) Concurrent Scan Root Regions
[2021-04-21T09:35:40.331+0000][6][gc,marking   ] GC(63) Concurrent Scan Root Regions 9.785ms
[2021-04-21T09:35:40.331+0000][6][gc,marking   ] GC(63) Concurrent Mark (16.358s)
[2021-04-21T09:35:40.331+0000][6][gc,marking   ] GC(63) Concurrent Mark From Roots
[2021-04-21T09:35:40.331+0000][6][gc,task      ] GC(63) Using 1 workers of 1 for marking
[2021-04-21T09:35:40.482+0000][6][gc,marking   ] GC(63) Concurrent Mark From Roots 150.938ms
[2021-04-21T09:35:40.482+0000][6][gc,marking   ] GC(63) Concurrent Preclean
[2021-04-21T09:35:40.482+0000][6][gc,marking   ] GC(63) Concurrent Preclean 0.153ms
[2021-04-21T09:35:40.482+0000][6][gc,marking   ] GC(63) Concurrent Mark (16.358s, 16.509s) 151.172ms
[2021-04-21T09:35:40.484+0000][6][gc,start     ] GC(63) Pause Remark
[2021-04-21T09:35:40.493+0000][6][gc           ] GC(63) Pause Remark 59M->59M(102M) 9.332ms
[2021-04-21T09:35:40.494+0000][6][gc,cpu       ] GC(63) User=0.01s Sys=0.00s Real=0.01s
[2021-04-21T09:35:40.494+0000][6][safepoint    ] Safepoint "G1Concurrent", Time since last: 161214941 ns, Reaching safepoint: 1698742 ns, At safepoint: 10137243 ns, Total: 11835985 ns
[2021-04-21T09:35:40.495+0000][6][gc,marking   ] GC(63) Concurrent Rebuild Remembered Sets
[2021-04-21T09:35:40.526+0000][6][gc,start     ] GC(64) Pause Young (Normal) (G1 Evacuation Pause)
[2021-04-21T09:35:40.526+0000][6][gc,task      ] GC(64) Using 2 workers of 4 for evacuation
[2021-04-21T09:35:40.526+0000][6][gc,age       ] GC(64) Desired survivor size 1048576 bytes, new threshold 15 (max threshold 15)
[2021-04-21T09:35:40.535+0000][6][gc,age       ] GC(64) Age table with threshold 15 (max threshold 15)
[2021-04-21T09:35:40.535+0000][6][gc,age       ] GC(64) - age   1:     603152 bytes,     603152 total
[2021-04-21T09:35:40.535+0000][6][gc,age       ] GC(64) - age   2:     362176 bytes,     965328 total
[2021-04-21T09:35:40.535+0000][6][gc,age       ] GC(64) - age   3:     431704 bytes,    1397032 total
[2021-04-21T09:35:40.535+0000][6][gc,phases    ] GC(64)   Pre Evacuate Collection Set: 0.0ms
[2021-04-21T09:35:40.535+0000][6][gc,phases    ] GC(64)   Merge Heap Roots: 0.1ms
[2021-04-21T09:35:40.535+0000][6][gc,phases    ] GC(64)   Evacuate Collection Set: 7.9ms
[2021-04-21T09:35:40.535+0000][6][gc,phases    ] GC(64)   Post Evacuate Collection Set: 0.7ms
[2021-04-21T09:35:40.535+0000][6][gc,phases    ] GC(64)   Other: 0.2ms
[2021-04-21T09:35:40.535+0000][6][gc,heap      ] GC(64) Eden regions: 12->0(18)
[2021-04-21T09:35:40.535+0000][6][gc,heap      ] GC(64) Survivor regions: 1->2(2)
[2021-04-21T09:35:40.535+0000][6][gc,heap      ] GC(64) Old regions: 46->46
[2021-04-21T09:35:40.535+0000][6][gc,heap      ] GC(64) Archive regions: 2->2
[2021-04-21T09:35:40.535+0000][6][gc,heap      ] GC(64) Humongous regions: 1->1
[2021-04-21T09:35:40.535+0000][6][gc,metaspace ] GC(64) Metaspace: 32762K(35760K)->32762K(35760K) NonClass: 28457K(30384K)->28457K(30384K) Class: 4304K(5376K)->4304K(5376K)
[2021-04-21T09:35:40.535+0000][6][gc           ] GC(64) Pause Young (Normal) (G1 Evacuation Pause) 60M->48M(102M) 9.107ms
[2021-04-21T09:35:40.535+0000][6][gc,cpu       ] GC(64) User=0.00s Sys=0.00s Real=0.01s
[2021-04-21T09:35:40.535+0000][6][safepoint    ] Safepoint "G1CollectForAllocation", Time since last: 31984111 ns, Reaching safepoint: 343856 ns, At safepoint: 9177274 ns, Total: 9521130 ns
[2021-04-21T09:35:40.590+0000][6][gc,marking   ] GC(63) Concurrent Rebuild Remembered Sets 95.444ms
[2021-04-21T09:35:40.591+0000][6][gc,start     ] GC(63) Pause Cleanup
[2021-04-21T09:35:40.591+0000][6][gc           ] GC(63) Pause Cleanup 51M->51M(102M) 0.142ms
[2021-04-21T09:35:40.591+0000][6][gc,cpu       ] GC(63) User=0.00s Sys=0.00s Real=0.00s
[2021-04-21T09:35:40.591+0000][6][safepoint    ] Safepoint "G1Concurrent", Time since last: 55081992 ns, Reaching safepoint: 364597 ns, At safepoint: 190772 ns, Total: 555369 ns
[2021-04-21T09:35:40.594+0000][6][gc,marking   ] GC(63) Concurrent Cleanup for Next Mark
[2021-04-21T09:35:40.596+0000][6][gc,marking   ] GC(63) Concurrent Cleanup for Next Mark 2.389ms
[2021-04-21T09:35:40.596+0000][6][gc           ] GC(63) Concurrent Cycle 275.647ms
[2021-04-21T09:35:40.707+0000][6][gc,start     ] GC(65) Pause Young (Normal) (G1 Evacuation Pause)
[2021-04-21T09:35:40.708+0000][6][gc,task      ] GC(65) Using 2 workers of 4 for evacuation
[2021-04-21T09:35:40.708+0000][6][gc,age       ] GC(65) Desired survivor size 1572864 bytes, new threshold 15 (max threshold 15)
[2021-04-21T09:35:40.721+0000][6][gc,age       ] GC(65) Age table with threshold 15 (max threshold 15)
[2021-04-21T09:35:40.721+0000][6][gc,age       ] GC(65) - age   1:     419632 bytes,     419632 total
[2021-04-21T09:35:40.721+0000][6][gc,age       ] GC(65) - age   2:     546144 bytes,     965776 total
[2021-04-21T09:35:40.721+0000][6][gc,age       ] GC(65) - age   3:     362176 bytes,    1327952 total
[2021-04-21T09:35:40.721+0000][6][gc,age       ] GC(65) - age   4:     431576 bytes,    1759528 total
[2021-04-21T09:35:40.721+0000][6][gc,phases    ] GC(65)   Pre Evacuate Collection Set: 1.1ms
[2021-04-21T09:35:40.721+0000][6][gc,phases    ] GC(65)   Merge Heap Roots: 0.1ms
[2021-04-21T09:35:40.721+0000][6][gc,phases    ] GC(65)   Evacuate Collection Set: 9.2ms
[2021-04-21T09:35:40.721+0000][6][gc,phases    ] GC(65)   Post Evacuate Collection Set: 1.9ms
[2021-04-21T09:35:40.721+0000][6][gc,phases    ] GC(65)   Other: 1.5ms
[2021-04-21T09:35:40.721+0000][6][gc,heap      ] GC(65) Eden regions: 18->0(19)
[2021-04-21T09:35:40.721+0000][6][gc,heap      ] GC(65) Survivor regions: 2->2(3)
[2021-04-21T09:35:40.721+0000][6][gc,heap      ] GC(65) Old regions: 46->46
[2021-04-21T09:35:40.721+0000][6][gc,heap      ] GC(65) Archive regions: 2->2
[2021-04-21T09:35:40.721+0000][6][gc,heap      ] GC(65) Humongous regions: 1->1
[2021-04-21T09:35:40.721+0000][6][gc,metaspace ] GC(65) Metaspace: 34152K(37168K)->34152K(37168K) NonClass: 29703K(31664K)->29703K(31664K) Class: 4449K(5504K)->4449K(5504K)
[2021-04-21T09:35:40.721+0000][6][gc           ] GC(65) Pause Young (Normal) (G1 Evacuation Pause) 66M->48M(102M) 13.874ms
[2021-04-21T09:35:40.721+0000][6][gc,cpu       ] GC(65) User=0.02s Sys=0.00s Real=0.01s
[2021-04-21T09:35:40.721+0000][6][safepoint    ] Safepoint "G1CollectForAllocation", Time since last: 116381393 ns, Reaching safepoint: 80430 ns, At safepoint: 13954112 ns, Total: 14034542 ns
[2021-04-21T09:35:40.771+0000][6][gc,start     ] GC(66) Pause Young (Concurrent Start) (G1 Evacuation Pause)
[2021-04-21T09:35:40.771+0000][6][gc,task      ] GC(66) Using 2 workers of 4 for evacuation
[2021-04-21T09:35:40.771+0000][6][gc,age       ] GC(66) Desired survivor size 1572864 bytes, new threshold 4 (max threshold 15)
[2021-04-21T09:35:40.778+0000][6][gc,age       ] GC(66) Age table with threshold 4 (max threshold 15)
[2021-04-21T09:35:40.779+0000][6][gc,age       ] GC(66) - age   1:      18888 bytes,      18888 total
[2021-04-21T09:35:40.780+0000][6][gc,age       ] GC(66) - age   2:     415264 bytes,     434152 total
[2021-04-21T09:35:40.780+0000][6][gc,age       ] GC(66) - age   3:     546144 bytes,     980296 total
[2021-04-21T09:35:40.780+0000][6][gc,age       ] GC(66) - age   4:     362176 bytes,    1342472 total
[2021-04-21T09:35:40.780+0000][6][gc,phases    ] GC(66)   Pre Evacuate Collection Set: 1.4ms
[2021-04-21T09:35:40.780+0000][6][gc,phases    ] GC(66)   Merge Heap Roots: 0.0ms
[2021-04-21T09:35:40.780+0000][6][gc,phases    ] GC(66)   Evacuate Collection Set: 5.3ms
[2021-04-21T09:35:40.780+0000][6][gc,phases    ] GC(66)   Post Evacuate Collection Set: 0.5ms
[2021-04-21T09:35:40.780+0000][6][gc,phases    ] GC(66)   Other: 1.9ms
[2021-04-21T09:35:40.780+0000][6][gc,heap      ] GC(66) Eden regions: 19->0(20)
[2021-04-21T09:35:40.780+0000][6][gc,heap      ] GC(66) Survivor regions: 2->2(3)
[2021-04-21T09:35:40.780+0000][6][gc,heap      ] GC(66) Old regions: 46->46
[2021-04-21T09:35:40.780+0000][6][gc,heap      ] GC(66) Archive regions: 2->2
[2021-04-21T09:35:40.780+0000][6][gc,heap      ] GC(66) Humongous regions: 1->1
[2021-04-21T09:35:40.780+0000][6][gc,metaspace ] GC(66) Metaspace: 34152K(37168K)->34152K(37168K) NonClass: 29703K(31664K)->29703K(31664K) Class: 4449K(5504K)->4449K(5504K)
[2021-04-21T09:35:40.780+0000][6][gc           ] GC(66) Pause Young (Concurrent Start) (G1 Evacuation Pause) 67M->48M(102M) 9.431ms
[2021-04-21T09:35:40.780+0000][6][gc,cpu       ] GC(66) User=0.01s Sys=0.00s Real=0.01s
[2021-04-21T09:35:40.780+0000][6][safepoint    ] Safepoint "G1CollectForAllocation", Time since last: 49095650 ns, Reaching safepoint: 155384 ns, At safepoint: 9526221 ns, Total: 9681605 ns
[2021-04-21T09:35:40.782+0000][6][gc           ] GC(67) Concurrent Cycle
[2021-04-21T09:35:40.782+0000][6][gc,marking   ] GC(67) Concurrent Clear Claimed Marks
[2021-04-21T09:35:40.783+0000][6][gc,marking   ] GC(67) Concurrent Clear Claimed Marks 0.304ms
[2021-04-21T09:35:40.783+0000][6][gc,marking   ] GC(67) Concurrent Scan Root Regions
[2021-04-21T09:35:40.786+0000][6][gc,marking   ] GC(67) Concurrent Scan Root Regions 3.474ms
[2021-04-21T09:35:40.786+0000][6][gc,marking   ] GC(67) Concurrent Mark (16.813s)
[2021-04-21T09:35:40.786+0000][6][gc,marking   ] GC(67) Concurrent Mark From Roots
[2021-04-21T09:35:40.786+0000][6][gc,task      ] GC(67) Using 1 workers of 1 for marking
[2021-04-21T09:35:40.843+0000][6][gc,start     ] GC(68) Pause Young (Normal) (G1 Evacuation Pause)
[2021-04-21T09:35:40.843+0000][6][gc,task      ] GC(68) Using 2 workers of 4 for evacuation
[2021-04-21T09:35:40.843+0000][6][gc,age       ] GC(68) Desired survivor size 1572864 bytes, new threshold 15 (max threshold 15)
[2021-04-21T09:35:40.866+0000][6][gc,age       ] GC(68) Age table with threshold 15 (max threshold 15)
[2021-04-21T09:35:40.866+0000][6][gc,age       ] GC(68) - age   1:      18216 bytes,      18216 total
[2021-04-21T09:35:40.866+0000][6][gc,age       ] GC(68) - age   2:      18688 bytes,      36904 total
[2021-04-21T09:35:40.866+0000][6][gc,age       ] GC(68) - age   3:     413200 bytes,     450104 total
[2021-04-21T09:35:40.866+0000][6][gc,age       ] GC(68) - age   4:     546144 bytes,     996248 total
[2021-04-21T09:35:40.866+0000][6][gc,age       ] GC(68) - age   5:     362176 bytes,    1358424 total
[2021-04-21T09:35:40.866+0000][6][gc,phases    ] GC(68)   Pre Evacuate Collection Set: 6.9ms
[2021-04-21T09:35:40.866+0000][6][gc,phases    ] GC(68)   Merge Heap Roots: 3.5ms
[2021-04-21T09:35:40.866+0000][6][gc,phases    ] GC(68)   Evacuate Collection Set: 4.5ms
[2021-04-21T09:35:40.866+0000][6][gc,phases    ] GC(68)   Post Evacuate Collection Set: 7.6ms
[2021-04-21T09:35:40.866+0000][6][gc,phases    ] GC(68)   Other: 0.3ms
[2021-04-21T09:35:40.866+0000][6][gc,heap      ] GC(68) Eden regions: 20->0(21)
[2021-04-21T09:35:40.866+0000][6][gc,heap      ] GC(68) Survivor regions: 2->2(3)
[2021-04-21T09:35:40.866+0000][6][gc,heap      ] GC(68) Old regions: 46->46
[2021-04-21T09:35:40.866+0000][6][gc,heap      ] GC(68) Archive regions: 2->2
[2021-04-21T09:35:40.866+0000][6][gc,heap      ] GC(68) Humongous regions: 1->1
[2021-04-21T09:35:40.866+0000][6][gc,metaspace ] GC(68) Metaspace: 34152K(37168K)->34152K(37168K) NonClass: 29703K(31664K)->29703K(31664K) Class: 4449K(5504K)->4449K(5504K)
[2021-04-21T09:35:40.866+0000][6][gc           ] GC(68) Pause Young (Normal) (G1 Evacuation Pause) 68M->49M(102M) 22.875ms
[2021-04-21T09:35:40.866+0000][6][gc,cpu       ] GC(68) User=0.02s Sys=0.00s Real=0.02s
[2021-04-21T09:35:40.866+0000][6][safepoint    ] Safepoint "G1CollectForAllocation", Time since last: 62993520 ns, Reaching safepoint: 156749 ns, At safepoint: 22965329 ns, Total: 23122078 ns
[2021-04-21T09:35:40.927+0000][6][gc,start     ] GC(69) Pause Young (Normal) (G1 Evacuation Pause)
[2021-04-21T09:35:40.928+0000][6][gc,task      ] GC(69) Using 2 workers of 4 for evacuation
[2021-04-21T09:35:40.928+0000][6][gc,age       ] GC(69) Desired survivor size 1572864 bytes, new threshold 15 (max threshold 15)
[2021-04-21T09:35:40.932+0000][6][gc,age       ] GC(69) Age table with threshold 15 (max threshold 15)
[2021-04-21T09:35:40.932+0000][6][gc,age       ] GC(69) - age   1:      14184 bytes,      14184 total
[2021-04-21T09:35:40.932+0000][6][gc,age       ] GC(69) - age   2:      18088 bytes,      32272 total
[2021-04-21T09:35:40.932+0000][6][gc,age       ] GC(69) - age   3:      16624 bytes,      48896 total
[2021-04-21T09:35:40.933+0000][6][gc,age       ] GC(69) - age   4:     413200 bytes,     462096 total
[2021-04-21T09:35:40.933+0000][6][gc,age       ] GC(69) - age   5:     546144 bytes,    1008240 total
[2021-04-21T09:35:40.933+0000][6][gc,age       ] GC(69) - age   6:     362176 bytes,    1370416 total
[2021-04-21T09:35:40.933+0000][6][gc,phases    ] GC(69)   Pre Evacuate Collection Set: 0.0ms
[2021-04-21T09:35:40.933+0000][6][gc,phases    ] GC(69)   Merge Heap Roots: 0.0ms
[2021-04-21T09:35:40.933+0000][6][gc,phases    ] GC(69)   Evacuate Collection Set: 4.0ms
[2021-04-21T09:35:40.933+0000][6][gc,phases    ] GC(69)   Post Evacuate Collection Set: 0.5ms
[2021-04-21T09:35:40.933+0000][6][gc,phases    ] GC(69)   Other: 0.5ms
[2021-04-21T09:35:40.933+0000][6][gc,heap      ] GC(69) Eden regions: 21->0(21)
[2021-04-21T09:35:40.933+0000][6][gc,heap      ] GC(69) Survivor regions: 2->2(3)
[2021-04-21T09:35:40.933+0000][6][gc,heap      ] GC(69) Old regions: 46->46
[2021-04-21T09:35:40.933+0000][6][gc,heap      ] GC(69) Archive regions: 2->2
[2021-04-21T09:35:40.933+0000][6][gc,heap      ] GC(69) Humongous regions: 1->1
[2021-04-21T09:35:40.933+0000][6][gc,metaspace ] GC(69) Metaspace: 34152K(37168K)->34152K(37168K) NonClass: 29703K(31664K)->29703K(31664K) Class: 4449K(5504K)->4449K(5504K)
[2021-04-21T09:35:40.933+0000][6][gc           ] GC(69) Pause Young (Normal) (G1 Evacuation Pause) 70M->49M(102M) 5.211ms
[2021-04-21T09:35:40.933+0000][6][gc,cpu       ] GC(69) User=0.01s Sys=0.00s Real=0.00s
[2021-04-21T09:35:40.933+0000][6][safepoint    ] Safepoint "G1CollectForAllocation", Time since last: 61081327 ns, Reaching safepoint: 103073 ns, At safepoint: 5288827 ns, Total: 5391900 ns
[2021-04-21T09:35:40.949+0000][6][gc,marking   ] GC(67) Concurrent Mark From Roots 162.509ms
[2021-04-21T09:35:40.949+0000][6][gc,marking   ] GC(67) Concurrent Preclean
[2021-04-21T09:35:40.949+0000][6][gc,marking   ] GC(67) Concurrent Preclean 0.167ms
[2021-04-21T09:35:40.949+0000][6][gc,marking   ] GC(67) Concurrent Mark (16.813s, 16.976s) 162.758ms
[2021-04-21T09:35:40.949+0000][6][gc,start     ] GC(67) Pause Remark
[2021-04-21T09:35:40.958+0000][6][gc           ] GC(67) Pause Remark 63M->63M(110M) 8.682ms
[2021-04-21T09:35:40.958+0000][6][gc,cpu       ] GC(67) User=0.01s Sys=0.00s Real=0.00s
[2021-04-21T09:35:40.958+0000][6][safepoint    ] Safepoint "G1Concurrent", Time since last: 16326952 ns, Reaching safepoint: 252910 ns, At safepoint: 8768940 ns, Total: 9021850 ns
[2021-04-21T09:35:40.958+0000][6][gc,marking   ] GC(67) Concurrent Rebuild Remembered Sets
[2021-04-21T09:35:40.966+0000][6][gc,start     ] GC(70) Pause Young (Normal) (G1 Evacuation Pause)
[2021-04-21T09:35:40.966+0000][6][gc,task      ] GC(70) Using 2 workers of 4 for evacuation
[2021-04-21T09:35:40.966+0000][6][gc,age       ] GC(70) Desired survivor size 1572864 bytes, new threshold 15 (max threshold 15)
[2021-04-21T09:35:40.970+0000][6][gc,age       ] GC(70) Age table with threshold 15 (max threshold 15)
[2021-04-21T09:35:40.970+0000][6][gc,age       ] GC(70) - age   1:       9256 bytes,       9256 total
[2021-04-21T09:35:40.971+0000][6][gc,age       ] GC(70) - age   2:      14056 bytes,      23312 total
[2021-04-21T09:35:40.971+0000][6][gc,age       ] GC(70) - age   3:      18088 bytes,      41400 total
[2021-04-21T09:35:40.971+0000][6][gc,age       ] GC(70) - age   4:      16624 bytes,      58024 total
[2021-04-21T09:35:40.971+0000][6][gc,age       ] GC(70) - age   5:     413200 bytes,     471224 total
[2021-04-21T09:35:40.971+0000][6][gc,age       ] GC(70) - age   6:     545888 bytes,    1017112 total
[2021-04-21T09:35:40.971+0000][6][gc,age       ] GC(70) - age   7:     362176 bytes,    1379288 total
[2021-04-21T09:35:40.971+0000][6][gc,phases    ] GC(70)   Pre Evacuate Collection Set: 0.0ms
[2021-04-21T09:35:40.971+0000][6][gc,phases    ] GC(70)   Merge Heap Roots: 0.0ms
[2021-04-21T09:35:40.971+0000][6][gc,phases    ] GC(70)   Evacuate Collection Set: 3.6ms
[2021-04-21T09:35:40.971+0000][6][gc,phases    ] GC(70)   Post Evacuate Collection Set: 0.5ms
[2021-04-21T09:35:40.971+0000][6][gc,phases    ] GC(70)   Other: 0.3ms
[2021-04-21T09:35:40.971+0000][6][gc,heap      ] GC(70) Eden regions: 21->0(26)
[2021-04-21T09:35:40.971+0000][6][gc,heap      ] GC(70) Survivor regions: 2->2(3)
[2021-04-21T09:35:40.971+0000][6][gc,heap      ] GC(70) Old regions: 46->46
[2021-04-21T09:35:40.971+0000][6][gc,heap      ] GC(70) Archive regions: 2->2
[2021-04-21T09:35:40.971+0000][6][gc,heap      ] GC(70) Humongous regions: 1->1
[2021-04-21T09:35:40.971+0000][6][gc,metaspace ] GC(70) Metaspace: 34152K(37168K)->34152K(37168K) NonClass: 29703K(31664K)->29703K(31664K) Class: 4449K(5504K)->4449K(5504K)
[2021-04-21T09:35:40.971+0000][6][gc           ] GC(70) Pause Young (Normal) (G1 Evacuation Pause) 70M->49M(110M) 4.680ms
[2021-04-21T09:35:40.971+0000][6][gc,cpu       ] GC(70) User=0.01s Sys=0.00s Real=0.01s
[2021-04-21T09:35:40.971+0000][6][safepoint    ] Safepoint "G1CollectForAllocation", Time since last: 7699131 ns, Reaching safepoint: 310384 ns, At safepoint: 4749238 ns, Total: 5059622 ns
[2021-04-21T09:35:41.103+0000][6][gc,marking   ] GC(67) Concurrent Rebuild Remembered Sets 144.455ms
[2021-04-21T09:35:41.106+0000][6][gc,start     ] GC(67) Pause Cleanup
[2021-04-21T09:35:41.107+0000][6][gc           ] GC(67) Pause Cleanup 55M->55M(110M) 0.175ms
[2021-04-21T09:35:41.107+0000][6][gc,cpu       ] GC(67) User=0.00s Sys=0.00s Real=0.00s
[2021-04-21T09:35:41.107+0000][6][safepoint    ] Safepoint "G1Concurrent", Time since last: 131790636 ns, Reaching safepoint: 3780249 ns, At safepoint: 221369 ns, Total: 4001618 ns
[2021-04-21T09:35:41.107+0000][6][gc,marking   ] GC(67) Concurrent Cleanup for Next Mark
[2021-04-21T09:35:41.112+0000][6][gc,marking   ] GC(67) Concurrent Cleanup for Next Mark 5.385ms
[2021-04-21T09:35:41.112+0000][6][gc           ] GC(67) Concurrent Cycle 329.766ms
[2021-04-21T09:35:41.622+0000][6][gc,start     ] GC(71) Pause Young (Normal) (G1 Evacuation Pause)
[2021-04-21T09:35:41.622+0000][6][gc,task      ] GC(71) Using 2 workers of 4 for evacuation
[2021-04-21T09:35:41.622+0000][6][gc,age       ] GC(71) Desired survivor size 2097152 bytes, new threshold 15 (max threshold 15)
[2021-04-21T09:35:41.630+0000][6][gc,age       ] GC(71) Age table with threshold 15 (max threshold 15)
[2021-04-21T09:35:41.630+0000][6][gc,age       ] GC(71) - age   1:    2011144 bytes,    2011144 total
[2021-04-21T09:35:41.630+0000][6][gc,age       ] GC(71) - age   2:       9216 bytes,    2020360 total
[2021-04-21T09:35:41.630+0000][6][gc,age       ] GC(71) - age   3:      14056 bytes,    2034416 total
[2021-04-21T09:35:41.630+0000][6][gc,age       ] GC(71) - age   4:      18088 bytes,    2052504 total
[2021-04-21T09:35:41.630+0000][6][gc,age       ] GC(71) - age   5:      16624 bytes,    2069128 total
[2021-04-21T09:35:41.630+0000][6][gc,age       ] GC(71) - age   6:     368344 bytes,    2437472 total
[2021-04-21T09:35:41.630+0000][6][gc,age       ] GC(71) - age   7:     545856 bytes,    2983328 total
[2021-04-21T09:35:41.630+0000][6][gc,age       ] GC(71) - age   8:     360760 bytes,    3344088 total
[2021-04-21T09:35:41.630+0000][6][gc,phases    ] GC(71)   Pre Evacuate Collection Set: 0.1ms
[2021-04-21T09:35:41.630+0000][6][gc,phases    ] GC(71)   Merge Heap Roots: 0.1ms
[2021-04-21T09:35:41.630+0000][6][gc,phases    ] GC(71)   Evacuate Collection Set: 7.3ms
[2021-04-21T09:35:41.630+0000][6][gc,phases    ] GC(71)   Post Evacuate Collection Set: 0.9ms
[2021-04-21T09:35:41.630+0000][6][gc,phases    ] GC(71)   Other: 0.3ms
[2021-04-21T09:35:41.630+0000][6][gc,heap      ] GC(71) Eden regions: 26->0(24)
[2021-04-21T09:35:41.630+0000][6][gc,heap      ] GC(71) Survivor regions: 2->4(4)
[2021-04-21T09:35:41.630+0000][6][gc,heap      ] GC(71) Old regions: 46->46
[2021-04-21T09:35:41.630+0000][6][gc,heap      ] GC(71) Archive regions: 2->2
[2021-04-21T09:35:41.630+0000][6][gc,heap      ] GC(71) Humongous regions: 1->1
[2021-04-21T09:35:41.630+0000][6][gc,metaspace ] GC(71) Metaspace: 36020K(39088K)->36020K(39088K) NonClass: 31230K(33200K)->31230K(33200K) Class: 4789K(5888K)->4789K(5888K)
[2021-04-21T09:35:41.630+0000][6][gc           ] GC(71) Pause Young (Normal) (G1 Evacuation Pause) 75M->50M(110M) 8.820ms
[2021-04-21T09:35:41.630+0000][6][gc,cpu       ] GC(71) User=0.02s Sys=0.00s Real=0.01s
[2021-04-21T09:35:41.630+0000][6][safepoint    ] Safepoint "G1CollectForAllocation", Time since last: 514743864 ns, Reaching safepoint: 95451 ns, At safepoint: 8906587 ns, Total: 9002038 ns
[2021-04-21T09:35:42.498+0000][6][gc,start     ] GC(72) Pause Young (Concurrent Start) (G1 Evacuation Pause)
[2021-04-21T09:35:42.498+0000][6][gc,task      ] GC(72) Using 2 workers of 4 for evacuation
[2021-04-21T09:35:42.498+0000][6][gc,age       ] GC(72) Desired survivor size 2097152 bytes, new threshold 6 (max threshold 15)
[2021-04-21T09:35:42.513+0000][6][gc,age       ] GC(72) Age table with threshold 6 (max threshold 15)
[2021-04-21T09:35:42.513+0000][6][gc,age       ] GC(72) - age   1:    1132816 bytes,    1132816 total
[2021-04-21T09:35:42.513+0000][6][gc,age       ] GC(72) - age   2:    1985056 bytes,    3117872 total
[2021-04-21T09:35:42.513+0000][6][gc,age       ] GC(72) - age   3:       9216 bytes,    3127088 total
[2021-04-21T09:35:42.513+0000][6][gc,age       ] GC(72) - age   4:      14056 bytes,    3141144 total
[2021-04-21T09:35:42.513+0000][6][gc,age       ] GC(72) - age   5:      18088 bytes,    3159232 total
[2021-04-21T09:35:42.513+0000][6][gc,age       ] GC(72) - age   6:      16624 bytes,    3175856 total
[2021-04-21T09:35:42.513+0000][6][gc,phases    ] GC(72)   Pre Evacuate Collection Set: 0.2ms
[2021-04-21T09:35:42.513+0000][6][gc,phases    ] GC(72)   Merge Heap Roots: 0.1ms
[2021-04-21T09:35:42.513+0000][6][gc,phases    ] GC(72)   Evacuate Collection Set: 13.0ms
[2021-04-21T09:35:42.513+0000][6][gc,phases    ] GC(72)   Post Evacuate Collection Set: 1.3ms
[2021-04-21T09:35:42.513+0000][6][gc,phases    ] GC(72)   Other: 0.3ms
[2021-04-21T09:35:42.513+0000][6][gc,heap      ] GC(72) Eden regions: 24->0(23)
[2021-04-21T09:35:42.513+0000][6][gc,heap      ] GC(72) Survivor regions: 4->4(4)
[2021-04-21T09:35:42.513+0000][6][gc,heap      ] GC(72) Old regions: 46->48
[2021-04-21T09:35:42.513+0000][6][gc,heap      ] GC(72) Archive regions: 2->2
[2021-04-21T09:35:42.513+0000][6][gc,heap      ] GC(72) Humongous regions: 1->1
[2021-04-21T09:35:42.513+0000][6][gc,metaspace ] GC(72) Metaspace: 41682K(45232K)->41682K(45232K) NonClass: 36110K(38320K)->36110K(38320K) Class: 5572K(6912K)->5572K(6912K)
[2021-04-21T09:35:42.513+0000][6][gc           ] GC(72) Pause Young (Concurrent Start) (G1 Evacuation Pause) 74M->52M(110M) 15.125ms
[2021-04-21T09:35:42.513+0000][6][gc,cpu       ] GC(72) User=0.03s Sys=0.00s Real=0.02s
[2021-04-21T09:35:42.513+0000][6][safepoint    ] Safepoint "G1CollectForAllocation", Time since last: 867426926 ns, Reaching safepoint: 87364 ns, At safepoint: 15425364 ns, Total: 15512728 ns
[2021-04-21T09:35:42.513+0000][6][gc           ] GC(73) Concurrent Cycle
[2021-04-21T09:35:42.513+0000][6][gc,marking   ] GC(73) Concurrent Clear Claimed Marks
[2021-04-21T09:35:42.514+0000][6][gc,marking   ] GC(73) Concurrent Clear Claimed Marks 0.199ms
[2021-04-21T09:35:42.514+0000][6][gc,marking   ] GC(73) Concurrent Scan Root Regions
[2021-04-21T09:35:42.520+0000][6][gc,marking   ] GC(73) Concurrent Scan Root Regions 6.275ms
[2021-04-21T09:35:42.521+0000][6][gc,marking   ] GC(73) Concurrent Mark (18.548s)
[2021-04-21T09:35:42.522+0000][6][gc,marking   ] GC(73) Concurrent Mark From Roots
[2021-04-21T09:35:42.523+0000][6][gc,task      ] GC(73) Using 1 workers of 1 for marking
[2021-04-21T09:35:42.690+0000][6][gc,marking   ] GC(73) Concurrent Mark From Roots 168.572ms
[2021-04-21T09:35:42.691+0000][6][gc,marking   ] GC(73) Concurrent Preclean
[2021-04-21T09:35:42.691+0000][6][gc,marking   ] GC(73) Concurrent Preclean 0.169ms
[2021-04-21T09:35:42.691+0000][6][gc,marking   ] GC(73) Concurrent Mark (18.548s, 18.718s) 170.192ms
[2021-04-21T09:35:42.695+0000][6][gc,start     ] GC(73) Pause Remark
[2021-04-21T09:35:42.707+0000][6][gc           ] GC(73) Pause Remark 59M->59M(110M) 11.820ms
[2021-04-21T09:35:42.707+0000][6][gc,cpu       ] GC(73) User=0.02s Sys=0.00s Real=0.02s
[2021-04-21T09:35:42.707+0000][6][safepoint    ] Safepoint "G1Concurrent", Time since last: 177810398 ns, Reaching safepoint: 3840632 ns, At safepoint: 11905236 ns, Total: 15745868 ns
[2021-04-21T09:35:42.707+0000][6][gc,marking   ] GC(73) Concurrent Rebuild Remembered Sets
[2021-04-21T09:35:42.815+0000][6][gc,marking   ] GC(73) Concurrent Rebuild Remembered Sets 108.178ms
[2021-04-21T09:35:42.817+0000][6][gc,start     ] GC(73) Pause Cleanup
[2021-04-21T09:35:42.817+0000][6][gc           ] GC(73) Pause Cleanup 61M->61M(110M) 0.171ms
[2021-04-21T09:35:42.817+0000][6][gc,cpu       ] GC(73) User=0.00s Sys=0.00s Real=0.00s
[2021-04-21T09:35:42.817+0000][6][safepoint    ] Safepoint "G1Concurrent", Time since last: 108277735 ns, Reaching safepoint: 1393462 ns, At safepoint: 229393 ns, Total: 1622855 ns
[2021-04-21T09:35:42.817+0000][6][gc,marking   ] GC(73) Concurrent Cleanup for Next Mark
[2021-04-21T09:35:42.817+0000][6][gc,marking   ] GC(73) Concurrent Cleanup for Next Mark 0.223ms
[2021-04-21T09:35:42.817+0000][6][gc           ] GC(73) Concurrent Cycle 303.713ms
[2021-04-21T09:35:43.038+0000][6][gc,start     ] GC(74) Pause Young (Normal) (G1 Evacuation Pause)
[2021-04-21T09:35:43.038+0000][6][gc,task      ] GC(74) Using 2 workers of 4 for evacuation
[2021-04-21T09:35:43.038+0000][6][gc,age       ] GC(74) Desired survivor size 2097152 bytes, new threshold 2 (max threshold 15)
[2021-04-21T09:35:43.051+0000][6][gc,age       ] GC(74) Age table with threshold 2 (max threshold 15)
[2021-04-21T09:35:43.051+0000][6][gc,age       ] GC(74) - age   1:     886544 bytes,     886544 total
[2021-04-21T09:35:43.051+0000][6][gc,age       ] GC(74) - age   2:    1074272 bytes,    1960816 total
[2021-04-21T09:35:43.051+0000][6][gc,phases    ] GC(74)   Pre Evacuate Collection Set: 0.3ms
[2021-04-21T09:35:43.051+0000][6][gc,phases    ] GC(74)   Merge Heap Roots: 0.1ms
[2021-04-21T09:35:43.051+0000][6][gc,phases    ] GC(74)   Evacuate Collection Set: 11.5ms
[2021-04-21T09:35:43.051+0000][6][gc,phases    ] GC(74)   Post Evacuate Collection Set: 1.0ms
[2021-04-21T09:35:43.051+0000][6][gc,phases    ] GC(74)   Other: 0.3ms
[2021-04-21T09:35:43.051+0000][6][gc,heap      ] GC(74) Eden regions: 23->0(22)
[2021-04-21T09:35:43.051+0000][6][gc,heap      ] GC(74) Survivor regions: 4->3(4)
[2021-04-21T09:35:43.051+0000][6][gc,heap      ] GC(74) Old regions: 48->50
[2021-04-21T09:35:43.051+0000][6][gc,heap      ] GC(74) Archive regions: 2->2
[2021-04-21T09:35:43.051+0000][6][gc,heap      ] GC(74) Humongous regions: 1->1
[2021-04-21T09:35:43.051+0000][6][gc,metaspace ] GC(74) Metaspace: 45361K(49456K)->45361K(49456K) NonClass: 39187K(41648K)->39187K(41648K) Class: 6173K(7808K)->6173K(7808K)
[2021-04-21T09:35:43.051+0000][6][gc           ] GC(74) Pause Young (Normal) (G1 Evacuation Pause) 75M->53M(110M) 13.257ms
[2021-04-21T09:35:43.051+0000][6][gc,cpu       ] GC(74) User=0.02s Sys=0.00s Real=0.02s
[2021-04-21T09:35:43.052+0000][6][safepoint    ] Safepoint "G1CollectForAllocation", Time since last: 221287920 ns, Reaching safepoint: 90296 ns, At safepoint: 13341900 ns, Total: 13432196 ns
[2021-04-21T09:35:43.818+0000][6][gc,start     ] GC(75) Pause Young (Concurrent Start) (G1 Evacuation Pause)
[2021-04-21T09:35:43.818+0000][6][gc,task      ] GC(75) Using 2 workers of 4 for evacuation
[2021-04-21T09:35:43.818+0000][6][gc,age       ] GC(75) Desired survivor size 2097152 bytes, new threshold 15 (max threshold 15)
[2021-04-21T09:35:43.828+0000][6][gc,age       ] GC(75) Age table with threshold 15 (max threshold 15)
[2021-04-21T09:35:43.828+0000][6][gc,age       ] GC(75) - age   1:    1771184 bytes,    1771184 total
[2021-04-21T09:35:43.828+0000][6][gc,age       ] GC(75) - age   2:     843864 bytes,    2615048 total
[2021-04-21T09:35:43.828+0000][6][gc,age       ] GC(75) - age   3:    1074088 bytes,    3689136 total
[2021-04-21T09:35:43.828+0000][6][gc,phases    ] GC(75)   Pre Evacuate Collection Set: 0.4ms
[2021-04-21T09:35:43.828+0000][6][gc,phases    ] GC(75)   Merge Heap Roots: 0.1ms
[2021-04-21T09:35:43.828+0000][6][gc,phases    ] GC(75)   Evacuate Collection Set: 8.3ms
[2021-04-21T09:35:43.828+0000][6][gc,phases    ] GC(75)   Post Evacuate Collection Set: 1.1ms
[2021-04-21T09:35:43.828+0000][6][gc,phases    ] GC(75)   Other: 0.3ms
[2021-04-21T09:35:43.828+0000][6][gc,heap      ] GC(75) Eden regions: 22->0(21)
[2021-04-21T09:35:43.828+0000][6][gc,heap      ] GC(75) Survivor regions: 3->4(4)
[2021-04-21T09:35:43.828+0000][6][gc,heap      ] GC(75) Old regions: 50->50
[2021-04-21T09:35:43.828+0000][6][gc,heap      ] GC(75) Archive regions: 2->2
[2021-04-21T09:35:43.828+0000][6][gc,heap      ] GC(75) Humongous regions: 1->1
[2021-04-21T09:35:43.828+0000][6][gc,metaspace ] GC(75) Metaspace: 47750K(52144K)->47750K(52144K) NonClass: 41310K(43952K)->41310K(43952K) Class: 6439K(8192K)->6439K(8192K)
[2021-04-21T09:35:43.828+0000][6][gc           ] GC(75) Pause Young (Concurrent Start) (G1 Evacuation Pause) 75M->54M(110M) 10.250ms
[2021-04-21T09:35:43.828+0000][6][gc,cpu       ] GC(75) User=0.02s Sys=0.00s Real=0.02s
[2021-04-21T09:35:43.828+0000][6][safepoint    ] Safepoint "G1CollectForAllocation", Time since last: 766283175 ns, Reaching safepoint: 113148 ns, At safepoint: 10340136 ns, Total: 10453284 ns
[2021-04-21T09:35:43.828+0000][6][gc           ] GC(76) Concurrent Cycle
[2021-04-21T09:35:43.828+0000][6][gc,marking   ] GC(76) Concurrent Clear Claimed Marks
[2021-04-21T09:35:43.829+0000][6][gc,marking   ] GC(76) Concurrent Clear Claimed Marks 0.267ms
[2021-04-21T09:35:43.829+0000][6][gc,marking   ] GC(76) Concurrent Scan Root Regions
[2021-04-21T09:35:43.833+0000][6][gc,marking   ] GC(76) Concurrent Scan Root Regions 4.007ms
[2021-04-21T09:35:43.833+0000][6][gc,marking   ] GC(76) Concurrent Mark (19.860s)
[2021-04-21T09:35:43.833+0000][6][gc,marking   ] GC(76) Concurrent Mark From Roots
[2021-04-21T09:35:43.833+0000][6][gc,task      ] GC(76) Using 1 workers of 1 for marking
[2021-04-21T09:35:43.990+0000][6][gc,marking   ] GC(76) Concurrent Mark From Roots 157.641ms
[2021-04-21T09:35:43.991+0000][6][gc,marking   ] GC(76) Concurrent Preclean
[2021-04-21T09:35:43.991+0000][6][gc,marking   ] GC(76) Concurrent Preclean 0.168ms
[2021-04-21T09:35:43.991+0000][6][gc,marking   ] GC(76) Concurrent Mark (19.860s, 20.018s) 158.382ms
[2021-04-21T09:35:44.006+0000][6][gc,start     ] GC(76) Pause Remark
[2021-04-21T09:35:44.013+0000][6][gc           ] GC(76) Pause Remark 57M->57M(110M) 6.598ms
[2021-04-21T09:35:44.013+0000][6][gc,cpu       ] GC(76) User=0.02s Sys=0.01s Real=0.01s
[2021-04-21T09:35:44.013+0000][6][safepoint    ] Safepoint "G1Concurrent", Time since last: 163808050 ns, Reaching safepoint: 14186768 ns, At safepoint: 6694735 ns, Total: 20881503 ns
[2021-04-21T09:35:44.014+0000][6][gc,marking   ] GC(76) Concurrent Rebuild Remembered Sets
[2021-04-21T09:35:44.115+0000][6][gc,marking   ] GC(76) Concurrent Rebuild Remembered Sets 101.267ms
[2021-04-21T09:35:44.116+0000][6][gc,start     ] GC(76) Pause Cleanup
[2021-04-21T09:35:44.116+0000][6][gc           ] GC(76) Pause Cleanup 58M->58M(110M) 0.180ms
[2021-04-21T09:35:44.116+0000][6][gc,cpu       ] GC(76) User=0.00s Sys=0.00s Real=0.00s
[2021-04-21T09:35:44.116+0000][6][safepoint    ] Safepoint "G1Concurrent", Time since last: 102429661 ns, Reaching safepoint: 494322 ns, At safepoint: 241385 ns, Total: 735707 ns
[2021-04-21T09:35:44.117+0000][6][gc,marking   ] GC(76) Concurrent Cleanup for Next Mark
[2021-04-21T09:35:44.118+0000][6][gc,marking   ] GC(76) Concurrent Cleanup for Next Mark 0.660ms
[2021-04-21T09:35:44.118+0000][6][gc           ] GC(76) Concurrent Cycle 289.245ms
[2021-04-21T09:35:44.512+0000][6][gc,start     ] GC(77) Pause Young (Normal) (G1 Evacuation Pause)
[2021-04-21T09:35:44.512+0000][6][gc,task      ] GC(77) Using 2 workers of 4 for evacuation
[2021-04-21T09:35:44.513+0000][6][gc,age       ] GC(77) Desired survivor size 2097152 bytes, new threshold 2 (max threshold 15)
[2021-04-21T09:35:44.552+0000][6][gc,age       ] GC(77) Age table with threshold 2 (max threshold 15)
[2021-04-21T09:35:44.552+0000][6][gc,age       ] GC(77) - age   1:     869080 bytes,     869080 total
[2021-04-21T09:35:44.553+0000][6][gc,age       ] GC(77) - age   2:    1752792 bytes,    2621872 total
[2021-04-21T09:35:44.553+0000][6][gc,phases    ] GC(77)   Pre Evacuate Collection Set: 0.1ms
[2021-04-21T09:35:44.553+0000][6][gc,phases    ] GC(77)   Merge Heap Roots: 0.1ms
[2021-04-21T09:35:44.553+0000][6][gc,phases    ] GC(77)   Evacuate Collection Set: 36.8ms
[2021-04-21T09:35:44.553+0000][6][gc,phases    ] GC(77)   Post Evacuate Collection Set: 1.1ms
[2021-04-21T09:35:44.553+0000][6][gc,phases    ] GC(77)   Other: 3.2ms
[2021-04-21T09:35:44.553+0000][6][gc,heap      ] GC(77) Eden regions: 21->0(21)
[2021-04-21T09:35:44.553+0000][6][gc,heap      ] GC(77) Survivor regions: 4->3(4)
[2021-04-21T09:35:44.553+0000][6][gc,heap      ] GC(77) Old regions: 50->51
[2021-04-21T09:35:44.553+0000][6][gc,heap      ] GC(77) Archive regions: 2->2
[2021-04-21T09:35:44.553+0000][6][gc,heap      ] GC(77) Humongous regions: 1->1
[2021-04-21T09:35:44.553+0000][6][gc,metaspace ] GC(77) Metaspace: 48781K(53296K)->48781K(53296K) NonClass: 42209K(44976K)->42209K(44976K) Class: 6571K(8320K)->6571K(8320K)
[2021-04-21T09:35:44.553+0000][6][gc           ] GC(77) Pause Young (Normal) (G1 Evacuation Pause) 75M->55M(110M) 41.558ms
[2021-04-21T09:35:44.553+0000][6][gc,cpu       ] GC(77) User=0.02s Sys=0.01s Real=0.04s
[2021-04-21T09:35:44.553+0000][6][safepoint    ] Safepoint "G1CollectForAllocation", Time since last: 395214769 ns, Reaching safepoint: 190711 ns, At safepoint: 41644986 ns, Total: 41835697 ns
[2021-04-21T09:35:45.097+0000][6][gc,start     ] GC(78) Pause Young (Concurrent Start) (G1 Evacuation Pause)
[2021-04-21T09:35:45.097+0000][6][gc,task      ] GC(78) Using 2 workers of 4 for evacuation
[2021-04-21T09:35:45.097+0000][6][gc,age       ] GC(78) Desired survivor size 1572864 bytes, new threshold 2 (max threshold 15)
[2021-04-21T09:35:45.113+0000][6][gc,age       ] GC(78) Age table with threshold 2 (max threshold 15)
[2021-04-21T09:35:45.113+0000][6][gc,age       ] GC(78) - age   1:    1838392 bytes,    1838392 total
[2021-04-21T09:35:45.113+0000][6][gc,age       ] GC(78) - age   2:     844920 bytes,    2683312 total
[2021-04-21T09:35:45.113+0000][6][gc,phases    ] GC(78)   Pre Evacuate Collection Set: 0.3ms
[2021-04-21T09:35:45.113+0000][6][gc,phases    ] GC(78)   Merge Heap Roots: 0.1ms
[2021-04-21T09:35:45.113+0000][6][gc,phases    ] GC(78)   Evacuate Collection Set: 15.3ms
[2021-04-21T09:35:45.113+0000][6][gc,phases    ] GC(78)   Post Evacuate Collection Set: 0.8ms
[2021-04-21T09:35:45.114+0000][6][gc,phases    ] GC(78)   Other: 0.3ms
[2021-04-21T09:35:45.114+0000][6][gc,heap      ] GC(78) Eden regions: 21->0(19)
[2021-04-21T09:35:45.114+0000][6][gc,heap      ] GC(78) Survivor regions: 3->3(3)
[2021-04-21T09:35:45.114+0000][6][gc,heap      ] GC(78) Old regions: 51->53
[2021-04-21T09:35:45.114+0000][6][gc,heap      ] GC(78) Archive regions: 2->2
[2021-04-21T09:35:45.114+0000][6][gc,heap      ] GC(78) Humongous regions: 1->1
[2021-04-21T09:35:45.114+0000][6][gc,metaspace ] GC(78) Metaspace: 50176K(54832K)->50176K(54832K) NonClass: 43406K(46256K)->43406K(46256K) Class: 6770K(8576K)->6770K(8576K)
[2021-04-21T09:35:45.114+0000][6][gc           ] GC(78) Pause Young (Concurrent Start) (G1 Evacuation Pause) 76M->57M(110M) 16.923ms
[2021-04-21T09:35:45.114+0000][6][gc,cpu       ] GC(78) User=0.04s Sys=0.00s Real=0.02s
[2021-04-21T09:35:45.114+0000][6][safepoint    ] Safepoint "G1CollectForAllocation", Time since last: 543184812 ns, Reaching safepoint: 295775 ns, At safepoint: 17012691 ns, Total: 17308466 ns
[2021-04-21T09:35:45.117+0000][6][gc           ] GC(79) Concurrent Cycle
[2021-04-21T09:35:45.117+0000][6][gc,marking   ] GC(79) Concurrent Clear Claimed Marks
[2021-04-21T09:35:45.117+0000][6][gc,marking   ] GC(79) Concurrent Clear Claimed Marks 0.268ms
[2021-04-21T09:35:45.117+0000][6][gc,marking   ] GC(79) Concurrent Scan Root Regions
[2021-04-21T09:35:45.124+0000][6][gc,marking   ] GC(79) Concurrent Scan Root Regions 6.477ms
[2021-04-21T09:35:45.124+0000][6][gc,marking   ] GC(79) Concurrent Mark (21.150s)
[2021-04-21T09:35:45.124+0000][6][gc,marking   ] GC(79) Concurrent Mark From Roots
[2021-04-21T09:35:45.124+0000][6][gc,task      ] GC(79) Using 1 workers of 1 for marking
[2021-04-21T09:35:45.231+0000][6][gc,marking   ] GC(79) Concurrent Mark From Roots 107.487ms
[2021-04-21T09:35:45.231+0000][6][gc,marking   ] GC(79) Concurrent Preclean
[2021-04-21T09:35:45.231+0000][6][gc,marking   ] GC(79) Concurrent Preclean 0.160ms
[2021-04-21T09:35:45.231+0000][6][gc,marking   ] GC(79) Concurrent Mark (21.150s, 21.258s) 107.739ms
[2021-04-21T09:35:45.232+0000][6][gc,start     ] GC(79) Pause Remark
[2021-04-21T09:35:45.245+0000][6][gc           ] GC(79) Pause Remark 60M->60M(110M) 13.397ms
[2021-04-21T09:35:45.245+0000][6][gc,cpu       ] GC(79) User=0.02s Sys=0.00s Real=0.01s
[2021-04-21T09:35:45.245+0000][6][safepoint    ] Safepoint "G1Concurrent", Time since last: 117693435 ns, Reaching safepoint: 314490 ns, At safepoint: 13482076 ns, Total: 13796566 ns
[2021-04-21T09:35:45.246+0000][6][gc,marking   ] GC(79) Concurrent Rebuild Remembered Sets
[2021-04-21T09:35:45.405+0000][6][gc,marking   ] GC(79) Concurrent Rebuild Remembered Sets 159.788ms
[2021-04-21T09:35:45.406+0000][6][gc,start     ] GC(79) Pause Cleanup
[2021-04-21T09:35:45.406+0000][6][gc           ] GC(79) Pause Cleanup 64M->64M(110M) 0.165ms
[2021-04-21T09:35:45.406+0000][6][gc,cpu       ] GC(79) User=0.00s Sys=0.00s Real=0.00s
[2021-04-21T09:35:45.406+0000][6][safepoint    ] Safepoint "G1Concurrent", Time since last: 160210999 ns, Reaching safepoint: 543019 ns, At safepoint: 218014 ns, Total: 761033 ns
[2021-04-21T09:35:45.406+0000][6][gc,marking   ] GC(79) Concurrent Cleanup for Next Mark
[2021-04-21T09:35:45.416+0000][6][gc,marking   ] GC(79) Concurrent Cleanup for Next Mark 9.934ms
[2021-04-21T09:35:45.416+0000][6][gc           ] GC(79) Concurrent Cycle 299.455ms
[2021-04-21T09:35:45.700+0000][6][gc,start     ] GC(80) Pause Young (Normal) (G1 Evacuation Pause)
[2021-04-21T09:35:45.700+0000][6][gc,task      ] GC(80) Using 2 workers of 4 for evacuation
[2021-04-21T09:35:45.700+0000][6][gc,age       ] GC(80) Desired survivor size 1572864 bytes, new threshold 1 (max threshold 15)
[2021-04-21T09:35:45.719+0000][6][gc,age       ] GC(80) Age table with threshold 1 (max threshold 15)
[2021-04-21T09:35:45.719+0000][6][gc,age       ] GC(80) - age   1:     544872 bytes,     544872 total
[2021-04-21T09:35:45.719+0000][6][gc,phases    ] GC(80)   Pre Evacuate Collection Set: 1.0ms
[2021-04-21T09:35:45.719+0000][6][gc,phases    ] GC(80)   Merge Heap Roots: 1.7ms
[2021-04-21T09:35:45.719+0000][6][gc,phases    ] GC(80)   Evacuate Collection Set: 13.2ms
[2021-04-21T09:35:45.719+0000][6][gc,phases    ] GC(80)   Post Evacuate Collection Set: 2.4ms
[2021-04-21T09:35:45.719+0000][6][gc,phases    ] GC(80)   Other: 0.2ms
[2021-04-21T09:35:45.719+0000][6][gc,heap      ] GC(80) Eden regions: 19->0(18)
[2021-04-21T09:35:45.719+0000][6][gc,heap      ] GC(80) Survivor regions: 3->1(3)
[2021-04-21T09:35:45.719+0000][6][gc,heap      ] GC(80) Old regions: 53->56
[2021-04-21T09:35:45.719+0000][6][gc,heap      ] GC(80) Archive regions: 2->2
[2021-04-21T09:35:45.719+0000][6][gc,heap      ] GC(80) Humongous regions: 1->1
[2021-04-21T09:35:45.719+0000][6][gc,metaspace ] GC(80) Metaspace: 51750K(56368K)->51750K(56368K) NonClass: 44726K(47536K)->44726K(47536K) Class: 7024K(8832K)->7024K(8832K)
[2021-04-21T09:35:45.719+0000][6][gc           ] GC(80) Pause Young (Normal) (G1 Evacuation Pause) 76M->57M(110M) 18.612ms
[2021-04-21T09:35:45.719+0000][6][gc,cpu       ] GC(80) User=0.03s Sys=0.00s Real=0.02s
[2021-04-21T09:35:45.719+0000][6][safepoint    ] Safepoint "G1CollectForAllocation", Time since last: 292805754 ns, Reaching safepoint: 1270561 ns, At safepoint: 18693049 ns, Total: 19963610 ns
[2021-04-21T09:35:45.927+0000][6][safepoint    ] Safepoint "BulkRevokeBias", Time since last: 207583106 ns, Reaching safepoint: 129368 ns, At safepoint: 109835 ns, Total: 239203 ns
[2021-04-21T09:35:45.934+0000][6][safepoint    ] Safepoint "BulkRevokeBias", Time since last: 6897599 ns, Reaching safepoint: 167569 ns, At safepoint: 89095 ns, Total: 256664 ns
[2021-04-21T09:35:45.935+0000][6][safepoint    ] Safepoint "BulkRevokeBias", Time since last: 728801 ns, Reaching safepoint: 59505 ns, At safepoint: 115383 ns, Total: 174888 ns
[2021-04-21T09:35:45.939+0000][6][safepoint    ] Safepoint "BulkRevokeBias", Time since last: 3617094 ns, Reaching safepoint: 261057 ns, At safepoint: 79497 ns, Total: 340554 ns
[2021-04-21T09:35:46.037+0000][6][gc,start     ] GC(81) Pause Young (Concurrent Start) (G1 Evacuation Pause)
[2021-04-21T09:35:46.037+0000][6][gc,task      ] GC(81) Using 2 workers of 4 for evacuation
[2021-04-21T09:35:46.037+0000][6][gc,age       ] GC(81) Desired survivor size 1572864 bytes, new threshold 15 (max threshold 15)
[2021-04-21T09:35:46.046+0000][6][gc,age       ] GC(81) Age table with threshold 15 (max threshold 15)
[2021-04-21T09:35:46.047+0000][6][gc,age       ] GC(81) - age   1:     455912 bytes,     455912 total
[2021-04-21T09:35:46.047+0000][6][gc,age       ] GC(81) - age   2:     537720 bytes,     993632 total
[2021-04-21T09:35:46.047+0000][6][gc,phases    ] GC(81)   Pre Evacuate Collection Set: 0.3ms
[2021-04-21T09:35:46.047+0000][6][gc,phases    ] GC(81)   Merge Heap Roots: 0.1ms
[2021-04-21T09:35:46.047+0000][6][gc,phases    ] GC(81)   Evacuate Collection Set: 8.0ms
[2021-04-21T09:35:46.047+0000][6][gc,phases    ] GC(81)   Post Evacuate Collection Set: 0.7ms
[2021-04-21T09:35:46.047+0000][6][gc,phases    ] GC(81)   Other: 0.8ms
[2021-04-21T09:35:46.047+0000][6][gc,heap      ] GC(81) Eden regions: 18->0(18)
[2021-04-21T09:35:46.047+0000][6][gc,heap      ] GC(81) Survivor regions: 1->2(3)
[2021-04-21T09:35:46.047+0000][6][gc,heap      ] GC(81) Old regions: 56->56
[2021-04-21T09:35:46.047+0000][6][gc,heap      ] GC(81) Archive regions: 2->2
[2021-04-21T09:35:46.047+0000][6][gc,heap      ] GC(81) Humongous regions: 1->1
[2021-04-21T09:35:46.047+0000][6][gc,metaspace ] GC(81) Metaspace: 53496K(58416K)->53496K(58416K) NonClass: 46311K(49328K)->46311K(49328K) Class: 7185K(9088K)->7185K(9088K)
[2021-04-21T09:35:46.047+0000][6][gc           ] GC(81) Pause Young (Concurrent Start) (G1 Evacuation Pause) 75M->58M(110M) 10.037ms
[2021-04-21T09:35:46.047+0000][6][gc,cpu       ] GC(81) User=0.01s Sys=0.00s Real=0.02s
[2021-04-21T09:35:46.047+0000][6][gc           ] GC(82) Concurrent Cycle
[2021-04-21T09:35:46.047+0000][6][gc,marking   ] GC(82) Concurrent Clear Claimed Marks
[2021-04-21T09:35:46.047+0000][6][safepoint    ] Safepoint "G1CollectForAllocation", Time since last: 97867120 ns, Reaching safepoint: 63721 ns, At safepoint: 10104679 ns, Total: 10168400 ns
[2021-04-21T09:35:46.047+0000][6][gc,marking   ] GC(82) Concurrent Clear Claimed Marks 0.668ms
[2021-04-21T09:35:46.048+0000][6][gc,marking   ] GC(82) Concurrent Scan Root Regions
[2021-04-21T09:35:46.053+0000][6][gc,marking   ] GC(82) Concurrent Scan Root Regions 5.155ms
[2021-04-21T09:35:46.053+0000][6][gc,marking   ] GC(82) Concurrent Mark (22.080s)
[2021-04-21T09:35:46.053+0000][6][gc,marking   ] GC(82) Concurrent Mark From Roots
[2021-04-21T09:35:46.053+0000][6][gc,task      ] GC(82) Using 1 workers of 1 for marking
[2021-04-21T09:35:46.194+0000][6][gc,marking   ] GC(82) Concurrent Mark From Roots 141.723ms
[2021-04-21T09:35:46.194+0000][6][gc,marking   ] GC(82) Concurrent Preclean
[2021-04-21T09:35:46.195+0000][6][gc,marking   ] GC(82) Concurrent Preclean 0.108ms
[2021-04-21T09:35:46.195+0000][6][gc,marking   ] GC(82) Concurrent Mark (22.080s, 22.221s) 141.891ms
[2021-04-21T09:35:46.195+0000][6][gc,start     ] GC(82) Pause Remark
[2021-04-21T09:35:46.206+0000][6][gc           ] GC(82) Pause Remark 69M->69M(120M) 11.452ms
[2021-04-21T09:35:46.206+0000][6][gc,cpu       ] GC(82) User=0.02s Sys=0.00s Real=0.01s
[2021-04-21T09:35:46.206+0000][6][safepoint    ] Safepoint "G1Concurrent", Time since last: 147851049 ns, Reaching safepoint: 129573 ns, At safepoint: 11536367 ns, Total: 11665940 ns
[2021-04-21T09:35:46.206+0000][6][gc,marking   ] GC(82) Concurrent Rebuild Remembered Sets
[2021-04-21T09:35:46.254+0000][6][gc,start     ] GC(83) Pause Young (Normal) (G1 Evacuation Pause)
[2021-04-21T09:35:46.254+0000][6][gc,task      ] GC(83) Using 2 workers of 4 for evacuation
[2021-04-21T09:35:46.254+0000][6][gc,age       ] GC(83) Desired survivor size 1572864 bytes, new threshold 15 (max threshold 15)
[2021-04-21T09:35:46.262+0000][6][gc,age       ] GC(83) Age table with threshold 15 (max threshold 15)
[2021-04-21T09:35:46.262+0000][6][gc,age       ] GC(83) - age   1:     198256 bytes,     198256 total
[2021-04-21T09:35:46.262+0000][6][gc,age       ] GC(83) - age   2:     445384 bytes,     643640 total
[2021-04-21T09:35:46.262+0000][6][gc,age       ] GC(83) - age   3:     536536 bytes,    1180176 total
[2021-04-21T09:35:46.262+0000][6][gc,phases    ] GC(83)   Pre Evacuate Collection Set: 0.1ms
[2021-04-21T09:35:46.262+0000][6][gc,phases    ] GC(83)   Merge Heap Roots: 0.2ms
[2021-04-21T09:35:46.262+0000][6][gc,phases    ] GC(83)   Evacuate Collection Set: 7.0ms
[2021-04-21T09:35:46.262+0000][6][gc,phases    ] GC(83)   Post Evacuate Collection Set: 0.9ms
[2021-04-21T09:35:46.262+0000][6][gc,phases    ] GC(83)   Other: 0.2ms
[2021-04-21T09:35:46.262+0000][6][gc,heap      ] GC(83) Eden regions: 18->0(25)
[2021-04-21T09:35:46.262+0000][6][gc,heap      ] GC(83) Survivor regions: 2->2(3)
[2021-04-21T09:35:46.262+0000][6][gc,heap      ] GC(83) Old regions: 56->56
[2021-04-21T09:35:46.262+0000][6][gc,heap      ] GC(83) Archive regions: 2->2
[2021-04-21T09:35:46.262+0000][6][gc,heap      ] GC(83) Humongous regions: 1->1
[2021-04-21T09:35:46.262+0000][6][gc,metaspace ] GC(83) Metaspace: 54160K(59184K)->54160K(59184K) NonClass: 46804K(49840K)->46804K(49840K) Class: 7356K(9344K)->7356K(9344K)
[2021-04-21T09:35:46.264+0000][6][gc           ] GC(83) Pause Young (Normal) (G1 Evacuation Pause) 76M->58M(120M) 8.610ms
[2021-04-21T09:35:46.264+0000][6][gc,cpu       ] GC(83) User=0.01s Sys=0.00s Real=0.01s
[2021-04-21T09:35:46.264+0000][6][safepoint    ] Safepoint "G1CollectForAllocation", Time since last: 46709609 ns, Reaching safepoint: 678819 ns, At safepoint: 10462458 ns, Total: 11141277 ns
[2021-04-21T09:35:46.302+0000][6][gc,marking   ] GC(82) Concurrent Rebuild Remembered Sets 95.533ms
[2021-04-21T09:35:46.303+0000][6][gc,start     ] GC(82) Pause Cleanup
[2021-04-21T09:35:46.303+0000][6][gc           ] GC(82) Pause Cleanup 64M->64M(120M) 0.269ms
[2021-04-21T09:35:46.303+0000][6][gc,cpu       ] GC(82) User=0.00s Sys=0.00s Real=0.00s
[2021-04-21T09:35:46.303+0000][6][safepoint    ] Safepoint "G1Concurrent", Time since last: 38415244 ns, Reaching safepoint: 136940 ns, At safepoint: 334692 ns, Total: 471632 ns
[2021-04-21T09:35:46.303+0000][6][gc,marking   ] GC(82) Concurrent Cleanup for Next Mark
[2021-04-21T09:35:46.304+0000][6][gc,marking   ] GC(82) Concurrent Cleanup for Next Mark 0.480ms
[2021-04-21T09:35:46.304+0000][6][gc           ] GC(82) Concurrent Cycle 256.828ms
[2021-04-21T09:35:46.419+0000][6][gc,start     ] GC(84) Pause Young (Normal) (G1 Evacuation Pause)
[2021-04-21T09:35:46.419+0000][6][gc,task      ] GC(84) Using 2 workers of 4 for evacuation
[2021-04-21T09:35:46.419+0000][6][gc,age       ] GC(84) Desired survivor size 2097152 bytes, new threshold 15 (max threshold 15)
[2021-04-21T09:35:46.425+0000][6][gc,age       ] GC(84) Age table with threshold 15 (max threshold 15)
[2021-04-21T09:35:46.425+0000][6][gc,age       ] GC(84) - age   1:     263888 bytes,     263888 total
[2021-04-21T09:35:46.425+0000][6][gc,age       ] GC(84) - age   2:     184152 bytes,     448040 total
[2021-04-21T09:35:46.425+0000][6][gc,age       ] GC(84) - age   3:     442392 bytes,     890432 total
[2021-04-21T09:35:46.425+0000][6][gc,age       ] GC(84) - age   4:     535256 bytes,    1425688 total
[2021-04-21T09:35:46.425+0000][6][gc,phases    ] GC(84)   Pre Evacuate Collection Set: 0.1ms
[2021-04-21T09:35:46.425+0000][6][gc,phases    ] GC(84)   Merge Heap Roots: 0.2ms
[2021-04-21T09:35:46.425+0000][6][gc,phases    ] GC(84)   Evacuate Collection Set: 4.8ms
[2021-04-21T09:35:46.425+0000][6][gc,phases    ] GC(84)   Post Evacuate Collection Set: 0.5ms
[2021-04-21T09:35:46.425+0000][6][gc,phases    ] GC(84)   Other: 0.2ms
[2021-04-21T09:35:46.425+0000][6][gc,heap      ] GC(84) Eden regions: 25->0(26)
[2021-04-21T09:35:46.425+0000][6][gc,heap      ] GC(84) Survivor regions: 2->2(4)
[2021-04-21T09:35:46.425+0000][6][gc,heap      ] GC(84) Old regions: 56->56
[2021-04-21T09:35:46.425+0000][6][gc,heap      ] GC(84) Archive regions: 2->2
[2021-04-21T09:35:46.425+0000][6][gc,heap      ] GC(84) Humongous regions: 1->1
[2021-04-21T09:35:46.425+0000][6][gc,metaspace ] GC(84) Metaspace: 55133K(60080K)->55133K(60080K) NonClass: 47581K(50608K)->47581K(50608K) Class: 7551K(9472K)->7551K(9472K)
[2021-04-21T09:35:46.425+0000][6][gc           ] GC(84) Pause Young (Normal) (G1 Evacuation Pause) 83M->58M(120M) 6.001ms
[2021-04-21T09:35:46.425+0000][6][gc,cpu       ] GC(84) User=0.01s Sys=0.00s Real=0.00s
[2021-04-21T09:35:46.425+0000][6][safepoint    ] Safepoint "G1CollectForAllocation", Time since last: 115653676 ns, Reaching safepoint: 67161 ns, At safepoint: 6076864 ns, Total: 6144025 ns
[2021-04-21T09:35:46.756+0000][6][gc,start     ] GC(85) Pause Young (Concurrent Start) (G1 Evacuation Pause)
[2021-04-21T09:35:46.756+0000][6][gc,task      ] GC(85) Using 2 workers of 4 for evacuation
[2021-04-21T09:35:46.756+0000][6][gc,age       ] GC(85) Desired survivor size 2097152 bytes, new threshold 15 (max threshold 15)
[2021-04-21T09:35:46.770+0000][6][gc,age       ] GC(85) Age table with threshold 15 (max threshold 15)
[2021-04-21T09:35:46.771+0000][6][gc,age       ] GC(85) - age   1:     464896 bytes,     464896 total
[2021-04-21T09:35:46.771+0000][6][gc,age       ] GC(85) - age   2:     258744 bytes,     723640 total
[2021-04-21T09:35:46.771+0000][6][gc,age       ] GC(85) - age   3:     184152 bytes,     907792 total
[2021-04-21T09:35:46.771+0000][6][gc,age       ] GC(85) - age   4:     440408 bytes,    1348200 total
[2021-04-21T09:35:46.771+0000][6][gc,age       ] GC(85) - age   5:     531864 bytes,    1880064 total
[2021-04-21T09:35:46.771+0000][6][gc,phases    ] GC(85)   Pre Evacuate Collection Set: 0.8ms
[2021-04-21T09:35:46.771+0000][6][gc,phases    ] GC(85)   Merge Heap Roots: 0.1ms
[2021-04-21T09:35:46.771+0000][6][gc,phases    ] GC(85)   Evacuate Collection Set: 11.5ms
[2021-04-21T09:35:46.771+0000][6][gc,phases    ] GC(85)   Post Evacuate Collection Set: 1.9ms
[2021-04-21T09:35:46.771+0000][6][gc,phases    ] GC(85)   Other: 0.7ms
[2021-04-21T09:35:46.771+0000][6][gc,heap      ] GC(85) Eden regions: 26->0(26)
[2021-04-21T09:35:46.771+0000][6][gc,heap      ] GC(85) Survivor regions: 2->2(4)
[2021-04-21T09:35:46.771+0000][6][gc,heap      ] GC(85) Old regions: 56->56
[2021-04-21T09:35:46.771+0000][6][gc,heap      ] GC(85) Archive regions: 2->2
[2021-04-21T09:35:46.771+0000][6][gc,heap      ] GC(85) Humongous regions: 1->1
[2021-04-21T09:35:46.771+0000][6][gc,metaspace ] GC(85) Metaspace: 57761K(62768K)->57761K(62768K) NonClass: 49852K(52912K)->49852K(52912K) Class: 7909K(9856K)->7909K(9856K)
[2021-04-21T09:35:46.771+0000][6][gc           ] GC(85) Pause Young (Concurrent Start) (G1 Evacuation Pause) 84M->59M(120M) 15.400ms
[2021-04-21T09:35:46.771+0000][6][gc,cpu       ] GC(85) User=0.03s Sys=0.00s Real=0.02s
[2021-04-21T09:35:46.771+0000][6][safepoint    ] Safepoint "G1CollectForAllocation", Time since last: 330414917 ns, Reaching safepoint: 697885 ns, At safepoint: 15528401 ns, Total: 16226286 ns
[2021-04-21T09:35:46.772+0000][6][gc           ] GC(86) Concurrent Cycle
[2021-04-21T09:35:46.772+0000][6][gc,marking   ] GC(86) Concurrent Clear Claimed Marks
[2021-04-21T09:35:46.773+0000][6][gc,marking   ] GC(86) Concurrent Clear Claimed Marks 0.869ms
[2021-04-21T09:35:46.773+0000][6][gc,marking   ] GC(86) Concurrent Scan Root Regions
[2021-04-21T09:35:46.783+0000][6][gc,marking   ] GC(86) Concurrent Scan Root Regions 9.908ms
[2021-04-21T09:35:46.783+0000][6][gc,marking   ] GC(86) Concurrent Mark (22.810s)
[2021-04-21T09:35:46.783+0000][6][gc,marking   ] GC(86) Concurrent Mark From Roots
[2021-04-21T09:35:46.783+0000][6][gc,task      ] GC(86) Using 1 workers of 1 for marking
[2021-04-21T09:35:46.942+0000][6][gc,marking   ] GC(86) Concurrent Mark From Roots 159.253ms
[2021-04-21T09:35:46.942+0000][6][gc,marking   ] GC(86) Concurrent Preclean
[2021-04-21T09:35:46.942+0000][6][gc,marking   ] GC(86) Concurrent Preclean 0.163ms
[2021-04-21T09:35:46.942+0000][6][gc,marking   ] GC(86) Concurrent Mark (22.810s, 22.969s) 159.503ms
[2021-04-21T09:35:46.943+0000][6][gc,start     ] GC(86) Pause Remark
[2021-04-21T09:35:46.953+0000][6][gc           ] GC(86) Pause Remark 69M->69M(120M) 10.244ms
[2021-04-21T09:35:46.953+0000][6][gc,cpu       ] GC(86) User=0.01s Sys=0.00s Real=0.01s
[2021-04-21T09:35:46.953+0000][6][safepoint    ] Safepoint "G1Concurrent", Time since last: 170755033 ns, Reaching safepoint: 839936 ns, At safepoint: 10339684 ns, Total: 11179620 ns
[2021-04-21T09:35:46.954+0000][6][gc,marking   ] GC(86) Concurrent Rebuild Remembered Sets
[2021-04-21T09:35:47.059+0000][6][gc,marking   ] GC(86) Concurrent Rebuild Remembered Sets 104.483ms
[2021-04-21T09:35:47.060+0000][6][gc,start     ] GC(86) Pause Cleanup
[2021-04-21T09:35:47.060+0000][6][gc           ] GC(86) Pause Cleanup 77M->77M(120M) 0.266ms
[2021-04-21T09:35:47.060+0000][6][gc,cpu       ] GC(86) User=0.00s Sys=0.00s Real=0.00s
[2021-04-21T09:35:47.060+0000][6][safepoint    ] Safepoint "G1Concurrent", Time since last: 106027613 ns, Reaching safepoint: 472668 ns, At safepoint: 333122 ns, Total: 805790 ns
[2021-04-21T09:35:47.060+0000][6][gc,marking   ] GC(86) Concurrent Cleanup for Next Mark
[2021-04-21T09:35:47.061+0000][6][gc,marking   ] GC(86) Concurrent Cleanup for Next Mark 0.799ms
[2021-04-21T09:35:47.061+0000][6][gc           ] GC(86) Concurrent Cycle 289.350ms
[2021-04-21T09:35:47.161+0000][6][gc,start     ] GC(87) Pause Young (Normal) (G1 Evacuation Pause)
[2021-04-21T09:35:47.165+0000][6][gc,task      ] GC(87) Using 2 workers of 4 for evacuation
[2021-04-21T09:35:47.166+0000][6][gc,age       ] GC(87) Desired survivor size 2097152 bytes, new threshold 15 (max threshold 15)
[2021-04-21T09:35:47.182+0000][6][gc,age       ] GC(87) Age table with threshold 15 (max threshold 15)
[2021-04-21T09:35:47.182+0000][6][gc,age       ] GC(87) - age   1:     414480 bytes,     414480 total
[2021-04-21T09:35:47.182+0000][6][gc,age       ] GC(87) - age   2:     447264 bytes,     861744 total
[2021-04-21T09:35:47.182+0000][6][gc,age       ] GC(87) - age   3:     258584 bytes,    1120328 total
[2021-04-21T09:35:47.182+0000][6][gc,age       ] GC(87) - age   4:     183288 bytes,    1303616 total
[2021-04-21T09:35:47.182+0000][6][gc,age       ] GC(87) - age   5:     439056 bytes,    1742672 total
[2021-04-21T09:35:47.182+0000][6][gc,age       ] GC(87) - age   6:     530488 bytes,    2273160 total
[2021-04-21T09:35:47.182+0000][6][gc,phases    ] GC(87)   Pre Evacuate Collection Set: 0.3ms
[2021-04-21T09:35:47.182+0000][6][gc,phases    ] GC(87)   Merge Heap Roots: 0.2ms
[2021-04-21T09:35:47.182+0000][6][gc,phases    ] GC(87)   Evacuate Collection Set: 7.9ms
[2021-04-21T09:35:47.182+0000][6][gc,phases    ] GC(87)   Post Evacuate Collection Set: 7.5ms
[2021-04-21T09:35:47.182+0000][6][gc,phases    ] GC(87)   Other: 5.2ms
[2021-04-21T09:35:47.182+0000][6][gc,heap      ] GC(87) Eden regions: 26->0(25)
[2021-04-21T09:35:47.182+0000][6][gc,heap      ] GC(87) Survivor regions: 2->3(4)
[2021-04-21T09:35:47.182+0000][6][gc,heap      ] GC(87) Old regions: 56->56
[2021-04-21T09:35:47.182+0000][6][gc,heap      ] GC(87) Archive regions: 2->2
[2021-04-21T09:35:47.182+0000][6][gc,heap      ] GC(87) Humongous regions: 1->1
[2021-04-21T09:35:47.182+0000][6][gc,metaspace ] GC(87) Metaspace: 59891K(64944K)->59891K(64944K) NonClass: 51693K(54704K)->51693K(54704K) Class: 8198K(10240K)->8198K(10240K)
[2021-04-21T09:35:47.182+0000][6][gc           ] GC(87) Pause Young (Normal) (G1 Evacuation Pause) 85M->59M(120M) 21.223ms
[2021-04-21T09:35:47.182+0000][6][gc,cpu       ] GC(87) User=0.03s Sys=0.00s Real=0.02s
[2021-04-21T09:35:47.182+0000][6][safepoint    ] Safepoint "G1CollectForAllocation", Time since last: 99480966 ns, Reaching safepoint: 829584 ns, At safepoint: 21307248 ns, Total: 22136832 ns
[2021-04-21T09:35:47.643+0000][6][gc,start     ] GC(88) Pause Young (Concurrent Start) (G1 Evacuation Pause)
[2021-04-21T09:35:47.644+0000][6][gc,task      ] GC(88) Using 2 workers of 4 for evacuation
[2021-04-21T09:35:47.644+0000][6][gc,age       ] GC(88) Desired survivor size 2097152 bytes, new threshold 6 (max threshold 15)
[2021-04-21T09:35:47.656+0000][6][gc,age       ] GC(88) Age table with threshold 6 (max threshold 15)
[2021-04-21T09:35:47.656+0000][6][gc,age       ] GC(88) - age   1:    1207352 bytes,    1207352 total
[2021-04-21T09:35:47.656+0000][6][gc,age       ] GC(88) - age   2:     351552 bytes,    1558904 total
[2021-04-21T09:35:47.656+0000][6][gc,age       ] GC(88) - age   3:     446672 bytes,    2005576 total
[2021-04-21T09:35:47.656+0000][6][gc,age       ] GC(88) - age   4:     258520 bytes,    2264096 total
[2021-04-21T09:35:47.656+0000][6][gc,age       ] GC(88) - age   5:     183288 bytes,    2447384 total
[2021-04-21T09:35:47.656+0000][6][gc,age       ] GC(88) - age   6:     437384 bytes,    2884768 total
[2021-04-21T09:35:47.656+0000][6][gc,phases    ] GC(88)   Pre Evacuate Collection Set: 0.4ms
[2021-04-21T09:35:47.656+0000][6][gc,phases    ] GC(88)   Merge Heap Roots: 0.1ms
[2021-04-21T09:35:47.656+0000][6][gc,phases    ] GC(88)   Evacuate Collection Set: 9.8ms
[2021-04-21T09:35:47.656+0000][6][gc,phases    ] GC(88)   Post Evacuate Collection Set: 1.2ms
[2021-04-21T09:35:47.656+0000][6][gc,phases    ] GC(88)   Other: 1.1ms
[2021-04-21T09:35:47.656+0000][6][gc,heap      ] GC(88) Eden regions: 25->0(25)
[2021-04-21T09:35:47.656+0000][6][gc,heap      ] GC(88) Survivor regions: 3->3(4)
[2021-04-21T09:35:47.656+0000][6][gc,heap      ] GC(88) Old regions: 56->56
[2021-04-21T09:35:47.656+0000][6][gc,heap      ] GC(88) Archive regions: 2->2
[2021-04-21T09:35:47.656+0000][6][gc,heap      ] GC(88) Humongous regions: 1->1
[2021-04-21T09:35:47.656+0000][6][gc,metaspace ] GC(88) Metaspace: 63862K(69168K)->63862K(69168K) NonClass: 55154K(58288K)->55154K(58288K) Class: 8708K(10880K)->8708K(10880K)
[2021-04-21T09:35:47.656+0000][6][gc           ] GC(88) Pause Young (Concurrent Start) (G1 Evacuation Pause) 84M->60M(120M) 12.789ms
[2021-04-21T09:35:47.656+0000][6][gc,cpu       ] GC(88) User=0.03s Sys=0.00s Real=0.01s
[2021-04-21T09:35:47.656+0000][6][safepoint    ] Safepoint "G1CollectForAllocation", Time since last: 459967885 ns, Reaching safepoint: 1419373 ns, At safepoint: 12882921 ns, Total: 14302294 ns
[2021-04-21T09:35:47.656+0000][6][gc           ] GC(89) Concurrent Cycle
[2021-04-21T09:35:47.656+0000][6][gc,marking   ] GC(89) Concurrent Clear Claimed Marks
[2021-04-21T09:35:47.656+0000][6][gc,marking   ] GC(89) Concurrent Clear Claimed Marks 0.298ms
[2021-04-21T09:35:47.656+0000][6][gc,marking   ] GC(89) Concurrent Scan Root Regions
[2021-04-21T09:35:47.661+0000][6][gc,marking   ] GC(89) Concurrent Scan Root Regions 4.616ms
[2021-04-21T09:35:47.662+0000][6][gc,marking   ] GC(89) Concurrent Mark (23.689s)
[2021-04-21T09:35:47.663+0000][6][gc,marking   ] GC(89) Concurrent Mark From Roots
[2021-04-21T09:35:47.663+0000][6][gc,task      ] GC(89) Using 1 workers of 1 for marking
[2021-04-21T09:35:47.905+0000][6][gc,marking   ] GC(89) Concurrent Mark From Roots 241.677ms
[2021-04-21T09:35:47.905+0000][6][gc,marking   ] GC(89) Concurrent Preclean
[2021-04-21T09:35:47.905+0000][6][gc,marking   ] GC(89) Concurrent Preclean 0.300ms
[2021-04-21T09:35:47.905+0000][6][gc,marking   ] GC(89) Concurrent Mark (23.689s, 23.932s) 243.084ms
[2021-04-21T09:35:47.906+0000][6][gc,start     ] GC(89) Pause Remark
[2021-04-21T09:35:47.915+0000][6][gc           ] GC(89) Pause Remark 66M->66M(120M) 9.087ms
[2021-04-21T09:35:47.915+0000][6][gc,cpu       ] GC(89) User=0.02s Sys=0.00s Real=0.01s
[2021-04-21T09:35:47.915+0000][6][safepoint    ] Safepoint "G1Concurrent", Time since last: 249144040 ns, Reaching safepoint: 257432 ns, At safepoint: 9672137 ns, Total: 9929569 ns
[2021-04-21T09:35:47.916+0000][6][gc,marking   ] GC(89) Concurrent Rebuild Remembered Sets
[2021-04-21T09:35:48.197+0000][6][gc,marking   ] GC(89) Concurrent Rebuild Remembered Sets 281.159ms
[2021-04-21T09:35:48.198+0000][6][gc,start     ] GC(89) Pause Cleanup
[2021-04-21T09:35:48.198+0000][6][gc           ] GC(89) Pause Cleanup 72M->72M(120M) 0.177ms
[2021-04-21T09:35:48.198+0000][6][gc,cpu       ] GC(89) User=0.00s Sys=0.00s Real=0.00s
[2021-04-21T09:35:48.198+0000][6][safepoint    ] Safepoint "G1Concurrent", Time since last: 282075820 ns, Reaching safepoint: 592019 ns, At safepoint: 234614 ns, Total: 826633 ns
[2021-04-21T09:35:48.202+0000][6][gc,marking   ] GC(89) Concurrent Cleanup for Next Mark
[2021-04-21T09:35:48.203+0000][6][gc,marking   ] GC(89) Concurrent Cleanup for Next Mark 0.465ms
[2021-04-21T09:35:48.203+0000][6][gc           ] GC(89) Concurrent Cycle 546.599ms
[2021-04-21T09:35:48.566+0000][6][gc,start     ] GC(90) Pause Young (Normal) (G1 Evacuation Pause)
[2021-04-21T09:35:48.567+0000][6][gc,task      ] GC(90) Using 2 workers of 4 for evacuation
[2021-04-21T09:35:48.567+0000][6][gc,age       ] GC(90) Desired survivor size 2097152 bytes, new threshold 4 (max threshold 15)
[2021-04-21T09:35:48.594+0000][6][gc,age       ] GC(90) Age table with threshold 4 (max threshold 15)
[2021-04-21T09:35:48.595+0000][6][gc,age       ] GC(90) - age   1:    1503328 bytes,    1503328 total
[2021-04-21T09:35:48.595+0000][6][gc,age       ] GC(90) - age   2:    1175672 bytes,    2679000 total
[2021-04-21T09:35:48.595+0000][6][gc,age       ] GC(90) - age   3:     350656 bytes,    3029656 total
[2021-04-21T09:35:48.595+0000][6][gc,age       ] GC(90) - age   4:     445192 bytes,    3474848 total
[2021-04-21T09:35:48.595+0000][6][gc,phases    ] GC(90)   Pre Evacuate Collection Set: 0.1ms
[2021-04-21T09:35:48.595+0000][6][gc,phases    ] GC(90)   Merge Heap Roots: 0.2ms
[2021-04-21T09:35:48.595+0000][6][gc,phases    ] GC(90)   Evacuate Collection Set: 26.1ms
[2021-04-21T09:35:48.595+0000][6][gc,phases    ] GC(90)   Post Evacuate Collection Set: 1.1ms
[2021-04-21T09:35:48.595+0000][6][gc,phases    ] GC(90)   Other: 1.5ms
[2021-04-21T09:35:48.595+0000][6][gc,heap      ] GC(90) Eden regions: 25->0(22)
[2021-04-21T09:35:48.595+0000][6][gc,heap      ] GC(90) Survivor regions: 3->4(4)
[2021-04-21T09:35:48.595+0000][6][gc,heap      ] GC(90) Old regions: 56->57
[2021-04-21T09:35:48.595+0000][6][gc,heap      ] GC(90) Archive regions: 2->2
[2021-04-21T09:35:48.595+0000][6][gc,heap      ] GC(90) Humongous regions: 1->1
[2021-04-21T09:35:48.595+0000][6][gc,metaspace ] GC(90) Metaspace: 65835K(71216K)->65835K(71216K) NonClass: 56919K(60080K)->56919K(60080K) Class: 8915K(11136K)->8915K(11136K)
[2021-04-21T09:35:48.595+0000][6][gc           ] GC(90) Pause Young (Normal) (G1 Evacuation Pause) 85M->62M(120M) 29.013ms
[2021-04-21T09:35:48.595+0000][6][gc,cpu       ] GC(90) User=0.04s Sys=0.00s Real=0.03s
[2021-04-21T09:35:48.595+0000][6][safepoint    ] Safepoint "G1CollectForAllocation", Time since last: 367286632 ns, Reaching safepoint: 262022 ns, At safepoint: 29253982 ns, Total: 29516004 ns
[2021-04-21T09:35:49.438+0000][6][gc,start     ] GC(91) Pause Young (Concurrent Start) (G1 Evacuation Pause)
[2021-04-21T09:35:49.438+0000][6][gc,task      ] GC(91) Using 2 workers of 4 for evacuation
[2021-04-21T09:35:49.438+0000][6][gc,age       ] GC(91) Desired survivor size 2097152 bytes, new threshold 2 (max threshold 15)
[2021-04-21T09:35:49.463+0000][6][gc,age       ] GC(91) Age table with threshold 2 (max threshold 15)
[2021-04-21T09:35:49.463+0000][6][gc,age       ] GC(91) - age   1:    1122416 bytes,    1122416 total
[2021-04-21T09:35:49.463+0000][6][gc,age       ] GC(91) - age   2:    1496384 bytes,    2618800 total
[2021-04-21T09:35:49.463+0000][6][gc,phases    ] GC(91)   Pre Evacuate Collection Set: 0.4ms
[2021-04-21T09:35:49.463+0000][6][gc,phases    ] GC(91)   Merge Heap Roots: 0.1ms
[2021-04-21T09:35:49.463+0000][6][gc,phases    ] GC(91)   Evacuate Collection Set: 23.8ms
[2021-04-21T09:35:49.463+0000][6][gc,phases    ] GC(91)   Post Evacuate Collection Set: 0.9ms
[2021-04-21T09:35:49.463+0000][6][gc,phases    ] GC(91)   Other: 0.2ms
[2021-04-21T09:35:49.463+0000][6][gc,heap      ] GC(91) Eden regions: 22->0(22)
[2021-04-21T09:35:49.463+0000][6][gc,heap      ] GC(91) Survivor regions: 4->3(4)
[2021-04-21T09:35:49.464+0000][6][gc,heap      ] GC(91) Old regions: 57->59
[2021-04-21T09:35:49.464+0000][6][gc,heap      ] GC(91) Archive regions: 2->2
[2021-04-21T09:35:49.464+0000][6][gc,heap      ] GC(91) Humongous regions: 1->1
[2021-04-21T09:35:49.464+0000][6][gc,metaspace ] GC(91) Metaspace: 67667K(73264K)->67667K(73264K) NonClass: 58416K(61616K)->58416K(61616K) Class: 9250K(11648K)->9250K(11648K)
[2021-04-21T09:35:49.464+0000][6][gc           ] GC(91) Pause Young (Concurrent Start) (G1 Evacuation Pause) 84M->63M(120M) 25.596ms
[2021-04-21T09:35:49.464+0000][6][gc,cpu       ] GC(91) User=0.03s Sys=0.00s Real=0.03s
[2021-04-21T09:35:49.464+0000][6][safepoint    ] Safepoint "G1CollectForAllocation", Time since last: 842837858 ns, Reaching safepoint: 211366 ns, At safepoint: 25692158 ns, Total: 25903524 ns
[2021-04-21T09:35:49.464+0000][6][gc           ] GC(92) Concurrent Cycle
[2021-04-21T09:35:49.464+0000][6][gc,marking   ] GC(92) Concurrent Clear Claimed Marks
[2021-04-21T09:35:49.464+0000][6][gc,marking   ] GC(92) Concurrent Clear Claimed Marks 0.370ms
[2021-04-21T09:35:49.464+0000][6][gc,marking   ] GC(92) Concurrent Scan Root Regions
[2021-04-21T09:35:49.479+0000][6][gc,marking   ] GC(92) Concurrent Scan Root Regions 15.189ms
[2021-04-21T09:35:49.479+0000][6][gc,marking   ] GC(92) Concurrent Mark (25.506s)
[2021-04-21T09:35:49.479+0000][6][gc,marking   ] GC(92) Concurrent Mark From Roots
[2021-04-21T09:35:49.479+0000][6][gc,task      ] GC(92) Using 1 workers of 1 for marking
[2021-04-21T09:35:49.718+0000][6][gc,marking   ] GC(92) Concurrent Mark From Roots 238.860ms
[2021-04-21T09:35:49.718+0000][6][gc,marking   ] GC(92) Concurrent Preclean
[2021-04-21T09:35:49.719+0000][6][gc,marking   ] GC(92) Concurrent Preclean 0.306ms
[2021-04-21T09:35:49.719+0000][6][gc,marking   ] GC(92) Concurrent Mark (25.506s, 25.745s) 239.255ms
[2021-04-21T09:35:49.722+0000][6][gc,start     ] GC(92) Pause Remark
[2021-04-21T09:35:49.734+0000][6][gc           ] GC(92) Pause Remark 71M->71M(124M) 11.972ms
[2021-04-21T09:35:49.734+0000][6][gc,cpu       ] GC(92) User=0.02s Sys=0.00s Real=0.01s
[2021-04-21T09:35:49.734+0000][6][safepoint    ] Safepoint "G1Concurrent", Time since last: 258197530 ns, Reaching safepoint: 242319 ns, At safepoint: 12067968 ns, Total: 12310287 ns
[2021-04-21T09:35:49.740+0000][6][gc,marking   ] GC(92) Concurrent Rebuild Remembered Sets
[2021-04-21T09:35:49.872+0000][6][gc,marking   ] GC(92) Concurrent Rebuild Remembered Sets 131.868ms
[2021-04-21T09:35:49.873+0000][6][gc,start     ] GC(92) Pause Cleanup
[2021-04-21T09:35:49.873+0000][6][gc           ] GC(92) Pause Cleanup 78M->78M(124M) 0.311ms
[2021-04-21T09:35:49.873+0000][6][gc,cpu       ] GC(92) User=0.00s Sys=0.00s Real=0.00s
[2021-04-21T09:35:49.873+0000][6][safepoint    ] Safepoint "G1Concurrent", Time since last: 137540886 ns, Reaching safepoint: 1082537 ns, At safepoint: 389758 ns, Total: 1472295 ns
[2021-04-21T09:35:49.873+0000][6][gc,marking   ] GC(92) Concurrent Cleanup for Next Mark
[2021-04-21T09:35:49.875+0000][6][gc,marking   ] GC(92) Concurrent Cleanup for Next Mark 1.397ms
[2021-04-21T09:35:49.875+0000][6][gc           ] GC(92) Concurrent Cycle 410.981ms
[2021-04-21T09:35:49.932+0000][6][gc,start     ] GC(93) Pause Young (Normal) (G1 Evacuation Pause)
[2021-04-21T09:35:49.932+0000][6][gc,task      ] GC(93) Using 2 workers of 4 for evacuation
[2021-04-21T09:35:49.932+0000][6][gc,age       ] GC(93) Desired survivor size 1572864 bytes, new threshold 2 (max threshold 15)
[2021-04-21T09:35:49.949+0000][6][gc,age       ] GC(93) Age table with threshold 2 (max threshold 15)
[2021-04-21T09:35:49.949+0000][6][gc,age       ] GC(93) - age   1:     969072 bytes,     969072 total
[2021-04-21T09:35:49.949+0000][6][gc,age       ] GC(93) - age   2:    1047592 bytes,    2016664 total
[2021-04-21T09:35:49.949+0000][6][gc,phases    ] GC(93)   Pre Evacuate Collection Set: 0.1ms
[2021-04-21T09:35:49.949+0000][6][gc,phases    ] GC(93)   Merge Heap Roots: 0.1ms
[2021-04-21T09:35:49.949+0000][6][gc,phases    ] GC(93)   Evacuate Collection Set: 15.3ms
[2021-04-21T09:35:49.949+0000][6][gc,phases    ] GC(93)   Post Evacuate Collection Set: 1.1ms
[2021-04-21T09:35:49.949+0000][6][gc,phases    ] GC(93)   Other: 0.3ms
[2021-04-21T09:35:49.949+0000][6][gc,heap      ] GC(93) Eden regions: 21->0(24)
[2021-04-21T09:35:49.949+0000][6][gc,heap      ] GC(93) Survivor regions: 3->3(3)
[2021-04-21T09:35:49.949+0000][6][gc,heap      ] GC(93) Old regions: 59->60
[2021-04-21T09:35:49.949+0000][6][gc,heap      ] GC(93) Archive regions: 2->2
[2021-04-21T09:35:49.949+0000][6][gc,heap      ] GC(93) Humongous regions: 1->1
[2021-04-21T09:35:49.949+0000][6][gc,metaspace ] GC(93) Metaspace: 69653K(75440K)->69653K(75440K) NonClass: 60141K(63408K)->60141K(63408K) Class: 9511K(12032K)->9511K(12032K)
[2021-04-21T09:35:49.949+0000][6][gc           ] GC(93) Pause Young (Normal) (G1 Evacuation Pause) 84M->64M(124M) 17.028ms
[2021-04-21T09:35:49.949+0000][6][gc,cpu       ] GC(93) User=0.01s Sys=0.00s Real=0.02s
[2021-04-21T09:35:49.949+0000][6][safepoint    ] Safepoint "G1CollectForAllocation", Time since last: 58496031 ns, Reaching safepoint: 63878 ns, At safepoint: 17109023 ns, Total: 17172901 ns
[2021-04-21T09:35:50.264+0000][6][safepoint    ] Safepoint "BulkRevokeBias", Time since last: 314855245 ns, Reaching safepoint: 233038 ns, At safepoint: 121174 ns, Total: 354212 ns
[2021-04-21T09:35:50.313+0000][6][gc,start     ] GC(94) Pause Young (Concurrent Start) (G1 Evacuation Pause)
[2021-04-21T09:35:50.313+0000][6][gc,task      ] GC(94) Using 2 workers of 4 for evacuation
[2021-04-21T09:35:50.313+0000][6][gc,age       ] GC(94) Desired survivor size 2097152 bytes, new threshold 15 (max threshold 15)
[2021-04-21T09:35:50.324+0000][6][gc,age       ] GC(94) Age table with threshold 15 (max threshold 15)
[2021-04-21T09:35:50.325+0000][6][gc,age       ] GC(94) - age   1:     995512 bytes,     995512 total
[2021-04-21T09:35:50.325+0000][6][gc,age       ] GC(94) - age   2:     944128 bytes,    1939640 total
[2021-04-21T09:35:50.325+0000][6][gc,age       ] GC(94) - age   3:    1046928 bytes,    2986568 total
[2021-04-21T09:35:50.325+0000][6][gc,phases    ] GC(94)   Pre Evacuate Collection Set: 0.4ms
[2021-04-21T09:35:50.325+0000][6][gc,phases    ] GC(94)   Merge Heap Roots: 0.1ms
[2021-04-21T09:35:50.325+0000][6][gc,phases    ] GC(94)   Evacuate Collection Set: 10.1ms
[2021-04-21T09:35:50.325+0000][6][gc,phases    ] GC(94)   Post Evacuate Collection Set: 0.6ms
[2021-04-21T09:35:50.325+0000][6][gc,phases    ] GC(94)   Other: 0.2ms
[2021-04-21T09:35:50.325+0000][6][gc,heap      ] GC(94) Eden regions: 24->0(24)
[2021-04-21T09:35:50.325+0000][6][gc,heap      ] GC(94) Survivor regions: 3->3(4)
[2021-04-21T09:35:50.325+0000][6][gc,heap      ] GC(94) Old regions: 60->60
[2021-04-21T09:35:50.325+0000][6][gc,heap      ] GC(94) Archive regions: 2->2
[2021-04-21T09:35:50.325+0000][6][gc,heap      ] GC(94) Humongous regions: 1->1
[2021-04-21T09:35:50.325+0000][6][gc,metaspace ] GC(94) Metaspace: 73073K(79024K)->73073K(79024K) NonClass: 63061K(66480K)->63061K(66480K) Class: 10011K(12544K)->10011K(12544K)
[2021-04-21T09:35:50.325+0000][6][gc           ] GC(94) Pause Young (Concurrent Start) (G1 Evacuation Pause) 88M->64M(124M) 11.614ms
[2021-04-21T09:35:50.325+0000][6][gc,cpu       ] GC(94) User=0.02s Sys=0.00s Real=0.01s
[2021-04-21T09:35:50.325+0000][6][safepoint    ] Safepoint "G1CollectForAllocation", Time since last: 48804200 ns, Reaching safepoint: 227595 ns, At safepoint: 11691705 ns, Total: 11919300 ns
[2021-04-21T09:35:50.325+0000][6][gc           ] GC(95) Concurrent Cycle
[2021-04-21T09:35:50.325+0000][6][gc,marking   ] GC(95) Concurrent Clear Claimed Marks
[2021-04-21T09:35:50.325+0000][6][gc,marking   ] GC(95) Concurrent Clear Claimed Marks 0.363ms
[2021-04-21T09:35:50.325+0000][6][gc,marking   ] GC(95) Concurrent Scan Root Regions
[2021-04-21T09:35:50.331+0000][6][gc,marking   ] GC(95) Concurrent Scan Root Regions 6.144ms
[2021-04-21T09:35:50.331+0000][6][gc,marking   ] GC(95) Concurrent Mark (26.358s)
[2021-04-21T09:35:50.331+0000][6][gc,marking   ] GC(95) Concurrent Mark From Roots
[2021-04-21T09:35:50.331+0000][6][gc,task      ] GC(95) Using 1 workers of 1 for marking
[2021-04-21T09:35:50.528+0000][6][gc,marking   ] GC(95) Concurrent Mark From Roots 196.988ms
[2021-04-21T09:35:50.529+0000][6][gc,marking   ] GC(95) Concurrent Preclean
[2021-04-21T09:35:50.529+0000][6][gc,marking   ] GC(95) Concurrent Preclean 0.147ms
[2021-04-21T09:35:50.529+0000][6][gc,marking   ] GC(95) Concurrent Mark (26.358s, 26.556s) 197.218ms
[2021-04-21T09:35:50.529+0000][6][gc,start     ] GC(95) Pause Remark
[2021-04-21T09:35:50.540+0000][6][gc           ] GC(95) Pause Remark 68M->68M(124M) 10.929ms
[2021-04-21T09:35:50.540+0000][6][gc,cpu       ] GC(95) User=0.02s Sys=0.00s Real=0.01s
[2021-04-21T09:35:50.540+0000][6][safepoint    ] Safepoint "G1Concurrent", Time since last: 204065273 ns, Reaching safepoint: 153767 ns, At safepoint: 11039962 ns, Total: 11193729 ns
[2021-04-21T09:35:50.540+0000][6][gc,marking   ] GC(95) Concurrent Rebuild Remembered Sets
[2021-04-21T09:35:50.666+0000][6][gc,marking   ] GC(95) Concurrent Rebuild Remembered Sets 126.309ms
[2021-04-21T09:35:50.669+0000][6][gc,start     ] GC(95) Pause Cleanup
[2021-04-21T09:35:50.673+0000][6][gc           ] GC(95) Pause Cleanup 74M->74M(124M) 3.544ms
[2021-04-21T09:35:50.673+0000][6][gc,cpu       ] GC(95) User=0.00s Sys=0.00s Real=0.00s
[2021-04-21T09:35:50.673+0000][6][safepoint    ] Safepoint "G1Concurrent", Time since last: 126417962 ns, Reaching safepoint: 2825584 ns, At safepoint: 3663568 ns, Total: 6489152 ns
[2021-04-21T09:35:50.673+0000][6][gc,marking   ] GC(95) Concurrent Cleanup for Next Mark
[2021-04-21T09:35:50.680+0000][6][gc,marking   ] GC(95) Concurrent Cleanup for Next Mark 7.158ms
[2021-04-21T09:35:50.680+0000][6][gc           ] GC(95) Concurrent Cycle 355.284ms
[2021-04-21T09:35:51.152+0000][6][gc,start     ] GC(96) Pause Young (Normal) (G1 Evacuation Pause)
[2021-04-21T09:35:51.152+0000][6][gc,task      ] GC(96) Using 2 workers of 4 for evacuation
[2021-04-21T09:35:51.152+0000][6][gc,age       ] GC(96) Desired survivor size 2097152 bytes, new threshold 3 (max threshold 15)
[2021-04-21T09:35:51.162+0000][6][gc,age       ] GC(96) Age table with threshold 3 (max threshold 15)
[2021-04-21T09:35:51.162+0000][6][gc,age       ] GC(96) - age   1:    1131336 bytes,    1131336 total
[2021-04-21T09:35:51.162+0000][6][gc,age       ] GC(96) - age   2:     902848 bytes,    2034184 total
[2021-04-21T09:35:51.162+0000][6][gc,age       ] GC(96) - age   3:     943224 bytes,    2977408 total
[2021-04-21T09:35:51.163+0000][6][gc,phases    ] GC(96)   Pre Evacuate Collection Set: 0.1ms
[2021-04-21T09:35:51.163+0000][6][gc,phases    ] GC(96)   Merge Heap Roots: 0.2ms
[2021-04-21T09:35:51.163+0000][6][gc,phases    ] GC(96)   Evacuate Collection Set: 9.1ms
[2021-04-21T09:35:51.163+0000][6][gc,phases    ] GC(96)   Post Evacuate Collection Set: 0.8ms
[2021-04-21T09:35:51.163+0000][6][gc,phases    ] GC(96)   Other: 0.2ms
[2021-04-21T09:35:51.163+0000][6][gc,heap      ] GC(96) Eden regions: 24->0(22)
[2021-04-21T09:35:51.163+0000][6][gc,heap      ] GC(96) Survivor regions: 3->3(4)
[2021-04-21T09:35:51.163+0000][6][gc,heap      ] GC(96) Old regions: 60->61
[2021-04-21T09:35:51.163+0000][6][gc,heap      ] GC(96) Archive regions: 2->2
[2021-04-21T09:35:51.163+0000][6][gc,heap      ] GC(96) Humongous regions: 1->1
[2021-04-21T09:35:51.163+0000][6][gc,metaspace ] GC(96) Metaspace: 75638K(81712K)->75638K(81712K) NonClass: 65343K(68784K)->65343K(68784K) Class: 10294K(12928K)->10294K(12928K)
[2021-04-21T09:35:51.163+0000][6][gc           ] GC(96) Pause Young (Normal) (G1 Evacuation Pause) 88M->65M(124M) 10.424ms
[2021-04-21T09:35:51.163+0000][6][gc,cpu       ] GC(96) User=0.02s Sys=0.01s Real=0.01s
[2021-04-21T09:35:51.163+0000][6][safepoint    ] Safepoint "G1CollectForAllocation", Time since last: 479134083 ns, Reaching safepoint: 99750 ns, At safepoint: 10504465 ns, Total: 10604215 ns
[2021-04-21T09:35:51.329+0000][6][safepoint    ] Safepoint "BulkRevokeBias", Time since last: 166131420 ns, Reaching safepoint: 268703 ns, At safepoint: 188563 ns, Total: 457266 ns
[2021-04-21T09:35:51.686+0000][6][gc,start     ] GC(97) Pause Young (Concurrent Start) (G1 Evacuation Pause)
[2021-04-21T09:35:51.687+0000][6][gc,task      ] GC(97) Using 4 workers of 4 for evacuation
[2021-04-21T09:35:51.687+0000][6][gc,age       ] GC(97) Desired survivor size 2097152 bytes, new threshold 3 (max threshold 15)
[2021-04-21T09:35:51.699+0000][6][gc,age       ] GC(97) Age table with threshold 3 (max threshold 15)
[2021-04-21T09:35:51.699+0000][6][gc,age       ] GC(97) - age   1:     793216 bytes,     793216 total
[2021-04-21T09:35:51.699+0000][6][gc,age       ] GC(97) - age   2:     554712 bytes,    1347928 total
[2021-04-21T09:35:51.699+0000][6][gc,age       ] GC(97) - age   3:     901304 bytes,    2249232 total
[2021-04-21T09:35:51.699+0000][6][gc,phases    ] GC(97)   Pre Evacuate Collection Set: 0.4ms
[2021-04-21T09:35:51.699+0000][6][gc,phases    ] GC(97)   Merge Heap Roots: 0.4ms
[2021-04-21T09:35:51.699+0000][6][gc,phases    ] GC(97)   Evacuate Collection Set: 10.1ms
[2021-04-21T09:35:51.699+0000][6][gc,phases    ] GC(97)   Post Evacuate Collection Set: 1.1ms
[2021-04-21T09:35:51.699+0000][6][gc,phases    ] GC(97)   Other: 0.7ms
[2021-04-21T09:35:51.699+0000][6][gc,heap      ] GC(97) Eden regions: 22->0(22)
[2021-04-21T09:35:51.699+0000][6][gc,heap      ] GC(97) Survivor regions: 3->3(4)
[2021-04-21T09:35:51.699+0000][6][gc,heap      ] GC(97) Old regions: 61->62
[2021-04-21T09:35:51.699+0000][6][gc,heap      ] GC(97) Archive regions: 2->2
[2021-04-21T09:35:51.699+0000][6][gc,heap      ] GC(97) Humongous regions: 1->1
[2021-04-21T09:35:51.699+0000][6][gc,metaspace ] GC(97) Metaspace: 77076K(83504K)->77076K(83504K) NonClass: 66566K(70320K)->66566K(70320K) Class: 10510K(13184K)->10510K(13184K)
[2021-04-21T09:35:51.699+0000][6][gc           ] GC(97) Pause Young (Concurrent Start) (G1 Evacuation Pause) 87M->66M(124M) 12.856ms
[2021-04-21T09:35:51.699+0000][6][gc,cpu       ] GC(97) User=0.03s Sys=0.01s Real=0.02s
[2021-04-21T09:35:51.699+0000][6][safepoint    ] Safepoint "G1CollectForAllocation", Time since last: 354603306 ns, Reaching safepoint: 2253833 ns, At safepoint: 12945882 ns, Total: 15199715 ns
[2021-04-21T09:35:51.701+0000][6][gc           ] GC(98) Concurrent Cycle
[2021-04-21T09:35:51.701+0000][6][gc,marking   ] GC(98) Concurrent Clear Claimed Marks
[2021-04-21T09:35:51.702+0000][6][gc,marking   ] GC(98) Concurrent Clear Claimed Marks 1.214ms
[2021-04-21T09:35:51.702+0000][6][gc,marking   ] GC(98) Concurrent Scan Root Regions
[2021-04-21T09:35:51.710+0000][6][gc,marking   ] GC(98) Concurrent Scan Root Regions 7.327ms
[2021-04-21T09:35:51.710+0000][6][gc,marking   ] GC(98) Concurrent Mark (27.737s)
[2021-04-21T09:35:51.710+0000][6][gc,marking   ] GC(98) Concurrent Mark From Roots
[2021-04-21T09:35:51.710+0000][6][gc,task      ] GC(98) Using 1 workers of 1 for marking
[2021-04-21T09:35:51.962+0000][6][gc,marking   ] GC(98) Concurrent Mark From Roots 252.509ms
[2021-04-21T09:35:51.962+0000][6][gc,marking   ] GC(98) Concurrent Preclean
[2021-04-21T09:35:51.962+0000][6][gc,marking   ] GC(98) Concurrent Preclean 0.154ms
[2021-04-21T09:35:51.963+0000][6][gc,marking   ] GC(98) Concurrent Mark (27.737s, 27.989s) 252.744ms
[2021-04-21T09:35:51.967+0000][6][gc,start     ] GC(98) Pause Remark
[2021-04-21T09:35:51.987+0000][6][gc           ] GC(98) Pause Remark 80M->80M(128M) 20.140ms
[2021-04-21T09:35:51.987+0000][6][gc,cpu       ] GC(98) User=0.04s Sys=0.00s Real=0.02s
[2021-04-21T09:35:51.987+0000][6][safepoint    ] Safepoint "G1Concurrent", Time since last: 267330036 ns, Reaching safepoint: 182018 ns, At safepoint: 20483658 ns, Total: 20665676 ns
[2021-04-21T09:35:51.987+0000][6][gc,marking   ] GC(98) Concurrent Rebuild Remembered Sets
[2021-04-21T09:35:52.197+0000][6][gc,marking   ] GC(98) Concurrent Rebuild Remembered Sets 210.298ms
[2021-04-21T09:35:52.199+0000][6][gc,start     ] GC(98) Pause Cleanup
[2021-04-21T09:35:52.199+0000][6][gc           ] GC(98) Pause Cleanup 85M->85M(128M) 0.407ms
[2021-04-21T09:35:52.199+0000][6][gc,cpu       ] GC(98) User=0.01s Sys=0.00s Real=0.00s
[2021-04-21T09:35:52.199+0000][6][safepoint    ] Safepoint "G1Concurrent", Time since last: 210448767 ns, Reaching safepoint: 1428253 ns, At safepoint: 553904 ns, Total: 1982157 ns
[2021-04-21T09:35:52.200+0000][6][gc,marking   ] GC(98) Concurrent Cleanup for Next Mark
[2021-04-21T09:35:52.203+0000][6][gc,marking   ] GC(98) Concurrent Cleanup for Next Mark 3.157ms
[2021-04-21T09:35:52.203+0000][6][gc           ] GC(98) Concurrent Cycle 501.702ms
[2021-04-21T09:35:52.271+0000][6][safepoint    ] Safepoint "BulkRevokeBias", Time since last: 70936346 ns, Reaching safepoint: 129820 ns, At safepoint: 236942 ns, Total: 366762 ns
[2021-04-21T09:35:52.289+0000][6][gc,start     ] GC(99) Pause Young (Normal) (G1 Evacuation Pause)
[2021-04-21T09:35:52.289+0000][6][gc,task      ] GC(99) Using 4 workers of 4 for evacuation
[2021-04-21T09:35:52.289+0000][6][gc,age       ] GC(99) Desired survivor size 2097152 bytes, new threshold 3 (max threshold 15)
[2021-04-21T09:35:52.298+0000][6][gc,age       ] GC(99) Age table with threshold 3 (max threshold 15)
[2021-04-21T09:35:52.299+0000][6][gc,age       ] GC(99) - age   1:     761304 bytes,     761304 total
[2021-04-21T09:35:52.299+0000][6][gc,age       ] GC(99) - age   2:     666208 bytes,    1427512 total
[2021-04-21T09:35:52.299+0000][6][gc,age       ] GC(99) - age   3:     492816 bytes,    1920328 total
[2021-04-21T09:35:52.299+0000][6][gc,phases    ] GC(99)   Pre Evacuate Collection Set: 0.1ms
[2021-04-21T09:35:52.299+0000][6][gc,phases    ] GC(99)   Merge Heap Roots: 0.2ms
[2021-04-21T09:35:52.299+0000][6][gc,phases    ] GC(99)   Evacuate Collection Set: 8.0ms
[2021-04-21T09:35:52.299+0000][6][gc,phases    ] GC(99)   Post Evacuate Collection Set: 1.1ms
[2021-04-21T09:35:52.299+0000][6][gc,phases    ] GC(99)   Other: 0.3ms
[2021-04-21T09:35:52.299+0000][6][gc,heap      ] GC(99) Eden regions: 22->0(24)
[2021-04-21T09:35:52.299+0000][6][gc,heap      ] GC(99) Survivor regions: 3->3(4)
[2021-04-21T09:35:52.299+0000][6][gc,heap      ] GC(99) Old regions: 62->63
[2021-04-21T09:35:52.299+0000][6][gc,heap      ] GC(99) Archive regions: 2->2
[2021-04-21T09:35:52.299+0000][6][gc,heap      ] GC(99) Humongous regions: 1->1
[2021-04-21T09:35:52.299+0000][6][gc,metaspace ] GC(99) Metaspace: 79302K(85936K)->79302K(85936K) NonClass: 68461K(72368K)->68461K(72368K) Class: 10840K(13568K)->10840K(13568K)
[2021-04-21T09:35:52.299+0000][6][gc           ] GC(99) Pause Young (Normal) (G1 Evacuation Pause) 88M->66M(128M) 9.792ms
[2021-04-21T09:35:52.299+0000][6][gc,cpu       ] GC(99) User=0.02s Sys=0.00s Real=0.01s
[2021-04-21T09:35:52.299+0000][6][safepoint    ] Safepoint "G1CollectForAllocation", Time since last: 17968130 ns, Reaching safepoint: 162384 ns, At safepoint: 9877719 ns, Total: 10040103 ns
[2021-04-21T09:35:52.710+0000][6][gc,start     ] GC(100) Pause Young (Concurrent Start) (G1 Humongous Allocation)
[2021-04-21T09:35:52.710+0000][6][gc,task      ] GC(100) Using 4 workers of 4 for evacuation
[2021-04-21T09:35:52.710+0000][6][gc,age       ] GC(100) Desired survivor size 2097152 bytes, new threshold 15 (max threshold 15)
[2021-04-21T09:35:52.726+0000][6][gc,age       ] GC(100) Age table with threshold 15 (max threshold 15)
[2021-04-21T09:35:52.726+0000][6][gc,age       ] GC(100) - age   1:     270232 bytes,     270232 total
[2021-04-21T09:35:52.726+0000][6][gc,age       ] GC(100) - age   2:     729200 bytes,     999432 total
[2021-04-21T09:35:52.726+0000][6][gc,age       ] GC(100) - age   3:     655456 bytes,    1654888 total
[2021-04-21T09:35:52.726+0000][6][gc,age       ] GC(100) - age   4:     492200 bytes,    2147088 total
[2021-04-21T09:35:52.727+0000][6][gc,phases    ] GC(100)   Pre Evacuate Collection Set: 0.6ms
[2021-04-21T09:35:52.727+0000][6][gc,phases    ] GC(100)   Merge Heap Roots: 0.1ms
[2021-04-21T09:35:52.727+0000][6][gc,phases    ] GC(100)   Evacuate Collection Set: 14.8ms
[2021-04-21T09:35:52.727+0000][6][gc,phases    ] GC(100)   Post Evacuate Collection Set: 0.7ms
[2021-04-21T09:35:52.727+0000][6][gc,phases    ] GC(100)   Other: 0.3ms
[2021-04-21T09:35:52.727+0000][6][gc,heap      ] GC(100) Eden regions: 19->0(24)
[2021-04-21T09:35:52.727+0000][6][gc,heap      ] GC(100) Survivor regions: 3->3(4)
[2021-04-21T09:35:52.727+0000][6][gc,heap      ] GC(100) Old regions: 63->63
[2021-04-21T09:35:52.727+0000][6][gc,heap      ] GC(100) Archive regions: 2->2
[2021-04-21T09:35:52.727+0000][6][gc,heap      ] GC(100) Humongous regions: 1->1
[2021-04-21T09:35:52.727+0000][6][gc,metaspace ] GC(100) Metaspace: 80030K(86704K)->80030K(86704K) NonClass: 69082K(73136K)->69082K(73136K) Class: 10948K(13568K)->10948K(13568K)
[2021-04-21T09:35:52.727+0000][6][gc           ] GC(100) Pause Young (Concurrent Start) (G1 Humongous Allocation) 84M->66M(128M) 16.649ms
[2021-04-21T09:35:52.727+0000][6][gc,cpu       ] GC(100) User=0.05s Sys=0.00s Real=0.02s
[2021-04-21T09:35:52.727+0000][6][gc           ] GC(101) Concurrent Cycle
[2021-04-21T09:35:52.727+0000][6][safepoint    ] Safepoint "G1TryInitiateConcMark", Time since last: 410993448 ns, Reaching safepoint: 200712 ns, At safepoint: 16729520 ns, Total: 16930232 ns
[2021-04-21T09:35:52.727+0000][6][gc,marking   ] GC(101) Concurrent Clear Claimed Marks
[2021-04-21T09:35:52.727+0000][6][gc,marking   ] GC(101) Concurrent Clear Claimed Marks 0.497ms
[2021-04-21T09:35:52.727+0000][6][gc,marking   ] GC(101) Concurrent Scan Root Regions
[2021-04-21T09:35:52.732+0000][6][gc,marking   ] GC(101) Concurrent Scan Root Regions 4.624ms
[2021-04-21T09:35:52.732+0000][6][gc,marking   ] GC(101) Concurrent Mark (28.759s)
[2021-04-21T09:35:52.732+0000][6][gc,marking   ] GC(101) Concurrent Mark From Roots
[2021-04-21T09:35:52.732+0000][6][gc,task      ] GC(101) Using 1 workers of 1 for marking
[2021-04-21T09:35:52.916+0000][6][safepoint    ] Safepoint "BulkRevokeBias", Time since last: 189205014 ns, Reaching safepoint: 116550 ns, At safepoint: 181189 ns, Total: 297739 ns
[2021-04-21T09:35:52.918+0000][6][gc,marking   ] GC(101) Concurrent Mark From Roots 186.469ms
[2021-04-21T09:35:52.918+0000][6][gc,marking   ] GC(101) Concurrent Preclean
[2021-04-21T09:35:52.920+0000][6][gc,marking   ] GC(101) Concurrent Preclean 1.718ms
[2021-04-21T09:35:52.920+0000][6][gc,marking   ] GC(101) Concurrent Mark (28.759s, 28.947s) 188.304ms
[2021-04-21T09:35:52.921+0000][6][gc,start     ] GC(101) Pause Remark
[2021-04-21T09:35:52.940+0000][6][gc           ] GC(101) Pause Remark 76M->76M(128M) 19.360ms
[2021-04-21T09:35:52.940+0000][6][gc,cpu       ] GC(101) User=0.03s Sys=0.00s Real=0.02s
[2021-04-21T09:35:52.940+0000][6][safepoint    ] Safepoint "G1Concurrent", Time since last: 4067674 ns, Reaching safepoint: 329739 ns, At safepoint: 19471053 ns, Total: 19800792 ns
[2021-04-21T09:35:52.941+0000][6][gc,marking   ] GC(101) Concurrent Rebuild Remembered Sets
[2021-04-21T09:35:53.222+0000][6][gc,marking   ] GC(101) Concurrent Rebuild Remembered Sets 280.774ms
[2021-04-21T09:35:53.225+0000][6][gc,start     ] GC(101) Pause Cleanup
[2021-04-21T09:35:53.225+0000][6][gc           ] GC(101) Pause Cleanup 84M->84M(128M) 0.215ms
[2021-04-21T09:35:53.225+0000][6][gc,cpu       ] GC(101) User=0.00s Sys=0.00s Real=0.00s
[2021-04-21T09:35:53.225+0000][6][safepoint    ] Safepoint "G1Concurrent", Time since last: 283600996 ns, Reaching safepoint: 957724 ns, At safepoint: 281811 ns, Total: 1239535 ns
[2021-04-21T09:35:53.225+0000][6][gc,marking   ] GC(101) Concurrent Cleanup for Next Mark
[2021-04-21T09:35:53.230+0000][6][gc,marking   ] GC(101) Concurrent Cleanup for Next Mark 5.267ms
[2021-04-21T09:35:53.230+0000][6][gc           ] GC(101) Concurrent Cycle 503.696ms
[2021-04-21T09:35:53.444+0000][6][gc,start     ] GC(102) Pause Young (Normal) (G1 Evacuation Pause)
[2021-04-21T09:35:53.444+0000][6][gc,task      ] GC(102) Using 4 workers of 4 for evacuation
[2021-04-21T09:35:53.444+0000][6][gc,age       ] GC(102) Desired survivor size 2097152 bytes, new threshold 4 (max threshold 15)
[2021-04-21T09:35:53.455+0000][6][gc,age       ] GC(102) Age table with threshold 4 (max threshold 15)
[2021-04-21T09:35:53.456+0000][6][gc,age       ] GC(102) - age   1:    1513720 bytes,    1513720 total
[2021-04-21T09:35:53.456+0000][6][gc,age       ] GC(102) - age   2:     248968 bytes,    1762688 total
[2021-04-21T09:35:53.457+0000][6][gc,age       ] GC(102) - age   3:     726768 bytes,    2489456 total
[2021-04-21T09:35:53.457+0000][6][gc,age       ] GC(102) - age   4:     649872 bytes,    3139328 total
[2021-04-21T09:35:53.457+0000][6][gc,phases    ] GC(102)   Pre Evacuate Collection Set: 0.1ms
[2021-04-21T09:35:53.457+0000][6][gc,phases    ] GC(102)   Merge Heap Roots: 0.1ms
[2021-04-21T09:35:53.457+0000][6][gc,phases    ] GC(102)   Evacuate Collection Set: 9.5ms
[2021-04-21T09:35:53.457+0000][6][gc,phases    ] GC(102)   Post Evacuate Collection Set: 1.6ms
[2021-04-21T09:35:53.457+0000][6][gc,phases    ] GC(102)   Other: 1.9ms
[2021-04-21T09:35:53.457+0000][6][gc,heap      ] GC(102) Eden regions: 24->0(15)
[2021-04-21T09:35:53.457+0000][6][gc,heap      ] GC(102) Survivor regions: 3->4(4)
[2021-04-21T09:35:53.457+0000][6][gc,heap      ] GC(102) Old regions: 63->64
[2021-04-21T09:35:53.457+0000][6][gc,heap      ] GC(102) Archive regions: 2->2
[2021-04-21T09:35:53.457+0000][6][gc,heap      ] GC(102) Humongous regions: 7->7
[2021-04-21T09:35:53.457+0000][6][gc,metaspace ] GC(102) Metaspace: 82390K(89136K)->82390K(89136K) NonClass: 71133K(75184K)->71133K(75184K) Class: 11256K(13952K)->11256K(13952K)
[2021-04-21T09:35:53.457+0000][6][gc           ] GC(102) Pause Young (Normal) (G1 Evacuation Pause) 96M->74M(128M) 13.356ms
[2021-04-21T09:35:53.457+0000][6][gc,cpu       ] GC(102) User=0.03s Sys=0.00s Real=0.01s
[2021-04-21T09:35:53.457+0000][6][safepoint    ] Safepoint "G1CollectForAllocation", Time since last: 218561349 ns, Reaching safepoint: 81699 ns, At safepoint: 13441641 ns, Total: 13523340 ns
[2021-04-21T09:35:53.657+0000][6][gc,start     ] GC(103) Pause Young (Concurrent Start) (G1 Evacuation Pause)
[2021-04-21T09:35:53.657+0000][6][gc,task      ] GC(103) Using 4 workers of 4 for evacuation
[2021-04-21T09:35:53.657+0000][6][gc,age       ] GC(103) Desired survivor size 1572864 bytes, new threshold 2 (max threshold 15)
[2021-04-21T09:35:53.668+0000][6][gc,age       ] GC(103) Age table with threshold 2 (max threshold 15)
[2021-04-21T09:35:53.668+0000][6][gc,age       ] GC(103) - age   1:      77368 bytes,      77368 total
[2021-04-21T09:35:53.668+0000][6][gc,age       ] GC(103) - age   2:    1489600 bytes,    1566968 total
[2021-04-21T09:35:53.668+0000][6][gc,phases    ] GC(103)   Pre Evacuate Collection Set: 0.5ms
[2021-04-21T09:35:53.668+0000][6][gc,phases    ] GC(103)   Merge Heap Roots: 0.2ms
[2021-04-21T09:35:53.668+0000][6][gc,phases    ] GC(103)   Evacuate Collection Set: 9.3ms
[2021-04-21T09:35:53.668+0000][6][gc,phases    ] GC(103)   Post Evacuate Collection Set: 0.5ms
[2021-04-21T09:35:53.668+0000][6][gc,phases    ] GC(103)   Other: 0.3ms
[2021-04-21T09:35:53.668+0000][6][gc,heap      ] GC(103) Eden regions: 15->0(18)
[2021-04-21T09:35:53.668+0000][6][gc,heap      ] GC(103) Survivor regions: 4->2(3)
[2021-04-21T09:35:53.668+0000][6][gc,heap      ] GC(103) Old regions: 64->65
[2021-04-21T09:35:53.668+0000][6][gc,heap      ] GC(103) Archive regions: 2->2
[2021-04-21T09:35:53.668+0000][6][gc,heap      ] GC(103) Humongous regions: 7->7
[2021-04-21T09:35:53.668+0000][6][gc,metaspace ] GC(103) Metaspace: 82554K(89264K)->82554K(89264K) NonClass: 71266K(75184K)->71266K(75184K) Class: 11288K(14080K)->11288K(14080K)
[2021-04-21T09:35:53.668+0000][6][gc           ] GC(103) Pause Young (Concurrent Start) (G1 Evacuation Pause) 89M->74M(128M) 11.053ms
[2021-04-21T09:35:53.668+0000][6][gc,cpu       ] GC(103) User=0.01s Sys=0.00s Real=0.02s
[2021-04-21T09:35:53.668+0000][6][safepoint    ] Safepoint "G1CollectForAllocation", Time since last: 198166648 ns, Reaching safepoint: 1918302 ns, At safepoint: 11166525 ns, Total: 13084827 ns
[2021-04-21T09:35:53.668+0000][6][gc           ] GC(104) Concurrent Cycle
[2021-04-21T09:35:53.668+0000][6][gc,marking   ] GC(104) Concurrent Clear Claimed Marks
[2021-04-21T09:35:53.669+0000][6][gc,marking   ] GC(104) Concurrent Clear Claimed Marks 0.444ms
[2021-04-21T09:35:53.669+0000][6][gc,marking   ] GC(104) Concurrent Scan Root Regions
[2021-04-21T09:35:53.674+0000][6][gc,marking   ] GC(104) Concurrent Scan Root Regions 5.586ms
[2021-04-21T09:35:53.675+0000][6][gc,marking   ] GC(104) Concurrent Mark (29.702s)
[2021-04-21T09:35:53.675+0000][6][gc,marking   ] GC(104) Concurrent Mark From Roots
[2021-04-21T09:35:53.675+0000][6][gc,task      ] GC(104) Using 1 workers of 1 for marking
[2021-04-21T09:35:53.834+0000][6][gc,marking   ] GC(104) Concurrent Mark From Roots 159.669ms
[2021-04-21T09:35:53.834+0000][6][gc,marking   ] GC(104) Concurrent Preclean
[2021-04-21T09:35:53.835+0000][6][gc,marking   ] GC(104) Concurrent Preclean 0.158ms
[2021-04-21T09:35:53.835+0000][6][gc,marking   ] GC(104) Concurrent Mark (29.702s, 29.861s) 159.991ms
[2021-04-21T09:35:53.835+0000][6][gc,start     ] GC(104) Pause Remark
[2021-04-21T09:35:53.844+0000][6][gc           ] GC(104) Pause Remark 74M->74M(128M) 9.512ms
[2021-04-21T09:35:53.844+0000][6][gc,cpu       ] GC(104) User=0.01s Sys=0.00s Real=0.01s
[2021-04-21T09:35:53.844+0000][6][safepoint    ] Safepoint "G1Concurrent", Time since last: 166428378 ns, Reaching safepoint: 86207 ns, At safepoint: 9652635 ns, Total: 9738842 ns
[2021-04-21T09:35:53.846+0000][6][gc,marking   ] GC(104) Concurrent Rebuild Remembered Sets
[2021-04-21T09:35:53.939+0000][6][gc,marking   ] GC(104) Concurrent Rebuild Remembered Sets 92.254ms
[2021-04-21T09:35:53.939+0000][6][gc,start     ] GC(104) Pause Cleanup
[2021-04-21T09:35:53.940+0000][6][gc           ] GC(104) Pause Cleanup 74M->74M(128M) 0.223ms
[2021-04-21T09:35:53.940+0000][6][gc,cpu       ] GC(104) User=0.00s Sys=0.00s Real=0.00s
[2021-04-21T09:35:53.940+0000][6][safepoint    ] Safepoint "G1Concurrent", Time since last: 94259803 ns, Reaching safepoint: 590176 ns, At safepoint: 292078 ns, Total: 882254 ns
[2021-04-21T09:35:53.940+0000][6][gc,marking   ] GC(104) Concurrent Cleanup for Next Mark
[2021-04-21T09:35:53.940+0000][6][gc,marking   ] GC(104) Concurrent Cleanup for Next Mark 0.361ms
[2021-04-21T09:35:53.940+0000][6][gc           ] GC(104) Concurrent Cycle 271.778ms
[2021-04-21T09:35:54.989+0000][6][safepoint    ] Safepoint "Cleanup", Time since last: 1049693342 ns, Reaching safepoint: 97539 ns, At safepoint: 11537 ns, Total: 109076 ns
[2021-04-21T09:35:55.990+0000][6][safepoint    ] Safepoint "Cleanup", Time since last: 1000134334 ns, Reaching safepoint: 80690 ns, At safepoint: 5332 ns, Total: 86022 ns
[2021-04-21T09:35:56.990+0000][6][safepoint    ] Safepoint "Cleanup", Time since last: 1000127536 ns, Reaching safepoint: 75075 ns, At safepoint: 3738 ns, Total: 78813 ns
[2021-04-21T09:35:57.990+0000][6][safepoint    ] Safepoint "Cleanup", Time since last: 1000133014 ns, Reaching safepoint: 70163 ns, At safepoint: 4208 ns, Total: 74371 ns
[2021-04-21T09:35:59.135+0000][6][safepoint    ] Safepoint "Cleanup", Time since last: 1145281584 ns, Reaching safepoint: 118065 ns, At safepoint: 4250 ns, Total: 122315 ns
[2021-04-21T09:36:00.136+0000][6][safepoint    ] Safepoint "Cleanup", Time since last: 1000135718 ns, Reaching safepoint: 69097 ns, At safepoint: 3035 ns, Total: 72132 ns
[2021-04-21T09:36:01.136+0000][6][safepoint    ] Safepoint "Cleanup", Time since last: 1000125567 ns, Reaching safepoint: 131577 ns, At safepoint: 3075 ns, Total: 134652 ns
[2021-04-21T09:36:02.136+0000][6][safepoint    ] Safepoint "Cleanup", Time since last: 1000126763 ns, Reaching safepoint: 102788 ns, At safepoint: 5497 ns, Total: 108285 ns
[2021-04-21T09:36:03.635+0000][6][safepoint    ] Safepoint "Cleanup", Time since last: 1499105993 ns, Reaching safepoint: 218088 ns, At safepoint: 7028 ns, Total: 225116 ns
[2021-04-21T09:36:03.691+0000][6][safepoint    ] Safepoint "BulkRevokeBias", Time since last: 55054841 ns, Reaching safepoint: 163971 ns, At safepoint: 260173 ns, Total: 424144 ns
[2021-04-21T09:36:03.705+0000][6][safepoint    ] Safepoint "BulkRevokeBias", Time since last: 13494869 ns, Reaching safepoint: 162974 ns, At safepoint: 230820 ns, Total: 393794 ns
[2021-04-21T09:36:03.711+0000][6][gc,start     ] GC(105) Pause Young (Normal) (G1 Evacuation Pause)
[2021-04-21T09:36:03.712+0000][6][gc,task      ] GC(105) Using 4 workers of 4 for evacuation
[2021-04-21T09:36:03.712+0000][6][gc,age       ] GC(105) Desired survivor size 1572864 bytes, new threshold 15 (max threshold 15)
[2021-04-21T09:36:03.724+0000][6][gc,age       ] GC(105) Age table with threshold 15 (max threshold 15)
[2021-04-21T09:36:03.724+0000][6][gc,age       ] GC(105) - age   1:     735728 bytes,     735728 total
[2021-04-21T09:36:03.725+0000][6][gc,age       ] GC(105) - age   2:      59656 bytes,     795384 total
[2021-04-21T09:36:03.725+0000][6][gc,age       ] GC(105) - age   3:    1486376 bytes,    2281760 total
[2021-04-21T09:36:03.725+0000][6][gc,phases    ] GC(105)   Pre Evacuate Collection Set: 0.1ms
[2021-04-21T09:36:03.725+0000][6][gc,phases    ] GC(105)   Merge Heap Roots: 0.1ms
[2021-04-21T09:36:03.725+0000][6][gc,phases    ] GC(105)   Evacuate Collection Set: 9.6ms
[2021-04-21T09:36:03.725+0000][6][gc,phases    ] GC(105)   Post Evacuate Collection Set: 1.0ms
[2021-04-21T09:36:03.725+0000][6][gc,phases    ] GC(105)   Other: 2.8ms
[2021-04-21T09:36:03.725+0000][6][gc,heap      ] GC(105) Eden regions: 18->0(16)
[2021-04-21T09:36:03.725+0000][6][gc,heap      ] GC(105) Survivor regions: 2->3(3)
[2021-04-21T09:36:03.725+0000][6][gc,heap      ] GC(105) Old regions: 65->65
[2021-04-21T09:36:03.725+0000][6][gc,heap      ] GC(105) Archive regions: 2->2
[2021-04-21T09:36:03.725+0000][6][gc,heap      ] GC(105) Humongous regions: 7->7
[2021-04-21T09:36:03.725+0000][6][gc,metaspace ] GC(105) Metaspace: 84163K(90928K)->84163K(90928K) NonClass: 72670K(76720K)->72670K(76720K) Class: 11492K(14208K)->11492K(14208K)
[2021-04-21T09:36:03.725+0000][6][gc           ] GC(105) Pause Young (Normal) (G1 Evacuation Pause) 92M->75M(128M) 13.709ms
[2021-04-21T09:36:03.725+0000][6][gc,cpu       ] GC(105) User=0.01s Sys=0.00s Real=0.01s
[2021-04-21T09:36:03.725+0000][6][safepoint    ] Safepoint "G1CollectForAllocation", Time since last: 6040767 ns, Reaching safepoint: 82483 ns, At safepoint: 13891695 ns, Total: 13974178 ns
[2021-04-21T09:36:03.987+0000][6][gc,start     ] GC(106) Pause Young (Concurrent Start) (G1 Evacuation Pause)
[2021-04-21T09:36:03.987+0000][6][gc,task      ] GC(106) Using 4 workers of 4 for evacuation
[2021-04-21T09:36:03.987+0000][6][gc,age       ] GC(106) Desired survivor size 1572864 bytes, new threshold 3 (max threshold 15)
[2021-04-21T09:36:04.016+0000][6][gc,age       ] GC(106) Age table with threshold 3 (max threshold 15)
[2021-04-21T09:36:04.016+0000][6][gc,age       ] GC(106) - age   1:      55112 bytes,      55112 total
[2021-04-21T09:36:04.016+0000][6][gc,age       ] GC(106) - age   2:     614152 bytes,     669264 total
[2021-04-21T09:36:04.016+0000][6][gc,age       ] GC(106) - age   3:      49888 bytes,     719152 total
[2021-04-21T09:36:04.016+0000][6][gc,phases    ] GC(106)   Pre Evacuate Collection Set: 0.6ms
[2021-04-21T09:36:04.016+0000][6][gc,phases    ] GC(106)   Merge Heap Roots: 0.1ms
[2021-04-21T09:36:04.016+0000][6][gc,phases    ] GC(106)   Evacuate Collection Set: 27.2ms
[2021-04-21T09:36:04.016+0000][6][gc,phases    ] GC(106)   Post Evacuate Collection Set: 1.3ms
[2021-04-21T09:36:04.016+0000][6][gc,phases    ] GC(106)   Other: 0.3ms
[2021-04-21T09:36:04.016+0000][6][gc,heap      ] GC(106) Eden regions: 16->0(17)
[2021-04-21T09:36:04.016+0000][6][gc,heap      ] GC(106) Survivor regions: 3->1(3)
[2021-04-21T09:36:04.016+0000][6][gc,heap      ] GC(106) Old regions: 65->67
[2021-04-21T09:36:04.016+0000][6][gc,heap      ] GC(106) Archive regions: 2->2
[2021-04-21T09:36:04.016+0000][6][gc,heap      ] GC(106) Humongous regions: 7->7
[2021-04-21T09:36:04.016+0000][6][gc,metaspace ] GC(106) Metaspace: 84244K(91056K)->84244K(91056K) NonClass: 72742K(76720K)->72742K(76720K) Class: 11502K(14336K)->11502K(14336K)
[2021-04-21T09:36:04.016+0000][6][gc           ] GC(106) Pause Young (Concurrent Start) (G1 Evacuation Pause) 91M->74M(128M) 29.701ms
[2021-04-21T09:36:04.016+0000][6][gc,cpu       ] GC(106) User=0.06s Sys=0.00s Real=0.02s
[2021-04-21T09:36:04.016+0000][6][gc           ] GC(107) Concurrent Cycle
[2021-04-21T09:36:04.016+0000][6][safepoint    ] Safepoint "G1CollectForAllocation", Time since last: 256936438 ns, Reaching safepoint: 4914469 ns, At safepoint: 29816964 ns, Total: 34731433 ns
[2021-04-21T09:36:04.017+0000][6][gc,marking   ] GC(107) Concurrent Clear Claimed Marks
[2021-04-21T09:36:04.017+0000][6][gc,marking   ] GC(107) Concurrent Clear Claimed Marks 0.444ms
[2021-04-21T09:36:04.017+0000][6][gc,marking   ] GC(107) Concurrent Scan Root Regions
[2021-04-21T09:36:04.023+0000][6][gc,marking   ] GC(107) Concurrent Scan Root Regions 6.415ms
[2021-04-21T09:36:04.023+0000][6][gc,marking   ] GC(107) Concurrent Mark (40.050s)
[2021-04-21T09:36:04.023+0000][6][gc,marking   ] GC(107) Concurrent Mark From Roots
[2021-04-21T09:36:04.023+0000][6][gc,task      ] GC(107) Using 1 workers of 1 for marking
[2021-04-21T09:36:04.227+0000][6][gc,marking   ] GC(107) Concurrent Mark From Roots 203.373ms
[2021-04-21T09:36:04.227+0000][6][gc,marking   ] GC(107) Concurrent Preclean
[2021-04-21T09:36:04.227+0000][6][gc,marking   ] GC(107) Concurrent Preclean 0.148ms
[2021-04-21T09:36:04.227+0000][6][gc,marking   ] GC(107) Concurrent Mark (40.050s, 40.254s) 203.589ms
[2021-04-21T09:36:04.227+0000][6][gc,start     ] GC(107) Pause Remark
[2021-04-21T09:36:04.234+0000][6][gc           ] GC(107) Pause Remark 75M->75M(128M) 6.372ms
[2021-04-21T09:36:04.234+0000][6][gc,cpu       ] GC(107) User=0.02s Sys=0.00s Real=0.00s
[2021-04-21T09:36:04.234+0000][6][safepoint    ] Safepoint "G1Concurrent", Time since last: 210573189 ns, Reaching safepoint: 157031 ns, At safepoint: 6463283 ns, Total: 6620314 ns
[2021-04-21T09:36:04.234+0000][6][gc,marking   ] GC(107) Concurrent Rebuild Remembered Sets
[2021-04-21T09:36:04.343+0000][6][gc,marking   ] GC(107) Concurrent Rebuild Remembered Sets 108.770ms
[2021-04-21T09:36:04.343+0000][6][gc,start     ] GC(107) Pause Cleanup
[2021-04-21T09:36:04.344+0000][6][gc           ] GC(107) Pause Cleanup 75M->75M(128M) 0.249ms
[2021-04-21T09:36:04.344+0000][6][gc,cpu       ] GC(107) User=0.00s Sys=0.00s Real=0.00s
[2021-04-21T09:36:04.344+0000][6][safepoint    ] Safepoint "G1Concurrent", Time since last: 108956868 ns, Reaching safepoint: 588736 ns, At safepoint: 323142 ns, Total: 911878 ns
[2021-04-21T09:36:04.344+0000][6][gc,marking   ] GC(107) Concurrent Cleanup for Next Mark
[2021-04-21T09:36:04.344+0000][6][gc,marking   ] GC(107) Concurrent Cleanup for Next Mark 0.387ms
[2021-04-21T09:36:04.344+0000][6][gc           ] GC(107) Concurrent Cycle 327.534ms
[2021-04-21T09:36:05.344+0000][6][safepoint    ] Safepoint "Cleanup", Time since last: 1000093019 ns, Reaching safepoint: 338841 ns, At safepoint: 10130 ns, Total: 348971 ns
[2021-04-21T09:36:06.195+0000][6][gc,start     ] GC(108) Pause Young (Normal) (G1 Evacuation Pause)
[2021-04-21T09:36:06.195+0000][6][gc,task      ] GC(108) Using 4 workers of 4 for evacuation
[2021-04-21T09:36:06.195+0000][6][gc,age       ] GC(108) Desired survivor size 1572864 bytes, new threshold 15 (max threshold 15)
[2021-04-21T09:36:06.198+0000][6][gc,age       ] GC(108) Age table with threshold 15 (max threshold 15)
[2021-04-21T09:36:06.198+0000][6][gc,age       ] GC(108) - age   1:     254008 bytes,     254008 total
[2021-04-21T09:36:06.198+0000][6][gc,age       ] GC(108) - age   2:      32816 bytes,     286824 total
[2021-04-21T09:36:06.198+0000][6][gc,age       ] GC(108) - age   3:     506408 bytes,     793232 total
[2021-04-21T09:36:06.198+0000][6][gc,age       ] GC(108) - age   4:      46848 bytes,     840080 total
[2021-04-21T09:36:06.198+0000][6][gc,phases    ] GC(108)   Pre Evacuate Collection Set: 0.1ms
[2021-04-21T09:36:06.198+0000][6][gc,phases    ] GC(108)   Merge Heap Roots: 0.1ms
[2021-04-21T09:36:06.198+0000][6][gc,phases    ] GC(108)   Evacuate Collection Set: 2.9ms
[2021-04-21T09:36:06.198+0000][6][gc,phases    ] GC(108)   Post Evacuate Collection Set: 0.6ms
[2021-04-21T09:36:06.199+0000][6][gc,phases    ] GC(108)   Other: 0.3ms
[2021-04-21T09:36:06.199+0000][6][gc,heap      ] GC(108) Eden regions: 17->0(17)
[2021-04-21T09:36:06.199+0000][6][gc,heap      ] GC(108) Survivor regions: 1->1(3)
[2021-04-21T09:36:06.199+0000][6][gc,heap      ] GC(108) Old regions: 67->67
[2021-04-21T09:36:06.199+0000][6][gc,heap      ] GC(108) Archive regions: 2->2
[2021-04-21T09:36:06.199+0000][6][gc,heap      ] GC(108) Humongous regions: 7->7
[2021-04-21T09:36:06.199+0000][6][gc,metaspace ] GC(108) Metaspace: 84481K(91312K)->84481K(91312K) NonClass: 72948K(76976K)->72948K(76976K) Class: 11532K(14336K)->11532K(14336K)
[2021-04-21T09:36:06.199+0000][6][gc           ] GC(108) Pause Young (Normal) (G1 Evacuation Pause) 91M->75M(128M) 4.040ms
[2021-04-21T09:36:06.199+0000][6][gc,cpu       ] GC(108) User=0.01s Sys=0.00s Real=0.01s
[2021-04-21T09:36:06.199+0000][6][safepoint    ] Safepoint "G1CollectForAllocation", Time since last: 850314119 ns, Reaching safepoint: 203915 ns, At safepoint: 4124546 ns, Total: 4328461 ns
[2021-04-21T09:36:06.393+0000][6][gc,start     ] GC(109) Pause Young (Concurrent Start) (G1 Evacuation Pause)
[2021-04-21T09:36:06.393+0000][6][gc,task      ] GC(109) Using 4 workers of 4 for evacuation
[2021-04-21T09:36:06.393+0000][6][gc,age       ] GC(109) Desired survivor size 1572864 bytes, new threshold 15 (max threshold 15)
[2021-04-21T09:36:06.400+0000][6][gc,age       ] GC(109) Age table with threshold 15 (max threshold 15)
[2021-04-21T09:36:06.400+0000][6][gc,age       ] GC(109) - age   1:     319136 bytes,     319136 total
[2021-04-21T09:36:06.400+0000][6][gc,age       ] GC(109) - age   2:     113008 bytes,     432144 total
[2021-04-21T09:36:06.400+0000][6][gc,age       ] GC(109) - age   3:      20872 bytes,     453016 total
[2021-04-21T09:36:06.400+0000][6][gc,age       ] GC(109) - age   4:     506280 bytes,     959296 total
[2021-04-21T09:36:06.400+0000][6][gc,age       ] GC(109) - age   5:      46848 bytes,    1006144 total
[2021-04-21T09:36:06.400+0000][6][gc,phases    ] GC(109)   Pre Evacuate Collection Set: 0.5ms
[2021-04-21T09:36:06.400+0000][6][gc,phases    ] GC(109)   Merge Heap Roots: 0.1ms
[2021-04-21T09:36:06.400+0000][6][gc,phases    ] GC(109)   Evacuate Collection Set: 5.3ms
[2021-04-21T09:36:06.400+0000][6][gc,phases    ] GC(109)   Post Evacuate Collection Set: 1.2ms
[2021-04-21T09:36:06.400+0000][6][gc,phases    ] GC(109)   Other: 0.3ms
[2021-04-21T09:36:06.400+0000][6][gc,heap      ] GC(109) Eden regions: 17->0(16)
[2021-04-21T09:36:06.400+0000][6][gc,heap      ] GC(109) Survivor regions: 1->2(3)
[2021-04-21T09:36:06.400+0000][6][gc,heap      ] GC(109) Old regions: 67->67
[2021-04-21T09:36:06.400+0000][6][gc,heap      ] GC(109) Archive regions: 2->2
[2021-04-21T09:36:06.400+0000][6][gc,heap      ] GC(109) Humongous regions: 7->7
[2021-04-21T09:36:06.400+0000][6][gc,metaspace ] GC(109) Metaspace: 84967K(91952K)->84967K(91952K) NonClass: 73353K(77488K)->73353K(77488K) Class: 11614K(14464K)->11614K(14464K)
[2021-04-21T09:36:06.400+0000][6][gc           ] GC(109) Pause Young (Concurrent Start) (G1 Evacuation Pause) 92M->75M(128M) 7.489ms
[2021-04-21T09:36:06.400+0000][6][gc,cpu       ] GC(109) User=0.01s Sys=0.00s Real=0.01s
[2021-04-21T09:36:06.400+0000][6][gc           ] GC(110) Concurrent Cycle
[2021-04-21T09:36:06.400+0000][6][safepoint    ] Safepoint "G1CollectForAllocation", Time since last: 193762549 ns, Reaching safepoint: 83474 ns, At safepoint: 7573381 ns, Total: 7656855 ns
[2021-04-21T09:36:06.400+0000][6][gc,marking   ] GC(110) Concurrent Clear Claimed Marks
[2021-04-21T09:36:06.401+0000][6][gc,marking   ] GC(110) Concurrent Clear Claimed Marks 0.446ms
[2021-04-21T09:36:06.401+0000][6][gc,marking   ] GC(110) Concurrent Scan Root Regions
[2021-04-21T09:36:06.403+0000][6][gc,marking   ] GC(110) Concurrent Scan Root Regions 2.181ms
[2021-04-21T09:36:06.403+0000][6][gc,marking   ] GC(110) Concurrent Mark (42.430s)
[2021-04-21T09:36:06.403+0000][6][gc,marking   ] GC(110) Concurrent Mark From Roots
[2021-04-21T09:36:06.403+0000][6][gc,task      ] GC(110) Using 1 workers of 1 for marking
[2021-04-21T09:36:06.437+0000][6][safepoint    ] Safepoint "BulkRevokeBias", Time since last: 36369403 ns, Reaching safepoint: 87423 ns, At safepoint: 217285 ns, Total: 304708 ns
[2021-04-21T09:36:06.552+0000][6][gc,start     ] GC(111) Pause Young (Normal) (G1 Evacuation Pause)
[2021-04-21T09:36:06.552+0000][6][gc,task      ] GC(111) Using 4 workers of 4 for evacuation
[2021-04-21T09:36:06.552+0000][6][gc,age       ] GC(111) Desired survivor size 1572864 bytes, new threshold 15 (max threshold 15)
[2021-04-21T09:36:06.557+0000][6][gc,age       ] GC(111) Age table with threshold 15 (max threshold 15)
[2021-04-21T09:36:06.557+0000][6][gc,age       ] GC(111) - age   1:     276096 bytes,     276096 total
[2021-04-21T09:36:06.557+0000][6][gc,age       ] GC(111) - age   2:     283960 bytes,     560056 total
[2021-04-21T09:36:06.557+0000][6][gc,age       ] GC(111) - age   3:     108576 bytes,     668632 total
[2021-04-21T09:36:06.557+0000][6][gc,age       ] GC(111) - age   4:      20848 bytes,     689480 total
[2021-04-21T09:36:06.557+0000][6][gc,age       ] GC(111) - age   5:     506280 bytes,    1195760 total
[2021-04-21T09:36:06.557+0000][6][gc,age       ] GC(111) - age   6:      44952 bytes,    1240712 total
[2021-04-21T09:36:06.557+0000][6][gc,phases    ] GC(111)   Pre Evacuate Collection Set: 0.0ms
[2021-04-21T09:36:06.557+0000][6][gc,phases    ] GC(111)   Merge Heap Roots: 0.1ms
[2021-04-21T09:36:06.557+0000][6][gc,phases    ] GC(111)   Evacuate Collection Set: 4.3ms
[2021-04-21T09:36:06.558+0000][6][gc,phases    ] GC(111)   Post Evacuate Collection Set: 0.7ms
[2021-04-21T09:36:06.558+0000][6][gc,phases    ] GC(111)   Other: 0.3ms
[2021-04-21T09:36:06.558+0000][6][gc,heap      ] GC(111) Eden regions: 16->0(16)
[2021-04-21T09:36:06.558+0000][6][gc,heap      ] GC(111) Survivor regions: 2->2(3)
[2021-04-21T09:36:06.558+0000][6][gc,heap      ] GC(111) Old regions: 67->67
[2021-04-21T09:36:06.558+0000][6][gc,heap      ] GC(111) Archive regions: 2->2
[2021-04-21T09:36:06.558+0000][6][gc,heap      ] GC(111) Humongous regions: 7->7
[2021-04-21T09:36:06.558+0000][6][gc,metaspace ] GC(111) Metaspace: 85041K(91952K)->85041K(91952K) NonClass: 73419K(77488K)->73419K(77488K) Class: 11621K(14464K)->11621K(14464K)
[2021-04-21T09:36:06.558+0000][6][gc           ] GC(111) Pause Young (Normal) (G1 Evacuation Pause) 91M->75M(128M) 5.446ms
[2021-04-21T09:36:06.558+0000][6][gc,cpu       ] GC(111) User=0.01s Sys=0.00s Real=0.00s
[2021-04-21T09:36:06.558+0000][6][safepoint    ] Safepoint "G1CollectForAllocation", Time since last: 115235652 ns, Reaching safepoint: 186626 ns, At safepoint: 5524238 ns, Total: 5710864 ns
[2021-04-21T09:36:06.579+0000][6][gc,marking   ] GC(110) Concurrent Mark From Roots 176.015ms
[2021-04-21T09:36:06.579+0000][6][gc,marking   ] GC(110) Concurrent Preclean
[2021-04-21T09:36:06.579+0000][6][gc,marking   ] GC(110) Concurrent Preclean 0.151ms
[2021-04-21T09:36:06.579+0000][6][gc,marking   ] GC(110) Concurrent Mark (42.430s, 42.606s) 176.259ms
[2021-04-21T09:36:06.579+0000][6][gc,start     ] GC(110) Pause Remark
[2021-04-21T09:36:06.592+0000][6][gc           ] GC(110) Pause Remark 77M->77M(128M) 12.397ms
[2021-04-21T09:36:06.592+0000][6][gc,cpu       ] GC(110) User=0.01s Sys=0.00s Real=0.01s
[2021-04-21T09:36:06.592+0000][6][safepoint    ] Safepoint "G1Concurrent", Time since last: 21399955 ns, Reaching safepoint: 79661 ns, At safepoint: 12475380 ns, Total: 12555041 ns
[2021-04-21T09:36:06.592+0000][6][gc,marking   ] GC(110) Concurrent Rebuild Remembered Sets
[2021-04-21T09:36:06.663+0000][6][safepoint    ] Safepoint "BulkRevokeBias", Time since last: 70091081 ns, Reaching safepoint: 509026 ns, At safepoint: 312287 ns, Total: 821313 ns
[2021-04-21T09:36:06.718+0000][6][gc,marking   ] GC(110) Concurrent Rebuild Remembered Sets 126.797ms
[2021-04-21T09:36:06.719+0000][6][gc,start     ] GC(110) Pause Cleanup
[2021-04-21T09:36:06.720+0000][6][gc           ] GC(110) Pause Cleanup 84M->84M(128M) 0.454ms
[2021-04-21T09:36:06.720+0000][6][gc,cpu       ] GC(110) User=0.00s Sys=0.00s Real=0.00s
[2021-04-21T09:36:06.720+0000][6][safepoint    ] Safepoint "G1Concurrent", Time since last: 55980894 ns, Reaching safepoint: 633064 ns, At safepoint: 548123 ns, Total: 1181187 ns
[2021-04-21T09:36:06.720+0000][6][gc,marking   ] GC(110) Concurrent Cleanup for Next Mark
[2021-04-21T09:36:06.720+0000][6][gc,marking   ] GC(110) Concurrent Cleanup for Next Mark 0.663ms
[2021-04-21T09:36:06.720+0000][6][gc           ] GC(110) Concurrent Cycle 320.401ms
[2021-04-21T09:36:06.767+0000][6][gc,start     ] GC(112) Pause Young (Normal) (G1 Evacuation Pause)
[2021-04-21T09:36:06.767+0000][6][gc,task      ] GC(112) Using 4 workers of 4 for evacuation
[2021-04-21T09:36:06.767+0000][6][gc,age       ] GC(112) Desired survivor size 1572864 bytes, new threshold 15 (max threshold 15)
[2021-04-21T09:36:06.773+0000][6][gc,age       ] GC(112) Age table with threshold 15 (max threshold 15)
[2021-04-21T09:36:06.774+0000][6][gc,age       ] GC(112) - age   1:     871080 bytes,     871080 total
[2021-04-21T09:36:06.774+0000][6][gc,age       ] GC(112) - age   2:     246168 bytes,    1117248 total
[2021-04-21T09:36:06.774+0000][6][gc,age       ] GC(112) - age   3:     219464 bytes,    1336712 total
[2021-04-21T09:36:06.774+0000][6][gc,age       ] GC(112) - age   4:     108448 bytes,    1445160 total
[2021-04-21T09:36:06.774+0000][6][gc,age       ] GC(112) - age   5:      20848 bytes,    1466008 total
[2021-04-21T09:36:06.774+0000][6][gc,age       ] GC(112) - age   6:     506280 bytes,    1972288 total
[2021-04-21T09:36:06.774+0000][6][gc,age       ] GC(112) - age   7:      44952 bytes,    2017240 total
[2021-04-21T09:36:06.774+0000][6][gc,phases    ] GC(112)   Pre Evacuate Collection Set: 0.0ms
[2021-04-21T09:36:06.774+0000][6][gc,phases    ] GC(112)   Merge Heap Roots: 0.2ms
[2021-04-21T09:36:06.774+0000][6][gc,phases    ] GC(112)   Evacuate Collection Set: 5.4ms
[2021-04-21T09:36:06.774+0000][6][gc,phases    ] GC(112)   Post Evacuate Collection Set: 0.6ms
[2021-04-21T09:36:06.774+0000][6][gc,phases    ] GC(112)   Other: 0.3ms
[2021-04-21T09:36:06.774+0000][6][gc,heap      ] GC(112) Eden regions: 16->0(14)
[2021-04-21T09:36:06.774+0000][6][gc,heap      ] GC(112) Survivor regions: 2->3(3)
[2021-04-21T09:36:06.774+0000][6][gc,heap      ] GC(112) Old regions: 67->67
[2021-04-21T09:36:06.774+0000][6][gc,heap      ] GC(112) Archive regions: 2->2
[2021-04-21T09:36:06.774+0000][6][gc,heap      ] GC(112) Humongous regions: 7->7
[2021-04-21T09:36:06.774+0000][6][gc,metaspace ] GC(112) Metaspace: 86509K(93488K)->86509K(93488K) NonClass: 74671K(78768K)->74671K(78768K) Class: 11838K(14720K)->11838K(14720K)
[2021-04-21T09:36:06.774+0000][6][gc           ] GC(112) Pause Young (Normal) (G1 Evacuation Pause) 91M->76M(128M) 6.622ms
[2021-04-21T09:36:06.774+0000][6][gc,cpu       ] GC(112) User=0.01s Sys=0.00s Real=0.00s
[2021-04-21T09:36:06.774+0000][6][safepoint    ] Safepoint "G1CollectForAllocation", Time since last: 44070085 ns, Reaching safepoint: 3303344 ns, At safepoint: 6712030 ns, Total: 10015374 ns
[2021-04-21T09:36:06.859+0000][6][gc,start     ] GC(113) Pause Young (Concurrent Start) (G1 Evacuation Pause)
[2021-04-21T09:36:06.859+0000][6][gc,task      ] GC(113) Using 4 workers of 4 for evacuation
[2021-04-21T09:36:06.859+0000][6][gc,age       ] GC(113) Desired survivor size 1572864 bytes, new threshold 6 (max threshold 15)
[2021-04-21T09:36:06.866+0000][6][gc,age       ] GC(113) Age table with threshold 6 (max threshold 15)
[2021-04-21T09:36:06.866+0000][6][gc,age       ] GC(113) - age   1:     397696 bytes,     397696 total
[2021-04-21T09:36:06.866+0000][6][gc,age       ] GC(113) - age   2:     375664 bytes,     773360 total
[2021-04-21T09:36:06.866+0000][6][gc,age       ] GC(113) - age   3:     243016 bytes,    1016376 total
[2021-04-21T09:36:06.866+0000][6][gc,age       ] GC(113) - age   4:     214440 bytes,    1230816 total
[2021-04-21T09:36:06.866+0000][6][gc,age       ] GC(113) - age   5:     108376 bytes,    1339192 total
[2021-04-21T09:36:06.866+0000][6][gc,age       ] GC(113) - age   6:      20848 bytes,    1360040 total
[2021-04-21T09:36:06.866+0000][6][gc,phases    ] GC(113)   Pre Evacuate Collection Set: 0.5ms
[2021-04-21T09:36:06.866+0000][6][gc,phases    ] GC(113)   Merge Heap Roots: 0.2ms
[2021-04-21T09:36:06.866+0000][6][gc,phases    ] GC(113)   Evacuate Collection Set: 5.1ms
[2021-04-21T09:36:06.866+0000][6][gc,phases    ] GC(113)   Post Evacuate Collection Set: 0.5ms
[2021-04-21T09:36:06.866+0000][6][gc,phases    ] GC(113)   Other: 0.2ms
[2021-04-21T09:36:06.866+0000][6][gc,heap      ] GC(113) Eden regions: 14->0(16)
[2021-04-21T09:36:06.866+0000][6][gc,heap      ] GC(113) Survivor regions: 3->2(3)
[2021-04-21T09:36:06.866+0000][6][gc,heap      ] GC(113) Old regions: 67->67
[2021-04-21T09:36:06.866+0000][6][gc,heap      ] GC(113) Archive regions: 2->2
[2021-04-21T09:36:06.866+0000][6][gc,heap      ] GC(113) Humongous regions: 7->7
[2021-04-21T09:36:06.866+0000][6][gc,metaspace ] GC(113) Metaspace: 86815K(93744K)->86815K(93744K) NonClass: 74931K(79024K)->74931K(79024K) Class: 11884K(14720K)->11884K(14720K)
[2021-04-21T09:36:06.866+0000][6][gc           ] GC(113) Pause Young (Concurrent Start) (G1 Evacuation Pause) 90M->76M(128M) 6.684ms
[2021-04-21T09:36:06.866+0000][6][gc,cpu       ] GC(113) User=0.01s Sys=0.00s Real=0.00s
[2021-04-21T09:36:06.866+0000][6][gc           ] GC(114) Concurrent Cycle
[2021-04-21T09:36:06.866+0000][6][safepoint    ] Safepoint "G1CollectForAllocation", Time since last: 85092405 ns, Reaching safepoint: 107376 ns, At safepoint: 6849960 ns, Total: 6957336 ns
[2021-04-21T09:36:06.866+0000][6][gc,marking   ] GC(114) Concurrent Clear Claimed Marks
[2021-04-21T09:36:06.866+0000][6][gc,marking   ] GC(114) Concurrent Clear Claimed Marks 0.433ms
[2021-04-21T09:36:06.866+0000][6][gc,marking   ] GC(114) Concurrent Scan Root Regions
[2021-04-21T09:36:06.872+0000][6][gc,marking   ] GC(114) Concurrent Scan Root Regions 5.263ms
[2021-04-21T09:36:06.872+0000][6][gc,marking   ] GC(114) Concurrent Mark (42.898s)
[2021-04-21T09:36:06.872+0000][6][gc,marking   ] GC(114) Concurrent Mark From Roots
[2021-04-21T09:36:06.872+0000][6][gc,task      ] GC(114) Using 1 workers of 1 for marking
[2021-04-21T09:36:06.970+0000][6][gc,start     ] GC(115) Pause Young (Normal) (G1 Evacuation Pause)
[2021-04-21T09:36:06.970+0000][6][gc,task      ] GC(115) Using 4 workers of 4 for evacuation
[2021-04-21T09:36:06.970+0000][6][gc,age       ] GC(115) Desired survivor size 1572864 bytes, new threshold 15 (max threshold 15)
[2021-04-21T09:36:06.976+0000][6][gc,age       ] GC(115) Age table with threshold 15 (max threshold 15)
[2021-04-21T09:36:06.976+0000][6][gc,age       ] GC(115) - age   1:     853624 bytes,     853624 total
[2021-04-21T09:36:06.976+0000][6][gc,age       ] GC(115) - age   2:     154544 bytes,    1008168 total
[2021-04-21T09:36:06.976+0000][6][gc,age       ] GC(115) - age   3:     325752 bytes,    1333920 total
[2021-04-21T09:36:06.976+0000][6][gc,age       ] GC(115) - age   4:     242920 bytes,    1576840 total
[2021-04-21T09:36:06.976+0000][6][gc,age       ] GC(115) - age   5:     214208 bytes,    1791048 total
[2021-04-21T09:36:06.976+0000][6][gc,age       ] GC(115) - age   6:     101936 bytes,    1892984 total
[2021-04-21T09:36:06.976+0000][6][gc,age       ] GC(115) - age   7:      20824 bytes,    1913808 total
[2021-04-21T09:36:06.976+0000][6][gc,phases    ] GC(115)   Pre Evacuate Collection Set: 0.1ms
[2021-04-21T09:36:06.976+0000][6][gc,phases    ] GC(115)   Merge Heap Roots: 0.1ms
[2021-04-21T09:36:06.976+0000][6][gc,phases    ] GC(115)   Evacuate Collection Set: 5.0ms
[2021-04-21T09:36:06.976+0000][6][gc,phases    ] GC(115)   Post Evacuate Collection Set: 0.9ms
[2021-04-21T09:36:06.976+0000][6][gc,phases    ] GC(115)   Other: 0.3ms
[2021-04-21T09:36:06.976+0000][6][gc,heap      ] GC(115) Eden regions: 16->0(16)
[2021-04-21T09:36:06.976+0000][6][gc,heap      ] GC(115) Survivor regions: 2->2(3)
[2021-04-21T09:36:06.976+0000][6][gc,heap      ] GC(115) Old regions: 67->67
[2021-04-21T09:36:06.976+0000][6][gc,heap      ] GC(115) Archive regions: 2->2
[2021-04-21T09:36:06.976+0000][6][gc,heap      ] GC(115) Humongous regions: 7->7
[2021-04-21T09:36:06.976+0000][6][gc,metaspace ] GC(115) Metaspace: 87268K(94384K)->87268K(94384K) NonClass: 75303K(79536K)->75303K(79536K) Class: 11964K(14848K)->11964K(14848K)
[2021-04-21T09:36:06.976+0000][6][gc           ] GC(115) Pause Young (Normal) (G1 Evacuation Pause) 91M->76M(128M) 6.430ms
[2021-04-21T09:36:06.976+0000][6][gc,cpu       ] GC(115) User=0.01s Sys=0.00s Real=0.00s
[2021-04-21T09:36:06.976+0000][6][safepoint    ] Safepoint "G1CollectForAllocation", Time since last: 103543781 ns, Reaching safepoint: 209674 ns, At safepoint: 6524947 ns, Total: 6734621 ns
[2021-04-21T09:36:07.079+0000][6][gc,start     ] GC(116) Pause Young (Normal) (G1 Evacuation Pause)
[2021-04-21T09:36:07.079+0000][6][gc,task      ] GC(116) Using 4 workers of 4 for evacuation
[2021-04-21T09:36:07.079+0000][6][gc,age       ] GC(116) Desired survivor size 1572864 bytes, new threshold 4 (max threshold 15)
[2021-04-21T09:36:07.084+0000][6][gc,age       ] GC(116) Age table with threshold 4 (max threshold 15)
[2021-04-21T09:36:07.084+0000][6][gc,age       ] GC(116) - age   1:     278824 bytes,     278824 total
[2021-04-21T09:36:07.084+0000][6][gc,age       ] GC(116) - age   2:     378048 bytes,     656872 total
[2021-04-21T09:36:07.084+0000][6][gc,age       ] GC(116) - age   3:     152696 bytes,     809568 total
[2021-04-21T09:36:07.084+0000][6][gc,age       ] GC(116) - age   4:     324840 bytes,    1134408 total
[2021-04-21T09:36:07.084+0000][6][gc,phases    ] GC(116)   Pre Evacuate Collection Set: 0.0ms
[2021-04-21T09:36:07.084+0000][6][gc,phases    ] GC(116)   Merge Heap Roots: 0.1ms
[2021-04-21T09:36:07.084+0000][6][gc,phases    ] GC(116)   Evacuate Collection Set: 4.6ms
[2021-04-21T09:36:07.084+0000][6][gc,phases    ] GC(116)   Post Evacuate Collection Set: 0.6ms
[2021-04-21T09:36:07.084+0000][6][gc,phases    ] GC(116)   Other: 0.3ms
[2021-04-21T09:36:07.084+0000][6][gc,heap      ] GC(116) Eden regions: 16->0(15)
[2021-04-21T09:36:07.084+0000][6][gc,heap      ] GC(116) Survivor regions: 2->2(3)
[2021-04-21T09:36:07.084+0000][6][gc,heap      ] GC(116) Old regions: 67->68
[2021-04-21T09:36:07.084+0000][6][gc,heap      ] GC(116) Archive regions: 2->2
[2021-04-21T09:36:07.084+0000][6][gc,heap      ] GC(116) Humongous regions: 7->7
[2021-04-21T09:36:07.084+0000][6][gc,metaspace ] GC(116) Metaspace: 87443K(94384K)->87443K(94384K) NonClass: 75451K(79536K)->75451K(79536K) Class: 11992K(14848K)->11992K(14848K)
[2021-04-21T09:36:07.084+0000][6][gc           ] GC(116) Pause Young (Normal) (G1 Evacuation Pause) 92M->76M(128M) 5.741ms
[2021-04-21T09:36:07.084+0000][6][gc,cpu       ] GC(116) User=0.01s Sys=0.00s Real=0.00s
[2021-04-21T09:36:07.084+0000][6][safepoint    ] Safepoint "G1CollectForAllocation", Time since last: 101997216 ns, Reaching safepoint: 402028 ns, At safepoint: 5837316 ns, Total: 6239344 ns
[2021-04-21T09:36:07.205+0000][6][gc,marking   ] GC(114) Concurrent Mark From Roots 333.445ms
[2021-04-21T09:36:07.205+0000][6][gc,marking   ] GC(114) Concurrent Preclean
[2021-04-21T09:36:07.205+0000][6][gc,marking   ] GC(114) Concurrent Preclean 0.193ms
[2021-04-21T09:36:07.205+0000][6][gc,marking   ] GC(114) Concurrent Mark (42.898s, 43.232s) 333.734ms
[2021-04-21T09:36:07.206+0000][6][gc,start     ] GC(114) Pause Remark
[2021-04-21T09:36:07.213+0000][6][gc           ] GC(114) Pause Remark 91M->91M(128M) 6.894ms
[2021-04-21T09:36:07.213+0000][6][gc,cpu       ] GC(114) User=0.01s Sys=0.00s Real=0.01s
[2021-04-21T09:36:07.213+0000][6][safepoint    ] Safepoint "G1Concurrent", Time since last: 121673408 ns, Reaching safepoint: 116150 ns, At safepoint: 6994784 ns, Total: 7110934 ns
[2021-04-21T09:36:07.213+0000][6][gc,marking   ] GC(114) Concurrent Rebuild Remembered Sets
[2021-04-21T09:36:07.225+0000][6][gc,start     ] GC(117) Pause Young (Normal) (G1 Evacuation Pause)
[2021-04-21T09:36:07.225+0000][6][gc,task      ] GC(117) Using 4 workers of 4 for evacuation
[2021-04-21T09:36:07.225+0000][6][gc,age       ] GC(117) Desired survivor size 1572864 bytes, new threshold 15 (max threshold 15)
[2021-04-21T09:36:07.245+0000][6][gc,age       ] GC(117) Age table with threshold 15 (max threshold 15)
[2021-04-21T09:36:07.245+0000][6][gc,age       ] GC(117) - age   1:     406800 bytes,     406800 total
[2021-04-21T09:36:07.245+0000][6][gc,age       ] GC(117) - age   2:     181664 bytes,     588464 total
[2021-04-21T09:36:07.245+0000][6][gc,age       ] GC(117) - age   3:     376960 bytes,     965424 total
[2021-04-21T09:36:07.245+0000][6][gc,age       ] GC(117) - age   4:     152680 bytes,    1118104 total
[2021-04-21T09:36:07.245+0000][6][gc,age       ] GC(117) - age   5:     320208 bytes,    1438312 total
[2021-04-21T09:36:07.245+0000][6][gc,phases    ] GC(117)   Pre Evacuate Collection Set: 0.7ms
[2021-04-21T09:36:07.245+0000][6][gc,phases    ] GC(117)   Merge Heap Roots: 0.3ms
[2021-04-21T09:36:07.245+0000][6][gc,phases    ] GC(117)   Evacuate Collection Set: 16.4ms
[2021-04-21T09:36:07.245+0000][6][gc,phases    ] GC(117)   Post Evacuate Collection Set: 3.0ms
[2021-04-21T09:36:07.246+0000][6][gc,phases    ] GC(117)   Other: 0.3ms
[2021-04-21T09:36:07.246+0000][6][gc,heap      ] GC(117) Eden regions: 15->0(15)
[2021-04-21T09:36:07.246+0000][6][gc,heap      ] GC(117) Survivor regions: 2->2(3)
[2021-04-21T09:36:07.246+0000][6][gc,heap      ] GC(117) Old regions: 68->68
[2021-04-21T09:36:07.246+0000][6][gc,heap      ] GC(117) Archive regions: 2->2
[2021-04-21T09:36:07.246+0000][6][gc,heap      ] GC(117) Humongous regions: 7->7
[2021-04-21T09:36:07.246+0000][6][gc,metaspace ] GC(117) Metaspace: 87564K(94640K)->87564K(94640K) NonClass: 75562K(79792K)->75562K(79792K) Class: 12001K(14848K)->12001K(14848K)
[2021-04-21T09:36:07.246+0000][6][gc           ] GC(117) Pause Young (Normal) (G1 Evacuation Pause) 91M->76M(128M) 20.729ms
[2021-04-21T09:36:07.246+0000][6][gc,cpu       ] GC(117) User=0.05s Sys=0.00s Real=0.02s
[2021-04-21T09:36:07.246+0000][6][safepoint    ] Safepoint "G1CollectForAllocation", Time since last: 10772604 ns, Reaching safepoint: 919627 ns, At safepoint: 20819190 ns, Total: 21738817 ns
[2021-04-21T09:36:07.375+0000][6][gc,start     ] GC(118) Pause Young (Normal) (G1 Evacuation Pause)
[2021-04-21T09:36:07.375+0000][6][gc,task      ] GC(118) Using 4 workers of 4 for evacuation
[2021-04-21T09:36:07.375+0000][6][gc,age       ] GC(118) Desired survivor size 1572864 bytes, new threshold 15 (max threshold 15)
[2021-04-21T09:36:07.381+0000][6][gc,age       ] GC(118) Age table with threshold 15 (max threshold 15)
[2021-04-21T09:36:07.381+0000][6][gc,age       ] GC(118) - age   1:     342688 bytes,     342688 total
[2021-04-21T09:36:07.381+0000][6][gc,age       ] GC(118) - age   2:     394320 bytes,     737008 total
[2021-04-21T09:36:07.381+0000][6][gc,age       ] GC(118) - age   3:     165648 bytes,     902656 total
[2021-04-21T09:36:07.381+0000][6][gc,age       ] GC(118) - age   4:     262528 bytes,    1165184 total
[2021-04-21T09:36:07.381+0000][6][gc,age       ] GC(118) - age   5:     152680 bytes,    1317864 total
[2021-04-21T09:36:07.381+0000][6][gc,age       ] GC(118) - age   6:     319728 bytes,    1637592 total
[2021-04-21T09:36:07.381+0000][6][gc,phases    ] GC(118)   Pre Evacuate Collection Set: 0.0ms
[2021-04-21T09:36:07.381+0000][6][gc,phases    ] GC(118)   Merge Heap Roots: 0.1ms
[2021-04-21T09:36:07.381+0000][6][gc,phases    ] GC(118)   Evacuate Collection Set: 4.8ms
[2021-04-21T09:36:07.381+0000][6][gc,phases    ] GC(118)   Post Evacuate Collection Set: 0.5ms
[2021-04-21T09:36:07.381+0000][6][gc,phases    ] GC(118)   Other: 0.2ms
[2021-04-21T09:36:07.381+0000][6][gc,heap      ] GC(118) Eden regions: 15->0(15)
[2021-04-21T09:36:07.381+0000][6][gc,heap      ] GC(118) Survivor regions: 2->2(3)
[2021-04-21T09:36:07.381+0000][6][gc,heap      ] GC(118) Old regions: 68->68
[2021-04-21T09:36:07.381+0000][6][gc,heap      ] GC(118) Archive regions: 2->2
[2021-04-21T09:36:07.381+0000][6][gc,heap      ] GC(118) Humongous regions: 7->7
[2021-04-21T09:36:07.381+0000][6][gc,metaspace ] GC(118) Metaspace: 87715K(95024K)->87715K(95024K) NonClass: 75688K(80048K)->75688K(80048K) Class: 12027K(14976K)->12027K(14976K)
[2021-04-21T09:36:07.381+0000][6][gc           ] GC(118) Pause Young (Normal) (G1 Evacuation Pause) 91M->76M(128M) 5.814ms
[2021-04-21T09:36:07.381+0000][6][gc,cpu       ] GC(118) User=0.02s Sys=0.00s Real=0.01s
[2021-04-21T09:36:07.381+0000][6][safepoint    ] Safepoint "G1CollectForAllocation", Time since last: 127604931 ns, Reaching safepoint: 1735677 ns, At safepoint: 5897657 ns, Total: 7633334 ns
[2021-04-21T09:36:07.400+0000][6][gc,marking   ] GC(114) Concurrent Rebuild Remembered Sets 187.157ms
[2021-04-21T09:36:07.401+0000][6][gc,start     ] GC(114) Pause Cleanup
[2021-04-21T09:36:07.401+0000][6][gc           ] GC(114) Pause Cleanup 79M->79M(128M) 0.239ms
[2021-04-21T09:36:07.401+0000][6][gc,cpu       ] GC(114) User=0.00s Sys=0.00s Real=0.00s
[2021-04-21T09:36:07.401+0000][6][safepoint    ] Safepoint "G1Concurrent", Time since last: 19990393 ns, Reaching safepoint: 112769 ns, At safepoint: 307957 ns, Total: 420726 ns
[2021-04-21T09:36:07.401+0000][6][gc,marking   ] GC(114) Concurrent Cleanup for Next Mark
[2021-04-21T09:36:07.402+0000][6][gc,marking   ] GC(114) Concurrent Cleanup for Next Mark 0.749ms
[2021-04-21T09:36:07.402+0000][6][gc           ] GC(114) Concurrent Cycle 536.364ms
[2021-04-21T09:36:07.439+0000][6][safepoint    ] Safepoint "BulkRevokeBias", Time since last: 34955287 ns, Reaching safepoint: 2091500 ns, At safepoint: 335919 ns, Total: 2427419 ns
[2021-04-21T09:36:07.588+0000][6][gc,start     ] GC(119) Pause Young (Normal) (G1 Evacuation Pause)
[2021-04-21T09:36:07.588+0000][6][gc,task      ] GC(119) Using 4 workers of 4 for evacuation
[2021-04-21T09:36:07.588+0000][6][gc,age       ] GC(119) Desired survivor size 1572864 bytes, new threshold 6 (max threshold 15)
[2021-04-21T09:36:07.598+0000][6][gc,age       ] GC(119) Age table with threshold 6 (max threshold 15)
[2021-04-21T09:36:07.598+0000][6][gc,age       ] GC(119) - age   1:    1139016 bytes,    1139016 total
[2021-04-21T09:36:07.598+0000][6][gc,age       ] GC(119) - age   2:      79552 bytes,    1218568 total
[2021-04-21T09:36:07.598+0000][6][gc,age       ] GC(119) - age   3:     394088 bytes,    1612656 total
[2021-04-21T09:36:07.598+0000][6][gc,age       ] GC(119) - age   4:     165488 bytes,    1778144 total
[2021-04-21T09:36:07.598+0000][6][gc,age       ] GC(119) - age   5:     262496 bytes,    2040640 total
[2021-04-21T09:36:07.598+0000][6][gc,age       ] GC(119) - age   6:     151960 bytes,    2192600 total
[2021-04-21T09:36:07.598+0000][6][gc,phases    ] GC(119)   Pre Evacuate Collection Set: 0.1ms
[2021-04-21T09:36:07.598+0000][6][gc,phases    ] GC(119)   Merge Heap Roots: 0.2ms
[2021-04-21T09:36:07.598+0000][6][gc,phases    ] GC(119)   Evacuate Collection Set: 9.1ms
[2021-04-21T09:36:07.598+0000][6][gc,phases    ] GC(119)   Post Evacuate Collection Set: 0.6ms
[2021-04-21T09:36:07.598+0000][6][gc,phases    ] GC(119)   Other: 0.5ms
[2021-04-21T09:36:07.598+0000][6][gc,heap      ] GC(119) Eden regions: 15->0(13)
[2021-04-21T09:36:07.598+0000][6][gc,heap      ] GC(119) Survivor regions: 2->3(3)
[2021-04-21T09:36:07.598+0000][6][gc,heap      ] GC(119) Old regions: 68->68
[2021-04-21T09:36:07.598+0000][6][gc,heap      ] GC(119) Archive regions: 2->2
[2021-04-21T09:36:07.598+0000][6][gc,heap      ] GC(119) Humongous regions: 7->7
[2021-04-21T09:36:07.598+0000][6][gc,metaspace ] GC(119) Metaspace: 88245K(95536K)->88245K(95536K) NonClass: 76153K(80560K)->76153K(80560K) Class: 12092K(14976K)->12092K(14976K)
[2021-04-21T09:36:07.598+0000][6][gc           ] GC(119) Pause Young (Normal) (G1 Evacuation Pause) 91M->77M(128M) 10.349ms
[2021-04-21T09:36:07.598+0000][6][gc,cpu       ] GC(119) User=0.02s Sys=0.00s Real=0.00s
[2021-04-21T09:36:07.598+0000][6][safepoint    ] Safepoint "G1CollectForAllocation", Time since last: 148405835 ns, Reaching safepoint: 414787 ns, At safepoint: 10693981 ns, Total: 11108768 ns
[2021-04-21T09:36:08.132+0000][6][gc,start     ] GC(120) Pause Young (Concurrent Start) (G1 Evacuation Pause)
[2021-04-21T09:36:08.132+0000][6][gc,task      ] GC(120) Using 4 workers of 4 for evacuation
[2021-04-21T09:36:08.132+0000][6][gc,age       ] GC(120) Desired survivor size 1048576 bytes, new threshold 1 (max threshold 15)
[2021-04-21T09:36:08.137+0000][6][gc,age       ] GC(120) Age table with threshold 1 (max threshold 15)
[2021-04-21T09:36:08.137+0000][6][gc,age       ] GC(120) - age   1:     248056 bytes,     248056 total
[2021-04-21T09:36:08.137+0000][6][gc,phases    ] GC(120)   Pre Evacuate Collection Set: 0.5ms
[2021-04-21T09:36:08.137+0000][6][gc,phases    ] GC(120)   Merge Heap Roots: 0.1ms
[2021-04-21T09:36:08.137+0000][6][gc,phases    ] GC(120)   Evacuate Collection Set: 3.5ms
[2021-04-21T09:36:08.137+0000][6][gc,phases    ] GC(120)   Post Evacuate Collection Set: 0.7ms
[2021-04-21T09:36:08.137+0000][6][gc,phases    ] GC(120)   Other: 0.2ms
[2021-04-21T09:36:08.137+0000][6][gc,heap      ] GC(120) Eden regions: 13->0(14)
[2021-04-21T09:36:08.137+0000][6][gc,heap      ] GC(120) Survivor regions: 3->1(2)
[2021-04-21T09:36:08.137+0000][6][gc,heap      ] GC(120) Old regions: 68->70
[2021-04-21T09:36:08.137+0000][6][gc,heap      ] GC(120) Archive regions: 2->2
[2021-04-21T09:36:08.137+0000][6][gc,heap      ] GC(120) Humongous regions: 7->7
[2021-04-21T09:36:08.137+0000][6][gc,metaspace ] GC(120) Metaspace: 88375K(95664K)->88375K(95664K) NonClass: 76276K(80560K)->76276K(80560K) Class: 12099K(15104K)->12099K(15104K)
[2021-04-21T09:36:08.137+0000][6][gc           ] GC(120) Pause Young (Concurrent Start) (G1 Evacuation Pause) 90M->77M(128M) 5.083ms
[2021-04-21T09:36:08.137+0000][6][gc,cpu       ] GC(120) User=0.01s Sys=0.00s Real=0.00s
[2021-04-21T09:36:08.137+0000][6][gc           ] GC(121) Concurrent Cycle
[2021-04-21T09:36:08.137+0000][6][gc,marking   ] GC(121) Concurrent Clear Claimed Marks
[2021-04-21T09:36:08.138+0000][6][gc,marking   ] GC(121) Concurrent Clear Claimed Marks 0.484ms
[2021-04-21T09:36:08.138+0000][6][gc,marking   ] GC(121) Concurrent Scan Root Regions
[2021-04-21T09:36:08.138+0000][6][safepoint    ] Safepoint "G1CollectForAllocation", Time since last: 533463162 ns, Reaching safepoint: 142600 ns, At safepoint: 5816214 ns, Total: 5958814 ns
[2021-04-21T09:36:08.140+0000][6][gc,marking   ] GC(121) Concurrent Scan Root Regions 2.785ms
[2021-04-21T09:36:08.140+0000][6][gc,marking   ] GC(121) Concurrent Mark (44.167s)
[2021-04-21T09:36:08.140+0000][6][gc,marking   ] GC(121) Concurrent Mark From Roots
[2021-04-21T09:36:08.140+0000][6][gc,task      ] GC(121) Using 1 workers of 1 for marking
[2021-04-21T09:36:08.224+0000][6][gc,start     ] GC(122) Pause Young (Normal) (G1 Evacuation Pause)
[2021-04-21T09:36:08.224+0000][6][gc,task      ] GC(122) Using 4 workers of 4 for evacuation
[2021-04-21T09:36:08.224+0000][6][gc,age       ] GC(122) Desired survivor size 1048576 bytes, new threshold 15 (max threshold 15)
[2021-04-21T09:36:08.227+0000][6][gc,age       ] GC(122) Age table with threshold 15 (max threshold 15)
[2021-04-21T09:36:08.227+0000][6][gc,age       ] GC(122) - age   1:     447880 bytes,     447880 total
[2021-04-21T09:36:08.227+0000][6][gc,age       ] GC(122) - age   2:     235528 bytes,     683408 total
[2021-04-21T09:36:08.227+0000][6][gc,phases    ] GC(122)   Pre Evacuate Collection Set: 0.0ms
[2021-04-21T09:36:08.227+0000][6][gc,phases    ] GC(122)   Merge Heap Roots: 0.0ms
[2021-04-21T09:36:08.227+0000][6][gc,phases    ] GC(122)   Evacuate Collection Set: 1.8ms
[2021-04-21T09:36:08.227+0000][6][gc,phases    ] GC(122)   Post Evacuate Collection Set: 1.1ms
[2021-04-21T09:36:08.227+0000][6][gc,phases    ] GC(122)   Other: 0.2ms
[2021-04-21T09:36:08.227+0000][6][gc,heap      ] GC(122) Eden regions: 14->0(14)
[2021-04-21T09:36:08.227+0000][6][gc,heap      ] GC(122) Survivor regions: 1->1(2)
[2021-04-21T09:36:08.227+0000][6][gc,heap      ] GC(122) Old regions: 70->70
[2021-04-21T09:36:08.227+0000][6][gc,heap      ] GC(122) Archive regions: 2->2
[2021-04-21T09:36:08.227+0000][6][gc,heap      ] GC(122) Humongous regions: 7->7
[2021-04-21T09:36:08.227+0000][6][gc,metaspace ] GC(122) Metaspace: 88430K(95664K)->88430K(95664K) NonClass: 76325K(80560K)->76325K(80560K) Class: 12104K(15104K)->12104K(15104K)
[2021-04-21T09:36:08.227+0000][6][gc           ] GC(122) Pause Young (Normal) (G1 Evacuation Pause) 91M->77M(128M) 3.285ms
[2021-04-21T09:36:08.227+0000][6][gc,cpu       ] GC(122) User=0.00s Sys=0.00s Real=0.01s
[2021-04-21T09:36:08.227+0000][6][safepoint    ] Safepoint "G1CollectForAllocation", Time since last: 86362764 ns, Reaching safepoint: 132746 ns, At safepoint: 3376151 ns, Total: 3508897 ns
[2021-04-21T09:36:08.314+0000][6][gc,marking   ] GC(121) Concurrent Mark From Roots 173.190ms
[2021-04-21T09:36:08.314+0000][6][gc,marking   ] GC(121) Concurrent Preclean
[2021-04-21T09:36:08.314+0000][6][gc,marking   ] GC(121) Concurrent Preclean 0.162ms
[2021-04-21T09:36:08.314+0000][6][gc,marking   ] GC(121) Concurrent Mark (44.167s, 44.341s) 173.424ms
[2021-04-21T09:36:08.314+0000][6][gc,start     ] GC(121) Pause Remark
[2021-04-21T09:36:08.327+0000][6][gc           ] GC(121) Pause Remark 90M->90M(128M) 12.658ms
[2021-04-21T09:36:08.327+0000][6][gc,cpu       ] GC(121) User=0.03s Sys=0.00s Real=0.02s
[2021-04-21T09:36:08.327+0000][6][safepoint    ] Safepoint "G1Concurrent", Time since last: 86406605 ns, Reaching safepoint: 83213 ns, At safepoint: 12756085 ns, Total: 12839298 ns
[2021-04-21T09:36:08.330+0000][6][gc,marking   ] GC(121) Concurrent Rebuild Remembered Sets
[2021-04-21T09:36:08.414+0000][6][gc,marking   ] GC(121) Concurrent Rebuild Remembered Sets 83.294ms
[2021-04-21T09:36:08.414+0000][6][gc,start     ] GC(121) Pause Cleanup
[2021-04-21T09:36:08.414+0000][6][gc           ] GC(121) Pause Cleanup 90M->90M(128M) 0.340ms
[2021-04-21T09:36:08.414+0000][6][gc,cpu       ] GC(121) User=0.00s Sys=0.00s Real=0.00s
[2021-04-21T09:36:08.414+0000][6][safepoint    ] Safepoint "G1Concurrent", Time since last: 87030760 ns, Reaching safepoint: 134111 ns, At safepoint: 399611 ns, Total: 533722 ns
[2021-04-21T09:36:08.414+0000][6][gc,marking   ] GC(121) Concurrent Cleanup for Next Mark
[2021-04-21T09:36:08.415+0000][6][gc,marking   ] GC(121) Concurrent Cleanup for Next Mark 0.298ms
[2021-04-21T09:36:08.415+0000][6][gc           ] GC(121) Concurrent Cycle 277.639ms
[2021-04-21T09:36:09.384+0000][6][safepoint    ] Safepoint "BulkRevokeBias", Time since last: 968303518 ns, Reaching safepoint: 279068 ns, At safepoint: 1519461 ns, Total: 1798529 ns
[2021-04-21T09:36:09.392+0000][6][gc,start     ] GC(123) Pause Young (Normal) (G1 Evacuation Pause)
[2021-04-21T09:36:09.392+0000][6][gc,task      ] GC(123) Using 4 workers of 4 for evacuation
[2021-04-21T09:36:09.392+0000][6][gc,age       ] GC(123) Desired survivor size 1048576 bytes, new threshold 15 (max threshold 15)
[2021-04-21T09:36:09.399+0000][6][gc,age       ] GC(123) Age table with threshold 15 (max threshold 15)
[2021-04-21T09:36:09.399+0000][6][gc,age       ] GC(123) - age   1:     243984 bytes,     243984 total
[2021-04-21T09:36:09.399+0000][6][gc,age       ] GC(123) - age   2:     185416 bytes,     429400 total
[2021-04-21T09:36:09.399+0000][6][gc,age       ] GC(123) - age   3:     234768 bytes,     664168 total
[2021-04-21T09:36:09.399+0000][6][gc,phases    ] GC(123)   Pre Evacuate Collection Set: 0.0ms
[2021-04-21T09:36:09.399+0000][6][gc,phases    ] GC(123)   Merge Heap Roots: 0.0ms
[2021-04-21T09:36:09.399+0000][6][gc,phases    ] GC(123)   Evacuate Collection Set: 6.6ms
[2021-04-21T09:36:09.399+0000][6][gc,phases    ] GC(123)   Post Evacuate Collection Set: 0.4ms
[2021-04-21T09:36:09.399+0000][6][gc,phases    ] GC(123)   Other: 0.2ms
[2021-04-21T09:36:09.399+0000][6][gc,heap      ] GC(123) Eden regions: 14->0(14)
[2021-04-21T09:36:09.399+0000][6][gc,heap      ] GC(123) Survivor regions: 1->1(2)
[2021-04-21T09:36:09.399+0000][6][gc,heap      ] GC(123) Old regions: 70->70
[2021-04-21T09:36:09.399+0000][6][gc,heap      ] GC(123) Archive regions: 2->2
[2021-04-21T09:36:09.399+0000][6][gc,heap      ] GC(123) Humongous regions: 7->7
[2021-04-21T09:36:09.399+0000][6][gc,metaspace ] GC(123) Metaspace: 88465K(95664K)->88465K(95664K) NonClass: 76364K(80560K)->76364K(80560K) Class: 12101K(15104K)->12101K(15104K)
[2021-04-21T09:36:09.399+0000][6][gc           ] GC(123) Pause Young (Normal) (G1 Evacuation Pause) 91M->77M(128M) 7.380ms
[2021-04-21T09:36:09.399+0000][6][gc,cpu       ] GC(123) User=0.01s Sys=0.00s Real=0.01s
[2021-04-21T09:36:09.399+0000][6][safepoint    ] Safepoint "G1CollectForAllocation", Time since last: 7286785 ns, Reaching safepoint: 120370 ns, At safepoint: 7468900 ns, Total: 7589270 ns
[2021-04-21T09:36:09.478+0000][6][gc,start     ] GC(124) Pause Young (Concurrent Start) (G1 Evacuation Pause)
[2021-04-21T09:36:09.478+0000][6][gc,task      ] GC(124) Using 4 workers of 4 for evacuation
[2021-04-21T09:36:09.478+0000][6][gc,age       ] GC(124) Desired survivor size 1048576 bytes, new threshold 15 (max threshold 15)
[2021-04-21T09:36:09.481+0000][6][gc,age       ] GC(124) Age table with threshold 15 (max threshold 15)
[2021-04-21T09:36:09.481+0000][6][gc,age       ] GC(124) - age   1:     563656 bytes,     563656 total
[2021-04-21T09:36:09.481+0000][6][gc,age       ] GC(124) - age   2:     134080 bytes,     697736 total
[2021-04-21T09:36:09.481+0000][6][gc,age       ] GC(124) - age   3:     184120 bytes,     881856 total
[2021-04-21T09:36:09.481+0000][6][gc,age       ] GC(124) - age   4:     234704 bytes,    1116560 total
[2021-04-21T09:36:09.482+0000][6][gc,phases    ] GC(124)   Pre Evacuate Collection Set: 0.5ms
[2021-04-21T09:36:09.482+0000][6][gc,phases    ] GC(124)   Merge Heap Roots: 0.1ms
[2021-04-21T09:36:09.482+0000][6][gc,phases    ] GC(124)   Evacuate Collection Set: 2.5ms
[2021-04-21T09:36:09.482+0000][6][gc,phases    ] GC(124)   Post Evacuate Collection Set: 0.5ms
[2021-04-21T09:36:09.482+0000][6][gc,phases    ] GC(124)   Other: 0.3ms
[2021-04-21T09:36:09.482+0000][6][gc,heap      ] GC(124) Eden regions: 14->0(13)
[2021-04-21T09:36:09.482+0000][6][gc,heap      ] GC(124) Survivor regions: 1->2(2)
[2021-04-21T09:36:09.482+0000][6][gc,heap      ] GC(124) Old regions: 70->70
[2021-04-21T09:36:09.482+0000][6][gc,heap      ] GC(124) Archive regions: 2->2
[2021-04-21T09:36:09.482+0000][6][gc,heap      ] GC(124) Humongous regions: 7->7
[2021-04-21T09:36:09.482+0000][6][gc,metaspace ] GC(124) Metaspace: 88515K(95920K)->88515K(95920K) NonClass: 76411K(80816K)->76411K(80816K) Class: 12103K(15104K)->12103K(15104K)
[2021-04-21T09:36:09.482+0000][6][gc           ] GC(124) Pause Young (Concurrent Start) (G1 Evacuation Pause) 91M->78M(128M) 3.951ms
[2021-04-21T09:36:09.482+0000][6][gc,cpu       ] GC(124) User=0.00s Sys=0.00s Real=0.01s
[2021-04-21T09:36:09.482+0000][6][gc           ] GC(125) Concurrent Cycle
[2021-04-21T09:36:09.482+0000][6][safepoint    ] Safepoint "G1CollectForAllocation", Time since last: 78104202 ns, Reaching safepoint: 246151 ns, At safepoint: 4035504 ns, Total: 4281655 ns
[2021-04-21T09:36:09.482+0000][6][gc,marking   ] GC(125) Concurrent Clear Claimed Marks
[2021-04-21T09:36:09.483+0000][6][gc,marking   ] GC(125) Concurrent Clear Claimed Marks 0.894ms
[2021-04-21T09:36:09.483+0000][6][gc,marking   ] GC(125) Concurrent Scan Root Regions
[2021-04-21T09:36:09.484+0000][6][gc,marking   ] GC(125) Concurrent Scan Root Regions 1.614ms
[2021-04-21T09:36:09.484+0000][6][gc,marking   ] GC(125) Concurrent Mark (45.511s)
[2021-04-21T09:36:09.484+0000][6][gc,marking   ] GC(125) Concurrent Mark From Roots
[2021-04-21T09:36:09.484+0000][6][gc,task      ] GC(125) Using 1 workers of 1 for marking
[2021-04-21T09:36:09.506+0000][6][gc,start     ] GC(126) Pause Young (Normal) (G1 Evacuation Pause)
[2021-04-21T09:36:09.506+0000][6][gc,task      ] GC(126) Using 4 workers of 4 for evacuation
[2021-04-21T09:36:09.506+0000][6][gc,age       ] GC(126) Desired survivor size 1048576 bytes, new threshold 4 (max threshold 15)
[2021-04-21T09:36:09.510+0000][6][gc,age       ] GC(126) Age table with threshold 4 (max threshold 15)
[2021-04-21T09:36:09.510+0000][6][gc,age       ] GC(126) - age   1:       4560 bytes,       4560 total
[2021-04-21T09:36:09.510+0000][6][gc,age       ] GC(126) - age   2:     186776 bytes,     191336 total
[2021-04-21T09:36:09.510+0000][6][gc,age       ] GC(126) - age   3:     134080 bytes,     325416 total
[2021-04-21T09:36:09.510+0000][6][gc,age       ] GC(126) - age   4:     184120 bytes,     509536 total
[2021-04-21T09:36:09.510+0000][6][gc,phases    ] GC(126)   Pre Evacuate Collection Set: 0.0ms
[2021-04-21T09:36:09.510+0000][6][gc,phases    ] GC(126)   Merge Heap Roots: 0.0ms
[2021-04-21T09:36:09.510+0000][6][gc,phases    ] GC(126)   Evacuate Collection Set: 2.4ms
[2021-04-21T09:36:09.510+0000][6][gc,phases    ] GC(126)   Post Evacuate Collection Set: 0.9ms
[2021-04-21T09:36:09.510+0000][6][gc,phases    ] GC(126)   Other: 0.2ms
[2021-04-21T09:36:09.510+0000][6][gc,heap      ] GC(126) Eden regions: 13->0(14)
[2021-04-21T09:36:09.510+0000][6][gc,heap      ] GC(126) Survivor regions: 2->1(2)
[2021-04-21T09:36:09.510+0000][6][gc,heap      ] GC(126) Old regions: 70->70
[2021-04-21T09:36:09.510+0000][6][gc,heap      ] GC(126) Archive regions: 2->2
[2021-04-21T09:36:09.510+0000][6][gc,heap      ] GC(126) Humongous regions: 7->7
[2021-04-21T09:36:09.510+0000][6][gc,metaspace ] GC(126) Metaspace: 88521K(95920K)->88521K(95920K) NonClass: 76417K(80816K)->76417K(80816K) Class: 12103K(15104K)->12103K(15104K)
[2021-04-21T09:36:09.510+0000][6][gc           ] GC(126) Pause Young (Normal) (G1 Evacuation Pause) 91M->77M(128M) 3.670ms
[2021-04-21T09:36:09.510+0000][6][gc,cpu       ] GC(126) User=0.01s Sys=0.00s Real=0.01s
[2021-04-21T09:36:09.510+0000][6][safepoint    ] Safepoint "G1CollectForAllocation", Time since last: 24428456 ns, Reaching safepoint: 124348 ns, At safepoint: 3745984 ns, Total: 3870332 ns
[2021-04-21T09:36:09.630+0000][6][gc,marking   ] GC(125) Concurrent Mark From Roots 146.178ms
[2021-04-21T09:36:09.630+0000][6][gc,marking   ] GC(125) Concurrent Preclean
[2021-04-21T09:36:09.631+0000][6][gc,marking   ] GC(125) Concurrent Preclean 0.116ms
[2021-04-21T09:36:09.631+0000][6][gc,marking   ] GC(125) Concurrent Mark (45.511s, 45.657s) 146.356ms
[2021-04-21T09:36:09.631+0000][6][gc,start     ] GC(125) Pause Remark
[2021-04-21T09:36:09.642+0000][6][gc           ] GC(125) Pause Remark 82M->82M(128M) 11.523ms
[2021-04-21T09:36:09.642+0000][6][gc,cpu       ] GC(125) User=0.03s Sys=0.00s Real=0.01s
[2021-04-21T09:36:09.642+0000][6][safepoint    ] Safepoint "G1Concurrent", Time since last: 120687924 ns, Reaching safepoint: 116235 ns, At safepoint: 11628895 ns, Total: 11745130 ns
[2021-04-21T09:36:09.646+0000][6][gc,marking   ] GC(125) Concurrent Rebuild Remembered Sets
[2021-04-21T09:36:09.748+0000][6][gc,marking   ] GC(125) Concurrent Rebuild Remembered Sets 101.377ms
[2021-04-21T09:36:09.748+0000][6][gc,start     ] GC(125) Pause Cleanup
[2021-04-21T09:36:09.748+0000][6][gc           ] GC(125) Pause Cleanup 82M->82M(128M) 0.133ms
[2021-04-21T09:36:09.748+0000][6][gc,cpu       ] GC(125) User=0.00s Sys=0.00s Real=0.00s
[2021-04-21T09:36:09.748+0000][6][safepoint    ] Safepoint "G1Concurrent", Time since last: 105397289 ns, Reaching safepoint: 101123 ns, At safepoint: 181036 ns, Total: 282159 ns
[2021-04-21T09:36:09.748+0000][6][gc,marking   ] GC(125) Concurrent Cleanup for Next Mark
[2021-04-21T09:36:09.748+0000][6][gc,marking   ] GC(125) Concurrent Cleanup for Next Mark 0.260ms
[2021-04-21T09:36:09.748+0000][6][gc           ] GC(125) Concurrent Cycle 266.735ms
[2021-04-21T09:36:10.868+0000][6][safepoint    ] Safepoint "Cleanup", Time since last: 1119682247 ns, Reaching safepoint: 122247 ns, At safepoint: 6890 ns, Total: 129137 ns
[2021-04-21T09:36:10.874+0000][6][safepoint    ] Safepoint "BulkRevokeBias", Time since last: 5142245 ns, Reaching safepoint: 243328 ns, At safepoint: 365677 ns, Total: 609005 ns
[2021-04-21T09:36:11.285+0000][6][safepoint    ] Safepoint "BulkRevokeBias", Time since last: 410791116 ns, Reaching safepoint: 99017 ns, At safepoint: 303464 ns, Total: 402481 ns
[2021-04-21T09:36:11.333+0000][6][gc,start     ] GC(127) Pause Young (Normal) (G1 Evacuation Pause)
[2021-04-21T09:36:11.334+0000][6][gc,task      ] GC(127) Using 4 workers of 4 for evacuation
[2021-04-21T09:36:11.334+0000][6][gc,age       ] GC(127) Desired survivor size 1048576 bytes, new threshold 15 (max threshold 15)
[2021-04-21T09:36:11.339+0000][6][gc,age       ] GC(127) Age table with threshold 15 (max threshold 15)
[2021-04-21T09:36:11.339+0000][6][gc,age       ] GC(127) - age   1:     259312 bytes,     259312 total
[2021-04-21T09:36:11.339+0000][6][gc,age       ] GC(127) - age   2:       1536 bytes,     260848 total
[2021-04-21T09:36:11.339+0000][6][gc,age       ] GC(127) - age   3:      74928 bytes,     335776 total
[2021-04-21T09:36:11.339+0000][6][gc,age       ] GC(127) - age   4:     132576 bytes,     468352 total
[2021-04-21T09:36:11.339+0000][6][gc,age       ] GC(127) - age   5:      36880 bytes,     505232 total
[2021-04-21T09:36:11.339+0000][6][gc,phases    ] GC(127)   Pre Evacuate Collection Set: 0.0ms
[2021-04-21T09:36:11.340+0000][6][gc,phases    ] GC(127)   Merge Heap Roots: 0.0ms
[2021-04-21T09:36:11.340+0000][6][gc,phases    ] GC(127)   Evacuate Collection Set: 4.9ms
[2021-04-21T09:36:11.340+0000][6][gc,phases    ] GC(127)   Post Evacuate Collection Set: 0.8ms
[2021-04-21T09:36:11.340+0000][6][gc,phases    ] GC(127)   Other: 0.3ms
[2021-04-21T09:36:11.340+0000][6][gc,heap      ] GC(127) Eden regions: 14->0(14)
[2021-04-21T09:36:11.340+0000][6][gc,heap      ] GC(127) Survivor regions: 1->1(2)
[2021-04-21T09:36:11.340+0000][6][gc,heap      ] GC(127) Old regions: 70->70
[2021-04-21T09:36:11.340+0000][6][gc,heap      ] GC(127) Archive regions: 2->2
[2021-04-21T09:36:11.340+0000][6][gc,heap      ] GC(127) Humongous regions: 7->7
[2021-04-21T09:36:11.340+0000][6][gc,metaspace ] GC(127) Metaspace: 88666K(95920K)->88666K(95920K) NonClass: 76547K(80816K)->76547K(80816K) Class: 12119K(15104K)->12119K(15104K)
[2021-04-21T09:36:11.340+0000][6][gc           ] GC(127) Pause Young (Normal) (G1 Evacuation Pause) 91M->77M(128M) 6.137ms
[2021-04-21T09:36:11.340+0000][6][gc,cpu       ] GC(127) User=0.01s Sys=0.00s Real=0.01s
[2021-04-21T09:36:11.340+0000][6][safepoint    ] Safepoint "G1CollectForAllocation", Time since last: 48508602 ns, Reaching safepoint: 110782 ns, At safepoint: 6246101 ns, Total: 6356883 ns
[2021-04-21T09:36:11.351+0000][6][safepoint    ] Safepoint "BulkRevokeBias", Time since last: 10048897 ns, Reaching safepoint: 627110 ns, At safepoint: 772208 ns, Total: 1399318 ns
[2021-04-21T09:36:11.364+0000][6][safepoint    ] Safepoint "BulkRevokeBias", Time since last: 12169852 ns, Reaching safepoint: 65686 ns, At safepoint: 288295 ns, Total: 353981 ns
[2021-04-21T09:36:11.380+0000][6][gc,heap,exit ] Heap
[2021-04-21T09:36:11.380+0000][6][gc,heap,exit ]  garbage-first heap   total 131072K, used 82707K [0x00000000f8000000, 0x0000000100000000)
[2021-04-21T09:36:11.380+0000][6][gc,heap,exit ]   region size 1024K, 5 young (5120K), 1 survivors (1024K)
[2021-04-21T09:36:11.380+0000][6][gc,heap,exit ]  Metaspace       used 88750K, capacity 95779K, committed 95920K, reserved 1130496K
[2021-04-21T09:36:11.380+0000][6][gc,heap,exit ]   class space    used 12136K, capacity 15018K, committed 15104K, reserved 1048576K
