[2021-04-21T09:39:51.834+0000][7][gc,heap] Heap region size: 1M
[2021-04-21T09:39:51.835+0000][7][gc,heap,coops] Heap address: 0x00000000f8000000, size: 128 MB, Compressed Oops mode: 32-bit
[2021-04-21T09:39:51.863+0000][7][gc           ] Using G1
[2021-04-21T09:39:51.863+0000][7][gc,cds       ] Mark closed archive regions in map: [0x00000000fff00000, 0x00000000fff7eff8]
[2021-04-21T09:39:51.863+0000][7][gc,cds       ] Mark open archive regions in map: [0x00000000ffe00000, 0x00000000ffe52ff8]
[2021-04-21T09:39:51.875+0000][7][gc           ] Periodic GC disabled
[2021-04-21T09:39:52.166+0000][7][gc,start     ] GC(0) Pause Young (Normal) (G1 Evacuation Pause)
[2021-04-21T09:39:52.170+0000][7][gc,task      ] GC(0) Using 2 workers of 4 for evacuation
[2021-04-21T09:39:52.170+0000][7][gc,age       ] GC(0) Desired survivor size 1048576 bytes, new threshold 15 (max threshold 15)
[2021-04-21T09:39:52.172+0000][7][gc,age       ] GC(0) Age table with threshold 15 (max threshold 15)
[2021-04-21T09:39:52.172+0000][7][gc,age       ] GC(0) - age   1:    2087736 bytes,    2087736 total
[2021-04-21T09:39:52.173+0000][7][gc,phases    ] GC(0)   Pre Evacuate Collection Set: 0.0ms
[2021-04-21T09:39:52.173+0000][7][gc,phases    ] GC(0)   Merge Heap Roots: 0.0ms
[2021-04-21T09:39:52.173+0000][7][gc,phases    ] GC(0)   Evacuate Collection Set: 2.2ms
[2021-04-21T09:39:52.173+0000][7][gc,phases    ] GC(0)   Post Evacuate Collection Set: 0.3ms
[2021-04-21T09:39:52.173+0000][7][gc,phases    ] GC(0)   Other: 3.8ms
[2021-04-21T09:39:52.173+0000][7][gc,heap      ] GC(0) Eden regions: 13->0(16)
[2021-04-21T09:39:52.173+0000][7][gc,heap      ] GC(0) Survivor regions: 0->2(2)
[2021-04-21T09:39:52.173+0000][7][gc,heap      ] GC(0) Old regions: 0->0
[2021-04-21T09:39:52.173+0000][7][gc,heap      ] GC(0) Archive regions: 2->2
[2021-04-21T09:39:52.173+0000][7][gc,heap      ] GC(0) Humongous regions: 1->1
[2021-04-21T09:39:52.173+0000][7][gc,metaspace ] GC(0) Metaspace: 2984K(6272K)->2984K(6272K) NonClass: 2677K(5632K)->2677K(5632K) Class: 306K(640K)->306K(640K)
[2021-04-21T09:39:52.173+0000][7][gc           ] GC(0) Pause Young (Normal) (G1 Evacuation Pause) 14M->3M(66M) 6.479ms
[2021-04-21T09:39:52.173+0000][7][gc,cpu       ] GC(0) User=0.01s Sys=0.00s Real=0.01s
[2021-04-21T09:39:52.173+0000][7][safepoint    ] Safepoint "G1CollectForAllocation", Time since last: 297001783 ns, Reaching safepoint: 80162 ns, At safepoint: 6538323 ns, Total: 6618485 ns
[2021-04-21T09:39:52.785+0000][7][gc,start     ] GC(1) Pause Young (Normal) (G1 Evacuation Pause)
[2021-04-21T09:39:52.785+0000][7][gc,task      ] GC(1) Using 2 workers of 4 for evacuation
[2021-04-21T09:39:52.785+0000][7][gc,age       ] GC(1) Desired survivor size 1572864 bytes, new threshold 1 (max threshold 15)
[2021-04-21T09:39:52.792+0000][7][gc,age       ] GC(1) Age table with threshold 1 (max threshold 15)
[2021-04-21T09:39:52.792+0000][7][gc,age       ] GC(1) - age   1:    1179304 bytes,    1179304 total
[2021-04-21T09:39:52.792+0000][7][gc,phases    ] GC(1)   Pre Evacuate Collection Set: 0.0ms
[2021-04-21T09:39:52.792+0000][7][gc,phases    ] GC(1)   Merge Heap Roots: 0.0ms
[2021-04-21T09:39:52.792+0000][7][gc,phases    ] GC(1)   Evacuate Collection Set: 6.1ms
[2021-04-21T09:39:52.792+0000][7][gc,phases    ] GC(1)   Post Evacuate Collection Set: 0.4ms
[2021-04-21T09:39:52.792+0000][7][gc,phases    ] GC(1)   Other: 0.3ms
[2021-04-21T09:39:52.792+0000][7][gc,heap      ] GC(1) Eden regions: 16->0(33)
[2021-04-21T09:39:52.792+0000][7][gc,heap      ] GC(1) Survivor regions: 2->2(3)
[2021-04-21T09:39:52.792+0000][7][gc,heap      ] GC(1) Old regions: 0->2
[2021-04-21T09:39:52.792+0000][7][gc,heap      ] GC(1) Archive regions: 2->2
[2021-04-21T09:39:52.792+0000][7][gc,heap      ] GC(1) Humongous regions: 1->1
[2021-04-21T09:39:52.792+0000][7][gc,metaspace ] GC(1) Metaspace: 7714K(9344K)->7714K(9344K) NonClass: 6812K(8192K)->6812K(8192K) Class: 902K(1152K)->902K(1152K)
[2021-04-21T09:39:52.792+0000][7][gc           ] GC(1) Pause Young (Normal) (G1 Evacuation Pause) 19M->5M(66M) 7.032ms
[2021-04-21T09:39:52.792+0000][7][gc,cpu       ] GC(1) User=0.02s Sys=0.00s Real=0.01s
[2021-04-21T09:39:52.792+0000][7][safepoint    ] Safepoint "G1CollectForAllocation", Time since last: 611854852 ns, Reaching safepoint: 217129 ns, At safepoint: 7114272 ns, Total: 7331401 ns
[2021-04-21T09:39:53.798+0000][7][safepoint    ] Safepoint "Cleanup", Time since last: 1005517591 ns, Reaching safepoint: 131769 ns, At safepoint: 5955 ns, Total: 137724 ns
[2021-04-21T09:39:53.931+0000][7][gc,start     ] GC(2) Pause Young (Normal) (G1 Evacuation Pause)
[2021-04-21T09:39:53.931+0000][7][gc,task      ] GC(2) Using 2 workers of 4 for evacuation
[2021-04-21T09:39:53.931+0000][7][gc,age       ] GC(2) Desired survivor size 2621440 bytes, new threshold 15 (max threshold 15)
[2021-04-21T09:39:53.937+0000][7][gc,age       ] GC(2) Age table with threshold 15 (max threshold 15)
[2021-04-21T09:39:53.937+0000][7][gc,age       ] GC(2) - age   1:    2567072 bytes,    2567072 total
[2021-04-21T09:39:53.937+0000][7][gc,age       ] GC(2) - age   2:    1140280 bytes,    3707352 total
[2021-04-21T09:39:53.937+0000][7][gc,phases    ] GC(2)   Pre Evacuate Collection Set: 0.0ms
[2021-04-21T09:39:53.937+0000][7][gc,phases    ] GC(2)   Merge Heap Roots: 0.0ms
[2021-04-21T09:39:53.937+0000][7][gc,phases    ] GC(2)   Evacuate Collection Set: 5.8ms
[2021-04-21T09:39:53.937+0000][7][gc,phases    ] GC(2)   Post Evacuate Collection Set: 0.4ms
[2021-04-21T09:39:53.937+0000][7][gc,phases    ] GC(2)   Other: 0.2ms
[2021-04-21T09:39:53.937+0000][7][gc,heap      ] GC(2) Eden regions: 33->0(31)
[2021-04-21T09:39:53.937+0000][7][gc,heap      ] GC(2) Survivor regions: 2->4(5)
[2021-04-21T09:39:53.937+0000][7][gc,heap      ] GC(2) Old regions: 2->2
[2021-04-21T09:39:53.937+0000][7][gc,heap      ] GC(2) Archive regions: 2->2
[2021-04-21T09:39:53.937+0000][7][gc,heap      ] GC(2) Humongous regions: 1->1
[2021-04-21T09:39:53.937+0000][7][gc,metaspace ] GC(2) Metaspace: 12979K(13568K)->12979K(13568K) NonClass: 11392K(11776K)->11392K(11776K) Class: 1586K(1792K)->1586K(1792K)
[2021-04-21T09:39:53.937+0000][7][gc           ] GC(2) Pause Young (Normal) (G1 Evacuation Pause) 38M->7M(66M) 6.569ms
[2021-04-21T09:39:53.937+0000][7][gc,cpu       ] GC(2) User=0.01s Sys=0.00s Real=0.00s
[2021-04-21T09:39:53.937+0000][7][safepoint    ] Safepoint "G1CollectForAllocation", Time since last: 132914450 ns, Reaching safepoint: 63878 ns, At safepoint: 6647448 ns, Total: 6711326 ns
[2021-04-21T09:39:54.638+0000][7][gc,start     ] GC(3) Pause Young (Normal) (G1 Evacuation Pause)
[2021-04-21T09:39:54.639+0000][7][gc,task      ] GC(3) Using 2 workers of 4 for evacuation
[2021-04-21T09:39:54.640+0000][7][gc,age       ] GC(3) Desired survivor size 2621440 bytes, new threshold 2 (max threshold 15)
[2021-04-21T09:39:54.662+0000][7][gc,age       ] GC(3) Age table with threshold 2 (max threshold 15)
[2021-04-21T09:39:54.662+0000][7][gc,age       ] GC(3) - age   1:    1206600 bytes,    1206600 total
[2021-04-21T09:39:54.662+0000][7][gc,age       ] GC(3) - age   2:    2173592 bytes,    3380192 total
[2021-04-21T09:39:54.662+0000][7][gc,phases    ] GC(3)   Pre Evacuate Collection Set: 0.0ms
[2021-04-21T09:39:54.662+0000][7][gc,phases    ] GC(3)   Merge Heap Roots: 0.0ms
[2021-04-21T09:39:54.662+0000][7][gc,phases    ] GC(3)   Evacuate Collection Set: 19.9ms
[2021-04-21T09:39:54.662+0000][7][gc,phases    ] GC(3)   Post Evacuate Collection Set: 0.9ms
[2021-04-21T09:39:54.663+0000][7][gc,phases    ] GC(3)   Other: 3.4ms
[2021-04-21T09:39:54.663+0000][7][gc,heap      ] GC(3) Eden regions: 31->0(31)
[2021-04-21T09:39:54.663+0000][7][gc,heap      ] GC(3) Survivor regions: 4->4(5)
[2021-04-21T09:39:54.663+0000][7][gc,heap      ] GC(3) Old regions: 2->4
[2021-04-21T09:39:54.663+0000][7][gc,heap      ] GC(3) Archive regions: 2->2
[2021-04-21T09:39:54.663+0000][7][gc,heap      ] GC(3) Humongous regions: 1->1
[2021-04-21T09:39:54.663+0000][7][gc,metaspace ] GC(3) Metaspace: 16249K(17152K)->16249K(17152K) NonClass: 14313K(14848K)->14313K(14848K) Class: 1935K(2304K)->1935K(2304K)
[2021-04-21T09:39:54.663+0000][7][gc           ] GC(3) Pause Young (Normal) (G1 Evacuation Pause) 38M->8M(66M) 24.408ms
[2021-04-21T09:39:54.663+0000][7][gc,cpu       ] GC(3) User=0.05s Sys=0.00s Real=0.03s
[2021-04-21T09:39:54.663+0000][7][safepoint    ] Safepoint "G1CollectForAllocation", Time since last: 700722494 ns, Reaching safepoint: 251995 ns, At safepoint: 24496574 ns, Total: 24748569 ns
[2021-04-21T09:39:54.665+0000][7][safepoint    ] Safepoint "BulkRevokeBias", Time since last: 2074410 ns, Reaching safepoint: 137163 ns, At safepoint: 157748 ns, Total: 294911 ns
[2021-04-21T09:39:54.984+0000][7][gc,start     ] GC(4) Pause Young (Normal) (G1 Evacuation Pause)
[2021-04-21T09:39:54.984+0000][7][gc,task      ] GC(4) Using 2 workers of 4 for evacuation
[2021-04-21T09:39:54.984+0000][7][gc,age       ] GC(4) Desired survivor size 2621440 bytes, new threshold 2 (max threshold 15)
[2021-04-21T09:39:54.991+0000][7][gc,age       ] GC(4) Age table with threshold 2 (max threshold 15)
[2021-04-21T09:39:54.991+0000][7][gc,age       ] GC(4) - age   1:    1539888 bytes,    1539888 total
[2021-04-21T09:39:54.991+0000][7][gc,age       ] GC(4) - age   2:    1183104 bytes,    2722992 total
[2021-04-21T09:39:54.991+0000][7][gc,phases    ] GC(4)   Pre Evacuate Collection Set: 0.0ms
[2021-04-21T09:39:54.991+0000][7][gc,phases    ] GC(4)   Merge Heap Roots: 0.0ms
[2021-04-21T09:39:54.991+0000][7][gc,phases    ] GC(4)   Evacuate Collection Set: 6.5ms
[2021-04-21T09:39:54.991+0000][7][gc,phases    ] GC(4)   Post Evacuate Collection Set: 0.5ms
[2021-04-21T09:39:54.991+0000][7][gc,phases    ] GC(4)   Other: 0.3ms
[2021-04-21T09:39:54.991+0000][7][gc,heap      ] GC(4) Eden regions: 31->0(31)
[2021-04-21T09:39:54.991+0000][7][gc,heap      ] GC(4) Survivor regions: 4->3(5)
[2021-04-21T09:39:54.991+0000][7][gc,heap      ] GC(4) Old regions: 4->6
[2021-04-21T09:39:54.991+0000][7][gc,heap      ] GC(4) Archive regions: 2->2
[2021-04-21T09:39:54.991+0000][7][gc,heap      ] GC(4) Humongous regions: 2->1
[2021-04-21T09:39:54.991+0000][7][gc,metaspace ] GC(4) Metaspace: 17347K(18304K)->17347K(18304K) NonClass: 15225K(15872K)->15225K(15872K) Class: 2122K(2432K)->2122K(2432K)
[2021-04-21T09:39:54.991+0000][7][gc           ] GC(4) Pause Young (Normal) (G1 Evacuation Pause) 40M->9M(66M) 7.439ms
[2021-04-21T09:39:54.991+0000][7][gc,cpu       ] GC(4) User=0.01s Sys=0.00s Real=0.01s
[2021-04-21T09:39:54.991+0000][7][safepoint    ] Safepoint "G1CollectForAllocation", Time since last: 318621780 ns, Reaching safepoint: 87743 ns, At safepoint: 7508634 ns, Total: 7596377 ns
[2021-04-21T09:39:54.992+0000][7][safepoint    ] Safepoint "BulkRevokeBias", Time since last: 122105 ns, Reaching safepoint: 352931 ns, At safepoint: 72509 ns, Total: 425440 ns
[2021-04-21T09:39:54.992+0000][7][safepoint    ] Safepoint "BulkRevokeBias", Time since last: 44218 ns, Reaching safepoint: 119922 ns, At safepoint: 54624 ns, Total: 174546 ns
[2021-04-21T09:39:55.125+0000][7][gc,start     ] GC(5) Pause Young (Normal) (G1 Evacuation Pause)
[2021-04-21T09:39:55.125+0000][7][gc,task      ] GC(5) Using 2 workers of 4 for evacuation
[2021-04-21T09:39:55.125+0000][7][gc,age       ] GC(5) Desired survivor size 2621440 bytes, new threshold 2 (max threshold 15)
[2021-04-21T09:39:55.140+0000][7][gc,age       ] GC(5) Age table with threshold 2 (max threshold 15)
[2021-04-21T09:39:55.140+0000][7][gc,age       ] GC(5) - age   1:    2062864 bytes,    2062864 total
[2021-04-21T09:39:55.141+0000][7][gc,age       ] GC(5) - age   2:    1285896 bytes,    3348760 total
[2021-04-21T09:39:55.141+0000][7][gc,phases    ] GC(5)   Pre Evacuate Collection Set: 0.5ms
[2021-04-21T09:39:55.141+0000][7][gc,phases    ] GC(5)   Merge Heap Roots: 0.3ms
[2021-04-21T09:39:55.141+0000][7][gc,phases    ] GC(5)   Evacuate Collection Set: 13.4ms
[2021-04-21T09:39:55.141+0000][7][gc,phases    ] GC(5)   Post Evacuate Collection Set: 0.5ms
[2021-04-21T09:39:55.141+0000][7][gc,phases    ] GC(5)   Other: 2.8ms
[2021-04-21T09:39:55.141+0000][7][gc,heap      ] GC(5) Eden regions: 31->0(30)
[2021-04-21T09:39:55.141+0000][7][gc,heap      ] GC(5) Survivor regions: 3->4(5)
[2021-04-21T09:39:55.141+0000][7][gc,heap      ] GC(5) Old regions: 6->7
[2021-04-21T09:39:55.141+0000][7][gc,heap      ] GC(5) Archive regions: 2->2
[2021-04-21T09:39:55.141+0000][7][gc,heap      ] GC(5) Humongous regions: 1->1
[2021-04-21T09:39:55.141+0000][7][gc,metaspace ] GC(5) Metaspace: 17406K(18304K)->17406K(18304K) NonClass: 15281K(15872K)->15281K(15872K) Class: 2125K(2432K)->2125K(2432K)
[2021-04-21T09:39:55.141+0000][7][gc           ] GC(5) Pause Young (Normal) (G1 Evacuation Pause) 40M->11M(66M) 16.254ms
[2021-04-21T09:39:55.141+0000][7][gc,cpu       ] GC(5) User=0.03s Sys=0.00s Real=0.02s
[2021-04-21T09:39:55.141+0000][7][safepoint    ] Safepoint "G1CollectForAllocation", Time since last: 130976037 ns, Reaching safepoint: 87364 ns, At safepoint: 17780927 ns, Total: 17868291 ns
[2021-04-21T09:39:55.426+0000][7][gc,start     ] GC(6) Pause Young (Normal) (G1 Evacuation Pause)
[2021-04-21T09:39:55.426+0000][7][gc,task      ] GC(6) Using 2 workers of 4 for evacuation
[2021-04-21T09:39:55.426+0000][7][gc,age       ] GC(6) Desired survivor size 2621440 bytes, new threshold 2 (max threshold 15)
[2021-04-21T09:39:55.439+0000][7][gc,age       ] GC(6) Age table with threshold 2 (max threshold 15)
[2021-04-21T09:39:55.440+0000][7][gc,age       ] GC(6) - age   1:    1755072 bytes,    1755072 total
[2021-04-21T09:39:55.441+0000][7][gc,age       ] GC(6) - age   2:      36608 bytes,    1791680 total
[2021-04-21T09:39:55.441+0000][7][gc,phases    ] GC(6)   Pre Evacuate Collection Set: 0.0ms
[2021-04-21T09:39:55.441+0000][7][gc,phases    ] GC(6)   Merge Heap Roots: 0.0ms
[2021-04-21T09:39:55.441+0000][7][gc,phases    ] GC(6)   Evacuate Collection Set: 7.0ms
[2021-04-21T09:39:55.441+0000][7][gc,phases    ] GC(6)   Post Evacuate Collection Set: 5.6ms
[2021-04-21T09:39:55.441+0000][7][gc,phases    ] GC(6)   Other: 2.1ms
[2021-04-21T09:39:55.441+0000][7][gc,heap      ] GC(6) Eden regions: 30->0(30)
[2021-04-21T09:39:55.441+0000][7][gc,heap      ] GC(6) Survivor regions: 4->2(5)
[2021-04-21T09:39:55.441+0000][7][gc,heap      ] GC(6) Old regions: 7->8
[2021-04-21T09:39:55.441+0000][7][gc,heap      ] GC(6) Archive regions: 2->2
[2021-04-21T09:39:55.441+0000][7][gc,heap      ] GC(6) Humongous regions: 1->1
[2021-04-21T09:39:55.441+0000][7][gc,metaspace ] GC(6) Metaspace: 18793K(19712K)->18793K(19712K) NonClass: 16498K(17152K)->16498K(17152K) Class: 2295K(2560K)->2295K(2560K)
[2021-04-21T09:39:55.441+0000][7][gc           ] GC(6) Pause Young (Normal) (G1 Evacuation Pause) 41M->11M(66M) 14.979ms
[2021-04-21T09:39:55.441+0000][7][gc,cpu       ] GC(6) User=0.03s Sys=0.00s Real=0.02s
[2021-04-21T09:39:55.441+0000][7][safepoint    ] Safepoint "G1CollectForAllocation", Time since last: 284770136 ns, Reaching safepoint: 113028 ns, At safepoint: 15060173 ns, Total: 15173201 ns
[2021-04-21T09:39:55.587+0000][7][gc,start     ] GC(7) Pause Young (Normal) (G1 Evacuation Pause)
[2021-04-21T09:39:55.587+0000][7][gc,task      ] GC(7) Using 2 workers of 4 for evacuation
[2021-04-21T09:39:55.587+0000][7][gc,age       ] GC(7) Desired survivor size 2097152 bytes, new threshold 15 (max threshold 15)
[2021-04-21T09:39:55.590+0000][7][gc,age       ] GC(7) Age table with threshold 15 (max threshold 15)
[2021-04-21T09:39:55.590+0000][7][gc,age       ] GC(7) - age   1:     328480 bytes,     328480 total
[2021-04-21T09:39:55.590+0000][7][gc,age       ] GC(7) - age   2:    1324552 bytes,    1653032 total
[2021-04-21T09:39:55.590+0000][7][gc,age       ] GC(7) - age   3:      36608 bytes,    1689640 total
[2021-04-21T09:39:55.590+0000][7][gc,phases    ] GC(7)   Pre Evacuate Collection Set: 0.0ms
[2021-04-21T09:39:55.590+0000][7][gc,phases    ] GC(7)   Merge Heap Roots: 0.0ms
[2021-04-21T09:39:55.590+0000][7][gc,phases    ] GC(7)   Evacuate Collection Set: 3.0ms
[2021-04-21T09:39:55.590+0000][7][gc,phases    ] GC(7)   Post Evacuate Collection Set: 0.3ms
[2021-04-21T09:39:55.590+0000][7][gc,phases    ] GC(7)   Other: 0.2ms
[2021-04-21T09:39:55.590+0000][7][gc,heap      ] GC(7) Eden regions: 30->0(32)
[2021-04-21T09:39:55.590+0000][7][gc,heap      ] GC(7) Survivor regions: 2->2(4)
[2021-04-21T09:39:55.590+0000][7][gc,heap      ] GC(7) Old regions: 8->8
[2021-04-21T09:39:55.590+0000][7][gc,heap      ] GC(7) Archive regions: 2->2
[2021-04-21T09:39:55.590+0000][7][gc,heap      ] GC(7) Humongous regions: 1->1
[2021-04-21T09:39:55.590+0000][7][gc,metaspace ] GC(7) Metaspace: 18842K(19840K)->18842K(19840K) NonClass: 16544K(17152K)->16544K(17152K) Class: 2297K(2688K)->2297K(2688K)
[2021-04-21T09:39:55.590+0000][7][gc           ] GC(7) Pause Young (Normal) (G1 Evacuation Pause) 41M->11M(66M) 3.720ms
[2021-04-21T09:39:55.590+0000][7][gc,cpu       ] GC(7) User=0.01s Sys=0.00s Real=0.00s
[2021-04-21T09:39:55.590+0000][7][safepoint    ] Safepoint "G1CollectForAllocation", Time since last: 145517791 ns, Reaching safepoint: 160106 ns, At safepoint: 3793701 ns, Total: 3953807 ns
[2021-04-21T09:39:55.705+0000][7][gc,start     ] GC(8) Pause Young (Normal) (G1 Evacuation Pause)
[2021-04-21T09:39:55.705+0000][7][gc,task      ] GC(8) Using 2 workers of 4 for evacuation
[2021-04-21T09:39:55.705+0000][7][gc,age       ] GC(8) Desired survivor size 2621440 bytes, new threshold 15 (max threshold 15)
[2021-04-21T09:39:55.708+0000][7][gc,age       ] GC(8) Age table with threshold 15 (max threshold 15)
[2021-04-21T09:39:55.709+0000][7][gc,age       ] GC(8) - age   1:     984232 bytes,     984232 total
[2021-04-21T09:39:55.709+0000][7][gc,age       ] GC(8) - age   2:      69440 bytes,    1053672 total
[2021-04-21T09:39:55.709+0000][7][gc,age       ] GC(8) - age   3:    1324552 bytes,    2378224 total
[2021-04-21T09:39:55.709+0000][7][gc,age       ] GC(8) - age   4:      36608 bytes,    2414832 total
[2021-04-21T09:39:55.709+0000][7][gc,phases    ] GC(8)   Pre Evacuate Collection Set: 0.0ms
[2021-04-21T09:39:55.709+0000][7][gc,phases    ] GC(8)   Merge Heap Roots: 0.0ms
[2021-04-21T09:39:55.709+0000][7][gc,phases    ] GC(8)   Evacuate Collection Set: 2.6ms
[2021-04-21T09:39:55.709+0000][7][gc,phases    ] GC(8)   Post Evacuate Collection Set: 0.5ms
[2021-04-21T09:39:55.709+0000][7][gc,phases    ] GC(8)   Other: 0.6ms
[2021-04-21T09:39:55.709+0000][7][gc,heap      ] GC(8) Eden regions: 32->0(31)
[2021-04-21T09:39:55.709+0000][7][gc,heap      ] GC(8) Survivor regions: 2->3(5)
[2021-04-21T09:39:55.709+0000][7][gc,heap      ] GC(8) Old regions: 8->8
[2021-04-21T09:39:55.709+0000][7][gc,heap      ] GC(8) Archive regions: 2->2
[2021-04-21T09:39:55.709+0000][7][gc,heap      ] GC(8) Humongous regions: 1->1
[2021-04-21T09:39:55.709+0000][7][gc,metaspace ] GC(8) Metaspace: 18907K(19840K)->18907K(19840K) NonClass: 16604K(17152K)->16604K(17152K) Class: 2303K(2688K)->2303K(2688K)
[2021-04-21T09:39:55.709+0000][7][gc           ] GC(8) Pause Young (Normal) (G1 Evacuation Pause) 43M->12M(66M) 3.855ms
[2021-04-21T09:39:55.709+0000][7][gc,cpu       ] GC(8) User=0.01s Sys=0.00s Real=0.01s
[2021-04-21T09:39:55.709+0000][7][safepoint    ] Safepoint "G1CollectForAllocation", Time since last: 114869069 ns, Reaching safepoint: 60442 ns, At safepoint: 3928662 ns, Total: 3989104 ns
[2021-04-21T09:39:55.789+0000][7][gc,start     ] GC(9) Pause Young (Normal) (G1 Evacuation Pause)
[2021-04-21T09:39:55.790+0000][7][gc,task      ] GC(9) Using 2 workers of 4 for evacuation
[2021-04-21T09:39:55.791+0000][7][gc,age       ] GC(9) Desired survivor size 2621440 bytes, new threshold 15 (max threshold 15)
[2021-04-21T09:39:55.797+0000][7][gc,age       ] GC(9) Age table with threshold 15 (max threshold 15)
[2021-04-21T09:39:55.797+0000][7][gc,age       ] GC(9) - age   1:     552872 bytes,     552872 total
[2021-04-21T09:39:55.797+0000][7][gc,age       ] GC(9) - age   2:     261208 bytes,     814080 total
[2021-04-21T09:39:55.797+0000][7][gc,age       ] GC(9) - age   3:      69440 bytes,     883520 total
[2021-04-21T09:39:55.797+0000][7][gc,age       ] GC(9) - age   4:    1324416 bytes,    2207936 total
[2021-04-21T09:39:55.797+0000][7][gc,age       ] GC(9) - age   5:      36608 bytes,    2244544 total
[2021-04-21T09:39:55.797+0000][7][gc,phases    ] GC(9)   Pre Evacuate Collection Set: 0.0ms
[2021-04-21T09:39:55.797+0000][7][gc,phases    ] GC(9)   Merge Heap Roots: 0.0ms
[2021-04-21T09:39:55.797+0000][7][gc,phases    ] GC(9)   Evacuate Collection Set: 4.2ms
[2021-04-21T09:39:55.797+0000][7][gc,phases    ] GC(9)   Post Evacuate Collection Set: 1.0ms
[2021-04-21T09:39:55.797+0000][7][gc,phases    ] GC(9)   Other: 2.4ms
[2021-04-21T09:39:55.797+0000][7][gc,heap      ] GC(9) Eden regions: 31->0(32)
[2021-04-21T09:39:55.797+0000][7][gc,heap      ] GC(9) Survivor regions: 3->3(5)
[2021-04-21T09:39:55.797+0000][7][gc,heap      ] GC(9) Old regions: 8->8
[2021-04-21T09:39:55.797+0000][7][gc,heap      ] GC(9) Archive regions: 2->2
[2021-04-21T09:39:55.797+0000][7][gc,heap      ] GC(9) Humongous regions: 1->1
[2021-04-21T09:39:55.797+0000][7][gc,metaspace ] GC(9) Metaspace: 18939K(19840K)->18939K(19840K) NonClass: 16633K(17152K)->16633K(17152K) Class: 2305K(2688K)->2305K(2688K)
[2021-04-21T09:39:55.797+0000][7][gc           ] GC(9) Pause Young (Normal) (G1 Evacuation Pause) 43M->12M(66M) 7.801ms
[2021-04-21T09:39:55.797+0000][7][gc,cpu       ] GC(9) User=0.02s Sys=0.00s Real=0.00s
[2021-04-21T09:39:55.797+0000][7][safepoint    ] Safepoint "G1CollectForAllocation", Time since last: 79967649 ns, Reaching safepoint: 127074 ns, At safepoint: 7873328 ns, Total: 8000402 ns
[2021-04-21T09:39:55.802+0000][7][safepoint    ] Safepoint "BulkRevokeBias", Time since last: 1339894 ns, Reaching safepoint: 3211974 ns, At safepoint: 56477 ns, Total: 3268451 ns
[2021-04-21T09:39:55.937+0000][7][gc,start     ] GC(10) Pause Young (Normal) (G1 Evacuation Pause)
[2021-04-21T09:39:55.938+0000][7][gc,task      ] GC(10) Using 2 workers of 4 for evacuation
[2021-04-21T09:39:55.939+0000][7][gc,age       ] GC(10) Desired survivor size 2621440 bytes, new threshold 15 (max threshold 15)
[2021-04-21T09:39:55.943+0000][7][gc,age       ] GC(10) Age table with threshold 15 (max threshold 15)
[2021-04-21T09:39:55.944+0000][7][gc,age       ] GC(10) - age   1:    1071008 bytes,    1071008 total
[2021-04-21T09:39:55.945+0000][7][gc,age       ] GC(10) - age   2:      37744 bytes,    1108752 total
[2021-04-21T09:39:55.946+0000][7][gc,age       ] GC(10) - age   3:     261208 bytes,    1369960 total
[2021-04-21T09:39:55.946+0000][7][gc,age       ] GC(10) - age   4:      69440 bytes,    1439400 total
[2021-04-21T09:39:55.947+0000][7][gc,age       ] GC(10) - age   5:    1323536 bytes,    2762936 total
[2021-04-21T09:39:55.948+0000][7][gc,age       ] GC(10) - age   6:      36608 bytes,    2799544 total
[2021-04-21T09:39:55.949+0000][7][gc,phases    ] GC(10)   Pre Evacuate Collection Set: 0.1ms
[2021-04-21T09:39:55.950+0000][7][gc,phases    ] GC(10)   Merge Heap Roots: 0.0ms
[2021-04-21T09:39:55.950+0000][7][gc,phases    ] GC(10)   Evacuate Collection Set: 2.4ms
[2021-04-21T09:39:55.951+0000][7][gc,phases    ] GC(10)   Post Evacuate Collection Set: 0.4ms
[2021-04-21T09:39:55.952+0000][7][gc,phases    ] GC(10)   Other: 8.7ms
[2021-04-21T09:39:55.952+0000][7][gc,heap      ] GC(10) Eden regions: 32->0(32)
[2021-04-21T09:39:55.952+0000][7][gc,heap      ] GC(10) Survivor regions: 3->3(5)
[2021-04-21T09:39:55.952+0000][7][gc,heap      ] GC(10) Old regions: 8->8
[2021-04-21T09:39:55.952+0000][7][gc,heap      ] GC(10) Archive regions: 2->2
[2021-04-21T09:39:55.952+0000][7][gc,heap      ] GC(10) Humongous regions: 1->1
[2021-04-21T09:39:55.952+0000][7][gc,metaspace ] GC(10) Metaspace: 19037K(20096K)->19037K(20096K) NonClass: 16721K(17408K)->16721K(17408K) Class: 2316K(2688K)->2316K(2688K)
[2021-04-21T09:39:55.952+0000][7][gc           ] GC(10) Pause Young (Normal) (G1 Evacuation Pause) 44M->12M(66M) 15.176ms
[2021-04-21T09:39:55.953+0000][7][gc,cpu       ] GC(10) User=0.02s Sys=0.01s Real=0.02s
[2021-04-21T09:39:55.953+0000][7][safepoint    ] Safepoint "G1CollectForAllocation", Time since last: 135457090 ns, Reaching safepoint: 127101 ns, At safepoint: 15253364 ns, Total: 15380465 ns
[2021-04-21T09:39:56.091+0000][7][gc,start     ] GC(11) Pause Young (Normal) (G1 Evacuation Pause)
[2021-04-21T09:39:56.091+0000][7][gc,task      ] GC(11) Using 2 workers of 4 for evacuation
[2021-04-21T09:39:56.092+0000][7][gc,age       ] GC(11) Desired survivor size 2621440 bytes, new threshold 5 (max threshold 15)
[2021-04-21T09:39:56.096+0000][7][gc,age       ] GC(11) Age table with threshold 5 (max threshold 15)
[2021-04-21T09:39:56.097+0000][7][gc,age       ] GC(11) - age   1:     595752 bytes,     595752 total
[2021-04-21T09:39:56.098+0000][7][gc,age       ] GC(11) - age   2:    1052240 bytes,    1647992 total
[2021-04-21T09:39:56.099+0000][7][gc,age       ] GC(11) - age   3:      37744 bytes,    1685736 total
[2021-04-21T09:39:56.099+0000][7][gc,age       ] GC(11) - age   4:     261208 bytes,    1946944 total
[2021-04-21T09:39:56.100+0000][7][gc,age       ] GC(11) - age   5:      69440 bytes,    2016384 total
[2021-04-21T09:39:56.100+0000][7][gc,phases    ] GC(11)   Pre Evacuate Collection Set: 0.0ms
[2021-04-21T09:39:56.100+0000][7][gc,phases    ] GC(11)   Merge Heap Roots: 0.0ms
[2021-04-21T09:39:56.100+0000][7][gc,phases    ] GC(11)   Evacuate Collection Set: 2.7ms
[2021-04-21T09:39:56.100+0000][7][gc,phases    ] GC(11)   Post Evacuate Collection Set: 0.4ms
[2021-04-21T09:39:56.100+0000][7][gc,phases    ] GC(11)   Other: 6.5ms
[2021-04-21T09:39:56.100+0000][7][gc,heap      ] GC(11) Eden regions: 32->0(31)
[2021-04-21T09:39:56.100+0000][7][gc,heap      ] GC(11) Survivor regions: 3->2(5)
[2021-04-21T09:39:56.100+0000][7][gc,heap      ] GC(11) Old regions: 8->10
[2021-04-21T09:39:56.100+0000][7][gc,heap      ] GC(11) Archive regions: 2->2
[2021-04-21T09:39:56.100+0000][7][gc,heap      ] GC(11) Humongous regions: 1->1
[2021-04-21T09:39:56.100+0000][7][gc,metaspace ] GC(11) Metaspace: 19339K(20352K)->19339K(20352K) NonClass: 16985K(17664K)->16985K(17664K) Class: 2354K(2688K)->2354K(2688K)
[2021-04-21T09:39:56.100+0000][7][gc           ] GC(11) Pause Young (Normal) (G1 Evacuation Pause) 44M->13M(66M) 9.911ms
[2021-04-21T09:39:56.100+0000][7][gc,cpu       ] GC(11) User=0.02s Sys=0.00s Real=0.01s
[2021-04-21T09:39:56.101+0000][7][safepoint    ] Safepoint "G1CollectForAllocation", Time since last: 137868439 ns, Reaching safepoint: 127410 ns, At safepoint: 9984742 ns, Total: 10112152 ns
[2021-04-21T09:39:56.344+0000][7][gc,start     ] GC(12) Pause Young (Normal) (G1 Evacuation Pause)
[2021-04-21T09:39:56.345+0000][7][gc,task      ] GC(12) Using 2 workers of 4 for evacuation
[2021-04-21T09:39:56.345+0000][7][gc,age       ] GC(12) Desired survivor size 2621440 bytes, new threshold 15 (max threshold 15)
[2021-04-21T09:39:56.351+0000][7][gc,age       ] GC(12) Age table with threshold 15 (max threshold 15)
[2021-04-21T09:39:56.352+0000][7][gc,age       ] GC(12) - age   1:    2211040 bytes,    2211040 total
[2021-04-21T09:39:56.353+0000][7][gc,age       ] GC(12) - age   2:     211392 bytes,    2422432 total
[2021-04-21T09:39:56.353+0000][7][gc,age       ] GC(12) - age   3:    1052240 bytes,    3474672 total
[2021-04-21T09:39:56.354+0000][7][gc,age       ] GC(12) - age   4:      37744 bytes,    3512416 total
[2021-04-21T09:39:56.355+0000][7][gc,age       ] GC(12) - age   5:     261208 bytes,    3773624 total
[2021-04-21T09:39:56.356+0000][7][gc,age       ] GC(12) - age   6:      69440 bytes,    3843064 total
[2021-04-21T09:39:56.356+0000][7][gc,phases    ] GC(12)   Pre Evacuate Collection Set: 0.0ms
[2021-04-21T09:39:56.357+0000][7][gc,phases    ] GC(12)   Merge Heap Roots: 0.0ms
[2021-04-21T09:39:56.358+0000][7][gc,phases    ] GC(12)   Evacuate Collection Set: 6.0ms
[2021-04-21T09:39:56.358+0000][7][gc,phases    ] GC(12)   Post Evacuate Collection Set: 0.4ms
[2021-04-21T09:39:56.358+0000][7][gc,phases    ] GC(12)   Other: 5.5ms
[2021-04-21T09:39:56.358+0000][7][gc,heap      ] GC(12) Eden regions: 31->0(28)
[2021-04-21T09:39:56.358+0000][7][gc,heap      ] GC(12) Survivor regions: 2->4(5)
[2021-04-21T09:39:56.358+0000][7][gc,heap      ] GC(12) Old regions: 10->10
[2021-04-21T09:39:56.358+0000][7][gc,heap      ] GC(12) Archive regions: 2->2
[2021-04-21T09:39:56.358+0000][7][gc,heap      ] GC(12) Humongous regions: 1->1
[2021-04-21T09:39:56.358+0000][7][gc,metaspace ] GC(12) Metaspace: 19558K(20736K)->19558K(20736K) NonClass: 17167K(17920K)->17167K(17920K) Class: 2390K(2816K)->2390K(2816K)
[2021-04-21T09:39:56.358+0000][7][gc           ] GC(12) Pause Young (Normal) (G1 Evacuation Pause) 44M->14M(66M) 13.572ms
[2021-04-21T09:39:56.358+0000][7][gc,cpu       ] GC(12) User=0.03s Sys=0.00s Real=0.01s
[2021-04-21T09:39:56.358+0000][7][safepoint    ] Safepoint "G1CollectForAllocation", Time since last: 243769226 ns, Reaching safepoint: 150322 ns, At safepoint: 13665885 ns, Total: 13816207 ns
[2021-04-21T09:39:56.367+0000][7][safepoint    ] Safepoint "BulkRevokeBias", Time since last: 8550493 ns, Reaching safepoint: 109196 ns, At safepoint: 61822 ns, Total: 171018 ns
[2021-04-21T09:39:56.460+0000][7][gc,start     ] GC(13) Pause Young (Normal) (G1 Evacuation Pause)
[2021-04-21T09:39:56.460+0000][7][gc,task      ] GC(13) Using 2 workers of 4 for evacuation
[2021-04-21T09:39:56.460+0000][7][gc,age       ] GC(13) Desired survivor size 2097152 bytes, new threshold 1 (max threshold 15)
[2021-04-21T09:39:56.466+0000][7][gc,age       ] GC(13) Age table with threshold 1 (max threshold 15)
[2021-04-21T09:39:56.466+0000][7][gc,age       ] GC(13) - age   1:     618392 bytes,     618392 total
[2021-04-21T09:39:56.466+0000][7][gc,phases    ] GC(13)   Pre Evacuate Collection Set: 0.3ms
[2021-04-21T09:39:56.466+0000][7][gc,phases    ] GC(13)   Merge Heap Roots: 0.0ms
[2021-04-21T09:39:56.466+0000][7][gc,phases    ] GC(13)   Evacuate Collection Set: 5.1ms
[2021-04-21T09:39:56.466+0000][7][gc,phases    ] GC(13)   Post Evacuate Collection Set: 0.4ms
[2021-04-21T09:39:56.466+0000][7][gc,phases    ] GC(13)   Other: 0.2ms
[2021-04-21T09:39:56.466+0000][7][gc,heap      ] GC(13) Eden regions: 28->0(29)
[2021-04-21T09:39:56.466+0000][7][gc,heap      ] GC(13) Survivor regions: 4->1(4)
[2021-04-21T09:39:56.466+0000][7][gc,heap      ] GC(13) Old regions: 10->13
[2021-04-21T09:39:56.466+0000][7][gc,heap      ] GC(13) Archive regions: 2->2
[2021-04-21T09:39:56.466+0000][7][gc,heap      ] GC(13) Humongous regions: 1->1
[2021-04-21T09:39:56.466+0000][7][gc,metaspace ] GC(13) Metaspace: 19570K(20736K)->19570K(20736K) NonClass: 17177K(17920K)->17177K(17920K) Class: 2393K(2816K)->2393K(2816K)
[2021-04-21T09:39:56.466+0000][7][gc           ] GC(13) Pause Young (Normal) (G1 Evacuation Pause) 42M->15M(66M) 6.183ms
[2021-04-21T09:39:56.466+0000][7][gc,cpu       ] GC(13) User=0.01s Sys=0.00s Real=0.00s
[2021-04-21T09:39:56.466+0000][7][safepoint    ] Safepoint "G1CollectForAllocation", Time since last: 93108719 ns, Reaching safepoint: 133889 ns, At safepoint: 6279988 ns, Total: 6413877 ns
[2021-04-21T09:39:56.469+0000][7][safepoint    ] Safepoint "BulkRevokeBias", Time since last: 972986 ns, Reaching safepoint: 1305557 ns, At safepoint: 74254 ns, Total: 1379811 ns
[2021-04-21T09:39:56.593+0000][7][gc,start     ] GC(14) Pause Young (Normal) (G1 Evacuation Pause)
[2021-04-21T09:39:56.593+0000][7][gc,task      ] GC(14) Using 2 workers of 4 for evacuation
[2021-04-21T09:39:56.593+0000][7][gc,age       ] GC(14) Desired survivor size 2097152 bytes, new threshold 15 (max threshold 15)
[2021-04-21T09:39:56.598+0000][7][gc,age       ] GC(14) Age table with threshold 15 (max threshold 15)
[2021-04-21T09:39:56.598+0000][7][gc,age       ] GC(14) - age   1:     940976 bytes,     940976 total
[2021-04-21T09:39:56.598+0000][7][gc,age       ] GC(14) - age   2:      66928 bytes,    1007904 total
[2021-04-21T09:39:56.598+0000][7][gc,phases    ] GC(14)   Pre Evacuate Collection Set: 1.6ms
[2021-04-21T09:39:56.598+0000][7][gc,phases    ] GC(14)   Merge Heap Roots: 0.0ms
[2021-04-21T09:39:56.598+0000][7][gc,phases    ] GC(14)   Evacuate Collection Set: 2.2ms
[2021-04-21T09:39:56.598+0000][7][gc,phases    ] GC(14)   Post Evacuate Collection Set: 0.4ms
[2021-04-21T09:39:56.598+0000][7][gc,phases    ] GC(14)   Other: 0.2ms
[2021-04-21T09:39:56.598+0000][7][gc,heap      ] GC(14) Eden regions: 29->0(29)
[2021-04-21T09:39:56.598+0000][7][gc,heap      ] GC(14) Survivor regions: 1->1(4)
[2021-04-21T09:39:56.598+0000][7][gc,heap      ] GC(14) Old regions: 13->13
[2021-04-21T09:39:56.598+0000][7][gc,heap      ] GC(14) Archive regions: 2->2
[2021-04-21T09:39:56.598+0000][7][gc,heap      ] GC(14) Humongous regions: 1->1
[2021-04-21T09:39:56.598+0000][7][gc,metaspace ] GC(14) Metaspace: 19644K(20736K)->19644K(20736K) NonClass: 17238K(17920K)->17238K(17920K) Class: 2406K(2816K)->2406K(2816K)
[2021-04-21T09:39:56.598+0000][7][gc           ] GC(14) Pause Young (Normal) (G1 Evacuation Pause) 44M->15M(66M) 4.683ms
[2021-04-21T09:39:56.598+0000][7][gc,cpu       ] GC(14) User=0.00s Sys=0.00s Real=0.00s
[2021-04-21T09:39:56.598+0000][7][safepoint    ] Safepoint "G1CollectForAllocation", Time since last: 124246115 ns, Reaching safepoint: 141058 ns, At safepoint: 4758834 ns, Total: 4899892 ns
[2021-04-21T09:39:56.665+0000][7][gc,start     ] GC(15) Pause Young (Normal) (G1 Evacuation Pause)
[2021-04-21T09:39:56.666+0000][7][gc,task      ] GC(15) Using 2 workers of 4 for evacuation
[2021-04-21T09:39:56.666+0000][7][gc,age       ] GC(15) Desired survivor size 2097152 bytes, new threshold 15 (max threshold 15)
[2021-04-21T09:39:56.669+0000][7][gc,age       ] GC(15) Age table with threshold 15 (max threshold 15)
[2021-04-21T09:39:56.670+0000][7][gc,age       ] GC(15) - age   1:     272000 bytes,     272000 total
[2021-04-21T09:39:56.670+0000][7][gc,age       ] GC(15) - age   2:     416208 bytes,     688208 total
[2021-04-21T09:39:56.670+0000][7][gc,age       ] GC(15) - age   3:      66928 bytes,     755136 total
[2021-04-21T09:39:56.670+0000][7][gc,phases    ] GC(15)   Pre Evacuate Collection Set: 0.0ms
[2021-04-21T09:39:56.670+0000][7][gc,phases    ] GC(15)   Merge Heap Roots: 0.1ms
[2021-04-21T09:39:56.670+0000][7][gc,phases    ] GC(15)   Evacuate Collection Set: 1.6ms
[2021-04-21T09:39:56.670+0000][7][gc,phases    ] GC(15)   Post Evacuate Collection Set: 0.5ms
[2021-04-21T09:39:56.670+0000][7][gc,phases    ] GC(15)   Other: 3.4ms
[2021-04-21T09:39:56.670+0000][7][gc,heap      ] GC(15) Eden regions: 29->0(30)
[2021-04-21T09:39:56.670+0000][7][gc,heap      ] GC(15) Survivor regions: 1->1(4)
[2021-04-21T09:39:56.670+0000][7][gc,heap      ] GC(15) Old regions: 13->13
[2021-04-21T09:39:56.670+0000][7][gc,heap      ] GC(15) Archive regions: 2->2
[2021-04-21T09:39:56.670+0000][7][gc,heap      ] GC(15) Humongous regions: 1->1
[2021-04-21T09:39:56.670+0000][7][gc,metaspace ] GC(15) Metaspace: 19671K(20736K)->19671K(20736K) NonClass: 17259K(17920K)->17259K(17920K) Class: 2411K(2816K)->2411K(2816K)
[2021-04-21T09:39:56.670+0000][7][gc           ] GC(15) Pause Young (Normal) (G1 Evacuation Pause) 44M->14M(66M) 5.708ms
[2021-04-21T09:39:56.670+0000][7][gc,cpu       ] GC(15) User=0.01s Sys=0.01s Real=0.01s
[2021-04-21T09:39:56.670+0000][7][safepoint    ] Safepoint "G1CollectForAllocation", Time since last: 66536645 ns, Reaching safepoint: 122643 ns, At safepoint: 5783005 ns, Total: 5905648 ns
[2021-04-21T09:39:56.756+0000][7][gc,start     ] GC(16) Pause Young (Normal) (G1 Evacuation Pause)
[2021-04-21T09:39:56.756+0000][7][gc,task      ] GC(16) Using 2 workers of 4 for evacuation
[2021-04-21T09:39:56.756+0000][7][gc,age       ] GC(16) Desired survivor size 2097152 bytes, new threshold 15 (max threshold 15)
[2021-04-21T09:39:56.758+0000][7][gc,age       ] GC(16) Age table with threshold 15 (max threshold 15)
[2021-04-21T09:39:56.758+0000][7][gc,age       ] GC(16) - age   1:       9616 bytes,       9616 total
[2021-04-21T09:39:56.758+0000][7][gc,age       ] GC(16) - age   2:      60440 bytes,      70056 total
[2021-04-21T09:39:56.758+0000][7][gc,age       ] GC(16) - age   3:     416208 bytes,     486264 total
[2021-04-21T09:39:56.758+0000][7][gc,age       ] GC(16) - age   4:      66928 bytes,     553192 total
[2021-04-21T09:39:56.758+0000][7][gc,phases    ] GC(16)   Pre Evacuate Collection Set: 0.0ms
[2021-04-21T09:39:56.758+0000][7][gc,phases    ] GC(16)   Merge Heap Roots: 0.0ms
[2021-04-21T09:39:56.758+0000][7][gc,phases    ] GC(16)   Evacuate Collection Set: 1.5ms
[2021-04-21T09:39:56.758+0000][7][gc,phases    ] GC(16)   Post Evacuate Collection Set: 0.5ms
[2021-04-21T09:39:56.758+0000][7][gc,phases    ] GC(16)   Other: 0.5ms
[2021-04-21T09:39:56.759+0000][7][gc,heap      ] GC(16) Eden regions: 30->0(30)
[2021-04-21T09:39:56.759+0000][7][gc,heap      ] GC(16) Survivor regions: 1->1(4)
[2021-04-21T09:39:56.759+0000][7][gc,heap      ] GC(16) Old regions: 13->13
[2021-04-21T09:39:56.759+0000][7][gc,heap      ] GC(16) Archive regions: 2->2
[2021-04-21T09:39:56.759+0000][7][gc,heap      ] GC(16) Humongous regions: 1->1
[2021-04-21T09:39:56.759+0000][7][gc,metaspace ] GC(16) Metaspace: 19684K(20736K)->19684K(20736K) NonClass: 17271K(17920K)->17271K(17920K) Class: 2413K(2816K)->2413K(2816K)
[2021-04-21T09:39:56.759+0000][7][gc           ] GC(16) Pause Young (Normal) (G1 Evacuation Pause) 44M->14M(66M) 2.812ms
[2021-04-21T09:39:56.759+0000][7][gc,cpu       ] GC(16) User=0.00s Sys=0.00s Real=0.01s
[2021-04-21T09:39:56.759+0000][7][safepoint    ] Safepoint "G1CollectForAllocation", Time since last: 85410042 ns, Reaching safepoint: 127145 ns, At safepoint: 2890236 ns, Total: 3017381 ns
[2021-04-21T09:39:56.881+0000][7][gc,start     ] GC(17) Pause Young (Normal) (G1 Evacuation Pause)
[2021-04-21T09:39:56.881+0000][7][gc,task      ] GC(17) Using 2 workers of 4 for evacuation
[2021-04-21T09:39:56.881+0000][7][gc,age       ] GC(17) Desired survivor size 2097152 bytes, new threshold 15 (max threshold 15)
[2021-04-21T09:39:56.887+0000][7][gc,age       ] GC(17) Age table with threshold 15 (max threshold 15)
[2021-04-21T09:39:56.887+0000][7][gc,age       ] GC(17) - age   1:    1403240 bytes,    1403240 total
[2021-04-21T09:39:56.887+0000][7][gc,age       ] GC(17) - age   2:       6216 bytes,    1409456 total
[2021-04-21T09:39:56.887+0000][7][gc,age       ] GC(17) - age   3:      46472 bytes,    1455928 total
[2021-04-21T09:39:56.887+0000][7][gc,age       ] GC(17) - age   4:     416208 bytes,    1872136 total
[2021-04-21T09:39:56.887+0000][7][gc,age       ] GC(17) - age   5:      66896 bytes,    1939032 total
[2021-04-21T09:39:56.887+0000][7][gc,phases    ] GC(17)   Pre Evacuate Collection Set: 1.0ms
[2021-04-21T09:39:56.887+0000][7][gc,phases    ] GC(17)   Merge Heap Roots: 0.4ms
[2021-04-21T09:39:56.887+0000][7][gc,phases    ] GC(17)   Evacuate Collection Set: 3.4ms
[2021-04-21T09:39:56.887+0000][7][gc,phases    ] GC(17)   Post Evacuate Collection Set: 0.5ms
[2021-04-21T09:39:56.887+0000][7][gc,phases    ] GC(17)   Other: 0.2ms
[2021-04-21T09:39:56.887+0000][7][gc,heap      ] GC(17) Eden regions: 30->0(29)
[2021-04-21T09:39:56.887+0000][7][gc,heap      ] GC(17) Survivor regions: 1->2(4)
[2021-04-21T09:39:56.887+0000][7][gc,heap      ] GC(17) Old regions: 13->13
[2021-04-21T09:39:56.887+0000][7][gc,heap      ] GC(17) Archive regions: 2->2
[2021-04-21T09:39:56.887+0000][7][gc,heap      ] GC(17) Humongous regions: 1->1
[2021-04-21T09:39:56.887+0000][7][gc,metaspace ] GC(17) Metaspace: 19934K(21120K)->19934K(21120K) NonClass: 17466K(18176K)->17466K(18176K) Class: 2467K(2944K)->2467K(2944K)
[2021-04-21T09:39:56.887+0000][7][gc           ] GC(17) Pause Young (Normal) (G1 Evacuation Pause) 44M->15M(66M) 5.878ms
[2021-04-21T09:39:56.887+0000][7][gc,cpu       ] GC(17) User=0.01s Sys=0.00s Real=0.01s
[2021-04-21T09:39:56.887+0000][7][safepoint    ] Safepoint "G1CollectForAllocation", Time since last: 122157975 ns, Reaching safepoint: 133746 ns, At safepoint: 6059588 ns, Total: 6193334 ns
[2021-04-21T09:39:56.974+0000][7][gc,start     ] GC(18) Pause Young (Normal) (G1 Evacuation Pause)
[2021-04-21T09:39:56.974+0000][7][gc,task      ] GC(18) Using 2 workers of 4 for evacuation
[2021-04-21T09:39:56.974+0000][7][gc,age       ] GC(18) Desired survivor size 2097152 bytes, new threshold 15 (max threshold 15)
[2021-04-21T09:39:56.980+0000][7][gc,age       ] GC(18) Age table with threshold 15 (max threshold 15)
[2021-04-21T09:39:56.981+0000][7][gc,age       ] GC(18) - age   1:     978696 bytes,     978696 total
[2021-04-21T09:39:56.982+0000][7][gc,age       ] GC(18) - age   2:     865568 bytes,    1844264 total
[2021-04-21T09:39:56.984+0000][7][gc,age       ] GC(18) - age   3:       6216 bytes,    1850480 total
[2021-04-21T09:39:56.984+0000][7][gc,age       ] GC(18) - age   4:      46472 bytes,    1896952 total
[2021-04-21T09:39:56.985+0000][7][gc,age       ] GC(18) - age   5:     416208 bytes,    2313160 total
[2021-04-21T09:39:56.986+0000][7][gc,age       ] GC(18) - age   6:      66896 bytes,    2380056 total
[2021-04-21T09:39:56.987+0000][7][gc,phases    ] GC(18)   Pre Evacuate Collection Set: 0.8ms
[2021-04-21T09:39:56.987+0000][7][gc,phases    ] GC(18)   Merge Heap Roots: 0.5ms
[2021-04-21T09:39:56.988+0000][7][gc,phases    ] GC(18)   Evacuate Collection Set: 4.5ms
[2021-04-21T09:39:56.988+0000][7][gc,phases    ] GC(18)   Post Evacuate Collection Set: 0.5ms
[2021-04-21T09:39:56.988+0000][7][gc,phases    ] GC(18)   Other: 6.7ms
[2021-04-21T09:39:56.988+0000][7][gc,heap      ] GC(18) Eden regions: 29->0(28)
[2021-04-21T09:39:56.988+0000][7][gc,heap      ] GC(18) Survivor regions: 2->3(4)
[2021-04-21T09:39:56.988+0000][7][gc,heap      ] GC(18) Old regions: 13->13
[2021-04-21T09:39:56.988+0000][7][gc,heap      ] GC(18) Archive regions: 2->2
[2021-04-21T09:39:56.988+0000][7][gc,heap      ] GC(18) Humongous regions: 1->1
[2021-04-21T09:39:56.988+0000][7][gc,metaspace ] GC(18) Metaspace: 20003K(21296K)->20003K(21296K) NonClass: 17523K(18352K)->17523K(18352K) Class: 2479K(2944K)->2479K(2944K)
[2021-04-21T09:39:57.006+0000][7][gc           ] GC(18) Pause Young (Normal) (G1 Evacuation Pause) 44M->16M(66M) 32.715ms
[2021-04-21T09:39:57.006+0000][7][gc,cpu       ] GC(18) User=0.07s Sys=0.00s Real=0.04s
[2021-04-21T09:39:57.006+0000][7][safepoint    ] Safepoint "G1CollectForAllocation", Time since last: 86426806 ns, Reaching safepoint: 139110 ns, At safepoint: 32849534 ns, Total: 32988644 ns
[2021-04-21T09:39:57.090+0000][7][gc,start     ] GC(19) Pause Young (Normal) (G1 Evacuation Pause)
[2021-04-21T09:39:57.091+0000][7][gc,task      ] GC(19) Using 2 workers of 4 for evacuation
[2021-04-21T09:39:57.091+0000][7][gc,age       ] GC(19) Desired survivor size 2097152 bytes, new threshold 5 (max threshold 15)
[2021-04-21T09:39:57.093+0000][7][gc,age       ] GC(19) Age table with threshold 5 (max threshold 15)
[2021-04-21T09:39:57.093+0000][7][gc,age       ] GC(19) - age   1:     140584 bytes,     140584 total
[2021-04-21T09:39:57.093+0000][7][gc,age       ] GC(19) - age   2:      56624 bytes,     197208 total
[2021-04-21T09:39:57.093+0000][7][gc,age       ] GC(19) - age   3:     865568 bytes,    1062776 total
[2021-04-21T09:39:57.093+0000][7][gc,age       ] GC(19) - age   4:       6216 bytes,    1068992 total
[2021-04-21T09:39:57.093+0000][7][gc,age       ] GC(19) - age   5:      46472 bytes,    1115464 total
[2021-04-21T09:39:57.093+0000][7][gc,phases    ] GC(19)   Pre Evacuate Collection Set: 0.0ms
[2021-04-21T09:39:57.093+0000][7][gc,phases    ] GC(19)   Merge Heap Roots: 0.0ms
[2021-04-21T09:39:57.093+0000][7][gc,phases    ] GC(19)   Evacuate Collection Set: 1.5ms
[2021-04-21T09:39:57.093+0000][7][gc,phases    ] GC(19)   Post Evacuate Collection Set: 0.4ms
[2021-04-21T09:39:57.093+0000][7][gc,phases    ] GC(19)   Other: 1.0ms
[2021-04-21T09:39:57.093+0000][7][gc,heap      ] GC(19) Eden regions: 28->0(29)
[2021-04-21T09:39:57.093+0000][7][gc,heap      ] GC(19) Survivor regions: 3->2(4)
[2021-04-21T09:39:57.093+0000][7][gc,heap      ] GC(19) Old regions: 13->13
[2021-04-21T09:39:57.093+0000][7][gc,heap      ] GC(19) Archive regions: 2->2
[2021-04-21T09:39:57.093+0000][7][gc,heap      ] GC(19) Humongous regions: 1->1
[2021-04-21T09:39:57.093+0000][7][gc,metaspace ] GC(19) Metaspace: 20006K(21296K)->20006K(21296K) NonClass: 17526K(18352K)->17526K(18352K) Class: 2480K(2944K)->2480K(2944K)
[2021-04-21T09:39:57.093+0000][7][gc           ] GC(19) Pause Young (Normal) (G1 Evacuation Pause) 44M->15M(66M) 3.157ms
[2021-04-21T09:39:57.093+0000][7][gc,cpu       ] GC(19) User=0.01s Sys=0.00s Real=0.00s
[2021-04-21T09:39:57.094+0000][7][safepoint    ] Safepoint "G1CollectForAllocation", Time since last: 83641967 ns, Reaching safepoint: 43389 ns, At safepoint: 3364672 ns, Total: 3408061 ns
[2021-04-21T09:39:57.165+0000][7][gc,start     ] GC(20) Pause Young (Normal) (G1 Evacuation Pause)
[2021-04-21T09:39:57.166+0000][7][gc,task      ] GC(20) Using 2 workers of 4 for evacuation
[2021-04-21T09:39:57.166+0000][7][gc,age       ] GC(20) Desired survivor size 2097152 bytes, new threshold 15 (max threshold 15)
[2021-04-21T09:39:57.169+0000][7][gc,age       ] GC(20) Age table with threshold 15 (max threshold 15)
[2021-04-21T09:39:57.170+0000][7][gc,age       ] GC(20) - age   1:     364560 bytes,     364560 total
[2021-04-21T09:39:57.170+0000][7][gc,age       ] GC(20) - age   2:     122264 bytes,     486824 total
[2021-04-21T09:39:57.171+0000][7][gc,age       ] GC(20) - age   3:      56624 bytes,     543448 total
[2021-04-21T09:39:57.171+0000][7][gc,age       ] GC(20) - age   4:     865568 bytes,    1409016 total
[2021-04-21T09:39:57.172+0000][7][gc,age       ] GC(20) - age   5:       6216 bytes,    1415232 total
[2021-04-21T09:39:57.173+0000][7][gc,age       ] GC(20) - age   6:      46472 bytes,    1461704 total
[2021-04-21T09:39:57.173+0000][7][gc,phases    ] GC(20)   Pre Evacuate Collection Set: 0.0ms
[2021-04-21T09:39:57.173+0000][7][gc,phases    ] GC(20)   Merge Heap Roots: 0.0ms
[2021-04-21T09:39:57.173+0000][7][gc,phases    ] GC(20)   Evacuate Collection Set: 1.4ms
[2021-04-21T09:39:57.173+0000][7][gc,phases    ] GC(20)   Post Evacuate Collection Set: 0.4ms
[2021-04-21T09:39:57.174+0000][7][gc,phases    ] GC(20)   Other: 6.5ms
[2021-04-21T09:39:57.174+0000][7][gc,heap      ] GC(20) Eden regions: 29->0(29)
[2021-04-21T09:39:57.174+0000][7][gc,heap      ] GC(20) Survivor regions: 2->2(4)
[2021-04-21T09:39:57.174+0000][7][gc,heap      ] GC(20) Old regions: 13->13
[2021-04-21T09:39:57.174+0000][7][gc,heap      ] GC(20) Archive regions: 2->2
[2021-04-21T09:39:57.174+0000][7][gc,heap      ] GC(20) Humongous regions: 1->1
[2021-04-21T09:39:57.174+0000][7][gc,metaspace ] GC(20) Metaspace: 20137K(21296K)->20137K(21296K) NonClass: 17645K(18352K)->17645K(18352K) Class: 2492K(2944K)->2492K(2944K)
[2021-04-21T09:39:57.174+0000][7][gc           ] GC(20) Pause Young (Normal) (G1 Evacuation Pause) 44M->15M(66M) 8.710ms
[2021-04-21T09:39:57.174+0000][7][gc,cpu       ] GC(20) User=0.02s Sys=0.00s Real=0.01s
[2021-04-21T09:39:57.174+0000][7][safepoint    ] Safepoint "G1CollectForAllocation", Time since last: 71182563 ns, Reaching safepoint: 126908 ns, At safepoint: 8785987 ns, Total: 8912895 ns
[2021-04-21T09:39:57.236+0000][7][gc,start     ] GC(21) Pause Young (Normal) (G1 Evacuation Pause)
[2021-04-21T09:39:57.237+0000][7][gc,task      ] GC(21) Using 2 workers of 4 for evacuation
[2021-04-21T09:39:57.238+0000][7][gc,age       ] GC(21) Desired survivor size 2097152 bytes, new threshold 15 (max threshold 15)
[2021-04-21T09:39:57.241+0000][7][gc,age       ] GC(21) Age table with threshold 15 (max threshold 15)
[2021-04-21T09:39:57.242+0000][7][gc,age       ] GC(21) - age   1:     884976 bytes,     884976 total
[2021-04-21T09:39:57.242+0000][7][gc,age       ] GC(21) - age   2:      68120 bytes,     953096 total
[2021-04-21T09:39:57.243+0000][7][gc,age       ] GC(21) - age   3:     122264 bytes,    1075360 total
[2021-04-21T09:39:57.243+0000][7][gc,age       ] GC(21) - age   4:      56624 bytes,    1131984 total
[2021-04-21T09:39:57.244+0000][7][gc,age       ] GC(21) - age   5:     865568 bytes,    1997552 total
[2021-04-21T09:39:57.244+0000][7][gc,age       ] GC(21) - age   6:       6216 bytes,    2003768 total
[2021-04-21T09:39:57.245+0000][7][gc,age       ] GC(21) - age   7:      46472 bytes,    2050240 total
[2021-04-21T09:39:57.246+0000][7][gc,phases    ] GC(21)   Pre Evacuate Collection Set: 0.1ms
[2021-04-21T09:39:57.246+0000][7][gc,phases    ] GC(21)   Merge Heap Roots: 0.0ms
[2021-04-21T09:39:57.247+0000][7][gc,phases    ] GC(21)   Evacuate Collection Set: 2.0ms
[2021-04-21T09:39:57.247+0000][7][gc,phases    ] GC(21)   Post Evacuate Collection Set: 0.4ms
[2021-04-21T09:39:57.247+0000][7][gc,phases    ] GC(21)   Other: 6.9ms
[2021-04-21T09:39:57.247+0000][7][gc,heap      ] GC(21) Eden regions: 29->0(28)
[2021-04-21T09:39:57.247+0000][7][gc,heap      ] GC(21) Survivor regions: 2->3(4)
[2021-04-21T09:39:57.247+0000][7][gc,heap      ] GC(21) Old regions: 13->13
[2021-04-21T09:39:57.247+0000][7][gc,heap      ] GC(21) Archive regions: 2->2
[2021-04-21T09:39:57.247+0000][7][gc,heap      ] GC(21) Humongous regions: 1->1
[2021-04-21T09:39:57.247+0000][7][gc,metaspace ] GC(21) Metaspace: 20144K(21296K)->20144K(21296K) NonClass: 17651K(18352K)->17651K(18352K) Class: 2492K(2944K)->2492K(2944K)
[2021-04-21T09:39:57.247+0000][7][gc           ] GC(21) Pause Young (Normal) (G1 Evacuation Pause) 44M->16M(66M) 10.868ms
[2021-04-21T09:39:57.247+0000][7][gc,cpu       ] GC(21) User=0.01s Sys=0.01s Real=0.02s
[2021-04-21T09:39:57.247+0000][7][safepoint    ] Safepoint "G1CollectForAllocation", Time since last: 62553074 ns, Reaching safepoint: 118040 ns, At safepoint: 10947904 ns, Total: 11065944 ns
[2021-04-21T09:39:57.335+0000][7][gc,start     ] GC(22) Pause Young (Concurrent Start) (Metadata GC Threshold)
[2021-04-21T09:39:57.335+0000][7][gc,task      ] GC(22) Using 2 workers of 4 for evacuation
[2021-04-21T09:39:57.335+0000][7][gc,age       ] GC(22) Desired survivor size 2097152 bytes, new threshold 15 (max threshold 15)
[2021-04-21T09:39:57.338+0000][7][gc,age       ] GC(22) Age table with threshold 15 (max threshold 15)
[2021-04-21T09:39:57.338+0000][7][gc,age       ] GC(22) - age   1:     237176 bytes,     237176 total
[2021-04-21T09:39:57.338+0000][7][gc,age       ] GC(22) - age   2:     294752 bytes,     531928 total
[2021-04-21T09:39:57.338+0000][7][gc,age       ] GC(22) - age   3:      68120 bytes,     600048 total
[2021-04-21T09:39:57.338+0000][7][gc,age       ] GC(22) - age   4:     122264 bytes,     722312 total
[2021-04-21T09:39:57.338+0000][7][gc,age       ] GC(22) - age   5:      56520 bytes,     778832 total
[2021-04-21T09:39:57.338+0000][7][gc,age       ] GC(22) - age   6:     865568 bytes,    1644400 total
[2021-04-21T09:39:57.338+0000][7][gc,age       ] GC(22) - age   7:       6216 bytes,    1650616 total
[2021-04-21T09:39:57.338+0000][7][gc,age       ] GC(22) - age   8:      46472 bytes,    1697088 total
[2021-04-21T09:39:57.338+0000][7][gc,phases    ] GC(22)   Pre Evacuate Collection Set: 0.1ms
[2021-04-21T09:39:57.338+0000][7][gc,phases    ] GC(22)   Merge Heap Roots: 0.0ms
[2021-04-21T09:39:57.338+0000][7][gc,phases    ] GC(22)   Evacuate Collection Set: 2.0ms
[2021-04-21T09:39:57.338+0000][7][gc,phases    ] GC(22)   Post Evacuate Collection Set: 0.4ms
[2021-04-21T09:39:57.338+0000][7][gc,phases    ] GC(22)   Other: 0.3ms
[2021-04-21T09:39:57.338+0000][7][gc,heap      ] GC(22) Eden regions: 27->0(29)
[2021-04-21T09:39:57.338+0000][7][gc,heap      ] GC(22) Survivor regions: 3->2(4)
[2021-04-21T09:39:57.338+0000][7][gc,heap      ] GC(22) Old regions: 13->13
[2021-04-21T09:39:57.338+0000][7][gc,heap      ] GC(22) Archive regions: 2->2
[2021-04-21T09:39:57.338+0000][7][gc,heap      ] GC(22) Humongous regions: 1->1
[2021-04-21T09:39:57.338+0000][7][gc,metaspace ] GC(22) Metaspace: 20181K(21296K)->20181K(21296K) NonClass: 17682K(18352K)->17682K(18352K) Class: 2498K(2944K)->2498K(2944K)
[2021-04-21T09:39:57.338+0000][7][gc           ] GC(22) Pause Young (Concurrent Start) (Metadata GC Threshold) 43M->16M(66M) 2.892ms
[2021-04-21T09:39:57.338+0000][7][gc,cpu       ] GC(22) User=0.00s Sys=0.00s Real=0.00s
[2021-04-21T09:39:57.338+0000][7][safepoint    ] Safepoint "CollectForMetadataAllocation", Time since last: 87761543 ns, Reaching safepoint: 129692 ns, At safepoint: 3092175 ns, Total: 3221867 ns
[2021-04-21T09:39:57.338+0000][7][gc           ] GC(23) Concurrent Cycle
[2021-04-21T09:39:57.338+0000][7][gc,marking   ] GC(23) Concurrent Clear Claimed Marks
[2021-04-21T09:39:57.338+0000][7][gc,marking   ] GC(23) Concurrent Clear Claimed Marks 0.079ms
[2021-04-21T09:39:57.338+0000][7][gc,marking   ] GC(23) Concurrent Scan Root Regions
[2021-04-21T09:39:57.340+0000][7][gc,marking   ] GC(23) Concurrent Scan Root Regions 1.698ms
[2021-04-21T09:39:57.340+0000][7][gc,marking   ] GC(23) Concurrent Mark (5.513s)
[2021-04-21T09:39:57.340+0000][7][gc,marking   ] GC(23) Concurrent Mark From Roots
[2021-04-21T09:39:57.340+0000][7][gc,task      ] GC(23) Using 1 workers of 1 for marking
[2021-04-21T09:39:57.358+0000][7][safepoint    ] Safepoint "CollectForMetadataAllocation", Time since last: 18954151 ns, Reaching safepoint: 240836 ns, At safepoint: 138808 ns, Total: 379644 ns
[2021-04-21T09:39:57.378+0000][7][gc,marking   ] GC(23) Concurrent Mark From Roots 37.943ms
[2021-04-21T09:39:57.378+0000][7][gc,marking   ] GC(23) Concurrent Preclean
[2021-04-21T09:39:57.378+0000][7][gc,marking   ] GC(23) Concurrent Preclean 0.115ms
[2021-04-21T09:39:57.378+0000][7][gc,marking   ] GC(23) Concurrent Mark (5.513s, 5.551s) 38.136ms
[2021-04-21T09:39:57.378+0000][7][gc,start     ] GC(23) Pause Remark
[2021-04-21T09:39:57.382+0000][7][gc           ] GC(23) Pause Remark 20M->20M(66M) 3.467ms
[2021-04-21T09:39:57.382+0000][7][gc,cpu       ] GC(23) User=0.00s Sys=0.00s Real=0.00s
[2021-04-21T09:39:57.382+0000][7][safepoint    ] Safepoint "G1Concurrent", Time since last: 20722200 ns, Reaching safepoint: 75318 ns, At safepoint: 3561638 ns, Total: 3636956 ns
[2021-04-21T09:39:57.382+0000][7][gc,marking   ] GC(23) Concurrent Rebuild Remembered Sets
[2021-04-21T09:39:57.414+0000][7][gc,marking   ] GC(23) Concurrent Rebuild Remembered Sets 31.595ms
[2021-04-21T09:39:57.414+0000][7][gc,start     ] GC(23) Pause Cleanup
[2021-04-21T09:39:57.414+0000][7][gc           ] GC(23) Pause Cleanup 21M->21M(66M) 0.101ms
[2021-04-21T09:39:57.414+0000][7][gc,cpu       ] GC(23) User=0.00s Sys=0.00s Real=0.00s
[2021-04-21T09:39:57.414+0000][7][safepoint    ] Safepoint "G1Concurrent", Time since last: 31698388 ns, Reaching safepoint: 407813 ns, At safepoint: 145686 ns, Total: 553499 ns
[2021-04-21T09:39:57.414+0000][7][gc,marking   ] GC(23) Concurrent Cleanup for Next Mark
[2021-04-21T09:39:57.422+0000][7][gc,marking   ] GC(23) Concurrent Cleanup for Next Mark 7.577ms
[2021-04-21T09:39:57.422+0000][7][gc           ] GC(23) Concurrent Cycle 83.571ms
[2021-04-21T09:39:57.484+0000][7][gc,start     ] GC(24) Pause Young (Concurrent Start) (G1 Evacuation Pause)
[2021-04-21T09:39:57.484+0000][7][gc,task      ] GC(24) Using 2 workers of 4 for evacuation
[2021-04-21T09:39:57.484+0000][7][gc,age       ] GC(24) Desired survivor size 2097152 bytes, new threshold 15 (max threshold 15)
[2021-04-21T09:39:57.489+0000][7][gc,age       ] GC(24) Age table with threshold 15 (max threshold 15)
[2021-04-21T09:39:57.489+0000][7][gc,age       ] GC(24) - age   1:     861856 bytes,     861856 total
[2021-04-21T09:39:57.489+0000][7][gc,age       ] GC(24) - age   2:     205288 bytes,    1067144 total
[2021-04-21T09:39:57.489+0000][7][gc,age       ] GC(24) - age   3:     294752 bytes,    1361896 total
[2021-04-21T09:39:57.489+0000][7][gc,age       ] GC(24) - age   4:      68120 bytes,    1430016 total
[2021-04-21T09:39:57.489+0000][7][gc,age       ] GC(24) - age   5:     122264 bytes,    1552280 total
[2021-04-21T09:39:57.489+0000][7][gc,age       ] GC(24) - age   6:      56520 bytes,    1608800 total
[2021-04-21T09:39:57.489+0000][7][gc,age       ] GC(24) - age   7:     865368 bytes,    2474168 total
[2021-04-21T09:39:57.489+0000][7][gc,age       ] GC(24) - age   8:       6216 bytes,    2480384 total
[2021-04-21T09:39:57.489+0000][7][gc,age       ] GC(24) - age   9:      46472 bytes,    2526856 total
[2021-04-21T09:39:57.489+0000][7][gc,phases    ] GC(24)   Pre Evacuate Collection Set: 0.1ms
[2021-04-21T09:39:57.489+0000][7][gc,phases    ] GC(24)   Merge Heap Roots: 0.2ms
[2021-04-21T09:39:57.489+0000][7][gc,phases    ] GC(24)   Evacuate Collection Set: 4.2ms
[2021-04-21T09:39:57.489+0000][7][gc,phases    ] GC(24)   Post Evacuate Collection Set: 0.4ms
[2021-04-21T09:39:57.489+0000][7][gc,phases    ] GC(24)   Other: 0.3ms
[2021-04-21T09:39:57.489+0000][7][gc,heap      ] GC(24) Eden regions: 29->0(28)
[2021-04-21T09:39:57.489+0000][7][gc,heap      ] GC(24) Survivor regions: 2->3(4)
[2021-04-21T09:39:57.489+0000][7][gc,heap      ] GC(24) Old regions: 13->13
[2021-04-21T09:39:57.489+0000][7][gc,heap      ] GC(24) Archive regions: 2->2
[2021-04-21T09:39:57.489+0000][7][gc,heap      ] GC(24) Humongous regions: 1->1
[2021-04-21T09:39:57.489+0000][7][gc,metaspace ] GC(24) Metaspace: 21057K(22396K)->21057K(22396K) NonClass: 18483K(19376K)->18483K(19376K) Class: 2574K(3020K)->2574K(3020K)
[2021-04-21T09:39:57.489+0000][7][gc           ] GC(24) Pause Young (Concurrent Start) (G1 Evacuation Pause) 45M->17M(66M) 5.181ms
[2021-04-21T09:39:57.489+0000][7][gc,cpu       ] GC(24) User=0.00s Sys=0.00s Real=0.01s
[2021-04-21T09:39:57.489+0000][7][gc           ] GC(25) Concurrent Cycle
[2021-04-21T09:39:57.489+0000][7][safepoint    ] Safepoint "G1CollectForAllocation", Time since last: 69854359 ns, Reaching safepoint: 123282 ns, At safepoint: 5268759 ns, Total: 5392041 ns
[2021-04-21T09:39:57.489+0000][7][gc,marking   ] GC(25) Concurrent Clear Claimed Marks
[2021-04-21T09:39:57.490+0000][7][gc,marking   ] GC(25) Concurrent Clear Claimed Marks 0.076ms
[2021-04-21T09:39:57.490+0000][7][gc,marking   ] GC(25) Concurrent Scan Root Regions
[2021-04-21T09:39:57.491+0000][7][gc,marking   ] GC(25) Concurrent Scan Root Regions 1.541ms
[2021-04-21T09:39:57.491+0000][7][gc,marking   ] GC(25) Concurrent Mark (5.664s)
[2021-04-21T09:39:57.491+0000][7][gc,marking   ] GC(25) Concurrent Mark From Roots
[2021-04-21T09:39:57.491+0000][7][gc,task      ] GC(25) Using 1 workers of 1 for marking
[2021-04-21T09:39:57.530+0000][7][gc,marking   ] GC(25) Concurrent Mark From Roots 38.737ms
[2021-04-21T09:39:57.530+0000][7][gc,marking   ] GC(25) Concurrent Preclean
[2021-04-21T09:39:57.530+0000][7][gc,marking   ] GC(25) Concurrent Preclean 0.117ms
[2021-04-21T09:39:57.530+0000][7][gc,marking   ] GC(25) Concurrent Mark (5.664s, 5.703s) 38.944ms
[2021-04-21T09:39:57.531+0000][7][gc,start     ] GC(25) Pause Remark
[2021-04-21T09:39:57.536+0000][7][gc           ] GC(25) Pause Remark 22M->22M(66M) 5.003ms
[2021-04-21T09:39:57.536+0000][7][gc,cpu       ] GC(25) User=0.00s Sys=0.00s Real=0.00s
[2021-04-21T09:39:57.536+0000][7][safepoint    ] Safepoint "G1Concurrent", Time since last: 40860541 ns, Reaching safepoint: 209764 ns, At safepoint: 5100498 ns, Total: 5310262 ns
[2021-04-21T09:39:57.536+0000][7][gc,marking   ] GC(25) Concurrent Rebuild Remembered Sets
[2021-04-21T09:39:57.573+0000][7][gc,marking   ] GC(25) Concurrent Rebuild Remembered Sets 37.784ms
[2021-04-21T09:39:57.575+0000][7][gc,start     ] GC(25) Pause Cleanup
[2021-04-21T09:39:57.575+0000][7][gc           ] GC(25) Pause Cleanup 33M->33M(66M) 0.101ms
[2021-04-21T09:39:57.575+0000][7][gc,cpu       ] GC(25) User=0.00s Sys=0.00s Real=0.00s
[2021-04-21T09:39:57.575+0000][7][safepoint    ] Safepoint "G1Concurrent", Time since last: 37885341 ns, Reaching safepoint: 1128749 ns, At safepoint: 142516 ns, Total: 1271265 ns
[2021-04-21T09:39:57.575+0000][7][gc,marking   ] GC(25) Concurrent Cleanup for Next Mark
[2021-04-21T09:39:57.576+0000][7][gc,marking   ] GC(25) Concurrent Cleanup for Next Mark 1.224ms
[2021-04-21T09:39:57.577+0000][7][gc           ] GC(25) Concurrent Cycle 87.349ms
[2021-04-21T09:39:57.607+0000][7][gc,start     ] GC(26) Pause Young (Normal) (G1 Evacuation Pause)
[2021-04-21T09:39:57.608+0000][7][gc,task      ] GC(26) Using 2 workers of 4 for evacuation
[2021-04-21T09:39:57.608+0000][7][gc,age       ] GC(26) Desired survivor size 2097152 bytes, new threshold 7 (max threshold 15)
[2021-04-21T09:39:57.613+0000][7][gc,age       ] GC(26) Age table with threshold 7 (max threshold 15)
[2021-04-21T09:39:57.613+0000][7][gc,age       ] GC(26) - age   1:    1398216 bytes,    1398216 total
[2021-04-21T09:39:57.613+0000][7][gc,age       ] GC(26) - age   2:     356976 bytes,    1755192 total
[2021-04-21T09:39:57.613+0000][7][gc,age       ] GC(26) - age   3:     190624 bytes,    1945816 total
[2021-04-21T09:39:57.613+0000][7][gc,age       ] GC(26) - age   4:     294752 bytes,    2240568 total
[2021-04-21T09:39:57.613+0000][7][gc,age       ] GC(26) - age   5:      68120 bytes,    2308688 total
[2021-04-21T09:39:57.613+0000][7][gc,age       ] GC(26) - age   6:     122264 bytes,    2430952 total
[2021-04-21T09:39:57.613+0000][7][gc,age       ] GC(26) - age   7:      56520 bytes,    2487472 total
[2021-04-21T09:39:57.613+0000][7][gc,phases    ] GC(26)   Pre Evacuate Collection Set: 0.0ms
[2021-04-21T09:39:57.613+0000][7][gc,phases    ] GC(26)   Merge Heap Roots: 0.0ms
[2021-04-21T09:39:57.613+0000][7][gc,phases    ] GC(26)   Evacuate Collection Set: 4.9ms
[2021-04-21T09:39:57.613+0000][7][gc,phases    ] GC(26)   Post Evacuate Collection Set: 0.3ms
[2021-04-21T09:39:57.613+0000][7][gc,phases    ] GC(26)   Other: 1.0ms
[2021-04-21T09:39:57.613+0000][7][gc,heap      ] GC(26) Eden regions: 28->0(27)
[2021-04-21T09:39:57.613+0000][7][gc,heap      ] GC(26) Survivor regions: 3->3(4)
[2021-04-21T09:39:57.613+0000][7][gc,heap      ] GC(26) Old regions: 13->14
[2021-04-21T09:39:57.613+0000][7][gc,heap      ] GC(26) Archive regions: 2->2
[2021-04-21T09:39:57.613+0000][7][gc,heap      ] GC(26) Humongous regions: 1->1
[2021-04-21T09:39:57.613+0000][7][gc,metaspace ] GC(26) Metaspace: 21082K(22396K)->21082K(22396K) NonClass: 18499K(19376K)->18499K(19376K) Class: 2582K(3020K)->2582K(3020K)
[2021-04-21T09:39:57.613+0000][7][gc           ] GC(26) Pause Young (Normal) (G1 Evacuation Pause) 45M->18M(66M) 6.459ms
[2021-04-21T09:39:57.613+0000][7][gc,cpu       ] GC(26) User=0.01s Sys=0.00s Real=0.00s
[2021-04-21T09:39:57.613+0000][7][safepoint    ] Safepoint "G1CollectForAllocation", Time since last: 32004967 ns, Reaching safepoint: 126267 ns, At safepoint: 6541260 ns, Total: 6667527 ns
[2021-04-21T09:39:57.705+0000][7][gc,start     ] GC(27) Pause Young (Normal) (G1 Evacuation Pause)
[2021-04-21T09:39:57.705+0000][7][gc,task      ] GC(27) Using 2 workers of 4 for evacuation
[2021-04-21T09:39:57.705+0000][7][gc,age       ] GC(27) Desired survivor size 2097152 bytes, new threshold 4 (max threshold 15)
[2021-04-21T09:39:57.710+0000][7][gc,age       ] GC(27) Age table with threshold 4 (max threshold 15)
[2021-04-21T09:39:57.711+0000][7][gc,age       ] GC(27) - age   1:     849488 bytes,     849488 total
[2021-04-21T09:39:57.712+0000][7][gc,age       ] GC(27) - age   2:     868664 bytes,    1718152 total
[2021-04-21T09:39:57.713+0000][7][gc,age       ] GC(27) - age   3:     356976 bytes,    2075128 total
[2021-04-21T09:39:57.714+0000][7][gc,age       ] GC(27) - age   4:     190504 bytes,    2265632 total
[2021-04-21T09:39:57.715+0000][7][gc,phases    ] GC(27)   Pre Evacuate Collection Set: 1.5ms
[2021-04-21T09:39:57.716+0000][7][gc,phases    ] GC(27)   Merge Heap Roots: 0.0ms
[2021-04-21T09:39:57.717+0000][7][gc,phases    ] GC(27)   Evacuate Collection Set: 2.7ms
[2021-04-21T09:39:57.717+0000][7][gc,phases    ] GC(27)   Post Evacuate Collection Set: 0.6ms
[2021-04-21T09:39:57.718+0000][7][gc,phases    ] GC(27)   Other: 4.7ms
[2021-04-21T09:39:57.718+0000][7][gc,heap      ] GC(27) Eden regions: 27->0(26)
[2021-04-21T09:39:57.718+0000][7][gc,heap      ] GC(27) Survivor regions: 3->3(4)
[2021-04-21T09:39:57.718+0000][7][gc,heap      ] GC(27) Old regions: 14->15
[2021-04-21T09:39:57.718+0000][7][gc,heap      ] GC(27) Archive regions: 2->2
[2021-04-21T09:39:57.718+0000][7][gc,heap      ] GC(27) Humongous regions: 1->1
[2021-04-21T09:39:57.718+0000][7][gc,metaspace ] GC(27) Metaspace: 21089K(22396K)->21089K(22396K) NonClass: 18506K(19376K)->18506K(19376K) Class: 2583K(3020K)->2583K(3020K)
[2021-04-21T09:39:57.718+0000][7][gc           ] GC(27) Pause Young (Normal) (G1 Evacuation Pause) 45M->18M(66M) 13.267ms
[2021-04-21T09:39:57.718+0000][7][gc,cpu       ] GC(27) User=0.03s Sys=0.00s Real=0.01s
[2021-04-21T09:39:57.718+0000][7][safepoint    ] Safepoint "G1CollectForAllocation", Time since last: 91527095 ns, Reaching safepoint: 40248 ns, At safepoint: 13351427 ns, Total: 13391675 ns
[2021-04-21T09:39:57.778+0000][7][gc,start     ] GC(28) Pause Young (Normal) (G1 Evacuation Pause)
[2021-04-21T09:39:57.778+0000][7][gc,task      ] GC(28) Using 2 workers of 4 for evacuation
[2021-04-21T09:39:57.778+0000][7][gc,age       ] GC(28) Desired survivor size 2097152 bytes, new threshold 4 (max threshold 15)
[2021-04-21T09:39:57.784+0000][7][gc,age       ] GC(28) Age table with threshold 4 (max threshold 15)
[2021-04-21T09:39:57.784+0000][7][gc,age       ] GC(28) - age   1:    1796544 bytes,    1796544 total
[2021-04-21T09:39:57.784+0000][7][gc,age       ] GC(28) - age   2:      36696 bytes,    1833240 total
[2021-04-21T09:39:57.784+0000][7][gc,age       ] GC(28) - age   3:     868664 bytes,    2701904 total
[2021-04-21T09:39:57.784+0000][7][gc,age       ] GC(28) - age   4:     356976 bytes,    3058880 total
[2021-04-21T09:39:57.784+0000][7][gc,phases    ] GC(28)   Pre Evacuate Collection Set: 0.0ms
[2021-04-21T09:39:57.784+0000][7][gc,phases    ] GC(28)   Merge Heap Roots: 0.0ms
[2021-04-21T09:39:57.784+0000][7][gc,phases    ] GC(28)   Evacuate Collection Set: 4.7ms
[2021-04-21T09:39:57.784+0000][7][gc,phases    ] GC(28)   Post Evacuate Collection Set: 0.5ms
[2021-04-21T09:39:57.784+0000][7][gc,phases    ] GC(28)   Other: 0.2ms
[2021-04-21T09:39:57.784+0000][7][gc,heap      ] GC(28) Eden regions: 26->0(25)
[2021-04-21T09:39:57.784+0000][7][gc,heap      ] GC(28) Survivor regions: 3->3(4)
[2021-04-21T09:39:57.784+0000][7][gc,heap      ] GC(28) Old regions: 15->15
[2021-04-21T09:39:57.784+0000][7][gc,heap      ] GC(28) Archive regions: 2->2
[2021-04-21T09:39:57.784+0000][7][gc,heap      ] GC(28) Humongous regions: 1->1
[2021-04-21T09:39:57.784+0000][7][gc,metaspace ] GC(28) Metaspace: 21097K(22396K)->21097K(22396K) NonClass: 18512K(19376K)->18512K(19376K) Class: 2585K(3020K)->2585K(3020K)
[2021-04-21T09:39:57.784+0000][7][gc           ] GC(28) Pause Young (Normal) (G1 Evacuation Pause) 44M->19M(66M) 5.550ms
[2021-04-21T09:39:57.784+0000][7][gc,cpu       ] GC(28) User=0.01s Sys=0.00s Real=0.00s
[2021-04-21T09:39:57.784+0000][7][safepoint    ] Safepoint "G1CollectForAllocation", Time since last: 59888746 ns, Reaching safepoint: 122836 ns, At safepoint: 5619162 ns, Total: 5741998 ns
[2021-04-21T09:39:57.831+0000][7][gc,start     ] GC(29) Pause Young (Normal) (G1 Evacuation Pause)
[2021-04-21T09:39:57.831+0000][7][gc,task      ] GC(29) Using 2 workers of 4 for evacuation
[2021-04-21T09:39:57.831+0000][7][gc,age       ] GC(29) Desired survivor size 2097152 bytes, new threshold 3 (max threshold 15)
[2021-04-21T09:39:57.836+0000][7][gc,age       ] GC(29) Age table with threshold 3 (max threshold 15)
[2021-04-21T09:39:57.836+0000][7][gc,age       ] GC(29) - age   1:    1763584 bytes,    1763584 total
[2021-04-21T09:39:57.836+0000][7][gc,age       ] GC(29) - age   2:      42192 bytes,    1805776 total
[2021-04-21T09:39:57.836+0000][7][gc,age       ] GC(29) - age   3:      36696 bytes,    1842472 total
[2021-04-21T09:39:57.836+0000][7][gc,phases    ] GC(29)   Pre Evacuate Collection Set: 0.0ms
[2021-04-21T09:39:57.836+0000][7][gc,phases    ] GC(29)   Merge Heap Roots: 0.0ms
[2021-04-21T09:39:57.836+0000][7][gc,phases    ] GC(29)   Evacuate Collection Set: 4.2ms
[2021-04-21T09:39:57.836+0000][7][gc,phases    ] GC(29)   Post Evacuate Collection Set: 0.4ms
[2021-04-21T09:39:57.836+0000][7][gc,phases    ] GC(29)   Other: 0.2ms
[2021-04-21T09:39:57.836+0000][7][gc,heap      ] GC(29) Eden regions: 25->0(24)
[2021-04-21T09:39:57.836+0000][7][gc,heap      ] GC(29) Survivor regions: 3->2(4)
[2021-04-21T09:39:57.836+0000][7][gc,heap      ] GC(29) Old regions: 15->16
[2021-04-21T09:39:57.836+0000][7][gc,heap      ] GC(29) Archive regions: 2->2
[2021-04-21T09:39:57.836+0000][7][gc,heap      ] GC(29) Humongous regions: 1->1
[2021-04-21T09:39:57.836+0000][7][gc,metaspace ] GC(29) Metaspace: 21109K(22396K)->21109K(22396K) NonClass: 18522K(19376K)->18522K(19376K) Class: 2586K(3020K)->2586K(3020K)
[2021-04-21T09:39:57.836+0000][7][gc           ] GC(29) Pause Young (Normal) (G1 Evacuation Pause) 44M->19M(66M) 4.933ms
[2021-04-21T09:39:57.836+0000][7][gc,cpu       ] GC(29) User=0.01s Sys=0.00s Real=0.00s
[2021-04-21T09:39:57.836+0000][7][safepoint    ] Safepoint "G1CollectForAllocation", Time since last: 46954203 ns, Reaching safepoint: 119131 ns, At safepoint: 4997004 ns, Total: 5116135 ns
[2021-04-21T09:39:57.877+0000][7][gc,start     ] GC(30) Pause Young (Normal) (G1 Evacuation Pause)
[2021-04-21T09:39:57.877+0000][7][gc,task      ] GC(30) Using 2 workers of 4 for evacuation
[2021-04-21T09:39:57.877+0000][7][gc,age       ] GC(30) Desired survivor size 2097152 bytes, new threshold 15 (max threshold 15)
[2021-04-21T09:39:57.880+0000][7][gc,age       ] GC(30) Age table with threshold 15 (max threshold 15)
[2021-04-21T09:39:57.880+0000][7][gc,age       ] GC(30) - age   1:    1506800 bytes,    1506800 total
[2021-04-21T09:39:57.880+0000][7][gc,age       ] GC(30) - age   2:     155560 bytes,    1662360 total
[2021-04-21T09:39:57.880+0000][7][gc,age       ] GC(30) - age   3:      42192 bytes,    1704552 total
[2021-04-21T09:39:57.880+0000][7][gc,age       ] GC(30) - age   4:      36696 bytes,    1741248 total
[2021-04-21T09:39:57.880+0000][7][gc,phases    ] GC(30)   Pre Evacuate Collection Set: 0.0ms
[2021-04-21T09:39:57.880+0000][7][gc,phases    ] GC(30)   Merge Heap Roots: 0.0ms
[2021-04-21T09:39:57.880+0000][7][gc,phases    ] GC(30)   Evacuate Collection Set: 3.1ms
[2021-04-21T09:39:57.880+0000][7][gc,phases    ] GC(30)   Post Evacuate Collection Set: 0.4ms
[2021-04-21T09:39:57.881+0000][7][gc,phases    ] GC(30)   Other: 0.2ms
[2021-04-21T09:39:57.881+0000][7][gc,heap      ] GC(30) Eden regions: 24->0(24)
[2021-04-21T09:39:57.881+0000][7][gc,heap      ] GC(30) Survivor regions: 2->2(4)
[2021-04-21T09:39:57.881+0000][7][gc,heap      ] GC(30) Old regions: 16->16
[2021-04-21T09:39:57.881+0000][7][gc,heap      ] GC(30) Archive regions: 2->2
[2021-04-21T09:39:57.881+0000][7][gc,heap      ] GC(30) Humongous regions: 1->1
[2021-04-21T09:39:57.881+0000][7][gc,metaspace ] GC(30) Metaspace: 21111K(22396K)->21111K(22396K) NonClass: 18524K(19376K)->18524K(19376K) Class: 2587K(3020K)->2587K(3020K)
[2021-04-21T09:39:57.881+0000][7][gc           ] GC(30) Pause Young (Normal) (G1 Evacuation Pause) 43M->19M(66M) 3.917ms
[2021-04-21T09:39:57.881+0000][7][gc,cpu       ] GC(30) User=0.01s Sys=0.00s Real=0.01s
[2021-04-21T09:39:57.881+0000][7][safepoint    ] Safepoint "G1CollectForAllocation", Time since last: 40493423 ns, Reaching safepoint: 114350 ns, At safepoint: 3983318 ns, Total: 4097668 ns
[2021-04-21T09:39:57.922+0000][7][gc,start     ] GC(31) Pause Young (Normal) (G1 Evacuation Pause)
[2021-04-21T09:39:57.922+0000][7][gc,task      ] GC(31) Using 2 workers of 4 for evacuation
[2021-04-21T09:39:57.922+0000][7][gc,age       ] GC(31) Desired survivor size 2097152 bytes, new threshold 15 (max threshold 15)
[2021-04-21T09:39:57.926+0000][7][gc,age       ] GC(31) Age table with threshold 15 (max threshold 15)
[2021-04-21T09:39:57.927+0000][7][gc,age       ] GC(31) - age   1:    1495944 bytes,    1495944 total
[2021-04-21T09:39:57.927+0000][7][gc,age       ] GC(31) - age   2:      33048 bytes,    1528992 total
[2021-04-21T09:39:57.928+0000][7][gc,age       ] GC(31) - age   3:     155560 bytes,    1684552 total
[2021-04-21T09:39:57.929+0000][7][gc,age       ] GC(31) - age   4:      42192 bytes,    1726744 total
[2021-04-21T09:39:57.929+0000][7][gc,age       ] GC(31) - age   5:      36696 bytes,    1763440 total
[2021-04-21T09:39:57.930+0000][7][gc,phases    ] GC(31)   Pre Evacuate Collection Set: 0.0ms
[2021-04-21T09:39:57.930+0000][7][gc,phases    ] GC(31)   Merge Heap Roots: 0.0ms
[2021-04-21T09:39:57.931+0000][7][gc,phases    ] GC(31)   Evacuate Collection Set: 3.2ms
[2021-04-21T09:39:57.932+0000][7][gc,phases    ] GC(31)   Post Evacuate Collection Set: 0.4ms
[2021-04-21T09:39:57.932+0000][7][gc,phases    ] GC(31)   Other: 4.0ms
[2021-04-21T09:39:57.933+0000][7][gc,heap      ] GC(31) Eden regions: 24->0(24)
[2021-04-21T09:39:57.933+0000][7][gc,heap      ] GC(31) Survivor regions: 2->2(4)
[2021-04-21T09:39:57.933+0000][7][gc,heap      ] GC(31) Old regions: 16->16
[2021-04-21T09:39:57.933+0000][7][gc,heap      ] GC(31) Archive regions: 2->2
[2021-04-21T09:39:57.933+0000][7][gc,heap      ] GC(31) Humongous regions: 1->1
[2021-04-21T09:39:57.933+0000][7][gc,metaspace ] GC(31) Metaspace: 21114K(22396K)->21114K(22396K) NonClass: 18525K(19376K)->18525K(19376K) Class: 2588K(3020K)->2588K(3020K)
[2021-04-21T09:39:57.933+0000][7][gc           ] GC(31) Pause Young (Normal) (G1 Evacuation Pause) 43M->19M(66M) 10.757ms
[2021-04-21T09:39:57.933+0000][7][gc,cpu       ] GC(31) User=0.02s Sys=0.00s Real=0.01s
[2021-04-21T09:39:57.933+0000][7][safepoint    ] Safepoint "G1CollectForAllocation", Time since last: 41483266 ns, Reaching safepoint: 115724 ns, At safepoint: 10833529 ns, Total: 10949253 ns
[2021-04-21T09:39:57.981+0000][7][gc,start     ] GC(32) Pause Young (Normal) (G1 Evacuation Pause)
[2021-04-21T09:39:57.982+0000][7][gc,task      ] GC(32) Using 2 workers of 4 for evacuation
[2021-04-21T09:39:57.983+0000][7][gc,age       ] GC(32) Desired survivor size 2097152 bytes, new threshold 15 (max threshold 15)
[2021-04-21T09:39:57.985+0000][7][gc,age       ] GC(32) Age table with threshold 15 (max threshold 15)
[2021-04-21T09:39:57.986+0000][7][gc,age       ] GC(32) - age   1:     861960 bytes,     861960 total
[2021-04-21T09:39:57.986+0000][7][gc,age       ] GC(32) - age   2:      32816 bytes,     894776 total
[2021-04-21T09:39:57.987+0000][7][gc,age       ] GC(32) - age   3:      33048 bytes,     927824 total
[2021-04-21T09:39:57.988+0000][7][gc,age       ] GC(32) - age   4:     155560 bytes,    1083384 total
[2021-04-21T09:39:57.988+0000][7][gc,age       ] GC(32) - age   5:      42192 bytes,    1125576 total
[2021-04-21T09:39:57.989+0000][7][gc,age       ] GC(32) - age   6:      36696 bytes,    1162272 total
[2021-04-21T09:39:57.989+0000][7][gc,phases    ] GC(32)   Pre Evacuate Collection Set: 0.0ms
[2021-04-21T09:39:57.990+0000][7][gc,phases    ] GC(32)   Merge Heap Roots: 0.0ms
[2021-04-21T09:39:57.990+0000][7][gc,phases    ] GC(32)   Evacuate Collection Set: 1.5ms
[2021-04-21T09:39:57.991+0000][7][gc,phases    ] GC(32)   Post Evacuate Collection Set: 0.3ms
[2021-04-21T09:39:57.991+0000][7][gc,phases    ] GC(32)   Other: 6.2ms
[2021-04-21T09:39:57.991+0000][7][gc,heap      ] GC(32) Eden regions: 24->0(25)
[2021-04-21T09:39:57.991+0000][7][gc,heap      ] GC(32) Survivor regions: 2->2(4)
[2021-04-21T09:39:57.991+0000][7][gc,heap      ] GC(32) Old regions: 16->16
[2021-04-21T09:39:57.991+0000][7][gc,heap      ] GC(32) Archive regions: 2->2
[2021-04-21T09:39:57.991+0000][7][gc,heap      ] GC(32) Humongous regions: 1->1
[2021-04-21T09:39:57.991+0000][7][gc,metaspace ] GC(32) Metaspace: 21123K(22396K)->21123K(22396K) NonClass: 18533K(19376K)->18533K(19376K) Class: 2590K(3020K)->2590K(3020K)
[2021-04-21T09:39:57.991+0000][7][gc           ] GC(32) Pause Young (Normal) (G1 Evacuation Pause) 43M->18M(66M) 10.057ms
[2021-04-21T09:39:57.991+0000][7][gc,cpu       ] GC(32) User=0.02s Sys=0.00s Real=0.01s
[2021-04-21T09:39:57.991+0000][7][safepoint    ] Safepoint "G1CollectForAllocation", Time since last: 47981091 ns, Reaching safepoint: 114627 ns, At safepoint: 10129170 ns, Total: 10243797 ns
[2021-04-21T09:39:58.038+0000][7][gc,start     ] GC(33) Pause Young (Normal) (G1 Evacuation Pause)
[2021-04-21T09:39:58.039+0000][7][gc,task      ] GC(33) Using 2 workers of 4 for evacuation
[2021-04-21T09:39:58.039+0000][7][gc,age       ] GC(33) Desired survivor size 2097152 bytes, new threshold 15 (max threshold 15)
[2021-04-21T09:39:58.041+0000][7][gc,age       ] GC(33) Age table with threshold 15 (max threshold 15)
[2021-04-21T09:39:58.041+0000][7][gc,age       ] GC(33) - age   1:     792568 bytes,     792568 total
[2021-04-21T09:39:58.041+0000][7][gc,age       ] GC(33) - age   2:      69120 bytes,     861688 total
[2021-04-21T09:39:58.041+0000][7][gc,age       ] GC(33) - age   3:      32816 bytes,     894504 total
[2021-04-21T09:39:58.041+0000][7][gc,age       ] GC(33) - age   4:      33048 bytes,     927552 total
[2021-04-21T09:39:58.041+0000][7][gc,age       ] GC(33) - age   5:     155560 bytes,    1083112 total
[2021-04-21T09:39:58.041+0000][7][gc,age       ] GC(33) - age   6:      42192 bytes,    1125304 total
[2021-04-21T09:39:58.041+0000][7][gc,age       ] GC(33) - age   7:      36584 bytes,    1161888 total
[2021-04-21T09:39:58.041+0000][7][gc,phases    ] GC(33)   Pre Evacuate Collection Set: 0.0ms
[2021-04-21T09:39:58.041+0000][7][gc,phases    ] GC(33)   Merge Heap Roots: 0.0ms
[2021-04-21T09:39:58.041+0000][7][gc,phases    ] GC(33)   Evacuate Collection Set: 1.8ms
[2021-04-21T09:39:58.041+0000][7][gc,phases    ] GC(33)   Post Evacuate Collection Set: 0.4ms
[2021-04-21T09:39:58.041+0000][7][gc,phases    ] GC(33)   Other: 0.9ms
[2021-04-21T09:39:58.041+0000][7][gc,heap      ] GC(33) Eden regions: 25->0(25)
[2021-04-21T09:39:58.041+0000][7][gc,heap      ] GC(33) Survivor regions: 2->2(4)
[2021-04-21T09:39:58.041+0000][7][gc,heap      ] GC(33) Old regions: 16->16
[2021-04-21T09:39:58.041+0000][7][gc,heap      ] GC(33) Archive regions: 2->2
[2021-04-21T09:39:58.041+0000][7][gc,heap      ] GC(33) Humongous regions: 1->1
[2021-04-21T09:39:58.041+0000][7][gc,metaspace ] GC(33) Metaspace: 21129K(22396K)->21129K(22396K) NonClass: 18537K(19376K)->18537K(19376K) Class: 2592K(3020K)->2592K(3020K)
[2021-04-21T09:39:58.041+0000][7][gc           ] GC(33) Pause Young (Normal) (G1 Evacuation Pause) 43M->18M(66M) 3.307ms
[2021-04-21T09:39:58.041+0000][7][gc,cpu       ] GC(33) User=0.01s Sys=0.00s Real=0.01s
[2021-04-21T09:39:58.042+0000][7][safepoint    ] Safepoint "G1CollectForAllocation", Time since last: 46719960 ns, Reaching safepoint: 115874 ns, At safepoint: 3381555 ns, Total: 3497429 ns
[2021-04-21T09:39:58.099+0000][7][gc,start     ] GC(34) Pause Young (Normal) (G1 Evacuation Pause)
[2021-04-21T09:39:58.100+0000][7][gc,task      ] GC(34) Using 2 workers of 4 for evacuation
[2021-04-21T09:39:58.100+0000][7][gc,age       ] GC(34) Desired survivor size 2097152 bytes, new threshold 15 (max threshold 15)
[2021-04-21T09:39:58.102+0000][7][gc,age       ] GC(34) Age table with threshold 15 (max threshold 15)
[2021-04-21T09:39:58.102+0000][7][gc,age       ] GC(34) - age   1:     593120 bytes,     593120 total
[2021-04-21T09:39:58.102+0000][7][gc,age       ] GC(34) - age   2:      34472 bytes,     627592 total
[2021-04-21T09:39:58.102+0000][7][gc,age       ] GC(34) - age   3:      69120 bytes,     696712 total
[2021-04-21T09:39:58.102+0000][7][gc,age       ] GC(34) - age   4:      32816 bytes,     729528 total
[2021-04-21T09:39:58.102+0000][7][gc,age       ] GC(34) - age   5:      33048 bytes,     762576 total
[2021-04-21T09:39:58.102+0000][7][gc,age       ] GC(34) - age   6:     155560 bytes,     918136 total
[2021-04-21T09:39:58.102+0000][7][gc,age       ] GC(34) - age   7:      42192 bytes,     960328 total
[2021-04-21T09:39:58.102+0000][7][gc,age       ] GC(34) - age   8:      36584 bytes,     996912 total
[2021-04-21T09:39:58.102+0000][7][gc,phases    ] GC(34)   Pre Evacuate Collection Set: 0.0ms
[2021-04-21T09:39:58.102+0000][7][gc,phases    ] GC(34)   Merge Heap Roots: 0.0ms
[2021-04-21T09:39:58.102+0000][7][gc,phases    ] GC(34)   Evacuate Collection Set: 1.7ms
[2021-04-21T09:39:58.102+0000][7][gc,phases    ] GC(34)   Post Evacuate Collection Set: 0.4ms
[2021-04-21T09:39:58.102+0000][7][gc,phases    ] GC(34)   Other: 0.3ms
[2021-04-21T09:39:58.102+0000][7][gc,heap      ] GC(34) Eden regions: 25->0(26)
[2021-04-21T09:39:58.102+0000][7][gc,heap      ] GC(34) Survivor regions: 2->1(4)
[2021-04-21T09:39:58.102+0000][7][gc,heap      ] GC(34) Old regions: 16->16
[2021-04-21T09:39:58.102+0000][7][gc,heap      ] GC(34) Archive regions: 2->2
[2021-04-21T09:39:58.102+0000][7][gc,heap      ] GC(34) Humongous regions: 1->1
[2021-04-21T09:39:58.102+0000][7][gc,metaspace ] GC(34) Metaspace: 21222K(22780K)->21222K(22780K) NonClass: 18613K(19632K)->18613K(19632K) Class: 2608K(3148K)->2608K(3148K)
[2021-04-21T09:39:58.102+0000][7][gc           ] GC(34) Pause Young (Normal) (G1 Evacuation Pause) 43M->18M(66M) 2.530ms
[2021-04-21T09:39:58.102+0000][7][gc,cpu       ] GC(34) User=0.01s Sys=0.00s Real=0.00s
[2021-04-21T09:39:58.102+0000][7][safepoint    ] Safepoint "G1CollectForAllocation", Time since last: 57829419 ns, Reaching safepoint: 121543 ns, At safepoint: 2598697 ns, Total: 2720240 ns
[2021-04-21T09:39:58.141+0000][7][gc,start     ] GC(35) Pause Young (Normal) (G1 Evacuation Pause)
[2021-04-21T09:39:58.141+0000][7][gc,task      ] GC(35) Using 2 workers of 4 for evacuation
[2021-04-21T09:39:58.141+0000][7][gc,age       ] GC(35) Desired survivor size 2097152 bytes, new threshold 15 (max threshold 15)
[2021-04-21T09:39:58.145+0000][7][gc,age       ] GC(35) Age table with threshold 15 (max threshold 15)
[2021-04-21T09:39:58.145+0000][7][gc,age       ] GC(35) - age   1:    1548760 bytes,    1548760 total
[2021-04-21T09:39:58.145+0000][7][gc,age       ] GC(35) - age   2:      93384 bytes,    1642144 total
[2021-04-21T09:39:58.145+0000][7][gc,age       ] GC(35) - age   3:      34472 bytes,    1676616 total
[2021-04-21T09:39:58.145+0000][7][gc,age       ] GC(35) - age   4:      69120 bytes,    1745736 total
[2021-04-21T09:39:58.145+0000][7][gc,age       ] GC(35) - age   5:      32816 bytes,    1778552 total
[2021-04-21T09:39:58.145+0000][7][gc,age       ] GC(35) - age   6:      33048 bytes,    1811600 total
[2021-04-21T09:39:58.145+0000][7][gc,age       ] GC(35) - age   7:     155560 bytes,    1967160 total
[2021-04-21T09:39:58.145+0000][7][gc,age       ] GC(35) - age   8:      42192 bytes,    2009352 total
[2021-04-21T09:39:58.145+0000][7][gc,age       ] GC(35) - age   9:      36584 bytes,    2045936 total
[2021-04-21T09:39:58.145+0000][7][gc,phases    ] GC(35)   Pre Evacuate Collection Set: 0.0ms
[2021-04-21T09:39:58.145+0000][7][gc,phases    ] GC(35)   Merge Heap Roots: 0.0ms
[2021-04-21T09:39:58.145+0000][7][gc,phases    ] GC(35)   Evacuate Collection Set: 3.6ms
[2021-04-21T09:39:58.145+0000][7][gc,phases    ] GC(35)   Post Evacuate Collection Set: 0.4ms
[2021-04-21T09:39:58.145+0000][7][gc,phases    ] GC(35)   Other: 0.3ms
[2021-04-21T09:39:58.145+0000][7][gc,heap      ] GC(35) Eden regions: 26->0(25)
[2021-04-21T09:39:58.145+0000][7][gc,heap      ] GC(35) Survivor regions: 1->2(4)
[2021-04-21T09:39:58.145+0000][7][gc,heap      ] GC(35) Old regions: 16->16
[2021-04-21T09:39:58.145+0000][7][gc,heap      ] GC(35) Archive regions: 2->2
[2021-04-21T09:39:58.145+0000][7][gc,heap      ] GC(35) Humongous regions: 1->1
[2021-04-21T09:39:58.145+0000][7][gc,metaspace ] GC(35) Metaspace: 21222K(22780K)->21222K(22780K) NonClass: 18613K(19632K)->18613K(19632K) Class: 2608K(3148K)->2608K(3148K)
[2021-04-21T09:39:58.145+0000][7][gc           ] GC(35) Pause Young (Normal) (G1 Evacuation Pause) 44M->19M(66M) 4.442ms
[2021-04-21T09:39:58.146+0000][7][gc,cpu       ] GC(35) User=0.01s Sys=0.00s Real=0.00s
[2021-04-21T09:39:58.146+0000][7][safepoint    ] Safepoint "G1CollectForAllocation", Time since last: 38837931 ns, Reaching safepoint: 122139 ns, At safepoint: 4512375 ns, Total: 4634514 ns
[2021-04-21T09:39:58.216+0000][7][gc,start     ] GC(36) Pause Young (Normal) (G1 Evacuation Pause)
[2021-04-21T09:39:58.216+0000][7][gc,task      ] GC(36) Using 2 workers of 4 for evacuation
[2021-04-21T09:39:58.216+0000][7][gc,age       ] GC(36) Desired survivor size 2097152 bytes, new threshold 15 (max threshold 15)
[2021-04-21T09:39:58.219+0000][7][gc,age       ] GC(36) Age table with threshold 15 (max threshold 15)
[2021-04-21T09:39:58.219+0000][7][gc,age       ] GC(36) - age   1:     994112 bytes,     994112 total
[2021-04-21T09:39:58.219+0000][7][gc,age       ] GC(36) - age   2:        720 bytes,     994832 total
[2021-04-21T09:39:58.219+0000][7][gc,age       ] GC(36) - age   3:      67288 bytes,    1062120 total
[2021-04-21T09:39:58.219+0000][7][gc,age       ] GC(36) - age   4:      34472 bytes,    1096592 total
[2021-04-21T09:39:58.219+0000][7][gc,age       ] GC(36) - age   5:      69120 bytes,    1165712 total
[2021-04-21T09:39:58.219+0000][7][gc,age       ] GC(36) - age   6:      32816 bytes,    1198528 total
[2021-04-21T09:39:58.219+0000][7][gc,age       ] GC(36) - age   7:      33048 bytes,    1231576 total
[2021-04-21T09:39:58.219+0000][7][gc,age       ] GC(36) - age   8:     155560 bytes,    1387136 total
[2021-04-21T09:39:58.220+0000][7][gc,age       ] GC(36) - age   9:      42192 bytes,    1429328 total
[2021-04-21T09:39:58.220+0000][7][gc,age       ] GC(36) - age  10:      36584 bytes,    1465912 total
[2021-04-21T09:39:58.220+0000][7][gc,phases    ] GC(36)   Pre Evacuate Collection Set: 0.1ms
[2021-04-21T09:39:58.220+0000][7][gc,phases    ] GC(36)   Merge Heap Roots: 0.0ms
[2021-04-21T09:39:58.220+0000][7][gc,phases    ] GC(36)   Evacuate Collection Set: 2.3ms
[2021-04-21T09:39:58.220+0000][7][gc,phases    ] GC(36)   Post Evacuate Collection Set: 0.6ms
[2021-04-21T09:39:58.220+0000][7][gc,phases    ] GC(36)   Other: 1.0ms
[2021-04-21T09:39:58.220+0000][7][gc,heap      ] GC(36) Eden regions: 25->0(25)
[2021-04-21T09:39:58.220+0000][7][gc,heap      ] GC(36) Survivor regions: 2->2(4)
[2021-04-21T09:39:58.220+0000][7][gc,heap      ] GC(36) Old regions: 16->16
[2021-04-21T09:39:58.220+0000][7][gc,heap      ] GC(36) Archive regions: 2->2
[2021-04-21T09:39:58.220+0000][7][gc,heap      ] GC(36) Humongous regions: 1->1
[2021-04-21T09:39:58.220+0000][7][gc,metaspace ] GC(36) Metaspace: 21271K(22780K)->21271K(22780K) NonClass: 18646K(19632K)->18646K(19632K) Class: 2624K(3148K)->2624K(3148K)
[2021-04-21T09:39:58.220+0000][7][gc           ] GC(36) Pause Young (Normal) (G1 Evacuation Pause) 44M->19M(66M) 4.095ms
[2021-04-21T09:39:58.220+0000][7][gc,cpu       ] GC(36) User=0.01s Sys=0.00s Real=0.01s
[2021-04-21T09:39:58.220+0000][7][safepoint    ] Safepoint "G1CollectForAllocation", Time since last: 69821704 ns, Reaching safepoint: 214496 ns, At safepoint: 4173175 ns, Total: 4387671 ns
[2021-04-21T09:39:58.264+0000][7][gc,start     ] GC(37) Pause Young (Normal) (G1 Evacuation Pause)
[2021-04-21T09:39:58.264+0000][7][gc,task      ] GC(37) Using 2 workers of 4 for evacuation
[2021-04-21T09:39:58.264+0000][7][gc,age       ] GC(37) Desired survivor size 2097152 bytes, new threshold 15 (max threshold 15)
[2021-04-21T09:39:58.271+0000][7][gc,age       ] GC(37) Age table with threshold 15 (max threshold 15)
[2021-04-21T09:39:58.271+0000][7][gc,age       ] GC(37) - age   1:     584600 bytes,     584600 total
[2021-04-21T09:39:58.271+0000][7][gc,age       ] GC(37) - age   2:     247736 bytes,     832336 total
[2021-04-21T09:39:58.271+0000][7][gc,age       ] GC(37) - age   3:        720 bytes,     833056 total
[2021-04-21T09:39:58.271+0000][7][gc,age       ] GC(37) - age   4:      67176 bytes,     900232 total
[2021-04-21T09:39:58.271+0000][7][gc,age       ] GC(37) - age   5:      34472 bytes,     934704 total
[2021-04-21T09:39:58.271+0000][7][gc,age       ] GC(37) - age   6:      69120 bytes,    1003824 total
[2021-04-21T09:39:58.271+0000][7][gc,age       ] GC(37) - age   7:      32816 bytes,    1036640 total
[2021-04-21T09:39:58.271+0000][7][gc,age       ] GC(37) - age   8:      33048 bytes,    1069688 total
[2021-04-21T09:39:58.271+0000][7][gc,age       ] GC(37) - age   9:     155560 bytes,    1225248 total
[2021-04-21T09:39:58.271+0000][7][gc,age       ] GC(37) - age  10:      42192 bytes,    1267440 total
[2021-04-21T09:39:58.271+0000][7][gc,age       ] GC(37) - age  11:      36584 bytes,    1304024 total
[2021-04-21T09:39:58.271+0000][7][gc,phases    ] GC(37)   Pre Evacuate Collection Set: 1.4ms
[2021-04-21T09:39:58.271+0000][7][gc,phases    ] GC(37)   Merge Heap Roots: 0.0ms
[2021-04-21T09:39:58.271+0000][7][gc,phases    ] GC(37)   Evacuate Collection Set: 5.3ms
[2021-04-21T09:39:58.271+0000][7][gc,phases    ] GC(37)   Post Evacuate Collection Set: 0.5ms
[2021-04-21T09:39:58.272+0000][7][gc,phases    ] GC(37)   Other: 0.4ms
[2021-04-21T09:39:58.272+0000][7][gc,heap      ] GC(37) Eden regions: 25->0(26)
[2021-04-21T09:39:58.272+0000][7][gc,heap      ] GC(37) Survivor regions: 2->2(4)
[2021-04-21T09:39:58.272+0000][7][gc,heap      ] GC(37) Old regions: 16->16
[2021-04-21T09:39:58.272+0000][7][gc,heap      ] GC(37) Archive regions: 2->2
[2021-04-21T09:39:58.272+0000][7][gc,heap      ] GC(37) Humongous regions: 1->1
[2021-04-21T09:39:58.272+0000][7][gc,metaspace ] GC(37) Metaspace: 21308K(23036K)->21308K(23036K) NonClass: 18677K(19888K)->18677K(19888K) Class: 2631K(3148K)->2631K(3148K)
[2021-04-21T09:39:58.272+0000][7][gc           ] GC(37) Pause Young (Normal) (G1 Evacuation Pause) 44M->19M(66M) 7.804ms
[2021-04-21T09:39:58.272+0000][7][gc,cpu       ] GC(37) User=0.02s Sys=0.00s Real=0.01s
[2021-04-21T09:39:58.272+0000][7][safepoint    ] Safepoint "G1CollectForAllocation", Time since last: 43964102 ns, Reaching safepoint: 128428 ns, At safepoint: 7870615 ns, Total: 7999043 ns
[2021-04-21T09:39:58.364+0000][7][gc,start     ] GC(38) Pause Young (Normal) (G1 Evacuation Pause)
[2021-04-21T09:39:58.365+0000][7][gc,task      ] GC(38) Using 2 workers of 4 for evacuation
[2021-04-21T09:39:58.365+0000][7][gc,age       ] GC(38) Desired survivor size 2097152 bytes, new threshold 15 (max threshold 15)
[2021-04-21T09:39:58.367+0000][7][gc,age       ] GC(38) Age table with threshold 15 (max threshold 15)
[2021-04-21T09:39:58.367+0000][7][gc,age       ] GC(38) - age   1:     653936 bytes,     653936 total
[2021-04-21T09:39:58.367+0000][7][gc,age       ] GC(38) - age   2:      51152 bytes,     705088 total
[2021-04-21T09:39:58.367+0000][7][gc,age       ] GC(38) - age   3:     247736 bytes,     952824 total
[2021-04-21T09:39:58.367+0000][7][gc,age       ] GC(38) - age   4:        720 bytes,     953544 total
[2021-04-21T09:39:58.367+0000][7][gc,age       ] GC(38) - age   5:      67176 bytes,    1020720 total
[2021-04-21T09:39:58.367+0000][7][gc,age       ] GC(38) - age   6:      34472 bytes,    1055192 total
[2021-04-21T09:39:58.367+0000][7][gc,age       ] GC(38) - age   7:      69120 bytes,    1124312 total
[2021-04-21T09:39:58.367+0000][7][gc,age       ] GC(38) - age   8:      32816 bytes,    1157128 total
[2021-04-21T09:39:58.367+0000][7][gc,age       ] GC(38) - age   9:      33048 bytes,    1190176 total
[2021-04-21T09:39:58.367+0000][7][gc,age       ] GC(38) - age  10:     155560 bytes,    1345736 total
[2021-04-21T09:39:58.367+0000][7][gc,age       ] GC(38) - age  11:      42192 bytes,    1387928 total
[2021-04-21T09:39:58.367+0000][7][gc,age       ] GC(38) - age  12:      36584 bytes,    1424512 total
[2021-04-21T09:39:58.367+0000][7][gc,phases    ] GC(38)   Pre Evacuate Collection Set: 0.4ms
[2021-04-21T09:39:58.367+0000][7][gc,phases    ] GC(38)   Merge Heap Roots: 0.0ms
[2021-04-21T09:39:58.367+0000][7][gc,phases    ] GC(38)   Evacuate Collection Set: 1.9ms
[2021-04-21T09:39:58.367+0000][7][gc,phases    ] GC(38)   Post Evacuate Collection Set: 0.3ms
[2021-04-21T09:39:58.367+0000][7][gc,phases    ] GC(38)   Other: 0.8ms
[2021-04-21T09:39:58.367+0000][7][gc,heap      ] GC(38) Eden regions: 26->0(26)
[2021-04-21T09:39:58.367+0000][7][gc,heap      ] GC(38) Survivor regions: 2->2(4)
[2021-04-21T09:39:58.367+0000][7][gc,heap      ] GC(38) Old regions: 16->16
[2021-04-21T09:39:58.367+0000][7][gc,heap      ] GC(38) Archive regions: 2->2
[2021-04-21T09:39:58.368+0000][7][gc,heap      ] GC(38) Humongous regions: 1->1
[2021-04-21T09:39:58.368+0000][7][gc,metaspace ] GC(38) Metaspace: 21367K(23036K)->21367K(23036K) NonClass: 18723K(19888K)->18723K(19888K) Class: 2643K(3148K)->2643K(3148K)
[2021-04-21T09:39:58.368+0000][7][gc           ] GC(38) Pause Young (Normal) (G1 Evacuation Pause) 45M->19M(66M) 3.617ms
[2021-04-21T09:39:58.368+0000][7][gc,cpu       ] GC(38) User=0.01s Sys=0.00s Real=0.01s
[2021-04-21T09:39:58.368+0000][7][safepoint    ] Safepoint "G1CollectForAllocation", Time since last: 92209837 ns, Reaching safepoint: 44680 ns, At safepoint: 3688072 ns, Total: 3732752 ns
[2021-04-21T09:39:58.412+0000][7][gc,start     ] GC(39) Pause Young (Normal) (G1 Evacuation Pause)
[2021-04-21T09:39:58.412+0000][7][gc,task      ] GC(39) Using 2 workers of 4 for evacuation
[2021-04-21T09:39:58.412+0000][7][gc,age       ] GC(39) Desired survivor size 2097152 bytes, new threshold 15 (max threshold 15)
[2021-04-21T09:39:58.423+0000][7][gc,age       ] GC(39) Age table with threshold 15 (max threshold 15)
[2021-04-21T09:39:58.423+0000][7][gc,age       ] GC(39) - age   1:     827056 bytes,     827056 total
[2021-04-21T09:39:58.423+0000][7][gc,age       ] GC(39) - age   2:      61408 bytes,     888464 total
[2021-04-21T09:39:58.423+0000][7][gc,age       ] GC(39) - age   3:      51152 bytes,     939616 total
[2021-04-21T09:39:58.423+0000][7][gc,age       ] GC(39) - age   4:     247736 bytes,    1187352 total
[2021-04-21T09:39:58.423+0000][7][gc,age       ] GC(39) - age   5:        720 bytes,    1188072 total
[2021-04-21T09:39:58.423+0000][7][gc,age       ] GC(39) - age   6:      67176 bytes,    1255248 total
[2021-04-21T09:39:58.423+0000][7][gc,age       ] GC(39) - age   7:      34472 bytes,    1289720 total
[2021-04-21T09:39:58.423+0000][7][gc,age       ] GC(39) - age   8:      69120 bytes,    1358840 total
[2021-04-21T09:39:58.423+0000][7][gc,age       ] GC(39) - age   9:      32816 bytes,    1391656 total
[2021-04-21T09:39:58.423+0000][7][gc,age       ] GC(39) - age  10:      33048 bytes,    1424704 total
[2021-04-21T09:39:58.423+0000][7][gc,age       ] GC(39) - age  11:     155560 bytes,    1580264 total
[2021-04-21T09:39:58.423+0000][7][gc,age       ] GC(39) - age  12:      42192 bytes,    1622456 total
[2021-04-21T09:39:58.423+0000][7][gc,age       ] GC(39) - age  13:      36584 bytes,    1659040 total
[2021-04-21T09:39:58.423+0000][7][gc,phases    ] GC(39)   Pre Evacuate Collection Set: 0.0ms
[2021-04-21T09:39:58.423+0000][7][gc,phases    ] GC(39)   Merge Heap Roots: 0.0ms
[2021-04-21T09:39:58.423+0000][7][gc,phases    ] GC(39)   Evacuate Collection Set: 7.8ms
[2021-04-21T09:39:58.423+0000][7][gc,phases    ] GC(39)   Post Evacuate Collection Set: 2.7ms
[2021-04-21T09:39:58.423+0000][7][gc,phases    ] GC(39)   Other: 0.3ms
[2021-04-21T09:39:58.423+0000][7][gc,heap      ] GC(39) Eden regions: 26->0(26)
[2021-04-21T09:39:58.423+0000][7][gc,heap      ] GC(39) Survivor regions: 2->2(4)
[2021-04-21T09:39:58.423+0000][7][gc,heap      ] GC(39) Old regions: 16->16
[2021-04-21T09:39:58.423+0000][7][gc,heap      ] GC(39) Archive regions: 2->2
[2021-04-21T09:39:58.423+0000][7][gc,heap      ] GC(39) Humongous regions: 1->1
[2021-04-21T09:39:58.423+0000][7][gc,metaspace ] GC(39) Metaspace: 21369K(23036K)->21369K(23036K) NonClass: 18724K(19888K)->18724K(19888K) Class: 2644K(3148K)->2644K(3148K)
[2021-04-21T09:39:58.423+0000][7][gc           ] GC(39) Pause Young (Normal) (G1 Evacuation Pause) 45M->19M(66M) 11.160ms
[2021-04-21T09:39:58.423+0000][7][gc,cpu       ] GC(39) User=0.02s Sys=0.00s Real=0.01s
[2021-04-21T09:39:58.423+0000][7][safepoint    ] Safepoint "G1CollectForAllocation", Time since last: 44042373 ns, Reaching safepoint: 117287 ns, At safepoint: 11231382 ns, Total: 11348669 ns
[2021-04-21T09:39:58.494+0000][7][gc,start     ] GC(40) Pause Young (Normal) (G1 Evacuation Pause)
[2021-04-21T09:39:58.494+0000][7][gc,task      ] GC(40) Using 2 workers of 4 for evacuation
[2021-04-21T09:39:58.494+0000][7][gc,age       ] GC(40) Desired survivor size 2097152 bytes, new threshold 15 (max threshold 15)
[2021-04-21T09:39:58.502+0000][7][gc,age       ] GC(40) Age table with threshold 15 (max threshold 15)
[2021-04-21T09:39:58.502+0000][7][gc,age       ] GC(40) - age   1:     778664 bytes,     778664 total
[2021-04-21T09:39:58.502+0000][7][gc,age       ] GC(40) - age   2:      84528 bytes,     863192 total
[2021-04-21T09:39:58.502+0000][7][gc,age       ] GC(40) - age   3:      61408 bytes,     924600 total
[2021-04-21T09:39:58.502+0000][7][gc,age       ] GC(40) - age   4:      51152 bytes,     975752 total
[2021-04-21T09:39:58.502+0000][7][gc,age       ] GC(40) - age   5:     247736 bytes,    1223488 total
[2021-04-21T09:39:58.502+0000][7][gc,age       ] GC(40) - age   6:        720 bytes,    1224208 total
[2021-04-21T09:39:58.502+0000][7][gc,age       ] GC(40) - age   7:      67176 bytes,    1291384 total
[2021-04-21T09:39:58.502+0000][7][gc,age       ] GC(40) - age   8:      34472 bytes,    1325856 total
[2021-04-21T09:39:58.502+0000][7][gc,age       ] GC(40) - age   9:      69120 bytes,    1394976 total
[2021-04-21T09:39:58.502+0000][7][gc,age       ] GC(40) - age  10:      32816 bytes,    1427792 total
[2021-04-21T09:39:58.502+0000][7][gc,age       ] GC(40) - age  11:      33048 bytes,    1460840 total
[2021-04-21T09:39:58.502+0000][7][gc,age       ] GC(40) - age  12:     155560 bytes,    1616400 total
[2021-04-21T09:39:58.502+0000][7][gc,age       ] GC(40) - age  13:      42192 bytes,    1658592 total
[2021-04-21T09:39:58.502+0000][7][gc,age       ] GC(40) - age  14:      36584 bytes,    1695176 total
[2021-04-21T09:39:58.508+0000][7][gc,phases    ] GC(40)   Pre Evacuate Collection Set: 1.6ms
[2021-04-21T09:39:58.508+0000][7][gc,phases    ] GC(40)   Merge Heap Roots: 0.0ms
[2021-04-21T09:39:58.508+0000][7][gc,phases    ] GC(40)   Evacuate Collection Set: 5.1ms
[2021-04-21T09:39:58.508+0000][7][gc,phases    ] GC(40)   Post Evacuate Collection Set: 7.2ms
[2021-04-21T09:39:58.509+0000][7][gc,phases    ] GC(40)   Other: 0.3ms
[2021-04-21T09:39:58.509+0000][7][gc,heap      ] GC(40) Eden regions: 26->0(31)
[2021-04-21T09:39:58.509+0000][7][gc,heap      ] GC(40) Survivor regions: 2->2(4)
[2021-04-21T09:39:58.509+0000][7][gc,heap      ] GC(40) Old regions: 16->16
[2021-04-21T09:39:58.509+0000][7][gc,heap      ] GC(40) Archive regions: 2->2
[2021-04-21T09:39:58.509+0000][7][gc,heap      ] GC(40) Humongous regions: 1->1
[2021-04-21T09:39:58.509+0000][7][gc,metaspace ] GC(40) Metaspace: 21383K(23036K)->21383K(23036K) NonClass: 18737K(19888K)->18737K(19888K) Class: 2646K(3148K)->2646K(3148K)
[2021-04-21T09:39:58.509+0000][7][gc           ] GC(40) Pause Young (Normal) (G1 Evacuation Pause) 45M->19M(74M) 14.462ms
[2021-04-21T09:39:58.509+0000][7][gc,cpu       ] GC(40) User=0.03s Sys=0.00s Real=0.02s
[2021-04-21T09:39:58.509+0000][7][safepoint    ] Safepoint "G1CollectForAllocation", Time since last: 70943136 ns, Reaching safepoint: 130745 ns, At safepoint: 14538298 ns, Total: 14669043 ns
[2021-04-21T09:39:58.601+0000][7][gc,start     ] GC(41) Pause Young (Normal) (G1 Evacuation Pause)
[2021-04-21T09:39:58.602+0000][7][gc,task      ] GC(41) Using 2 workers of 4 for evacuation
[2021-04-21T09:39:58.602+0000][7][gc,age       ] GC(41) Desired survivor size 2621440 bytes, new threshold 15 (max threshold 15)
[2021-04-21T09:39:58.610+0000][7][gc,age       ] GC(41) Age table with threshold 15 (max threshold 15)
[2021-04-21T09:39:58.611+0000][7][gc,age       ] GC(41) - age   1:    1664320 bytes,    1664320 total
[2021-04-21T09:39:58.612+0000][7][gc,age       ] GC(41) - age   2:      72416 bytes,    1736736 total
[2021-04-21T09:39:58.613+0000][7][gc,age       ] GC(41) - age   3:      84528 bytes,    1821264 total
[2021-04-21T09:39:58.613+0000][7][gc,age       ] GC(41) - age   4:      61408 bytes,    1882672 total
[2021-04-21T09:39:58.613+0000][7][gc,age       ] GC(41) - age   5:      51152 bytes,    1933824 total
[2021-04-21T09:39:58.613+0000][7][gc,age       ] GC(41) - age   6:     247736 bytes,    2181560 total
[2021-04-21T09:39:58.613+0000][7][gc,age       ] GC(41) - age   7:        720 bytes,    2182280 total
[2021-04-21T09:39:58.613+0000][7][gc,age       ] GC(41) - age   8:      67176 bytes,    2249456 total
[2021-04-21T09:39:58.613+0000][7][gc,age       ] GC(41) - age   9:      34472 bytes,    2283928 total
[2021-04-21T09:39:58.613+0000][7][gc,age       ] GC(41) - age  10:      69120 bytes,    2353048 total
[2021-04-21T09:39:58.613+0000][7][gc,age       ] GC(41) - age  11:      32816 bytes,    2385864 total
[2021-04-21T09:39:58.613+0000][7][gc,age       ] GC(41) - age  12:      33048 bytes,    2418912 total
[2021-04-21T09:39:58.613+0000][7][gc,age       ] GC(41) - age  13:     155560 bytes,    2574472 total
[2021-04-21T09:39:58.613+0000][7][gc,age       ] GC(41) - age  14:      42192 bytes,    2616664 total
[2021-04-21T09:39:58.613+0000][7][gc,age       ] GC(41) - age  15:      36584 bytes,    2653248 total
[2021-04-21T09:39:58.613+0000][7][gc,phases    ] GC(41)   Pre Evacuate Collection Set: 0.0ms
[2021-04-21T09:39:58.613+0000][7][gc,phases    ] GC(41)   Merge Heap Roots: 0.0ms
[2021-04-21T09:39:58.613+0000][7][gc,phases    ] GC(41)   Evacuate Collection Set: 6.6ms
[2021-04-21T09:39:58.613+0000][7][gc,phases    ] GC(41)   Post Evacuate Collection Set: 0.5ms
[2021-04-21T09:39:58.613+0000][7][gc,phases    ] GC(41)   Other: 5.0ms
[2021-04-21T09:39:58.613+0000][7][gc,heap      ] GC(41) Eden regions: 31->0(29)
[2021-04-21T09:39:58.613+0000][7][gc,heap      ] GC(41) Survivor regions: 2->3(5)
[2021-04-21T09:39:58.613+0000][7][gc,heap      ] GC(41) Old regions: 16->16
[2021-04-21T09:39:58.613+0000][7][gc,heap      ] GC(41) Archive regions: 2->2
[2021-04-21T09:39:58.613+0000][7][gc,heap      ] GC(41) Humongous regions: 1->1
[2021-04-21T09:39:58.613+0000][7][gc,metaspace ] GC(41) Metaspace: 21386K(23036K)->21386K(23036K) NonClass: 18739K(19888K)->18739K(19888K) Class: 2647K(3148K)->2647K(3148K)
[2021-04-21T09:39:58.613+0000][7][gc           ] GC(41) Pause Young (Normal) (G1 Evacuation Pause) 50M->20M(74M) 12.314ms
[2021-04-21T09:39:58.613+0000][7][gc,cpu       ] GC(41) User=0.02s Sys=0.01s Real=0.01s
[2021-04-21T09:39:58.613+0000][7][safepoint    ] Safepoint "G1CollectForAllocation", Time since last: 91880642 ns, Reaching safepoint: 137568 ns, At safepoint: 12400166 ns, Total: 12537734 ns
[2021-04-21T09:39:58.691+0000][7][gc,start     ] GC(42) Pause Young (Normal) (G1 Evacuation Pause)
[2021-04-21T09:39:58.691+0000][7][gc,task      ] GC(42) Using 2 workers of 4 for evacuation
[2021-04-21T09:39:58.692+0000][7][gc,age       ] GC(42) Desired survivor size 2097152 bytes, new threshold 6 (max threshold 15)
[2021-04-21T09:39:58.701+0000][7][gc,age       ] GC(42) Age table with threshold 6 (max threshold 15)
[2021-04-21T09:39:58.702+0000][7][gc,age       ] GC(42) - age   1:    1212744 bytes,    1212744 total
[2021-04-21T09:39:58.702+0000][7][gc,age       ] GC(42) - age   2:      31352 bytes,    1244096 total
[2021-04-21T09:39:58.703+0000][7][gc,age       ] GC(42) - age   3:      72416 bytes,    1316512 total
[2021-04-21T09:39:58.704+0000][7][gc,age       ] GC(42) - age   4:      84528 bytes,    1401040 total
[2021-04-21T09:39:58.704+0000][7][gc,age       ] GC(42) - age   5:      61272 bytes,    1462312 total
[2021-04-21T09:39:58.705+0000][7][gc,age       ] GC(42) - age   6:      51152 bytes,    1513464 total
[2021-04-21T09:39:58.706+0000][7][gc,phases    ] GC(42)   Pre Evacuate Collection Set: 0.0ms
[2021-04-21T09:39:58.707+0000][7][gc,phases    ] GC(42)   Merge Heap Roots: 0.0ms
[2021-04-21T09:39:58.707+0000][7][gc,phases    ] GC(42)   Evacuate Collection Set: 6.5ms
[2021-04-21T09:39:58.707+0000][7][gc,phases    ] GC(42)   Post Evacuate Collection Set: 0.6ms
[2021-04-21T09:39:58.707+0000][7][gc,phases    ] GC(42)   Other: 8.4ms
[2021-04-21T09:39:58.707+0000][7][gc,heap      ] GC(42) Eden regions: 29->0(29)
[2021-04-21T09:39:58.707+0000][7][gc,heap      ] GC(42) Survivor regions: 3->2(4)
[2021-04-21T09:39:58.707+0000][7][gc,heap      ] GC(42) Old regions: 16->17
[2021-04-21T09:39:58.707+0000][7][gc,heap      ] GC(42) Archive regions: 2->2
[2021-04-21T09:39:58.707+0000][7][gc,heap      ] GC(42) Humongous regions: 1->1
[2021-04-21T09:39:58.707+0000][7][gc,metaspace ] GC(42) Metaspace: 21413K(23036K)->21413K(23036K) NonClass: 18760K(19888K)->18760K(19888K) Class: 2652K(3148K)->2652K(3148K)
[2021-04-21T09:39:58.707+0000][7][gc           ] GC(42) Pause Young (Normal) (G1 Evacuation Pause) 49M->19M(74M) 16.143ms
[2021-04-21T09:39:58.707+0000][7][gc,cpu       ] GC(42) User=0.02s Sys=0.00s Real=0.02s
[2021-04-21T09:39:58.707+0000][7][safepoint    ] Safepoint "G1CollectForAllocation", Time since last: 77276989 ns, Reaching safepoint: 178604 ns, At safepoint: 16223405 ns, Total: 16402009 ns
[2021-04-21T09:39:59.191+0000][7][gc,start     ] GC(43) Pause Young (Normal) (G1 Evacuation Pause)
[2021-04-21T09:39:59.191+0000][7][gc,task      ] GC(43) Using 2 workers of 4 for evacuation
[2021-04-21T09:39:59.191+0000][7][gc,age       ] GC(43) Desired survivor size 2097152 bytes, new threshold 15 (max threshold 15)
[2021-04-21T09:39:59.197+0000][7][gc,age       ] GC(43) Age table with threshold 15 (max threshold 15)
[2021-04-21T09:39:59.197+0000][7][gc,age       ] GC(43) - age   1:    1190976 bytes,    1190976 total
[2021-04-21T09:39:59.197+0000][7][gc,age       ] GC(43) - age   2:      44784 bytes,    1235760 total
[2021-04-21T09:39:59.197+0000][7][gc,age       ] GC(43) - age   3:      31352 bytes,    1267112 total
[2021-04-21T09:39:59.197+0000][7][gc,age       ] GC(43) - age   4:      72416 bytes,    1339528 total
[2021-04-21T09:39:59.197+0000][7][gc,age       ] GC(43) - age   5:      84528 bytes,    1424056 total
[2021-04-21T09:39:59.197+0000][7][gc,age       ] GC(43) - age   6:      61208 bytes,    1485264 total
[2021-04-21T09:39:59.197+0000][7][gc,age       ] GC(43) - age   7:      51088 bytes,    1536352 total
[2021-04-21T09:39:59.197+0000][7][gc,phases    ] GC(43)   Pre Evacuate Collection Set: 0.9ms
[2021-04-21T09:39:59.197+0000][7][gc,phases    ] GC(43)   Merge Heap Roots: 0.1ms
[2021-04-21T09:39:59.197+0000][7][gc,phases    ] GC(43)   Evacuate Collection Set: 4.7ms
[2021-04-21T09:39:59.197+0000][7][gc,phases    ] GC(43)   Post Evacuate Collection Set: 0.6ms
[2021-04-21T09:39:59.197+0000][7][gc,phases    ] GC(43)   Other: 0.3ms
[2021-04-21T09:39:59.197+0000][7][gc,heap      ] GC(43) Eden regions: 29->0(29)
[2021-04-21T09:39:59.197+0000][7][gc,heap      ] GC(43) Survivor regions: 2->2(4)
[2021-04-21T09:39:59.197+0000][7][gc,heap      ] GC(43) Old regions: 17->17
[2021-04-21T09:39:59.197+0000][7][gc,heap      ] GC(43) Archive regions: 2->2
[2021-04-21T09:39:59.197+0000][7][gc,heap      ] GC(43) Humongous regions: 1->1
[2021-04-21T09:39:59.197+0000][7][gc,metaspace ] GC(43) Metaspace: 24364K(26364K)->24364K(26364K) NonClass: 21342K(22704K)->21342K(22704K) Class: 3022K(3660K)->3022K(3660K)
[2021-04-21T09:39:59.197+0000][7][gc           ] GC(43) Pause Young (Normal) (G1 Evacuation Pause) 48M->19M(74M) 6.599ms
[2021-04-21T09:39:59.197+0000][7][gc,cpu       ] GC(43) User=0.02s Sys=0.00s Real=0.00s
[2021-04-21T09:39:59.197+0000][7][safepoint    ] Safepoint "G1CollectForAllocation", Time since last: 483550532 ns, Reaching safepoint: 390301 ns, At safepoint: 6675955 ns, Total: 7066256 ns
[2021-04-21T09:39:59.967+0000][7][gc,start     ] GC(44) Pause Young (Normal) (G1 Evacuation Pause)
[2021-04-21T09:39:59.967+0000][7][gc,task      ] GC(44) Using 2 workers of 4 for evacuation
[2021-04-21T09:39:59.967+0000][7][gc,age       ] GC(44) Desired survivor size 2097152 bytes, new threshold 15 (max threshold 15)
[2021-04-21T09:39:59.991+0000][7][gc,age       ] GC(44) Age table with threshold 15 (max threshold 15)
[2021-04-21T09:39:59.991+0000][7][gc,age       ] GC(44) - age   1:    2655400 bytes,    2655400 total
[2021-04-21T09:39:59.991+0000][7][gc,age       ] GC(44) - age   2:    1131440 bytes,    3786840 total
[2021-04-21T09:39:59.991+0000][7][gc,age       ] GC(44) - age   3:      44704 bytes,    3831544 total
[2021-04-21T09:39:59.991+0000][7][gc,age       ] GC(44) - age   4:      31352 bytes,    3862896 total
[2021-04-21T09:39:59.991+0000][7][gc,age       ] GC(44) - age   5:      72416 bytes,    3935312 total
[2021-04-21T09:39:59.991+0000][7][gc,age       ] GC(44) - age   6:      84528 bytes,    4019840 total
[2021-04-21T09:39:59.991+0000][7][gc,age       ] GC(44) - age   7:      61048 bytes,    4080888 total
[2021-04-21T09:39:59.991+0000][7][gc,age       ] GC(44) - age   8:      50992 bytes,    4131880 total
[2021-04-21T09:39:59.992+0000][7][gc,phases    ] GC(44)   Pre Evacuate Collection Set: 1.5ms
[2021-04-21T09:39:59.992+0000][7][gc,phases    ] GC(44)   Merge Heap Roots: 0.1ms
[2021-04-21T09:39:59.992+0000][7][gc,phases    ] GC(44)   Evacuate Collection Set: 21.3ms
[2021-04-21T09:39:59.992+0000][7][gc,phases    ] GC(44)   Post Evacuate Collection Set: 1.2ms
[2021-04-21T09:39:59.992+0000][7][gc,phases    ] GC(44)   Other: 0.3ms
[2021-04-21T09:39:59.992+0000][7][gc,heap      ] GC(44) Eden regions: 29->0(22)
[2021-04-21T09:39:59.992+0000][7][gc,heap      ] GC(44) Survivor regions: 2->4(4)
[2021-04-21T09:39:59.992+0000][7][gc,heap      ] GC(44) Old regions: 17->19
[2021-04-21T09:39:59.992+0000][7][gc,heap      ] GC(44) Archive regions: 2->2
[2021-04-21T09:39:59.992+0000][7][gc,heap      ] GC(44) Humongous regions: 1->1
[2021-04-21T09:39:59.992+0000][7][gc,metaspace ] GC(44) Metaspace: 28387K(30716K)->28387K(30716K) NonClass: 24775K(26288K)->24775K(26288K) Class: 3611K(4428K)->3611K(4428K)
[2021-04-21T09:39:59.992+0000][7][gc           ] GC(44) Pause Young (Normal) (G1 Evacuation Pause) 48M->24M(74M) 24.337ms
[2021-04-21T09:39:59.992+0000][7][gc,cpu       ] GC(44) User=0.04s Sys=0.01s Real=0.02s
[2021-04-21T09:39:59.992+0000][7][safepoint    ] Safepoint "G1CollectForAllocation", Time since last: 769629227 ns, Reaching safepoint: 286566 ns, At safepoint: 24530903 ns, Total: 24817469 ns
[2021-04-21T09:40:00.480+0000][7][gc,start     ] GC(45) Pause Young (Normal) (G1 Evacuation Pause)
[2021-04-21T09:40:00.480+0000][7][gc,task      ] GC(45) Using 2 workers of 4 for evacuation
[2021-04-21T09:40:00.480+0000][7][gc,age       ] GC(45) Desired survivor size 2097152 bytes, new threshold 1 (max threshold 15)
[2021-04-21T09:40:00.501+0000][7][gc,age       ] GC(45) Age table with threshold 1 (max threshold 15)
[2021-04-21T09:40:00.502+0000][7][gc,age       ] GC(45) - age   1:    3940200 bytes,    3940200 total
[2021-04-21T09:40:00.509+0000][7][gc,phases    ] GC(45)   Pre Evacuate Collection Set: 1.4ms
[2021-04-21T09:40:00.510+0000][7][gc,phases    ] GC(45)   Merge Heap Roots: 0.1ms
[2021-04-21T09:40:00.510+0000][7][gc,phases    ] GC(45)   Evacuate Collection Set: 18.7ms
[2021-04-21T09:40:00.510+0000][7][gc,phases    ] GC(45)   Post Evacuate Collection Set: 6.0ms
[2021-04-21T09:40:00.510+0000][7][gc,phases    ] GC(45)   Other: 2.6ms
[2021-04-21T09:40:00.510+0000][7][gc,heap      ] GC(45) Eden regions: 22->0(24)
[2021-04-21T09:40:00.510+0000][7][gc,heap      ] GC(45) Survivor regions: 4->4(4)
[2021-04-21T09:40:00.510+0000][7][gc,heap      ] GC(45) Old regions: 19->23
[2021-04-21T09:40:00.510+0000][7][gc,heap      ] GC(45) Archive regions: 2->2
[2021-04-21T09:40:00.510+0000][7][gc,heap      ] GC(45) Humongous regions: 1->1
[2021-04-21T09:40:00.510+0000][7][gc,metaspace ] GC(45) Metaspace: 28515K(30716K)->28515K(30716K) NonClass: 24892K(26288K)->24892K(26288K) Class: 3622K(4428K)->3622K(4428K)
[2021-04-21T09:40:00.510+0000][7][gc           ] GC(45) Pause Young (Normal) (G1 Evacuation Pause) 46M->28M(85M) 30.061ms
[2021-04-21T09:40:00.510+0000][7][gc,cpu       ] GC(45) User=0.07s Sys=0.00s Real=0.03s
[2021-04-21T09:40:00.510+0000][7][safepoint    ] Safepoint "G1CollectForAllocation", Time since last: 488111890 ns, Reaching safepoint: 138269 ns, At safepoint: 30151170 ns, Total: 30289439 ns
[2021-04-21T09:40:00.822+0000][7][gc,start     ] GC(46) Pause Young (Concurrent Start) (G1 Evacuation Pause)
[2021-04-21T09:40:00.822+0000][7][gc,task      ] GC(46) Using 2 workers of 4 for evacuation
[2021-04-21T09:40:00.823+0000][7][gc,age       ] GC(46) Desired survivor size 2097152 bytes, new threshold 1 (max threshold 15)
[2021-04-21T09:40:00.834+0000][7][gc,age       ] GC(46) Age table with threshold 1 (max threshold 15)
[2021-04-21T09:40:00.835+0000][7][gc,age       ] GC(46) - age   1:    3413480 bytes,    3413480 total
[2021-04-21T09:40:00.836+0000][7][gc,phases    ] GC(46)   Pre Evacuate Collection Set: 0.2ms
[2021-04-21T09:40:00.837+0000][7][gc,phases    ] GC(46)   Merge Heap Roots: 0.1ms
[2021-04-21T09:40:00.837+0000][7][gc,phases    ] GC(46)   Evacuate Collection Set: 10.7ms
[2021-04-21T09:40:00.838+0000][7][gc,phases    ] GC(46)   Post Evacuate Collection Set: 0.4ms
[2021-04-21T09:40:00.838+0000][7][gc,phases    ] GC(46)   Other: 2.0ms
[2021-04-21T09:40:00.838+0000][7][gc,heap      ] GC(46) Eden regions: 24->0(20)
[2021-04-21T09:40:00.838+0000][7][gc,heap      ] GC(46) Survivor regions: 4->4(4)
[2021-04-21T09:40:00.838+0000][7][gc,heap      ] GC(46) Old regions: 23->27
[2021-04-21T09:40:00.838+0000][7][gc,heap      ] GC(46) Archive regions: 2->2
[2021-04-21T09:40:00.838+0000][7][gc,heap      ] GC(46) Humongous regions: 1->1
[2021-04-21T09:40:00.838+0000][7][gc,metaspace ] GC(46) Metaspace: 28522K(30716K)->28522K(30716K) NonClass: 24899K(26288K)->24899K(26288K) Class: 3622K(4428K)->3622K(4428K)
[2021-04-21T09:40:00.838+0000][7][gc           ] GC(46) Pause Young (Concurrent Start) (G1 Evacuation Pause) 52M->31M(85M) 15.964ms
[2021-04-21T09:40:00.838+0000][7][gc,cpu       ] GC(46) User=0.04s Sys=0.01s Real=0.02s
[2021-04-21T09:40:00.838+0000][7][safepoint    ] Safepoint "G1CollectForAllocation", Time since last: 311979244 ns, Reaching safepoint: 215092 ns, At safepoint: 16069385 ns, Total: 16284477 ns
[2021-04-21T09:40:00.839+0000][7][gc           ] GC(47) Concurrent Cycle
[2021-04-21T09:40:00.839+0000][7][gc,marking   ] GC(47) Concurrent Clear Claimed Marks
[2021-04-21T09:40:00.839+0000][7][gc,marking   ] GC(47) Concurrent Clear Claimed Marks 0.103ms
[2021-04-21T09:40:00.839+0000][7][gc,marking   ] GC(47) Concurrent Scan Root Regions
[2021-04-21T09:40:00.859+0000][7][gc,marking   ] GC(47) Concurrent Scan Root Regions 20.636ms
[2021-04-21T09:40:00.859+0000][7][gc,marking   ] GC(47) Concurrent Mark (9.032s)
[2021-04-21T09:40:00.859+0000][7][gc,marking   ] GC(47) Concurrent Mark From Roots
[2021-04-21T09:40:00.859+0000][7][gc,task      ] GC(47) Using 1 workers of 1 for marking
[2021-04-21T09:40:00.963+0000][7][gc,marking   ] GC(47) Concurrent Mark From Roots 103.527ms
[2021-04-21T09:40:00.963+0000][7][gc,marking   ] GC(47) Concurrent Preclean
[2021-04-21T09:40:00.963+0000][7][gc,marking   ] GC(47) Concurrent Preclean 0.254ms
[2021-04-21T09:40:00.963+0000][7][gc,marking   ] GC(47) Concurrent Mark (9.032s, 9.136s) 103.893ms
[2021-04-21T09:40:00.964+0000][7][gc,start     ] GC(47) Pause Remark
[2021-04-21T09:40:00.968+0000][7][gc           ] GC(47) Pause Remark 36M->36M(85M) 4.790ms
[2021-04-21T09:40:00.968+0000][7][gc,cpu       ] GC(47) User=0.01s Sys=0.00s Real=0.01s
[2021-04-21T09:40:00.968+0000][7][safepoint    ] Safepoint "G1Concurrent", Time since last: 124774257 ns, Reaching safepoint: 256521 ns, At safepoint: 4884230 ns, Total: 5140751 ns
[2021-04-21T09:40:00.968+0000][7][gc,marking   ] GC(47) Concurrent Rebuild Remembered Sets
[2021-04-21T09:40:01.044+0000][7][gc,marking   ] GC(47) Concurrent Rebuild Remembered Sets 75.717ms
[2021-04-21T09:40:01.045+0000][7][gc,start     ] GC(47) Pause Cleanup
[2021-04-21T09:40:01.045+0000][7][gc           ] GC(47) Pause Cleanup 40M->40M(85M) 0.115ms
[2021-04-21T09:40:01.045+0000][7][gc,cpu       ] GC(47) User=0.00s Sys=0.00s Real=0.00s
[2021-04-21T09:40:01.045+0000][7][safepoint    ] Safepoint "G1Concurrent", Time since last: 75827842 ns, Reaching safepoint: 639869 ns, At safepoint: 174286 ns, Total: 814155 ns
[2021-04-21T09:40:01.045+0000][7][gc,marking   ] GC(47) Concurrent Cleanup for Next Mark
[2021-04-21T09:40:01.046+0000][7][gc,marking   ] GC(47) Concurrent Cleanup for Next Mark 0.798ms
[2021-04-21T09:40:01.046+0000][7][gc           ] GC(47) Concurrent Cycle 207.399ms
[2021-04-21T09:40:01.206+0000][7][gc,start     ] GC(48) Pause Young (Normal) (G1 Evacuation Pause)
[2021-04-21T09:40:01.206+0000][7][gc,task      ] GC(48) Using 2 workers of 4 for evacuation
[2021-04-21T09:40:01.206+0000][7][gc,age       ] GC(48) Desired survivor size 1572864 bytes, new threshold 1 (max threshold 15)
[2021-04-21T09:40:01.216+0000][7][gc,age       ] GC(48) Age table with threshold 1 (max threshold 15)
[2021-04-21T09:40:01.216+0000][7][gc,age       ] GC(48) - age   1:    2651912 bytes,    2651912 total
[2021-04-21T09:40:01.216+0000][7][gc,phases    ] GC(48)   Pre Evacuate Collection Set: 1.2ms
[2021-04-21T09:40:01.216+0000][7][gc,phases    ] GC(48)   Merge Heap Roots: 0.1ms
[2021-04-21T09:40:01.216+0000][7][gc,phases    ] GC(48)   Evacuate Collection Set: 7.6ms
[2021-04-21T09:40:01.216+0000][7][gc,phases    ] GC(48)   Post Evacuate Collection Set: 0.4ms
[2021-04-21T09:40:01.216+0000][7][gc,phases    ] GC(48)   Other: 0.9ms
[2021-04-21T09:40:01.216+0000][7][gc,heap      ] GC(48) Eden regions: 20->0(18)
[2021-04-21T09:40:01.216+0000][7][gc,heap      ] GC(48) Survivor regions: 4->3(3)
[2021-04-21T09:40:01.216+0000][7][gc,heap      ] GC(48) Old regions: 27->30
[2021-04-21T09:40:01.216+0000][7][gc,heap      ] GC(48) Archive regions: 2->2
[2021-04-21T09:40:01.216+0000][7][gc,heap      ] GC(48) Humongous regions: 1->1
[2021-04-21T09:40:01.216+0000][7][gc,metaspace ] GC(48) Metaspace: 28528K(30716K)->28528K(30716K) NonClass: 24904K(26288K)->24904K(26288K) Class: 3623K(4428K)->3623K(4428K)
[2021-04-21T09:40:01.216+0000][7][gc           ] GC(48) Pause Young (Normal) (G1 Evacuation Pause) 51M->34M(85M) 10.372ms
[2021-04-21T09:40:01.217+0000][7][gc,cpu       ] GC(48) User=0.02s Sys=0.00s Real=0.01s
[2021-04-21T09:40:01.217+0000][7][safepoint    ] Safepoint "G1CollectForAllocation", Time since last: 161003924 ns, Reaching safepoint: 58682 ns, At safepoint: 10457185 ns, Total: 10515867 ns
[2021-04-21T09:40:01.407+0000][7][gc,start     ] GC(49) Pause Young (Concurrent Start) (G1 Evacuation Pause)
[2021-04-21T09:40:01.409+0000][7][gc,task      ] GC(49) Using 2 workers of 4 for evacuation
[2021-04-21T09:40:01.409+0000][7][gc,age       ] GC(49) Desired survivor size 1572864 bytes, new threshold 1 (max threshold 15)
[2021-04-21T09:40:01.418+0000][7][gc,age       ] GC(49) Age table with threshold 1 (max threshold 15)
[2021-04-21T09:40:01.419+0000][7][gc,age       ] GC(49) - age   1:    2599184 bytes,    2599184 total
[2021-04-21T09:40:01.420+0000][7][gc,phases    ] GC(49)   Pre Evacuate Collection Set: 0.2ms
[2021-04-21T09:40:01.421+0000][7][gc,phases    ] GC(49)   Merge Heap Roots: 0.0ms
[2021-04-21T09:40:01.422+0000][7][gc,phases    ] GC(49)   Evacuate Collection Set: 7.0ms
[2021-04-21T09:40:01.423+0000][7][gc,phases    ] GC(49)   Post Evacuate Collection Set: 0.5ms
[2021-04-21T09:40:01.423+0000][7][gc,phases    ] GC(49)   Other: 5.0ms
[2021-04-21T09:40:01.424+0000][7][gc,heap      ] GC(49) Eden regions: 18->0(15)
[2021-04-21T09:40:01.425+0000][7][gc,heap      ] GC(49) Survivor regions: 3->3(3)
[2021-04-21T09:40:01.426+0000][7][gc,heap      ] GC(49) Old regions: 30->33
[2021-04-21T09:40:01.427+0000][7][gc,heap      ] GC(49) Archive regions: 2->2
[2021-04-21T09:40:01.427+0000][7][gc,heap      ] GC(49) Humongous regions: 1->1
[2021-04-21T09:40:01.427+0000][7][gc,metaspace ] GC(49) Metaspace: 28532K(30716K)->28532K(30716K) NonClass: 24907K(26288K)->24907K(26288K) Class: 3625K(4428K)->3625K(4428K)
[2021-04-21T09:40:01.427+0000][7][gc           ] GC(49) Pause Young (Concurrent Start) (G1 Evacuation Pause) 52M->36M(85M) 19.889ms
[2021-04-21T09:40:01.427+0000][7][gc,cpu       ] GC(49) User=0.04s Sys=0.00s Real=0.02s
[2021-04-21T09:40:01.429+0000][7][safepoint    ] Safepoint "G1CollectForAllocation", Time since last: 190381509 ns, Reaching safepoint: 470933 ns, At safepoint: 21440536 ns, Total: 21911469 ns
[2021-04-21T09:40:01.429+0000][7][gc           ] GC(50) Concurrent Cycle
[2021-04-21T09:40:01.429+0000][7][gc,marking   ] GC(50) Concurrent Clear Claimed Marks
[2021-04-21T09:40:01.429+0000][7][gc,marking   ] GC(50) Concurrent Clear Claimed Marks 0.107ms
[2021-04-21T09:40:01.429+0000][7][gc,marking   ] GC(50) Concurrent Scan Root Regions
[2021-04-21T09:40:01.437+0000][7][gc,marking   ] GC(50) Concurrent Scan Root Regions 8.110ms
[2021-04-21T09:40:01.440+0000][7][gc,marking   ] GC(50) Concurrent Mark (9.613s)
[2021-04-21T09:40:01.441+0000][7][gc,marking   ] GC(50) Concurrent Mark From Roots
[2021-04-21T09:40:01.442+0000][7][gc,task      ] GC(50) Using 1 workers of 1 for marking
[2021-04-21T09:40:01.592+0000][7][gc,marking   ] GC(50) Concurrent Mark From Roots 150.683ms
[2021-04-21T09:40:01.592+0000][7][gc,marking   ] GC(50) Concurrent Preclean
[2021-04-21T09:40:01.592+0000][7][gc,marking   ] GC(50) Concurrent Preclean 0.139ms
[2021-04-21T09:40:01.592+0000][7][gc,marking   ] GC(50) Concurrent Mark (9.613s, 9.765s) 151.904ms
[2021-04-21T09:40:01.594+0000][7][gc,start     ] GC(50) Pause Remark
[2021-04-21T09:40:01.598+0000][7][gc           ] GC(50) Pause Remark 46M->46M(85M) 3.983ms
[2021-04-21T09:40:01.598+0000][7][gc,cpu       ] GC(50) User=0.01s Sys=0.00s Real=0.00s
[2021-04-21T09:40:01.598+0000][7][safepoint    ] Safepoint "G1Concurrent", Time since last: 163322969 ns, Reaching safepoint: 1622872 ns, At safepoint: 4588464 ns, Total: 6211336 ns
[2021-04-21T09:40:01.598+0000][7][gc,marking   ] GC(50) Concurrent Rebuild Remembered Sets
[2021-04-21T09:40:01.647+0000][7][gc,start     ] GC(51) Pause Young (Normal) (G1 Evacuation Pause)
[2021-04-21T09:40:01.647+0000][7][gc,task      ] GC(51) Using 2 workers of 4 for evacuation
[2021-04-21T09:40:01.647+0000][7][gc,age       ] GC(51) Desired survivor size 1572864 bytes, new threshold 1 (max threshold 15)
[2021-04-21T09:40:01.655+0000][7][gc,age       ] GC(51) Age table with threshold 1 (max threshold 15)
[2021-04-21T09:40:01.655+0000][7][gc,age       ] GC(51) - age   1:    1883000 bytes,    1883000 total
[2021-04-21T09:40:01.655+0000][7][gc,phases    ] GC(51)   Pre Evacuate Collection Set: 0.0ms
[2021-04-21T09:40:01.655+0000][7][gc,phases    ] GC(51)   Merge Heap Roots: 0.2ms
[2021-04-21T09:40:01.655+0000][7][gc,phases    ] GC(51)   Evacuate Collection Set: 7.0ms
[2021-04-21T09:40:01.655+0000][7][gc,phases    ] GC(51)   Post Evacuate Collection Set: 0.4ms
[2021-04-21T09:40:01.655+0000][7][gc,phases    ] GC(51)   Other: 0.2ms
[2021-04-21T09:40:01.655+0000][7][gc,heap      ] GC(51) Eden regions: 15->0(14)
[2021-04-21T09:40:01.655+0000][7][gc,heap      ] GC(51) Survivor regions: 3->3(3)
[2021-04-21T09:40:01.655+0000][7][gc,heap      ] GC(51) Old regions: 33->35
[2021-04-21T09:40:01.655+0000][7][gc,heap      ] GC(51) Archive regions: 2->2
[2021-04-21T09:40:01.655+0000][7][gc,heap      ] GC(51) Humongous regions: 1->1
[2021-04-21T09:40:01.655+0000][7][gc,metaspace ] GC(51) Metaspace: 28681K(30972K)->28681K(30972K) NonClass: 25026K(26544K)->25026K(26544K) Class: 3655K(4428K)->3655K(4428K)
[2021-04-21T09:40:01.655+0000][7][gc           ] GC(51) Pause Young (Normal) (G1 Evacuation Pause) 51M->38M(85M) 8.070ms
[2021-04-21T09:40:01.655+0000][7][gc,cpu       ] GC(51) User=0.02s Sys=0.00s Real=0.00s
[2021-04-21T09:40:01.655+0000][7][safepoint    ] Safepoint "G1CollectForAllocation", Time since last: 47717373 ns, Reaching safepoint: 649597 ns, At safepoint: 8149486 ns, Total: 8799083 ns
[2021-04-21T09:40:01.716+0000][7][gc,marking   ] GC(50) Concurrent Rebuild Remembered Sets 117.127ms
[2021-04-21T09:40:01.717+0000][7][gc,start     ] GC(50) Pause Cleanup
[2021-04-21T09:40:01.718+0000][7][gc           ] GC(50) Pause Cleanup 42M->42M(85M) 0.847ms
[2021-04-21T09:40:01.718+0000][7][gc,cpu       ] GC(50) User=0.00s Sys=0.00s Real=0.00s
[2021-04-21T09:40:01.718+0000][7][safepoint    ] Safepoint "G1Concurrent", Time since last: 61711385 ns, Reaching safepoint: 119206 ns, At safepoint: 927630 ns, Total: 1046836 ns
[2021-04-21T09:40:01.718+0000][7][gc,marking   ] GC(50) Concurrent Cleanup for Next Mark
[2021-04-21T09:40:01.718+0000][7][gc,marking   ] GC(50) Concurrent Cleanup for Next Mark 0.194ms
[2021-04-21T09:40:01.718+0000][7][gc           ] GC(50) Concurrent Cycle 288.990ms
[2021-04-21T09:40:01.815+0000][7][gc,start     ] GC(52) Pause Young (Normal) (G1 Evacuation Pause)
[2021-04-21T09:40:01.815+0000][7][gc,task      ] GC(52) Using 2 workers of 4 for evacuation
[2021-04-21T09:40:01.815+0000][7][gc,age       ] GC(52) Desired survivor size 1572864 bytes, new threshold 1 (max threshold 15)
[2021-04-21T09:40:01.820+0000][7][gc,age       ] GC(52) Age table with threshold 1 (max threshold 15)
[2021-04-21T09:40:01.820+0000][7][gc,age       ] GC(52) - age   1:    1864984 bytes,    1864984 total
[2021-04-21T09:40:01.820+0000][7][gc,phases    ] GC(52)   Pre Evacuate Collection Set: 0.0ms
[2021-04-21T09:40:01.820+0000][7][gc,phases    ] GC(52)   Merge Heap Roots: 0.0ms
[2021-04-21T09:40:01.820+0000][7][gc,phases    ] GC(52)   Evacuate Collection Set: 4.7ms
[2021-04-21T09:40:01.820+0000][7][gc,phases    ] GC(52)   Post Evacuate Collection Set: 0.2ms
[2021-04-21T09:40:01.820+0000][7][gc,phases    ] GC(52)   Other: 0.2ms
[2021-04-21T09:40:01.820+0000][7][gc,heap      ] GC(52) Eden regions: 14->0(14)
[2021-04-21T09:40:01.820+0000][7][gc,heap      ] GC(52) Survivor regions: 3->2(3)
[2021-04-21T09:40:01.820+0000][7][gc,heap      ] GC(52) Old regions: 35->37
[2021-04-21T09:40:01.821+0000][7][gc,heap      ] GC(52) Archive regions: 2->2
[2021-04-21T09:40:01.821+0000][7][gc,heap      ] GC(52) Humongous regions: 1->1
[2021-04-21T09:40:01.821+0000][7][gc,metaspace ] GC(52) Metaspace: 28681K(30972K)->28681K(30972K) NonClass: 25026K(26544K)->25026K(26544K) Class: 3655K(4428K)->3655K(4428K)
[2021-04-21T09:40:01.821+0000][7][gc           ] GC(52) Pause Young (Normal) (G1 Evacuation Pause) 52M->40M(85M) 5.462ms
[2021-04-21T09:40:01.821+0000][7][gc,cpu       ] GC(52) User=0.01s Sys=0.00s Real=0.01s
[2021-04-21T09:40:01.821+0000][7][safepoint    ] Safepoint "G1CollectForAllocation", Time since last: 97299398 ns, Reaching safepoint: 118815 ns, At safepoint: 5533044 ns, Total: 5651859 ns
[2021-04-21T09:40:01.950+0000][7][gc,start     ] GC(53) Pause Young (Concurrent Start) (G1 Evacuation Pause)
[2021-04-21T09:40:01.951+0000][7][gc,task      ] GC(53) Using 2 workers of 4 for evacuation
[2021-04-21T09:40:01.951+0000][7][gc,age       ] GC(53) Desired survivor size 1048576 bytes, new threshold 1 (max threshold 15)
[2021-04-21T09:40:01.963+0000][7][gc,age       ] GC(53) Age table with threshold 1 (max threshold 15)
[2021-04-21T09:40:01.964+0000][7][gc,age       ] GC(53) - age   1:    2001264 bytes,    2001264 total
[2021-04-21T09:40:01.964+0000][7][gc,phases    ] GC(53)   Pre Evacuate Collection Set: 0.6ms
[2021-04-21T09:40:01.965+0000][7][gc,phases    ] GC(53)   Merge Heap Roots: 0.0ms
[2021-04-21T09:40:01.966+0000][7][gc,phases    ] GC(53)   Evacuate Collection Set: 9.3ms
[2021-04-21T09:40:01.966+0000][7][gc,phases    ] GC(53)   Post Evacuate Collection Set: 0.4ms
[2021-04-21T09:40:01.967+0000][7][gc,phases    ] GC(53)   Other: 4.4ms
[2021-04-21T09:40:01.968+0000][7][gc,heap      ] GC(53) Eden regions: 14->0(12)
[2021-04-21T09:40:01.969+0000][7][gc,heap      ] GC(53) Survivor regions: 2->2(2)
[2021-04-21T09:40:01.970+0000][7][gc,heap      ] GC(53) Old regions: 37->39
[2021-04-21T09:40:01.970+0000][7][gc,heap      ] GC(53) Archive regions: 2->2
[2021-04-21T09:40:01.971+0000][7][gc,heap      ] GC(53) Humongous regions: 1->1
[2021-04-21T09:40:01.972+0000][7][gc,metaspace ] GC(53) Metaspace: 28681K(30972K)->28681K(30972K) NonClass: 25026K(26544K)->25026K(26544K) Class: 3655K(4428K)->3655K(4428K)
[2021-04-21T09:40:01.972+0000][7][gc           ] GC(53) Pause Young (Concurrent Start) (G1 Evacuation Pause) 54M->41M(85M) 22.612ms
[2021-04-21T09:40:01.973+0000][7][gc,cpu       ] GC(53) User=0.04s Sys=0.00s Real=0.02s
[2021-04-21T09:40:01.974+0000][7][safepoint    ] Safepoint "G1CollectForAllocation", Time since last: 128930071 ns, Reaching safepoint: 127234 ns, At safepoint: 24150198 ns, Total: 24277432 ns
[2021-04-21T09:40:01.974+0000][7][gc           ] GC(54) Concurrent Cycle
[2021-04-21T09:40:01.975+0000][7][gc,marking   ] GC(54) Concurrent Clear Claimed Marks
[2021-04-21T09:40:01.975+0000][7][gc,marking   ] GC(54) Concurrent Clear Claimed Marks 0.357ms
[2021-04-21T09:40:01.975+0000][7][gc,marking   ] GC(54) Concurrent Scan Root Regions
[2021-04-21T09:40:01.986+0000][7][gc,marking   ] GC(54) Concurrent Scan Root Regions 11.593ms
[2021-04-21T09:40:01.987+0000][7][gc,marking   ] GC(54) Concurrent Mark (10.160s)
[2021-04-21T09:40:01.987+0000][7][gc,marking   ] GC(54) Concurrent Mark From Roots
[2021-04-21T09:40:01.987+0000][7][gc,task      ] GC(54) Using 1 workers of 1 for marking
[2021-04-21T09:40:02.102+0000][7][gc,marking   ] GC(54) Concurrent Mark From Roots 115.791ms
[2021-04-21T09:40:02.107+0000][7][gc,marking   ] GC(54) Concurrent Preclean
[2021-04-21T09:40:02.108+0000][7][gc,marking   ] GC(54) Concurrent Preclean 1.413ms
[2021-04-21T09:40:02.109+0000][7][gc,marking   ] GC(54) Concurrent Mark (10.160s, 10.282s) 122.746ms
[2021-04-21T09:40:02.111+0000][7][gc,start     ] GC(54) Pause Remark
[2021-04-21T09:40:02.123+0000][7][gc           ] GC(54) Pause Remark 49M->49M(87M) 12.113ms
[2021-04-21T09:40:02.124+0000][7][gc,cpu       ] GC(54) User=0.03s Sys=0.00s Real=0.01s
[2021-04-21T09:40:02.125+0000][7][safepoint    ] Safepoint "G1Concurrent", Time since last: 136733916 ns, Reaching safepoint: 127193 ns, At safepoint: 14212391 ns, Total: 14339584 ns
[2021-04-21T09:40:02.127+0000][7][gc,marking   ] GC(54) Concurrent Rebuild Remembered Sets
[2021-04-21T09:40:02.181+0000][7][gc,start     ] GC(55) Pause Young (Normal) (G1 Evacuation Pause)
[2021-04-21T09:40:02.182+0000][7][gc,task      ] GC(55) Using 2 workers of 4 for evacuation
[2021-04-21T09:40:02.182+0000][7][gc,age       ] GC(55) Desired survivor size 1048576 bytes, new threshold 1 (max threshold 15)
[2021-04-21T09:40:02.196+0000][7][gc,age       ] GC(55) Age table with threshold 1 (max threshold 15)
[2021-04-21T09:40:02.197+0000][7][gc,age       ] GC(55) - age   1:    1891176 bytes,    1891176 total
[2021-04-21T09:40:02.198+0000][7][gc,phases    ] GC(55)   Pre Evacuate Collection Set: 0.1ms
[2021-04-21T09:40:02.198+0000][7][gc,phases    ] GC(55)   Merge Heap Roots: 0.0ms
[2021-04-21T09:40:02.198+0000][7][gc,phases    ] GC(55)   Evacuate Collection Set: 12.2ms
[2021-04-21T09:40:02.198+0000][7][gc,phases    ] GC(55)   Post Evacuate Collection Set: 0.5ms
[2021-04-21T09:40:02.198+0000][7][gc,phases    ] GC(55)   Other: 4.0ms
[2021-04-21T09:40:02.198+0000][7][gc,heap      ] GC(55) Eden regions: 12->0(13)
[2021-04-21T09:40:02.198+0000][7][gc,heap      ] GC(55) Survivor regions: 2->2(2)
[2021-04-21T09:40:02.198+0000][7][gc,heap      ] GC(55) Old regions: 39->40
[2021-04-21T09:40:02.198+0000][7][gc,heap      ] GC(55) Archive regions: 2->2
[2021-04-21T09:40:02.198+0000][7][gc,heap      ] GC(55) Humongous regions: 1->1
[2021-04-21T09:40:02.198+0000][7][gc,metaspace ] GC(55) Metaspace: 28681K(30972K)->28681K(30972K) NonClass: 25026K(26544K)->25026K(26544K) Class: 3655K(4428K)->3655K(4428K)
[2021-04-21T09:40:02.198+0000][7][gc           ] GC(55) Pause Young (Normal) (G1 Evacuation Pause) 53M->43M(87M) 16.929ms
[2021-04-21T09:40:02.198+0000][7][gc,cpu       ] GC(55) User=0.04s Sys=0.00s Real=0.01s
[2021-04-21T09:40:02.198+0000][7][safepoint    ] Safepoint "G1CollectForAllocation", Time since last: 55903939 ns, Reaching safepoint: 401110 ns, At safepoint: 17023442 ns, Total: 17424552 ns
[2021-04-21T09:40:02.218+0000][7][gc,marking   ] GC(54) Concurrent Rebuild Remembered Sets 91.093ms
[2021-04-21T09:40:02.218+0000][7][gc,start     ] GC(54) Pause Cleanup
[2021-04-21T09:40:02.218+0000][7][gc           ] GC(54) Pause Cleanup 44M->44M(87M) 0.098ms
[2021-04-21T09:40:02.218+0000][7][gc,cpu       ] GC(54) User=0.00s Sys=0.00s Real=0.00s
[2021-04-21T09:40:02.218+0000][7][safepoint    ] Safepoint "G1Concurrent", Time since last: 19463494 ns, Reaching safepoint: 116020 ns, At safepoint: 135651 ns, Total: 251671 ns
[2021-04-21T09:40:02.218+0000][7][gc,marking   ] GC(54) Concurrent Cleanup for Next Mark
[2021-04-21T09:40:02.218+0000][7][gc,marking   ] GC(54) Concurrent Cleanup for Next Mark 0.270ms
[2021-04-21T09:40:02.218+0000][7][gc           ] GC(54) Concurrent Cycle 244.435ms
[2021-04-21T09:40:02.423+0000][7][gc,start     ] GC(56) Pause Young (Normal) (G1 Evacuation Pause)
[2021-04-21T09:40:02.423+0000][7][gc,task      ] GC(56) Using 2 workers of 4 for evacuation
[2021-04-21T09:40:02.423+0000][7][gc,age       ] GC(56) Desired survivor size 1048576 bytes, new threshold 1 (max threshold 15)
[2021-04-21T09:40:02.434+0000][7][gc,age       ] GC(56) Age table with threshold 1 (max threshold 15)
[2021-04-21T09:40:02.434+0000][7][gc,age       ] GC(56) - age   1:    1909528 bytes,    1909528 total
[2021-04-21T09:40:02.434+0000][7][gc,phases    ] GC(56)   Pre Evacuate Collection Set: 0.2ms
[2021-04-21T09:40:02.434+0000][7][gc,phases    ] GC(56)   Merge Heap Roots: 0.1ms
[2021-04-21T09:40:02.434+0000][7][gc,phases    ] GC(56)   Evacuate Collection Set: 9.5ms
[2021-04-21T09:40:02.434+0000][7][gc,phases    ] GC(56)   Post Evacuate Collection Set: 0.5ms
[2021-04-21T09:40:02.434+0000][7][gc,phases    ] GC(56)   Other: 0.2ms
[2021-04-21T09:40:02.434+0000][7][gc,heap      ] GC(56) Eden regions: 13->0(12)
[2021-04-21T09:40:02.434+0000][7][gc,heap      ] GC(56) Survivor regions: 2->2(2)
[2021-04-21T09:40:02.434+0000][7][gc,heap      ] GC(56) Old regions: 40->42
[2021-04-21T09:40:02.434+0000][7][gc,heap      ] GC(56) Archive regions: 2->2
[2021-04-21T09:40:02.434+0000][7][gc,heap      ] GC(56) Humongous regions: 1->1
[2021-04-21T09:40:02.434+0000][7][gc,metaspace ] GC(56) Metaspace: 28685K(30972K)->28685K(30972K) NonClass: 25030K(26544K)->25030K(26544K) Class: 3655K(4428K)->3655K(4428K)
[2021-04-21T09:40:02.434+0000][7][gc           ] GC(56) Pause Young (Normal) (G1 Evacuation Pause) 56M->45M(87M) 10.530ms
[2021-04-21T09:40:02.434+0000][7][gc,cpu       ] GC(56) User=0.03s Sys=0.00s Real=0.01s
[2021-04-21T09:40:02.434+0000][7][safepoint    ] Safepoint "G1CollectForAllocation", Time since last: 204309700 ns, Reaching safepoint: 978352 ns, At safepoint: 10617265 ns, Total: 11595617 ns
[2021-04-21T09:40:02.566+0000][7][gc,start     ] GC(57) Pause Young (Concurrent Start) (G1 Evacuation Pause)
[2021-04-21T09:40:02.567+0000][7][gc,task      ] GC(57) Using 2 workers of 4 for evacuation
[2021-04-21T09:40:02.568+0000][7][gc,age       ] GC(57) Desired survivor size 1048576 bytes, new threshold 1 (max threshold 15)
[2021-04-21T09:40:02.578+0000][7][gc,age       ] GC(57) Age table with threshold 1 (max threshold 15)
[2021-04-21T09:40:02.579+0000][7][gc,age       ] GC(57) - age   1:    1876504 bytes,    1876504 total
[2021-04-21T09:40:02.580+0000][7][gc,phases    ] GC(57)   Pre Evacuate Collection Set: 0.1ms
[2021-04-21T09:40:02.580+0000][7][gc,phases    ] GC(57)   Merge Heap Roots: 0.0ms
[2021-04-21T09:40:02.581+0000][7][gc,phases    ] GC(57)   Evacuate Collection Set: 9.1ms
[2021-04-21T09:40:02.581+0000][7][gc,phases    ] GC(57)   Post Evacuate Collection Set: 0.4ms
[2021-04-21T09:40:02.581+0000][7][gc,phases    ] GC(57)   Other: 4.0ms
[2021-04-21T09:40:02.581+0000][7][gc,heap      ] GC(57) Eden regions: 12->0(11)
[2021-04-21T09:40:02.581+0000][7][gc,heap      ] GC(57) Survivor regions: 2->2(2)
[2021-04-21T09:40:02.581+0000][7][gc,heap      ] GC(57) Old regions: 42->43
[2021-04-21T09:40:02.581+0000][7][gc,heap      ] GC(57) Archive regions: 2->2
[2021-04-21T09:40:02.581+0000][7][gc,heap      ] GC(57) Humongous regions: 1->1
[2021-04-21T09:40:02.581+0000][7][gc,metaspace ] GC(57) Metaspace: 28686K(30972K)->28686K(30972K) NonClass: 25031K(26544K)->25031K(26544K) Class: 3655K(4428K)->3655K(4428K)
[2021-04-21T09:40:02.581+0000][7][gc           ] GC(57) Pause Young (Concurrent Start) (G1 Evacuation Pause) 57M->46M(87M) 14.955ms
[2021-04-21T09:40:02.581+0000][7][gc,cpu       ] GC(57) User=0.04s Sys=0.00s Real=0.02s
[2021-04-21T09:40:02.581+0000][7][safepoint    ] Safepoint "G1CollectForAllocation", Time since last: 131869987 ns, Reaching safepoint: 138244 ns, At safepoint: 15042429 ns, Total: 15180673 ns
[2021-04-21T09:40:02.581+0000][7][gc           ] GC(58) Concurrent Cycle
[2021-04-21T09:40:02.581+0000][7][gc,marking   ] GC(58) Concurrent Clear Claimed Marks
[2021-04-21T09:40:02.581+0000][7][gc,marking   ] GC(58) Concurrent Clear Claimed Marks 0.112ms
[2021-04-21T09:40:02.581+0000][7][gc,marking   ] GC(58) Concurrent Scan Root Regions
[2021-04-21T09:40:02.585+0000][7][gc,marking   ] GC(58) Concurrent Scan Root Regions 4.229ms
[2021-04-21T09:40:02.585+0000][7][gc,marking   ] GC(58) Concurrent Mark (10.758s)
[2021-04-21T09:40:02.585+0000][7][gc,marking   ] GC(58) Concurrent Mark From Roots
[2021-04-21T09:40:02.585+0000][7][gc,task      ] GC(58) Using 1 workers of 1 for marking
[2021-04-21T09:40:02.769+0000][7][gc,marking   ] GC(58) Concurrent Mark From Roots 183.661ms
[2021-04-21T09:40:02.769+0000][7][gc,marking   ] GC(58) Concurrent Preclean
[2021-04-21T09:40:02.769+0000][7][gc,marking   ] GC(58) Concurrent Preclean 0.155ms
[2021-04-21T09:40:02.769+0000][7][gc,marking   ] GC(58) Concurrent Mark (10.758s, 10.942s) 183.905ms
[2021-04-21T09:40:02.769+0000][7][gc,start     ] GC(58) Pause Remark
[2021-04-21T09:40:02.782+0000][7][gc           ] GC(58) Pause Remark 57M->57M(99M) 12.877ms
[2021-04-21T09:40:02.782+0000][7][gc,cpu       ] GC(58) User=0.02s Sys=0.01s Real=0.01s
[2021-04-21T09:40:02.782+0000][7][safepoint    ] Safepoint "G1Concurrent", Time since last: 188404533 ns, Reaching safepoint: 64242 ns, At safepoint: 13000651 ns, Total: 13064893 ns
[2021-04-21T09:40:02.782+0000][7][gc,marking   ] GC(58) Concurrent Rebuild Remembered Sets
[2021-04-21T09:40:02.799+0000][7][gc,start     ] GC(59) Pause Young (Normal) (G1 Evacuation Pause)
[2021-04-21T09:40:02.799+0000][7][gc,task      ] GC(59) Using 2 workers of 4 for evacuation
[2021-04-21T09:40:02.799+0000][7][gc,age       ] GC(59) Desired survivor size 1048576 bytes, new threshold 1 (max threshold 15)
[2021-04-21T09:40:02.821+0000][7][gc,age       ] GC(59) Age table with threshold 1 (max threshold 15)
[2021-04-21T09:40:02.821+0000][7][gc,age       ] GC(59) - age   1:    1694824 bytes,    1694824 total
[2021-04-21T09:40:02.821+0000][7][gc,phases    ] GC(59)   Pre Evacuate Collection Set: 0.5ms
[2021-04-21T09:40:02.821+0000][7][gc,phases    ] GC(59)   Merge Heap Roots: 0.6ms
[2021-04-21T09:40:02.821+0000][7][gc,phases    ] GC(59)   Evacuate Collection Set: 18.7ms
[2021-04-21T09:40:02.821+0000][7][gc,phases    ] GC(59)   Post Evacuate Collection Set: 2.1ms
[2021-04-21T09:40:02.821+0000][7][gc,phases    ] GC(59)   Other: 0.2ms
[2021-04-21T09:40:02.821+0000][7][gc,heap      ] GC(59) Eden regions: 11->0(17)
[2021-04-21T09:40:02.821+0000][7][gc,heap      ] GC(59) Survivor regions: 2->2(2)
[2021-04-21T09:40:02.821+0000][7][gc,heap      ] GC(59) Old regions: 43->45
[2021-04-21T09:40:02.821+0000][7][gc,heap      ] GC(59) Archive regions: 2->2
[2021-04-21T09:40:02.821+0000][7][gc,heap      ] GC(59) Humongous regions: 1->1
[2021-04-21T09:40:02.821+0000][7][gc,metaspace ] GC(59) Metaspace: 28889K(31356K)->28889K(31356K) NonClass: 25209K(26800K)->25209K(26800K) Class: 3679K(4556K)->3679K(4556K)
[2021-04-21T09:40:02.821+0000][7][gc           ] GC(59) Pause Young (Normal) (G1 Evacuation Pause) 57M->47M(99M) 22.397ms
[2021-04-21T09:40:02.821+0000][7][gc,cpu       ] GC(59) User=0.04s Sys=0.00s Real=0.02s
[2021-04-21T09:40:02.821+0000][7][safepoint    ] Safepoint "G1CollectForAllocation", Time since last: 16044712 ns, Reaching safepoint: 259493 ns, At safepoint: 22590183 ns, Total: 22849676 ns
[2021-04-21T09:40:02.943+0000][7][gc,marking   ] GC(58) Concurrent Rebuild Remembered Sets 161.028ms
[2021-04-21T09:40:02.944+0000][7][gc,start     ] GC(58) Pause Cleanup
[2021-04-21T09:40:02.945+0000][7][gc           ] GC(58) Pause Cleanup 51M->51M(99M) 0.683ms
[2021-04-21T09:40:02.945+0000][7][gc,cpu       ] GC(58) User=0.00s Sys=0.00s Real=0.00s
[2021-04-21T09:40:02.945+0000][7][safepoint    ] Safepoint "G1Concurrent", Time since last: 122246253 ns, Reaching safepoint: 866007 ns, At safepoint: 982928 ns, Total: 1848935 ns
[2021-04-21T09:40:02.945+0000][7][gc,marking   ] GC(58) Concurrent Cleanup for Next Mark
[2021-04-21T09:40:02.946+0000][7][gc,marking   ] GC(58) Concurrent Cleanup for Next Mark 0.373ms
[2021-04-21T09:40:02.946+0000][7][gc           ] GC(58) Concurrent Cycle 364.862ms
[2021-04-21T09:40:03.079+0000][7][gc,start     ] GC(60) Pause Young (Normal) (G1 Evacuation Pause)
[2021-04-21T09:40:03.079+0000][7][gc,task      ] GC(60) Using 2 workers of 4 for evacuation
[2021-04-21T09:40:03.079+0000][7][gc,age       ] GC(60) Desired survivor size 1572864 bytes, new threshold 1 (max threshold 15)
[2021-04-21T09:40:03.086+0000][7][gc,age       ] GC(60) Age table with threshold 1 (max threshold 15)
[2021-04-21T09:40:03.086+0000][7][gc,age       ] GC(60) - age   1:     494328 bytes,     494328 total
[2021-04-21T09:40:03.086+0000][7][gc,phases    ] GC(60)   Pre Evacuate Collection Set: 0.0ms
[2021-04-21T09:40:03.086+0000][7][gc,phases    ] GC(60)   Merge Heap Roots: 0.0ms
[2021-04-21T09:40:03.086+0000][7][gc,phases    ] GC(60)   Evacuate Collection Set: 6.1ms
[2021-04-21T09:40:03.086+0000][7][gc,phases    ] GC(60)   Post Evacuate Collection Set: 0.6ms
[2021-04-21T09:40:03.086+0000][7][gc,phases    ] GC(60)   Other: 0.2ms
[2021-04-21T09:40:03.086+0000][7][gc,heap      ] GC(60) Eden regions: 17->0(17)
[2021-04-21T09:40:03.086+0000][7][gc,heap      ] GC(60) Survivor regions: 2->1(3)
[2021-04-21T09:40:03.086+0000][7][gc,heap      ] GC(60) Old regions: 45->47
[2021-04-21T09:40:03.086+0000][7][gc,heap      ] GC(60) Archive regions: 2->2
[2021-04-21T09:40:03.086+0000][7][gc,heap      ] GC(60) Humongous regions: 1->1
[2021-04-21T09:40:03.086+0000][7][gc,metaspace ] GC(60) Metaspace: 31101K(33788K)->31101K(33788K) NonClass: 27058K(28848K)->27058K(28848K) Class: 4042K(4940K)->4042K(4940K)
[2021-04-21T09:40:03.086+0000][7][gc           ] GC(60) Pause Young (Normal) (G1 Evacuation Pause) 64M->48M(99M) 7.174ms
[2021-04-21T09:40:03.086+0000][7][gc,cpu       ] GC(60) User=0.01s Sys=0.00s Real=0.00s
[2021-04-21T09:40:03.086+0000][7][safepoint    ] Safepoint "G1CollectForAllocation", Time since last: 133307322 ns, Reaching safepoint: 121793 ns, At safepoint: 7243445 ns, Total: 7365238 ns
[2021-04-21T09:40:03.398+0000][7][gc,start     ] GC(61) Pause Young (Concurrent Start) (G1 Evacuation Pause)
[2021-04-21T09:40:03.399+0000][7][gc,task      ] GC(61) Using 2 workers of 4 for evacuation
[2021-04-21T09:40:03.400+0000][7][gc,age       ] GC(61) Desired survivor size 1572864 bytes, new threshold 15 (max threshold 15)
[2021-04-21T09:40:03.414+0000][7][gc,age       ] GC(61) Age table with threshold 15 (max threshold 15)
[2021-04-21T09:40:03.415+0000][7][gc,age       ] GC(61) - age   1:     840272 bytes,     840272 total
[2021-04-21T09:40:03.415+0000][7][gc,age       ] GC(61) - age   2:     466696 bytes,    1306968 total
[2021-04-21T09:40:03.416+0000][7][gc,phases    ] GC(61)   Pre Evacuate Collection Set: 0.2ms
[2021-04-21T09:40:03.417+0000][7][gc,phases    ] GC(61)   Merge Heap Roots: 0.1ms
[2021-04-21T09:40:03.418+0000][7][gc,phases    ] GC(61)   Evacuate Collection Set: 12.0ms
[2021-04-21T09:40:03.419+0000][7][gc,phases    ] GC(61)   Post Evacuate Collection Set: 1.0ms
[2021-04-21T09:40:03.420+0000][7][gc,phases    ] GC(61)   Other: 5.4ms
[2021-04-21T09:40:03.421+0000][7][gc,heap      ] GC(61) Eden regions: 17->0(17)
[2021-04-21T09:40:03.423+0000][7][gc,heap      ] GC(61) Survivor regions: 1->2(3)
[2021-04-21T09:40:03.423+0000][7][gc,heap      ] GC(61) Old regions: 47->47
[2021-04-21T09:40:03.423+0000][7][gc,heap      ] GC(61) Archive regions: 2->2
[2021-04-21T09:40:03.423+0000][7][gc,heap      ] GC(61) Humongous regions: 1->1
[2021-04-21T09:40:03.423+0000][7][gc,metaspace ] GC(61) Metaspace: 33232K(36092K)->33232K(36092K) NonClass: 28878K(30640K)->28878K(30640K) Class: 4353K(5452K)->4353K(5452K)
[2021-04-21T09:40:03.423+0000][7][gc           ] GC(61) Pause Young (Concurrent Start) (G1 Evacuation Pause) 65M->49M(99M) 24.931ms
[2021-04-21T09:40:03.423+0000][7][gc,cpu       ] GC(61) User=0.05s Sys=0.00s Real=0.03s
[2021-04-21T09:40:03.423+0000][7][safepoint    ] Safepoint "G1CollectForAllocation", Time since last: 311573668 ns, Reaching safepoint: 208827 ns, At safepoint: 25011494 ns, Total: 25220321 ns
[2021-04-21T09:40:03.426+0000][7][gc           ] GC(62) Concurrent Cycle
[2021-04-21T09:40:03.426+0000][7][gc,marking   ] GC(62) Concurrent Clear Claimed Marks
[2021-04-21T09:40:03.427+0000][7][gc,marking   ] GC(62) Concurrent Clear Claimed Marks 0.143ms
[2021-04-21T09:40:03.427+0000][7][gc,marking   ] GC(62) Concurrent Scan Root Regions
[2021-04-21T09:40:03.428+0000][7][gc,marking   ] GC(62) Concurrent Scan Root Regions 1.833ms
[2021-04-21T09:40:03.428+0000][7][gc,marking   ] GC(62) Concurrent Mark (11.602s)
[2021-04-21T09:40:03.428+0000][7][gc,marking   ] GC(62) Concurrent Mark From Roots
[2021-04-21T09:40:03.428+0000][7][gc,task      ] GC(62) Using 1 workers of 1 for marking
[2021-04-21T09:40:03.540+0000][7][gc,start     ] GC(63) Pause Young (Normal) (G1 Evacuation Pause)
[2021-04-21T09:40:03.540+0000][7][gc,task      ] GC(63) Using 2 workers of 4 for evacuation
[2021-04-21T09:40:03.540+0000][7][gc,age       ] GC(63) Desired survivor size 1572864 bytes, new threshold 15 (max threshold 15)
[2021-04-21T09:40:03.547+0000][7][gc,age       ] GC(63) Age table with threshold 15 (max threshold 15)
[2021-04-21T09:40:03.547+0000][7][gc,age       ] GC(63) - age   1:     349568 bytes,     349568 total
[2021-04-21T09:40:03.547+0000][7][gc,age       ] GC(63) - age   2:     815592 bytes,    1165160 total
[2021-04-21T09:40:03.547+0000][7][gc,age       ] GC(63) - age   3:     466696 bytes,    1631856 total
[2021-04-21T09:40:03.547+0000][7][gc,phases    ] GC(63)   Pre Evacuate Collection Set: 0.0ms
[2021-04-21T09:40:03.547+0000][7][gc,phases    ] GC(63)   Merge Heap Roots: 0.1ms
[2021-04-21T09:40:03.547+0000][7][gc,phases    ] GC(63)   Evacuate Collection Set: 6.2ms
[2021-04-21T09:40:03.547+0000][7][gc,phases    ] GC(63)   Post Evacuate Collection Set: 0.6ms
[2021-04-21T09:40:03.547+0000][7][gc,phases    ] GC(63)   Other: 0.2ms
[2021-04-21T09:40:03.547+0000][7][gc,heap      ] GC(63) Eden regions: 17->0(17)
[2021-04-21T09:40:03.547+0000][7][gc,heap      ] GC(63) Survivor regions: 2->2(3)
[2021-04-21T09:40:03.547+0000][7][gc,heap      ] GC(63) Old regions: 47->47
[2021-04-21T09:40:03.547+0000][7][gc,heap      ] GC(63) Archive regions: 2->2
[2021-04-21T09:40:03.547+0000][7][gc,heap      ] GC(63) Humongous regions: 1->1
[2021-04-21T09:40:03.547+0000][7][gc,metaspace ] GC(63) Metaspace: 34050K(37116K)->34050K(37116K) NonClass: 29613K(31664K)->29613K(31664K) Class: 4437K(5452K)->4437K(5452K)
[2021-04-21T09:40:03.547+0000][7][gc           ] GC(63) Pause Young (Normal) (G1 Evacuation Pause) 66M->49M(99M) 7.260ms
[2021-04-21T09:40:03.547+0000][7][gc,cpu       ] GC(63) User=0.03s Sys=0.00s Real=0.01s
[2021-04-21T09:40:03.547+0000][7][safepoint    ] Safepoint "G1CollectForAllocation", Time since last: 116590764 ns, Reaching safepoint: 76443 ns, At safepoint: 7353436 ns, Total: 7429879 ns
[2021-04-21T09:40:03.615+0000][7][gc,start     ] GC(64) Pause Young (Normal) (G1 Evacuation Pause)
[2021-04-21T09:40:03.615+0000][7][gc,task      ] GC(64) Using 2 workers of 4 for evacuation
[2021-04-21T09:40:03.616+0000][7][gc,age       ] GC(64) Desired survivor size 1572864 bytes, new threshold 3 (max threshold 15)
[2021-04-21T09:40:03.621+0000][7][gc,age       ] GC(64) Age table with threshold 3 (max threshold 15)
[2021-04-21T09:40:03.622+0000][7][gc,age       ] GC(64) - age   1:      16960 bytes,      16960 total
[2021-04-21T09:40:03.622+0000][7][gc,age       ] GC(64) - age   2:     347152 bytes,     364112 total
[2021-04-21T09:40:03.623+0000][7][gc,age       ] GC(64) - age   3:     815592 bytes,    1179704 total
[2021-04-21T09:40:03.624+0000][7][gc,phases    ] GC(64)   Pre Evacuate Collection Set: 0.0ms
[2021-04-21T09:40:03.624+0000][7][gc,phases    ] GC(64)   Merge Heap Roots: 0.1ms
[2021-04-21T09:40:03.625+0000][7][gc,phases    ] GC(64)   Evacuate Collection Set: 3.8ms
[2021-04-21T09:40:03.625+0000][7][gc,phases    ] GC(64)   Post Evacuate Collection Set: 0.5ms
[2021-04-21T09:40:03.626+0000][7][gc,phases    ] GC(64)   Other: 4.7ms
[2021-04-21T09:40:03.626+0000][7][gc,heap      ] GC(64) Eden regions: 17->0(18)
[2021-04-21T09:40:03.626+0000][7][gc,heap      ] GC(64) Survivor regions: 2->2(3)
[2021-04-21T09:40:03.626+0000][7][gc,heap      ] GC(64) Old regions: 47->47
[2021-04-21T09:40:03.626+0000][7][gc,heap      ] GC(64) Archive regions: 2->2
[2021-04-21T09:40:03.626+0000][7][gc,heap      ] GC(64) Humongous regions: 1->1
[2021-04-21T09:40:03.626+0000][7][gc,metaspace ] GC(64) Metaspace: 34050K(37116K)->34050K(37116K) NonClass: 29613K(31664K)->29613K(31664K) Class: 4437K(5452K)->4437K(5452K)
[2021-04-21T09:40:03.627+0000][7][gc           ] GC(64) Pause Young (Normal) (G1 Evacuation Pause) 66M->49M(99M) 12.702ms
[2021-04-21T09:40:03.627+0000][7][gc,cpu       ] GC(64) User=0.03s Sys=0.00s Real=0.02s
[2021-04-21T09:40:03.627+0000][7][safepoint    ] Safepoint "G1CollectForAllocation", Time since last: 67523364 ns, Reaching safepoint: 114378 ns, At safepoint: 12805631 ns, Total: 12920009 ns
[2021-04-21T09:40:03.701+0000][7][gc,start     ] GC(65) Pause Young (Normal) (G1 Evacuation Pause)
[2021-04-21T09:40:03.701+0000][7][gc,task      ] GC(65) Using 2 workers of 4 for evacuation
[2021-04-21T09:40:03.701+0000][7][gc,age       ] GC(65) Desired survivor size 1572864 bytes, new threshold 15 (max threshold 15)
[2021-04-21T09:40:03.706+0000][7][gc,age       ] GC(65) Age table with threshold 15 (max threshold 15)
[2021-04-21T09:40:03.706+0000][7][gc,age       ] GC(65) - age   1:      15088 bytes,      15088 total
[2021-04-21T09:40:03.706+0000][7][gc,age       ] GC(65) - age   2:      16648 bytes,      31736 total
[2021-04-21T09:40:03.706+0000][7][gc,age       ] GC(65) - age   3:     345088 bytes,     376824 total
[2021-04-21T09:40:03.706+0000][7][gc,age       ] GC(65) - age   4:     815592 bytes,    1192416 total
[2021-04-21T09:40:03.706+0000][7][gc,phases    ] GC(65)   Pre Evacuate Collection Set: 0.0ms
[2021-04-21T09:40:03.706+0000][7][gc,phases    ] GC(65)   Merge Heap Roots: 0.2ms
[2021-04-21T09:40:03.706+0000][7][gc,phases    ] GC(65)   Evacuate Collection Set: 3.3ms
[2021-04-21T09:40:03.706+0000][7][gc,phases    ] GC(65)   Post Evacuate Collection Set: 0.8ms
[2021-04-21T09:40:03.706+0000][7][gc,phases    ] GC(65)   Other: 0.3ms
[2021-04-21T09:40:03.706+0000][7][gc,heap      ] GC(65) Eden regions: 18->0(19)
[2021-04-21T09:40:03.706+0000][7][gc,heap      ] GC(65) Survivor regions: 2->2(3)
[2021-04-21T09:40:03.706+0000][7][gc,heap      ] GC(65) Old regions: 47->47
[2021-04-21T09:40:03.706+0000][7][gc,heap      ] GC(65) Archive regions: 2->2
[2021-04-21T09:40:03.706+0000][7][gc,heap      ] GC(65) Humongous regions: 1->1
[2021-04-21T09:40:03.706+0000][7][gc,metaspace ] GC(65) Metaspace: 34050K(37116K)->34050K(37116K) NonClass: 29613K(31664K)->29613K(31664K) Class: 4437K(5452K)->4437K(5452K)
[2021-04-21T09:40:03.706+0000][7][gc           ] GC(65) Pause Young (Normal) (G1 Evacuation Pause) 67M->49M(99M) 5.016ms
[2021-04-21T09:40:03.706+0000][7][gc,cpu       ] GC(65) User=0.01s Sys=0.00s Real=0.00s
[2021-04-21T09:40:03.706+0000][7][safepoint    ] Safepoint "G1CollectForAllocation", Time since last: 73773349 ns, Reaching safepoint: 88746 ns, At safepoint: 5101607 ns, Total: 5190353 ns
[2021-04-21T09:40:03.714+0000][7][gc,marking   ] GC(62) Concurrent Mark From Roots 285.976ms
[2021-04-21T09:40:03.715+0000][7][gc,marking   ] GC(62) Concurrent Preclean
[2021-04-21T09:40:03.716+0000][7][gc,marking   ] GC(62) Concurrent Preclean 0.681ms
[2021-04-21T09:40:03.716+0000][7][gc,marking   ] GC(62) Concurrent Mark (11.602s, 11.889s) 287.928ms
[2021-04-21T09:40:03.717+0000][7][gc,start     ] GC(62) Pause Remark
[2021-04-21T09:40:03.725+0000][7][gc           ] GC(62) Pause Remark 52M->52M(99M) 8.340ms
[2021-04-21T09:40:03.725+0000][7][gc,cpu       ] GC(62) User=0.02s Sys=0.00s Real=0.01s
[2021-04-21T09:40:03.725+0000][7][safepoint    ] Safepoint "G1Concurrent", Time since last: 10689727 ns, Reaching safepoint: 115836 ns, At safepoint: 8438763 ns, Total: 8554599 ns
[2021-04-21T09:40:03.726+0000][7][gc,marking   ] GC(62) Concurrent Rebuild Remembered Sets
[2021-04-21T09:40:03.777+0000][7][gc,start     ] GC(66) Pause Young (Normal) (G1 Evacuation Pause)
[2021-04-21T09:40:03.778+0000][7][gc,task      ] GC(66) Using 2 workers of 4 for evacuation
[2021-04-21T09:40:03.779+0000][7][gc,age       ] GC(66) Desired survivor size 1572864 bytes, new threshold 15 (max threshold 15)
[2021-04-21T09:40:03.785+0000][7][gc,age       ] GC(66) Age table with threshold 15 (max threshold 15)
[2021-04-21T09:40:03.786+0000][7][gc,age       ] GC(66) - age   1:       9632 bytes,       9632 total
[2021-04-21T09:40:03.787+0000][7][gc,age       ] GC(66) - age   2:      14992 bytes,      24624 total
[2021-04-21T09:40:03.788+0000][7][gc,age       ] GC(66) - age   3:      16648 bytes,      41272 total
[2021-04-21T09:40:03.788+0000][7][gc,age       ] GC(66) - age   4:     345088 bytes,     386360 total
[2021-04-21T09:40:03.789+0000][7][gc,age       ] GC(66) - age   5:     815304 bytes,    1201664 total
[2021-04-21T09:40:03.790+0000][7][gc,phases    ] GC(66)   Pre Evacuate Collection Set: 0.1ms
[2021-04-21T09:40:03.790+0000][7][gc,phases    ] GC(66)   Merge Heap Roots: 0.1ms
[2021-04-21T09:40:03.791+0000][7][gc,phases    ] GC(66)   Evacuate Collection Set: 5.5ms
[2021-04-21T09:40:03.792+0000][7][gc,phases    ] GC(66)   Post Evacuate Collection Set: 0.6ms
[2021-04-21T09:40:03.792+0000][7][gc,phases    ] GC(66)   Other: 6.3ms
[2021-04-21T09:40:03.793+0000][7][gc,heap      ] GC(66) Eden regions: 19->0(19)
[2021-04-21T09:40:03.793+0000][7][gc,heap      ] GC(66) Survivor regions: 2->2(3)
[2021-04-21T09:40:03.793+0000][7][gc,heap      ] GC(66) Old regions: 47->47
[2021-04-21T09:40:03.793+0000][7][gc,heap      ] GC(66) Archive regions: 2->2
[2021-04-21T09:40:03.793+0000][7][gc,heap      ] GC(66) Humongous regions: 1->1
[2021-04-21T09:40:03.793+0000][7][gc,metaspace ] GC(66) Metaspace: 34050K(37116K)->34050K(37116K) NonClass: 29613K(31664K)->29613K(31664K) Class: 4437K(5452K)->4437K(5452K)
[2021-04-21T09:40:03.793+0000][7][gc           ] GC(66) Pause Young (Normal) (G1 Evacuation Pause) 68M->49M(99M) 15.886ms
[2021-04-21T09:40:03.793+0000][7][gc,cpu       ] GC(66) User=0.02s Sys=0.00s Real=0.02s
[2021-04-21T09:40:03.793+0000][7][safepoint    ] Safepoint "G1CollectForAllocation", Time since last: 51157453 ns, Reaching safepoint: 480320 ns, At safepoint: 15968818 ns, Total: 16449138 ns
[2021-04-21T09:40:03.827+0000][7][gc,start     ] GC(67) Pause Young (Normal) (G1 Evacuation Pause)
[2021-04-21T09:40:03.827+0000][7][gc,task      ] GC(67) Using 2 workers of 4 for evacuation
[2021-04-21T09:40:03.827+0000][7][gc,age       ] GC(67) Desired survivor size 1572864 bytes, new threshold 15 (max threshold 15)
[2021-04-21T09:40:03.832+0000][7][gc,age       ] GC(67) Age table with threshold 15 (max threshold 15)
[2021-04-21T09:40:03.832+0000][7][gc,age       ] GC(67) - age   1:      12784 bytes,      12784 total
[2021-04-21T09:40:03.832+0000][7][gc,age       ] GC(67) - age   2:       9416 bytes,      22200 total
[2021-04-21T09:40:03.832+0000][7][gc,age       ] GC(67) - age   3:      14992 bytes,      37192 total
[2021-04-21T09:40:03.832+0000][7][gc,age       ] GC(67) - age   4:      14584 bytes,      51776 total
[2021-04-21T09:40:03.832+0000][7][gc,age       ] GC(67) - age   5:     345088 bytes,     396864 total
[2021-04-21T09:40:03.832+0000][7][gc,age       ] GC(67) - age   6:     815304 bytes,    1212168 total
[2021-04-21T09:40:03.832+0000][7][gc,phases    ] GC(67)   Pre Evacuate Collection Set: 0.0ms
[2021-04-21T09:40:03.832+0000][7][gc,phases    ] GC(67)   Merge Heap Roots: 0.1ms
[2021-04-21T09:40:03.832+0000][7][gc,phases    ] GC(67)   Evacuate Collection Set: 4.2ms
[2021-04-21T09:40:03.832+0000][7][gc,phases    ] GC(67)   Post Evacuate Collection Set: 0.5ms
[2021-04-21T09:40:03.832+0000][7][gc,phases    ] GC(67)   Other: 0.2ms
[2021-04-21T09:40:03.832+0000][7][gc,heap      ] GC(67) Eden regions: 19->0(20)
[2021-04-21T09:40:03.832+0000][7][gc,heap      ] GC(67) Survivor regions: 2->2(3)
[2021-04-21T09:40:03.832+0000][7][gc,heap      ] GC(67) Old regions: 47->47
[2021-04-21T09:40:03.832+0000][7][gc,heap      ] GC(67) Archive regions: 2->2
[2021-04-21T09:40:03.832+0000][7][gc,heap      ] GC(67) Humongous regions: 1->1
[2021-04-21T09:40:03.832+0000][7][gc,metaspace ] GC(67) Metaspace: 34050K(37116K)->34050K(37116K) NonClass: 29613K(31664K)->29613K(31664K) Class: 4437K(5452K)->4437K(5452K)
[2021-04-21T09:40:03.833+0000][7][gc           ] GC(67) Pause Young (Normal) (G1 Evacuation Pause) 68M->49M(99M) 5.693ms
[2021-04-21T09:40:03.833+0000][7][gc,cpu       ] GC(67) User=0.01s Sys=0.00s Real=0.00s
[2021-04-21T09:40:03.833+0000][7][safepoint    ] Safepoint "G1CollectForAllocation", Time since last: 33481049 ns, Reaching safepoint: 251082 ns, At safepoint: 5804843 ns, Total: 6055925 ns
[2021-04-21T09:40:03.865+0000][7][gc,marking   ] GC(62) Concurrent Rebuild Remembered Sets 138.638ms
[2021-04-21T09:40:03.871+0000][7][gc,start     ] GC(62) Pause Cleanup
[2021-04-21T09:40:03.871+0000][7][gc           ] GC(62) Pause Cleanup 56M->56M(99M) 0.167ms
[2021-04-21T09:40:03.871+0000][7][gc,cpu       ] GC(62) User=0.00s Sys=0.00s Real=0.00s
[2021-04-21T09:40:03.871+0000][7][safepoint    ] Safepoint "G1Concurrent", Time since last: 33301430 ns, Reaching safepoint: 5334768 ns, At safepoint: 237315 ns, Total: 5572083 ns
[2021-04-21T09:40:03.872+0000][7][gc,marking   ] GC(62) Concurrent Cleanup for Next Mark
[2021-04-21T09:40:03.873+0000][7][gc,marking   ] GC(62) Concurrent Cleanup for Next Mark 1.258ms
[2021-04-21T09:40:03.873+0000][7][gc           ] GC(62) Concurrent Cycle 446.494ms
[2021-04-21T09:40:04.168+0000][7][gc,start     ] GC(68) Pause Young (Normal) (G1 Evacuation Pause)
[2021-04-21T09:40:04.168+0000][7][gc,task      ] GC(68) Using 2 workers of 4 for evacuation
[2021-04-21T09:40:04.168+0000][7][gc,age       ] GC(68) Desired survivor size 1572864 bytes, new threshold 15 (max threshold 15)
[2021-04-21T09:40:04.173+0000][7][gc,age       ] GC(68) Age table with threshold 15 (max threshold 15)
[2021-04-21T09:40:04.173+0000][7][gc,age       ] GC(68) - age   1:    1112360 bytes,    1112360 total
[2021-04-21T09:40:04.173+0000][7][gc,age       ] GC(68) - age   2:      12568 bytes,    1124928 total
[2021-04-21T09:40:04.173+0000][7][gc,age       ] GC(68) - age   3:       9416 bytes,    1134344 total
[2021-04-21T09:40:04.173+0000][7][gc,age       ] GC(68) - age   4:      14992 bytes,    1149336 total
[2021-04-21T09:40:04.173+0000][7][gc,age       ] GC(68) - age   5:      14584 bytes,    1163920 total
[2021-04-21T09:40:04.173+0000][7][gc,age       ] GC(68) - age   6:     300816 bytes,    1464736 total
[2021-04-21T09:40:04.173+0000][7][gc,age       ] GC(68) - age   7:     815304 bytes,    2280040 total
[2021-04-21T09:40:04.173+0000][7][gc,phases    ] GC(68)   Pre Evacuate Collection Set: 0.0ms
[2021-04-21T09:40:04.173+0000][7][gc,phases    ] GC(68)   Merge Heap Roots: 0.0ms
[2021-04-21T09:40:04.173+0000][7][gc,phases    ] GC(68)   Evacuate Collection Set: 4.7ms
[2021-04-21T09:40:04.173+0000][7][gc,phases    ] GC(68)   Post Evacuate Collection Set: 0.5ms
[2021-04-21T09:40:04.173+0000][7][gc,phases    ] GC(68)   Other: 0.3ms
[2021-04-21T09:40:04.173+0000][7][gc,heap      ] GC(68) Eden regions: 20->0(18)
[2021-04-21T09:40:04.173+0000][7][gc,heap      ] GC(68) Survivor regions: 2->3(3)
[2021-04-21T09:40:04.173+0000][7][gc,heap      ] GC(68) Old regions: 47->47
[2021-04-21T09:40:04.173+0000][7][gc,heap      ] GC(68) Archive regions: 2->2
[2021-04-21T09:40:04.173+0000][7][gc,heap      ] GC(68) Humongous regions: 1->1
[2021-04-21T09:40:04.173+0000][7][gc,metaspace ] GC(68) Metaspace: 34370K(37500K)->34370K(37500K) NonClass: 29909K(31920K)->29909K(31920K) Class: 4461K(5580K)->4461K(5580K)
[2021-04-21T09:40:04.173+0000][7][gc           ] GC(68) Pause Young (Normal) (G1 Evacuation Pause) 69M->50M(99M) 5.816ms
[2021-04-21T09:40:04.173+0000][7][gc,cpu       ] GC(68) User=0.01s Sys=0.00s Real=0.00s
[2021-04-21T09:40:04.174+0000][7][safepoint    ] Safepoint "G1CollectForAllocation", Time since last: 295982657 ns, Reaching safepoint: 149650 ns, At safepoint: 5890308 ns, Total: 6039958 ns
[2021-04-21T09:40:04.543+0000][7][gc,start     ] GC(69) Pause Young (Concurrent Start) (G1 Evacuation Pause)
[2021-04-21T09:40:04.543+0000][7][gc,task      ] GC(69) Using 2 workers of 4 for evacuation
[2021-04-21T09:40:04.543+0000][7][gc,age       ] GC(69) Desired survivor size 1572864 bytes, new threshold 7 (max threshold 15)
[2021-04-21T09:40:04.554+0000][7][gc,age       ] GC(69) Age table with threshold 7 (max threshold 15)
[2021-04-21T09:40:04.554+0000][7][gc,age       ] GC(69) - age   1:    1448248 bytes,    1448248 total
[2021-04-21T09:40:04.554+0000][7][gc,age       ] GC(69) - age   2:     739448 bytes,    2187696 total
[2021-04-21T09:40:04.554+0000][7][gc,age       ] GC(69) - age   3:      12568 bytes,    2200264 total
[2021-04-21T09:40:04.554+0000][7][gc,age       ] GC(69) - age   4:       9416 bytes,    2209680 total
[2021-04-21T09:40:04.554+0000][7][gc,age       ] GC(69) - age   5:      14992 bytes,    2224672 total
[2021-04-21T09:40:04.554+0000][7][gc,age       ] GC(69) - age   6:      14584 bytes,    2239256 total
[2021-04-21T09:40:04.554+0000][7][gc,age       ] GC(69) - age   7:     300416 bytes,    2539672 total
[2021-04-21T09:40:04.554+0000][7][gc,phases    ] GC(69)   Pre Evacuate Collection Set: 1.0ms
[2021-04-21T09:40:04.554+0000][7][gc,phases    ] GC(69)   Merge Heap Roots: 0.1ms
[2021-04-21T09:40:04.554+0000][7][gc,phases    ] GC(69)   Evacuate Collection Set: 8.6ms
[2021-04-21T09:40:04.554+0000][7][gc,phases    ] GC(69)   Post Evacuate Collection Set: 0.6ms
[2021-04-21T09:40:04.554+0000][7][gc,phases    ] GC(69)   Other: 0.2ms
[2021-04-21T09:40:04.554+0000][7][gc,heap      ] GC(69) Eden regions: 18->0(17)
[2021-04-21T09:40:04.554+0000][7][gc,heap      ] GC(69) Survivor regions: 3->3(3)
[2021-04-21T09:40:04.554+0000][7][gc,heap      ] GC(69) Old regions: 47->48
[2021-04-21T09:40:04.554+0000][7][gc,heap      ] GC(69) Archive regions: 2->2
[2021-04-21T09:40:04.554+0000][7][gc,heap      ] GC(69) Humongous regions: 1->1
[2021-04-21T09:40:04.554+0000][7][gc,metaspace ] GC(69) Metaspace: 36988K(40316K)->36988K(40316K) NonClass: 32054K(34224K)->32054K(34224K) Class: 4934K(6092K)->4934K(6092K)
[2021-04-21T09:40:04.554+0000][7][gc           ] GC(69) Pause Young (Concurrent Start) (G1 Evacuation Pause) 68M->51M(99M) 10.676ms
[2021-04-21T09:40:04.554+0000][7][gc,cpu       ] GC(69) User=0.02s Sys=0.00s Real=0.01s
[2021-04-21T09:40:04.554+0000][7][safepoint    ] Safepoint "G1CollectForAllocation", Time since last: 369625587 ns, Reaching safepoint: 144500 ns, At safepoint: 10755402 ns, Total: 10899902 ns
[2021-04-21T09:40:04.554+0000][7][gc           ] GC(70) Concurrent Cycle
[2021-04-21T09:40:04.554+0000][7][gc,marking   ] GC(70) Concurrent Clear Claimed Marks
[2021-04-21T09:40:04.554+0000][7][gc,marking   ] GC(70) Concurrent Clear Claimed Marks 0.167ms
[2021-04-21T09:40:04.554+0000][7][gc,marking   ] GC(70) Concurrent Scan Root Regions
[2021-04-21T09:40:04.559+0000][7][gc,marking   ] GC(70) Concurrent Scan Root Regions 4.583ms
[2021-04-21T09:40:04.559+0000][7][gc,marking   ] GC(70) Concurrent Mark (12.732s)
[2021-04-21T09:40:04.559+0000][7][gc,marking   ] GC(70) Concurrent Mark From Roots
[2021-04-21T09:40:04.559+0000][7][gc,task      ] GC(70) Using 1 workers of 1 for marking
[2021-04-21T09:40:04.720+0000][7][gc,marking   ] GC(70) Concurrent Mark From Roots 161.101ms
[2021-04-21T09:40:04.720+0000][7][gc,marking   ] GC(70) Concurrent Preclean
[2021-04-21T09:40:04.720+0000][7][gc,marking   ] GC(70) Concurrent Preclean 0.162ms
[2021-04-21T09:40:04.720+0000][7][gc,marking   ] GC(70) Concurrent Mark (12.732s, 12.893s) 161.351ms
[2021-04-21T09:40:04.722+0000][7][gc,start     ] GC(70) Pause Remark
[2021-04-21T09:40:04.731+0000][7][gc           ] GC(70) Pause Remark 56M->56M(99M) 9.092ms
[2021-04-21T09:40:04.731+0000][7][gc,cpu       ] GC(70) User=0.02s Sys=0.00s Real=0.01s
[2021-04-21T09:40:04.731+0000][7][safepoint    ] Safepoint "G1Concurrent", Time since last: 166325030 ns, Reaching safepoint: 1231165 ns, At safepoint: 9191955 ns, Total: 10423120 ns
[2021-04-21T09:40:04.738+0000][7][gc,marking   ] GC(70) Concurrent Rebuild Remembered Sets
[2021-04-21T09:40:04.848+0000][7][gc,marking   ] GC(70) Concurrent Rebuild Remembered Sets 109.640ms
[2021-04-21T09:40:04.849+0000][7][gc,start     ] GC(70) Pause Cleanup
[2021-04-21T09:40:04.850+0000][7][gc           ] GC(70) Pause Cleanup 61M->61M(99M) 0.152ms
[2021-04-21T09:40:04.850+0000][7][gc,cpu       ] GC(70) User=0.00s Sys=0.00s Real=0.00s
[2021-04-21T09:40:04.850+0000][7][safepoint    ] Safepoint "G1Concurrent", Time since last: 117272333 ns, Reaching safepoint: 1323755 ns, At safepoint: 200646 ns, Total: 1524401 ns
[2021-04-21T09:40:04.850+0000][7][gc,marking   ] GC(70) Concurrent Cleanup for Next Mark
[2021-04-21T09:40:04.850+0000][7][gc,marking   ] GC(70) Concurrent Cleanup for Next Mark 0.224ms
[2021-04-21T09:40:04.850+0000][7][gc           ] GC(70) Concurrent Cycle 295.731ms
[2021-04-21T09:40:05.004+0000][7][gc,start     ] GC(71) Pause Young (Normal) (G1 Evacuation Pause)
[2021-04-21T09:40:05.005+0000][7][gc,task      ] GC(71) Using 2 workers of 4 for evacuation
[2021-04-21T09:40:05.005+0000][7][gc,age       ] GC(71) Desired survivor size 1572864 bytes, new threshold 2 (max threshold 15)
[2021-04-21T09:40:05.024+0000][7][gc,age       ] GC(71) Age table with threshold 2 (max threshold 15)
[2021-04-21T09:40:05.024+0000][7][gc,age       ] GC(71) - age   1:     901672 bytes,     901672 total
[2021-04-21T09:40:05.024+0000][7][gc,age       ] GC(71) - age   2:    1417568 bytes,    2319240 total
[2021-04-21T09:40:05.024+0000][7][gc,phases    ] GC(71)   Pre Evacuate Collection Set: 0.1ms
[2021-04-21T09:40:05.024+0000][7][gc,phases    ] GC(71)   Merge Heap Roots: 0.1ms
[2021-04-21T09:40:05.024+0000][7][gc,phases    ] GC(71)   Evacuate Collection Set: 17.4ms
[2021-04-21T09:40:05.024+0000][7][gc,phases    ] GC(71)   Post Evacuate Collection Set: 1.1ms
[2021-04-21T09:40:05.024+0000][7][gc,phases    ] GC(71)   Other: 1.5ms
[2021-04-21T09:40:05.024+0000][7][gc,heap      ] GC(71) Eden regions: 17->0(16)
[2021-04-21T09:40:05.024+0000][7][gc,heap      ] GC(71) Survivor regions: 3->3(3)
[2021-04-21T09:40:05.024+0000][7][gc,heap      ] GC(71) Old regions: 48->49
[2021-04-21T09:40:05.024+0000][7][gc,heap      ] GC(71) Archive regions: 2->2
[2021-04-21T09:40:05.024+0000][7][gc,heap      ] GC(71) Humongous regions: 1->1
[2021-04-21T09:40:05.024+0000][7][gc,metaspace ] GC(71) Metaspace: 41270K(44924K)->41270K(44924K) NonClass: 35743K(38064K)->35743K(38064K) Class: 5527K(6860K)->5527K(6860K)
[2021-04-21T09:40:05.025+0000][7][gc           ] GC(71) Pause Young (Normal) (G1 Evacuation Pause) 68M->52M(99M) 20.351ms
[2021-04-21T09:40:05.025+0000][7][gc,cpu       ] GC(71) User=0.05s Sys=0.00s Real=0.02s
[2021-04-21T09:40:05.025+0000][7][safepoint    ] Safepoint "G1CollectForAllocation", Time since last: 154360120 ns, Reaching safepoint: 170118 ns, At safepoint: 20427346 ns, Total: 20597464 ns
[2021-04-21T09:40:05.296+0000][7][gc,start     ] GC(72) Pause Young (Concurrent Start) (G1 Evacuation Pause)
[2021-04-21T09:40:05.297+0000][7][gc,task      ] GC(72) Using 2 workers of 4 for evacuation
[2021-04-21T09:40:05.298+0000][7][gc,age       ] GC(72) Desired survivor size 1572864 bytes, new threshold 2 (max threshold 15)
[2021-04-21T09:40:05.315+0000][7][gc,age       ] GC(72) Age table with threshold 2 (max threshold 15)
[2021-04-21T09:40:05.315+0000][7][gc,age       ] GC(72) - age   1:     627200 bytes,     627200 total
[2021-04-21T09:40:05.316+0000][7][gc,age       ] GC(72) - age   2:     857960 bytes,    1485160 total
[2021-04-21T09:40:05.317+0000][7][gc,phases    ] GC(72)   Pre Evacuate Collection Set: 0.3ms
[2021-04-21T09:40:05.317+0000][7][gc,phases    ] GC(72)   Merge Heap Roots: 0.1ms
[2021-04-21T09:40:05.318+0000][7][gc,phases    ] GC(72)   Evacuate Collection Set: 14.9ms
[2021-04-21T09:40:05.318+0000][7][gc,phases    ] GC(72)   Post Evacuate Collection Set: 1.0ms
[2021-04-21T09:40:05.319+0000][7][gc,phases    ] GC(72)   Other: 4.5ms
[2021-04-21T09:40:05.319+0000][7][gc,heap      ] GC(72) Eden regions: 16->0(16)
[2021-04-21T09:40:05.320+0000][7][gc,heap      ] GC(72) Survivor regions: 3->2(3)
[2021-04-21T09:40:05.320+0000][7][gc,heap      ] GC(72) Old regions: 49->50
[2021-04-21T09:40:05.320+0000][7][gc,heap      ] GC(72) Archive regions: 2->2
[2021-04-21T09:40:05.320+0000][7][gc,heap      ] GC(72) Humongous regions: 1->1
[2021-04-21T09:40:05.321+0000][7][gc,metaspace ] GC(72) Metaspace: 44230K(48124K)->44230K(48124K) NonClass: 38258K(40624K)->38258K(40624K) Class: 5972K(7500K)->5972K(7500K)
[2021-04-21T09:40:05.321+0000][7][gc           ] GC(72) Pause Young (Concurrent Start) (G1 Evacuation Pause) 68M->53M(99M) 24.579ms
[2021-04-21T09:40:05.321+0000][7][gc,cpu       ] GC(72) User=0.02s Sys=0.00s Real=0.03s
[2021-04-21T09:40:05.321+0000][7][safepoint    ] Safepoint "G1CollectForAllocation", Time since last: 271232467 ns, Reaching safepoint: 150469 ns, At safepoint: 24669520 ns, Total: 24819989 ns
[2021-04-21T09:40:05.321+0000][7][gc           ] GC(73) Concurrent Cycle
[2021-04-21T09:40:05.321+0000][7][gc,marking   ] GC(73) Concurrent Clear Claimed Marks
[2021-04-21T09:40:05.321+0000][7][gc,marking   ] GC(73) Concurrent Clear Claimed Marks 0.215ms
[2021-04-21T09:40:05.321+0000][7][gc,marking   ] GC(73) Concurrent Scan Root Regions
[2021-04-21T09:40:05.325+0000][7][gc,marking   ] GC(73) Concurrent Scan Root Regions 3.758ms
[2021-04-21T09:40:05.325+0000][7][gc,marking   ] GC(73) Concurrent Mark (13.498s)
[2021-04-21T09:40:05.325+0000][7][gc,marking   ] GC(73) Concurrent Mark From Roots
[2021-04-21T09:40:05.325+0000][7][gc,task      ] GC(73) Using 1 workers of 1 for marking
[2021-04-21T09:40:05.471+0000][7][gc,marking   ] GC(73) Concurrent Mark From Roots 146.597ms
[2021-04-21T09:40:05.471+0000][7][gc,marking   ] GC(73) Concurrent Preclean
[2021-04-21T09:40:05.471+0000][7][gc,marking   ] GC(73) Concurrent Preclean 0.148ms
[2021-04-21T09:40:05.472+0000][7][gc,marking   ] GC(73) Concurrent Mark (13.498s, 13.645s) 146.827ms
[2021-04-21T09:40:05.472+0000][7][gc,start     ] GC(73) Pause Remark
[2021-04-21T09:40:05.482+0000][7][gc           ] GC(73) Pause Remark 63M->63M(109M) 10.120ms
[2021-04-21T09:40:05.482+0000][7][gc,cpu       ] GC(73) User=0.01s Sys=0.00s Real=0.01s
[2021-04-21T09:40:05.482+0000][7][safepoint    ] Safepoint "G1Concurrent", Time since last: 150936832 ns, Reaching safepoint: 108249 ns, At safepoint: 10218062 ns, Total: 10326311 ns
[2021-04-21T09:40:05.482+0000][7][gc,marking   ] GC(73) Concurrent Rebuild Remembered Sets
[2021-04-21T09:40:05.563+0000][7][gc,marking   ] GC(73) Concurrent Rebuild Remembered Sets 81.215ms
[2021-04-21T09:40:05.564+0000][7][gc,start     ] GC(73) Pause Cleanup
[2021-04-21T09:40:05.565+0000][7][gc           ] GC(73) Pause Cleanup 66M->66M(109M) 0.500ms
[2021-04-21T09:40:05.565+0000][7][gc,cpu       ] GC(73) User=0.00s Sys=0.00s Real=0.00s
[2021-04-21T09:40:05.565+0000][7][safepoint    ] Safepoint "G1Concurrent", Time since last: 81425885 ns, Reaching safepoint: 906595 ns, At safepoint: 575153 ns, Total: 1481748 ns
[2021-04-21T09:40:05.565+0000][7][gc,marking   ] GC(73) Concurrent Cleanup for Next Mark
[2021-04-21T09:40:05.566+0000][7][gc,marking   ] GC(73) Concurrent Cleanup for Next Mark 1.194ms
[2021-04-21T09:40:05.567+0000][7][gc           ] GC(73) Concurrent Cycle 246.177ms
[2021-04-21T09:40:05.656+0000][7][gc,start     ] GC(74) Pause Young (Normal) (G1 Evacuation Pause)
[2021-04-21T09:40:05.656+0000][7][gc,task      ] GC(74) Using 2 workers of 4 for evacuation
[2021-04-21T09:40:05.656+0000][7][gc,age       ] GC(74) Desired survivor size 1572864 bytes, new threshold 15 (max threshold 15)
[2021-04-21T09:40:05.664+0000][7][gc,age       ] GC(74) Age table with threshold 15 (max threshold 15)
[2021-04-21T09:40:05.665+0000][7][gc,age       ] GC(74) - age   1:    1409904 bytes,    1409904 total
[2021-04-21T09:40:05.665+0000][7][gc,age       ] GC(74) - age   2:     592416 bytes,    2002320 total
[2021-04-21T09:40:05.665+0000][7][gc,age       ] GC(74) - age   3:     857808 bytes,    2860128 total
[2021-04-21T09:40:05.665+0000][7][gc,phases    ] GC(74)   Pre Evacuate Collection Set: 0.9ms
[2021-04-21T09:40:05.665+0000][7][gc,phases    ] GC(74)   Merge Heap Roots: 0.1ms
[2021-04-21T09:40:05.665+0000][7][gc,phases    ] GC(74)   Evacuate Collection Set: 7.2ms
[2021-04-21T09:40:05.665+0000][7][gc,phases    ] GC(74)   Post Evacuate Collection Set: 0.6ms
[2021-04-21T09:40:05.665+0000][7][gc,phases    ] GC(74)   Other: 0.2ms
[2021-04-21T09:40:05.665+0000][7][gc,heap      ] GC(74) Eden regions: 16->0(21)
[2021-04-21T09:40:05.665+0000][7][gc,heap      ] GC(74) Survivor regions: 2->3(3)
[2021-04-21T09:40:05.665+0000][7][gc,heap      ] GC(74) Old regions: 50->50
[2021-04-21T09:40:05.665+0000][7][gc,heap      ] GC(74) Archive regions: 2->2
[2021-04-21T09:40:05.665+0000][7][gc,heap      ] GC(74) Humongous regions: 1->1
[2021-04-21T09:40:05.665+0000][7][gc,metaspace ] GC(74) Metaspace: 46265K(50684K)->46265K(50684K) NonClass: 40002K(42672K)->40002K(42672K) Class: 6262K(8012K)->6262K(8012K)
[2021-04-21T09:40:05.665+0000][7][gc           ] GC(74) Pause Young (Normal) (G1 Evacuation Pause) 69M->54M(109M) 9.106ms
[2021-04-21T09:40:05.665+0000][7][gc,cpu       ] GC(74) User=0.01s Sys=0.01s Real=0.01s
[2021-04-21T09:40:05.665+0000][7][safepoint    ] Safepoint "G1CollectForAllocation", Time since last: 90756689 ns, Reaching safepoint: 122822 ns, At safepoint: 9175823 ns, Total: 9298645 ns
[2021-04-21T09:40:06.497+0000][7][gc,start     ] GC(75) Pause Young (Concurrent Start) (G1 Evacuation Pause)
[2021-04-21T09:40:06.497+0000][7][gc,task      ] GC(75) Using 2 workers of 4 for evacuation
[2021-04-21T09:40:06.497+0000][7][gc,age       ] GC(75) Desired survivor size 1572864 bytes, new threshold 2 (max threshold 15)
[2021-04-21T09:40:06.504+0000][7][gc,age       ] GC(75) Age table with threshold 2 (max threshold 15)
[2021-04-21T09:40:06.504+0000][7][gc,age       ] GC(75) - age   1:    1277536 bytes,    1277536 total
[2021-04-21T09:40:06.504+0000][7][gc,age       ] GC(75) - age   2:    1236504 bytes,    2514040 total
[2021-04-21T09:40:06.504+0000][7][gc,phases    ] GC(75)   Pre Evacuate Collection Set: 0.3ms
[2021-04-21T09:40:06.504+0000][7][gc,phases    ] GC(75)   Merge Heap Roots: 0.1ms
[2021-04-21T09:40:06.504+0000][7][gc,phases    ] GC(75)   Evacuate Collection Set: 5.7ms
[2021-04-21T09:40:06.504+0000][7][gc,phases    ] GC(75)   Post Evacuate Collection Set: 0.5ms
[2021-04-21T09:40:06.504+0000][7][gc,phases    ] GC(75)   Other: 0.2ms
[2021-04-21T09:40:06.504+0000][7][gc,heap      ] GC(75) Eden regions: 21->0(19)
[2021-04-21T09:40:06.504+0000][7][gc,heap      ] GC(75) Survivor regions: 3->3(3)
[2021-04-21T09:40:06.504+0000][7][gc,heap      ] GC(75) Old regions: 50->52
[2021-04-21T09:40:06.504+0000][7][gc,heap      ] GC(75) Archive regions: 2->2
[2021-04-21T09:40:06.504+0000][7][gc,heap      ] GC(75) Humongous regions: 1->1
[2021-04-21T09:40:06.504+0000][7][gc,metaspace ] GC(75) Metaspace: 48234K(52604K)->48234K(52604K) NonClass: 41733K(44464K)->41733K(44464K) Class: 6501K(8140K)->6501K(8140K)
[2021-04-21T09:40:06.504+0000][7][gc           ] GC(75) Pause Young (Concurrent Start) (G1 Evacuation Pause) 75M->55M(109M) 6.782ms
[2021-04-21T09:40:06.504+0000][7][gc,cpu       ] GC(75) User=0.01s Sys=0.00s Real=0.01s
[2021-04-21T09:40:06.504+0000][7][gc           ] GC(76) Concurrent Cycle
[2021-04-21T09:40:06.504+0000][7][safepoint    ] Safepoint "G1CollectForAllocation", Time since last: 832202729 ns, Reaching safepoint: 94253 ns, At safepoint: 6844072 ns, Total: 6938325 ns
[2021-04-21T09:40:06.504+0000][7][gc,marking   ] GC(76) Concurrent Clear Claimed Marks
[2021-04-21T09:40:06.504+0000][7][gc,marking   ] GC(76) Concurrent Clear Claimed Marks 0.238ms
[2021-04-21T09:40:06.504+0000][7][gc,marking   ] GC(76) Concurrent Scan Root Regions
[2021-04-21T09:40:06.508+0000][7][gc,marking   ] GC(76) Concurrent Scan Root Regions 3.542ms
[2021-04-21T09:40:06.508+0000][7][gc,marking   ] GC(76) Concurrent Mark (14.681s)
[2021-04-21T09:40:06.508+0000][7][gc,marking   ] GC(76) Concurrent Mark From Roots
[2021-04-21T09:40:06.508+0000][7][gc,task      ] GC(76) Using 1 workers of 1 for marking
[2021-04-21T09:40:06.600+0000][7][gc,marking   ] GC(76) Concurrent Mark From Roots 92.558ms
[2021-04-21T09:40:06.600+0000][7][gc,marking   ] GC(76) Concurrent Preclean
[2021-04-21T09:40:06.601+0000][7][gc,marking   ] GC(76) Concurrent Preclean 0.225ms
[2021-04-21T09:40:06.601+0000][7][gc,marking   ] GC(76) Concurrent Mark (14.681s, 14.774s) 92.857ms
[2021-04-21T09:40:06.601+0000][7][gc,start     ] GC(76) Pause Remark
[2021-04-21T09:40:06.605+0000][7][gc           ] GC(76) Pause Remark 61M->61M(109M) 3.974ms
[2021-04-21T09:40:06.605+0000][7][gc,cpu       ] GC(76) User=0.01s Sys=0.00s Real=0.00s
[2021-04-21T09:40:06.605+0000][7][safepoint    ] Safepoint "G1Concurrent", Time since last: 96745164 ns, Reaching safepoint: 149240 ns, At safepoint: 4051408 ns, Total: 4200648 ns
[2021-04-21T09:40:06.606+0000][7][gc,marking   ] GC(76) Concurrent Rebuild Remembered Sets
[2021-04-21T09:40:06.721+0000][7][gc,marking   ] GC(76) Concurrent Rebuild Remembered Sets 114.576ms
[2021-04-21T09:40:06.721+0000][7][gc,start     ] GC(76) Pause Cleanup
[2021-04-21T09:40:06.721+0000][7][gc           ] GC(76) Pause Cleanup 70M->70M(109M) 0.166ms
[2021-04-21T09:40:06.721+0000][7][gc,cpu       ] GC(76) User=0.00s Sys=0.00s Real=0.00s
[2021-04-21T09:40:06.721+0000][7][safepoint    ] Safepoint "G1Concurrent", Time since last: 115949416 ns, Reaching safepoint: 149392 ns, At safepoint: 221919 ns, Total: 371311 ns
[2021-04-21T09:40:06.721+0000][7][gc,marking   ] GC(76) Concurrent Cleanup for Next Mark
[2021-04-21T09:40:06.723+0000][7][gc,marking   ] GC(76) Concurrent Cleanup for Next Mark 1.344ms
[2021-04-21T09:40:06.723+0000][7][gc           ] GC(76) Concurrent Cycle 218.699ms
[2021-04-21T09:40:06.767+0000][7][gc,start     ] GC(77) Pause Young (Normal) (G1 Evacuation Pause)
[2021-04-21T09:40:06.767+0000][7][gc,task      ] GC(77) Using 2 workers of 4 for evacuation
[2021-04-21T09:40:06.767+0000][7][gc,age       ] GC(77) Desired survivor size 1572864 bytes, new threshold 2 (max threshold 15)
[2021-04-21T09:40:06.775+0000][7][gc,age       ] GC(77) Age table with threshold 2 (max threshold 15)
[2021-04-21T09:40:06.775+0000][7][gc,age       ] GC(77) - age   1:    1299456 bytes,    1299456 total
[2021-04-21T09:40:06.775+0000][7][gc,age       ] GC(77) - age   2:    1263528 bytes,    2562984 total
[2021-04-21T09:40:06.775+0000][7][gc,phases    ] GC(77)   Pre Evacuate Collection Set: 0.0ms
[2021-04-21T09:40:06.775+0000][7][gc,phases    ] GC(77)   Merge Heap Roots: 0.2ms
[2021-04-21T09:40:06.775+0000][7][gc,phases    ] GC(77)   Evacuate Collection Set: 6.7ms
[2021-04-21T09:40:06.775+0000][7][gc,phases    ] GC(77)   Post Evacuate Collection Set: 0.8ms
[2021-04-21T09:40:06.775+0000][7][gc,phases    ] GC(77)   Other: 0.2ms
[2021-04-21T09:40:06.775+0000][7][gc,heap      ] GC(77) Eden regions: 19->0(18)
[2021-04-21T09:40:06.775+0000][7][gc,heap      ] GC(77) Survivor regions: 3->3(3)
[2021-04-21T09:40:06.775+0000][7][gc,heap      ] GC(77) Old regions: 52->53
[2021-04-21T09:40:06.775+0000][7][gc,heap      ] GC(77) Archive regions: 2->2
[2021-04-21T09:40:06.775+0000][7][gc,heap      ] GC(77) Humongous regions: 1->1
[2021-04-21T09:40:06.775+0000][7][gc,metaspace ] GC(77) Metaspace: 49030K(53628K)->49030K(53628K) NonClass: 42419K(45232K)->42419K(45232K) Class: 6610K(8396K)->6610K(8396K)
[2021-04-21T09:40:06.775+0000][7][gc           ] GC(77) Pause Young (Normal) (G1 Evacuation Pause) 74M->57M(109M) 8.134ms
[2021-04-21T09:40:06.775+0000][7][gc,cpu       ] GC(77) User=0.03s Sys=0.00s Real=0.00s
[2021-04-21T09:40:06.775+0000][7][safepoint    ] Safepoint "G1CollectForAllocation", Time since last: 45456110 ns, Reaching safepoint: 47891 ns, At safepoint: 8199760 ns, Total: 8247651 ns
[2021-04-21T09:40:06.959+0000][7][gc,start     ] GC(78) Pause Young (Concurrent Start) (G1 Evacuation Pause)
[2021-04-21T09:40:06.959+0000][7][gc,task      ] GC(78) Using 2 workers of 4 for evacuation
[2021-04-21T09:40:06.959+0000][7][gc,age       ] GC(78) Desired survivor size 1572864 bytes, new threshold 2 (max threshold 15)
[2021-04-21T09:40:06.967+0000][7][gc,age       ] GC(78) Age table with threshold 2 (max threshold 15)
[2021-04-21T09:40:06.967+0000][7][gc,age       ] GC(78) - age   1:    1233680 bytes,    1233680 total
[2021-04-21T09:40:06.967+0000][7][gc,age       ] GC(78) - age   2:    1179864 bytes,    2413544 total
[2021-04-21T09:40:06.967+0000][7][gc,phases    ] GC(78)   Pre Evacuate Collection Set: 0.6ms
[2021-04-21T09:40:06.967+0000][7][gc,phases    ] GC(78)   Merge Heap Roots: 0.5ms
[2021-04-21T09:40:06.967+0000][7][gc,phases    ] GC(78)   Evacuate Collection Set: 6.2ms
[2021-04-21T09:40:06.967+0000][7][gc,phases    ] GC(78)   Post Evacuate Collection Set: 0.4ms
[2021-04-21T09:40:06.967+0000][7][gc,phases    ] GC(78)   Other: 0.2ms
[2021-04-21T09:40:06.967+0000][7][gc,heap      ] GC(78) Eden regions: 18->0(17)
[2021-04-21T09:40:06.967+0000][7][gc,heap      ] GC(78) Survivor regions: 3->3(3)
[2021-04-21T09:40:06.967+0000][7][gc,heap      ] GC(78) Old regions: 53->54
[2021-04-21T09:40:06.967+0000][7][gc,heap      ] GC(78) Archive regions: 2->2
[2021-04-21T09:40:06.967+0000][7][gc,heap      ] GC(78) Humongous regions: 1->1
[2021-04-21T09:40:06.967+0000][7][gc,metaspace ] GC(78) Metaspace: 50655K(55420K)->50655K(55420K) NonClass: 43800K(46768K)->43800K(46768K) Class: 6855K(8652K)->6855K(8652K)
[2021-04-21T09:40:06.967+0000][7][gc           ] GC(78) Pause Young (Concurrent Start) (G1 Evacuation Pause) 75M->58M(109M) 7.916ms
[2021-04-21T09:40:06.967+0000][7][gc,cpu       ] GC(78) User=0.02s Sys=0.00s Real=0.01s
[2021-04-21T09:40:06.967+0000][7][gc           ] GC(79) Concurrent Cycle
[2021-04-21T09:40:06.967+0000][7][safepoint    ] Safepoint "G1CollectForAllocation", Time since last: 182894999 ns, Reaching safepoint: 918342 ns, At safepoint: 7988442 ns, Total: 8906784 ns
[2021-04-21T09:40:06.967+0000][7][gc,marking   ] GC(79) Concurrent Clear Claimed Marks
[2021-04-21T09:40:06.967+0000][7][gc,marking   ] GC(79) Concurrent Clear Claimed Marks 0.250ms
[2021-04-21T09:40:06.967+0000][7][gc,marking   ] GC(79) Concurrent Scan Root Regions
[2021-04-21T09:40:06.972+0000][7][gc,marking   ] GC(79) Concurrent Scan Root Regions 5.302ms
[2021-04-21T09:40:06.973+0000][7][gc,marking   ] GC(79) Concurrent Mark (15.146s)
[2021-04-21T09:40:06.975+0000][7][gc,marking   ] GC(79) Concurrent Mark From Roots
[2021-04-21T09:40:06.976+0000][7][gc,task      ] GC(79) Using 1 workers of 1 for marking
[2021-04-21T09:40:07.099+0000][7][gc,start     ] GC(80) Pause Young (Normal) (G1 Evacuation Pause)
[2021-04-21T09:40:07.099+0000][7][gc,task      ] GC(80) Using 2 workers of 4 for evacuation
[2021-04-21T09:40:07.099+0000][7][gc,age       ] GC(80) Desired survivor size 1572864 bytes, new threshold 2 (max threshold 15)
[2021-04-21T09:40:07.108+0000][7][gc,age       ] GC(80) Age table with threshold 2 (max threshold 15)
[2021-04-21T09:40:07.108+0000][7][gc,age       ] GC(80) - age   1:     417664 bytes,     417664 total
[2021-04-21T09:40:07.108+0000][7][gc,age       ] GC(80) - age   2:    1219808 bytes,    1637472 total
[2021-04-21T09:40:07.108+0000][7][gc,phases    ] GC(80)   Pre Evacuate Collection Set: 0.0ms
[2021-04-21T09:40:07.108+0000][7][gc,phases    ] GC(80)   Merge Heap Roots: 0.2ms
[2021-04-21T09:40:07.108+0000][7][gc,phases    ] GC(80)   Evacuate Collection Set: 7.5ms
[2021-04-21T09:40:07.108+0000][7][gc,phases    ] GC(80)   Post Evacuate Collection Set: 0.5ms
[2021-04-21T09:40:07.108+0000][7][gc,phases    ] GC(80)   Other: 0.2ms
[2021-04-21T09:40:07.108+0000][7][gc,heap      ] GC(80) Eden regions: 17->0(17)
[2021-04-21T09:40:07.108+0000][7][gc,heap      ] GC(80) Survivor regions: 3->2(3)
[2021-04-21T09:40:07.108+0000][7][gc,heap      ] GC(80) Old regions: 54->56
[2021-04-21T09:40:07.108+0000][7][gc,heap      ] GC(80) Archive regions: 2->2
[2021-04-21T09:40:07.108+0000][7][gc,heap      ] GC(80) Humongous regions: 1->1
[2021-04-21T09:40:07.108+0000][7][gc,metaspace ] GC(80) Metaspace: 51981K(56700K)->51981K(56700K) NonClass: 44928K(47792K)->44928K(47792K) Class: 7053K(8908K)->7053K(8908K)
[2021-04-21T09:40:07.108+0000][7][gc           ] GC(80) Pause Young (Normal) (G1 Evacuation Pause) 75M->58M(109M) 8.507ms
[2021-04-21T09:40:07.108+0000][7][gc,cpu       ] GC(80) User=0.02s Sys=0.00s Real=0.01s
[2021-04-21T09:40:07.108+0000][7][safepoint    ] Safepoint "G1CollectForAllocation", Time since last: 132002187 ns, Reaching safepoint: 648078 ns, At safepoint: 8577405 ns, Total: 9225483 ns
[2021-04-21T09:40:07.144+0000][7][gc,marking   ] GC(79) Concurrent Mark From Roots 169.217ms
[2021-04-21T09:40:07.144+0000][7][gc,marking   ] GC(79) Concurrent Preclean
[2021-04-21T09:40:07.144+0000][7][gc,marking   ] GC(79) Concurrent Preclean 0.160ms
[2021-04-21T09:40:07.144+0000][7][gc,marking   ] GC(79) Concurrent Mark (15.146s, 15.317s) 170.851ms
[2021-04-21T09:40:07.145+0000][7][gc,start     ] GC(79) Pause Remark
[2021-04-21T09:40:07.150+0000][7][gc           ] GC(79) Pause Remark 60M->60M(109M) 4.484ms
[2021-04-21T09:40:07.150+0000][7][gc,cpu       ] GC(79) User=0.01s Sys=0.00s Real=0.01s
[2021-04-21T09:40:07.150+0000][7][safepoint    ] Safepoint "G1Concurrent", Time since last: 36615847 ns, Reaching safepoint: 434356 ns, At safepoint: 4577498 ns, Total: 5011854 ns
[2021-04-21T09:40:07.151+0000][7][gc,marking   ] GC(79) Concurrent Rebuild Remembered Sets
[2021-04-21T09:40:07.220+0000][7][safepoint    ] Safepoint "BulkRevokeBias", Time since last: 69123339 ns, Reaching safepoint: 789011 ns, At safepoint: 122841 ns, Total: 911852 ns
[2021-04-21T09:40:07.223+0000][7][safepoint    ] Safepoint "BulkRevokeBias", Time since last: 2567405 ns, Reaching safepoint: 569372 ns, At safepoint: 112934 ns, Total: 682306 ns
[2021-04-21T09:40:07.244+0000][7][safepoint    ] Safepoint "BulkRevokeBias", Time since last: 20328300 ns, Reaching safepoint: 478250 ns, At safepoint: 365403 ns, Total: 843653 ns
[2021-04-21T09:40:07.252+0000][7][gc,marking   ] GC(79) Concurrent Rebuild Remembered Sets 100.755ms
[2021-04-21T09:40:07.257+0000][7][gc,start     ] GC(79) Pause Cleanup
[2021-04-21T09:40:07.258+0000][7][gc           ] GC(79) Pause Cleanup 67M->67M(109M) 1.078ms
[2021-04-21T09:40:07.258+0000][7][gc,cpu       ] GC(79) User=0.00s Sys=0.00s Real=0.00s
[2021-04-21T09:40:07.261+0000][7][safepoint    ] Safepoint "G1Concurrent", Time since last: 12527132 ns, Reaching safepoint: 358823 ns, At safepoint: 4284770 ns, Total: 4643593 ns
[2021-04-21T09:40:07.262+0000][7][gc,marking   ] GC(79) Concurrent Cleanup for Next Mark
[2021-04-21T09:40:07.262+0000][7][gc,marking   ] GC(79) Concurrent Cleanup for Next Mark 0.366ms
[2021-04-21T09:40:07.262+0000][7][gc           ] GC(79) Concurrent Cycle 295.643ms
[2021-04-21T09:40:07.283+0000][7][safepoint    ] Safepoint "BulkRevokeBias", Time since last: 21994280 ns, Reaching safepoint: 82236 ns, At safepoint: 123405 ns, Total: 205641 ns
[2021-04-21T09:40:07.351+0000][7][gc,start     ] GC(81) Pause Young (Normal) (G1 Evacuation Pause)
[2021-04-21T09:40:07.351+0000][7][gc,task      ] GC(81) Using 2 workers of 4 for evacuation
[2021-04-21T09:40:07.351+0000][7][gc,age       ] GC(81) Desired survivor size 1572864 bytes, new threshold 2 (max threshold 15)
[2021-04-21T09:40:07.358+0000][7][gc,age       ] GC(81) Age table with threshold 2 (max threshold 15)
[2021-04-21T09:40:07.358+0000][7][gc,age       ] GC(81) - age   1:     445312 bytes,     445312 total
[2021-04-21T09:40:07.358+0000][7][gc,age       ] GC(81) - age   2:     410112 bytes,     855424 total
[2021-04-21T09:40:07.358+0000][7][gc,phases    ] GC(81)   Pre Evacuate Collection Set: 0.0ms
[2021-04-21T09:40:07.358+0000][7][gc,phases    ] GC(81)   Merge Heap Roots: 0.2ms
[2021-04-21T09:40:07.358+0000][7][gc,phases    ] GC(81)   Evacuate Collection Set: 5.9ms
[2021-04-21T09:40:07.358+0000][7][gc,phases    ] GC(81)   Post Evacuate Collection Set: 0.4ms
[2021-04-21T09:40:07.358+0000][7][gc,phases    ] GC(81)   Other: 0.2ms
[2021-04-21T09:40:07.358+0000][7][gc,heap      ] GC(81) Eden regions: 17->0(17)
[2021-04-21T09:40:07.358+0000][7][gc,heap      ] GC(81) Survivor regions: 2->1(3)
[2021-04-21T09:40:07.358+0000][7][gc,heap      ] GC(81) Old regions: 56->57
[2021-04-21T09:40:07.358+0000][7][gc,heap      ] GC(81) Archive regions: 2->2
[2021-04-21T09:40:07.358+0000][7][gc,heap      ] GC(81) Humongous regions: 1->1
[2021-04-21T09:40:07.358+0000][7][gc,metaspace ] GC(81) Metaspace: 53647K(58364K)->53647K(58364K) NonClass: 46431K(49328K)->46431K(49328K) Class: 7215K(9036K)->7215K(9036K)
[2021-04-21T09:40:07.358+0000][7][gc           ] GC(81) Pause Young (Normal) (G1 Evacuation Pause) 75M->59M(109M) 6.920ms
[2021-04-21T09:40:07.358+0000][7][gc,cpu       ] GC(81) User=0.02s Sys=0.00s Real=0.00s
[2021-04-21T09:40:07.358+0000][7][safepoint    ] Safepoint "G1CollectForAllocation", Time since last: 67518997 ns, Reaching safepoint: 57817 ns, At safepoint: 6994359 ns, Total: 7052176 ns
[2021-04-21T09:40:07.450+0000][7][gc,start     ] GC(82) Pause Young (Concurrent Start) (G1 Evacuation Pause)
[2021-04-21T09:40:07.450+0000][7][gc,task      ] GC(82) Using 2 workers of 4 for evacuation
[2021-04-21T09:40:07.450+0000][7][gc,age       ] GC(82) Desired survivor size 1572864 bytes, new threshold 15 (max threshold 15)
[2021-04-21T09:40:07.456+0000][7][gc,age       ] GC(82) Age table with threshold 15 (max threshold 15)
[2021-04-21T09:40:07.456+0000][7][gc,age       ] GC(82) - age   1:     182696 bytes,     182696 total
[2021-04-21T09:40:07.456+0000][7][gc,age       ] GC(82) - age   2:     436224 bytes,     618920 total
[2021-04-21T09:40:07.456+0000][7][gc,age       ] GC(82) - age   3:     409632 bytes,    1028552 total
[2021-04-21T09:40:07.456+0000][7][gc,phases    ] GC(82)   Pre Evacuate Collection Set: 0.3ms
[2021-04-21T09:40:07.456+0000][7][gc,phases    ] GC(82)   Merge Heap Roots: 0.2ms
[2021-04-21T09:40:07.456+0000][7][gc,phases    ] GC(82)   Evacuate Collection Set: 4.8ms
[2021-04-21T09:40:07.456+0000][7][gc,phases    ] GC(82)   Post Evacuate Collection Set: 0.5ms
[2021-04-21T09:40:07.456+0000][7][gc,phases    ] GC(82)   Other: 0.2ms
[2021-04-21T09:40:07.456+0000][7][gc,heap      ] GC(82) Eden regions: 17->0(17)
[2021-04-21T09:40:07.456+0000][7][gc,heap      ] GC(82) Survivor regions: 1->2(3)
[2021-04-21T09:40:07.456+0000][7][gc,heap      ] GC(82) Old regions: 57->57
[2021-04-21T09:40:07.456+0000][7][gc,heap      ] GC(82) Archive regions: 2->2
[2021-04-21T09:40:07.456+0000][7][gc,heap      ] GC(82) Humongous regions: 1->1
[2021-04-21T09:40:07.456+0000][7][gc,metaspace ] GC(82) Metaspace: 54223K(59132K)->54223K(59132K) NonClass: 46850K(49840K)->46850K(49840K) Class: 7372K(9292K)->7372K(9292K)
[2021-04-21T09:40:07.456+0000][7][gc           ] GC(82) Pause Young (Concurrent Start) (G1 Evacuation Pause) 76M->59M(109M) 6.138ms
[2021-04-21T09:40:07.456+0000][7][gc,cpu       ] GC(82) User=0.01s Sys=0.00s Real=0.00s
[2021-04-21T09:40:07.456+0000][7][safepoint    ] Safepoint "G1CollectForAllocation", Time since last: 91694071 ns, Reaching safepoint: 51461 ns, At safepoint: 6211692 ns, Total: 6263153 ns
[2021-04-21T09:40:07.456+0000][7][gc           ] GC(83) Concurrent Cycle
[2021-04-21T09:40:07.456+0000][7][gc,marking   ] GC(83) Concurrent Clear Claimed Marks
[2021-04-21T09:40:07.456+0000][7][gc,marking   ] GC(83) Concurrent Clear Claimed Marks 0.264ms
[2021-04-21T09:40:07.456+0000][7][gc,marking   ] GC(83) Concurrent Scan Root Regions
[2021-04-21T09:40:07.459+0000][7][gc,marking   ] GC(83) Concurrent Scan Root Regions 2.611ms
[2021-04-21T09:40:07.459+0000][7][gc,marking   ] GC(83) Concurrent Mark (15.632s)
[2021-04-21T09:40:07.459+0000][7][gc,marking   ] GC(83) Concurrent Mark From Roots
[2021-04-21T09:40:07.459+0000][7][gc,task      ] GC(83) Using 1 workers of 1 for marking
[2021-04-21T09:40:07.592+0000][7][gc,start     ] GC(84) Pause Young (Normal) (G1 Evacuation Pause)
[2021-04-21T09:40:07.592+0000][7][gc,task      ] GC(84) Using 2 workers of 4 for evacuation
[2021-04-21T09:40:07.592+0000][7][gc,age       ] GC(84) Desired survivor size 1572864 bytes, new threshold 15 (max threshold 15)
[2021-04-21T09:40:07.596+0000][7][gc,age       ] GC(84) Age table with threshold 15 (max threshold 15)
[2021-04-21T09:40:07.596+0000][7][gc,age       ] GC(84) - age   1:     198032 bytes,     198032 total
[2021-04-21T09:40:07.596+0000][7][gc,age       ] GC(84) - age   2:     168944 bytes,     366976 total
[2021-04-21T09:40:07.596+0000][7][gc,age       ] GC(84) - age   3:     434816 bytes,     801792 total
[2021-04-21T09:40:07.596+0000][7][gc,age       ] GC(84) - age   4:     409088 bytes,    1210880 total
[2021-04-21T09:40:07.596+0000][7][gc,phases    ] GC(84)   Pre Evacuate Collection Set: 0.0ms
[2021-04-21T09:40:07.596+0000][7][gc,phases    ] GC(84)   Merge Heap Roots: 0.1ms
[2021-04-21T09:40:07.596+0000][7][gc,phases    ] GC(84)   Evacuate Collection Set: 3.1ms
[2021-04-21T09:40:07.596+0000][7][gc,phases    ] GC(84)   Post Evacuate Collection Set: 0.4ms
[2021-04-21T09:40:07.596+0000][7][gc,phases    ] GC(84)   Other: 0.2ms
[2021-04-21T09:40:07.596+0000][7][gc,heap      ] GC(84) Eden regions: 17->0(17)
[2021-04-21T09:40:07.596+0000][7][gc,heap      ] GC(84) Survivor regions: 2->2(3)
[2021-04-21T09:40:07.596+0000][7][gc,heap      ] GC(84) Old regions: 57->57
[2021-04-21T09:40:07.596+0000][7][gc,heap      ] GC(84) Archive regions: 2->2
[2021-04-21T09:40:07.596+0000][7][gc,heap      ] GC(84) Humongous regions: 1->1
[2021-04-21T09:40:07.596+0000][7][gc,metaspace ] GC(84) Metaspace: 54933K(59772K)->54933K(59772K) NonClass: 47418K(50352K)->47418K(50352K) Class: 7514K(9420K)->7514K(9420K)
[2021-04-21T09:40:07.596+0000][7][gc           ] GC(84) Pause Young (Normal) (G1 Evacuation Pause) 76M->59M(109M) 3.940ms
[2021-04-21T09:40:07.596+0000][7][gc,cpu       ] GC(84) User=0.01s Sys=0.00s Real=0.00s
[2021-04-21T09:40:07.596+0000][7][safepoint    ] Safepoint "G1CollectForAllocation", Time since last: 136356602 ns, Reaching safepoint: 82844 ns, At safepoint: 4008200 ns, Total: 4091044 ns
[2021-04-21T09:40:07.598+0000][7][gc,marking   ] GC(83) Concurrent Mark From Roots 139.202ms
[2021-04-21T09:40:07.598+0000][7][gc,marking   ] GC(83) Concurrent Preclean
[2021-04-21T09:40:07.599+0000][7][gc,marking   ] GC(83) Concurrent Preclean 0.318ms
[2021-04-21T09:40:07.599+0000][7][gc,marking   ] GC(83) Concurrent Mark (15.632s, 15.772s) 139.657ms
[2021-04-21T09:40:07.599+0000][7][gc,start     ] GC(83) Pause Remark
[2021-04-21T09:40:07.603+0000][7][gc           ] GC(83) Pause Remark 59M->59M(109M) 4.466ms
[2021-04-21T09:40:07.603+0000][7][gc,cpu       ] GC(83) User=0.01s Sys=0.00s Real=0.00s
[2021-04-21T09:40:07.603+0000][7][safepoint    ] Safepoint "G1Concurrent", Time since last: 2225181 ns, Reaching safepoint: 129808 ns, At safepoint: 4536167 ns, Total: 4665975 ns
[2021-04-21T09:40:07.603+0000][7][gc,marking   ] GC(83) Concurrent Rebuild Remembered Sets
[2021-04-21T09:40:07.687+0000][7][gc,marking   ] GC(83) Concurrent Rebuild Remembered Sets 83.292ms
[2021-04-21T09:40:07.687+0000][7][gc,start     ] GC(83) Pause Cleanup
[2021-04-21T09:40:07.687+0000][7][gc           ] GC(83) Pause Cleanup 76M->76M(109M) 0.155ms
[2021-04-21T09:40:07.687+0000][7][gc,cpu       ] GC(83) User=0.00s Sys=0.00s Real=0.00s
[2021-04-21T09:40:07.687+0000][7][safepoint    ] Safepoint "G1Concurrent", Time since last: 83385967 ns, Reaching safepoint: 495657 ns, At safepoint: 212314 ns, Total: 707971 ns
[2021-04-21T09:40:07.687+0000][7][gc,marking   ] GC(83) Concurrent Cleanup for Next Mark
[2021-04-21T09:40:07.688+0000][7][gc,marking   ] GC(83) Concurrent Cleanup for Next Mark 0.231ms
[2021-04-21T09:40:07.688+0000][7][gc           ] GC(83) Concurrent Cycle 231.702ms
[2021-04-21T09:40:07.695+0000][7][gc,start     ] GC(85) Pause Young (Normal) (G1 Evacuation Pause)
[2021-04-21T09:40:07.695+0000][7][gc,task      ] GC(85) Using 2 workers of 4 for evacuation
[2021-04-21T09:40:07.695+0000][7][gc,age       ] GC(85) Desired survivor size 1572864 bytes, new threshold 15 (max threshold 15)
[2021-04-21T09:40:07.701+0000][7][gc,age       ] GC(85) Age table with threshold 15 (max threshold 15)
[2021-04-21T09:40:07.701+0000][7][gc,age       ] GC(85) - age   1:     196608 bytes,     196608 total
[2021-04-21T09:40:07.701+0000][7][gc,age       ] GC(85) - age   2:     192960 bytes,     389568 total
[2021-04-21T09:40:07.701+0000][7][gc,age       ] GC(85) - age   3:     168944 bytes,     558512 total
[2021-04-21T09:40:07.701+0000][7][gc,age       ] GC(85) - age   4:     430560 bytes,     989072 total
[2021-04-21T09:40:07.701+0000][7][gc,age       ] GC(85) - age   5:     408624 bytes,    1397696 total
[2021-04-21T09:40:07.701+0000][7][gc,phases    ] GC(85)   Pre Evacuate Collection Set: 0.0ms
[2021-04-21T09:40:07.701+0000][7][gc,phases    ] GC(85)   Merge Heap Roots: 0.1ms
[2021-04-21T09:40:07.701+0000][7][gc,phases    ] GC(85)   Evacuate Collection Set: 4.4ms
[2021-04-21T09:40:07.701+0000][7][gc,phases    ] GC(85)   Post Evacuate Collection Set: 0.8ms
[2021-04-21T09:40:07.701+0000][7][gc,phases    ] GC(85)   Other: 0.2ms
[2021-04-21T09:40:07.701+0000][7][gc,heap      ] GC(85) Eden regions: 17->0(17)
[2021-04-21T09:40:07.701+0000][7][gc,heap      ] GC(85) Survivor regions: 2->2(3)
[2021-04-21T09:40:07.701+0000][7][gc,heap      ] GC(85) Old regions: 57->57
[2021-04-21T09:40:07.701+0000][7][gc,heap      ] GC(85) Archive regions: 2->2
[2021-04-21T09:40:07.701+0000][7][gc,heap      ] GC(85) Humongous regions: 1->1
[2021-04-21T09:40:07.701+0000][7][gc,metaspace ] GC(85) Metaspace: 55733K(60668K)->55733K(60668K) NonClass: 48090K(51120K)->48090K(51120K) Class: 7643K(9548K)->7643K(9548K)
[2021-04-21T09:40:07.701+0000][7][gc           ] GC(85) Pause Young (Normal) (G1 Evacuation Pause) 76M->59M(109M) 5.666ms
[2021-04-21T09:40:07.701+0000][7][gc,cpu       ] GC(85) User=0.01s Sys=0.00s Real=0.01s
[2021-04-21T09:40:07.701+0000][7][safepoint    ] Safepoint "G1CollectForAllocation", Time since last: 7690843 ns, Reaching safepoint: 116622 ns, At safepoint: 5737511 ns, Total: 5854133 ns
[2021-04-21T09:40:07.908+0000][7][gc,start     ] GC(86) Pause Young (Concurrent Start) (G1 Evacuation Pause)
[2021-04-21T09:40:07.908+0000][7][gc,task      ] GC(86) Using 2 workers of 4 for evacuation
[2021-04-21T09:40:07.908+0000][7][gc,age       ] GC(86) Desired survivor size 1572864 bytes, new threshold 15 (max threshold 15)
[2021-04-21T09:40:07.913+0000][7][gc,age       ] GC(86) Age table with threshold 15 (max threshold 15)
[2021-04-21T09:40:07.913+0000][7][gc,age       ] GC(86) - age   1:     334072 bytes,     334072 total
[2021-04-21T09:40:07.913+0000][7][gc,age       ] GC(86) - age   2:     194032 bytes,     528104 total
[2021-04-21T09:40:07.913+0000][7][gc,age       ] GC(86) - age   3:     192960 bytes,     721064 total
[2021-04-21T09:40:07.913+0000][7][gc,age       ] GC(86) - age   4:     168944 bytes,     890008 total
[2021-04-21T09:40:07.913+0000][7][gc,age       ] GC(86) - age   5:     429992 bytes,    1320000 total
[2021-04-21T09:40:07.913+0000][7][gc,age       ] GC(86) - age   6:     405816 bytes,    1725816 total
[2021-04-21T09:40:07.913+0000][7][gc,phases    ] GC(86)   Pre Evacuate Collection Set: 0.3ms
[2021-04-21T09:40:07.913+0000][7][gc,phases    ] GC(86)   Merge Heap Roots: 0.1ms
[2021-04-21T09:40:07.913+0000][7][gc,phases    ] GC(86)   Evacuate Collection Set: 4.4ms
[2021-04-21T09:40:07.913+0000][7][gc,phases    ] GC(86)   Post Evacuate Collection Set: 0.5ms
[2021-04-21T09:40:07.913+0000][7][gc,phases    ] GC(86)   Other: 0.2ms
[2021-04-21T09:40:07.913+0000][7][gc,heap      ] GC(86) Eden regions: 17->0(17)
[2021-04-21T09:40:07.913+0000][7][gc,heap      ] GC(86) Survivor regions: 2->2(3)
[2021-04-21T09:40:07.914+0000][7][gc,heap      ] GC(86) Old regions: 57->57
[2021-04-21T09:40:07.914+0000][7][gc,heap      ] GC(86) Archive regions: 2->2
[2021-04-21T09:40:07.914+0000][7][gc,heap      ] GC(86) Humongous regions: 1->1
[2021-04-21T09:40:07.914+0000][7][gc,metaspace ] GC(86) Metaspace: 57900K(62844K)->57900K(62844K) NonClass: 49975K(52912K)->49975K(52912K) Class: 7924K(9932K)->7924K(9932K)
[2021-04-21T09:40:07.914+0000][7][gc           ] GC(86) Pause Young (Concurrent Start) (G1 Evacuation Pause) 76M->60M(109M) 5.667ms
[2021-04-21T09:40:07.914+0000][7][gc,cpu       ] GC(86) User=0.01s Sys=0.00s Real=0.00s
[2021-04-21T09:40:07.914+0000][7][safepoint    ] Safepoint "G1CollectForAllocation", Time since last: 206289775 ns, Reaching safepoint: 645633 ns, At safepoint: 5738774 ns, Total: 6384407 ns
[2021-04-21T09:40:07.914+0000][7][gc           ] GC(87) Concurrent Cycle
[2021-04-21T09:40:07.914+0000][7][gc,marking   ] GC(87) Concurrent Clear Claimed Marks
[2021-04-21T09:40:07.914+0000][7][gc,marking   ] GC(87) Concurrent Clear Claimed Marks 0.277ms
[2021-04-21T09:40:07.914+0000][7][gc,marking   ] GC(87) Concurrent Scan Root Regions
[2021-04-21T09:40:07.917+0000][7][gc,marking   ] GC(87) Concurrent Scan Root Regions 3.310ms
[2021-04-21T09:40:07.917+0000][7][gc,marking   ] GC(87) Concurrent Mark (16.090s)
[2021-04-21T09:40:07.917+0000][7][gc,marking   ] GC(87) Concurrent Mark From Roots
[2021-04-21T09:40:07.917+0000][7][gc,task      ] GC(87) Using 1 workers of 1 for marking
[2021-04-21T09:40:08.012+0000][7][gc,marking   ] GC(87) Concurrent Mark From Roots 94.281ms
[2021-04-21T09:40:08.012+0000][7][gc,marking   ] GC(87) Concurrent Preclean
[2021-04-21T09:40:08.012+0000][7][gc,marking   ] GC(87) Concurrent Preclean 0.574ms
[2021-04-21T09:40:08.012+0000][7][gc,marking   ] GC(87) Concurrent Mark (16.090s, 16.185s) 94.956ms
[2021-04-21T09:40:08.013+0000][7][gc,start     ] GC(87) Pause Remark
[2021-04-21T09:40:08.024+0000][7][gc           ] GC(87) Pause Remark 74M->74M(127M) 10.324ms
[2021-04-21T09:40:08.024+0000][7][gc,cpu       ] GC(87) User=0.00s Sys=0.00s Real=0.01s
[2021-04-21T09:40:08.024+0000][7][safepoint    ] Safepoint "G1Concurrent", Time since last: 99008577 ns, Reaching safepoint: 643552 ns, At safepoint: 10412274 ns, Total: 11055826 ns
[2021-04-21T09:40:08.024+0000][7][gc,marking   ] GC(87) Concurrent Rebuild Remembered Sets
[2021-04-21T09:40:08.042+0000][7][gc,start     ] GC(88) Pause Young (Normal) (G1 Evacuation Pause)
[2021-04-21T09:40:08.042+0000][7][gc,task      ] GC(88) Using 3 workers of 4 for evacuation
[2021-04-21T09:40:08.042+0000][7][gc,age       ] GC(88) Desired survivor size 1572864 bytes, new threshold 6 (max threshold 15)
[2021-04-21T09:40:08.047+0000][7][gc,age       ] GC(88) Age table with threshold 6 (max threshold 15)
[2021-04-21T09:40:08.047+0000][7][gc,age       ] GC(88) - age   1:     205008 bytes,     205008 total
[2021-04-21T09:40:08.047+0000][7][gc,age       ] GC(88) - age   2:     319400 bytes,     524408 total
[2021-04-21T09:40:08.047+0000][7][gc,age       ] GC(88) - age   3:     193752 bytes,     718160 total
[2021-04-21T09:40:08.047+0000][7][gc,age       ] GC(88) - age   4:     192928 bytes,     911088 total
[2021-04-21T09:40:08.047+0000][7][gc,age       ] GC(88) - age   5:     168816 bytes,    1079904 total
[2021-04-21T09:40:08.047+0000][7][gc,age       ] GC(88) - age   6:     429136 bytes,    1509040 total
[2021-04-21T09:40:08.047+0000][7][gc,phases    ] GC(88)   Pre Evacuate Collection Set: 0.0ms
[2021-04-21T09:40:08.047+0000][7][gc,phases    ] GC(88)   Merge Heap Roots: 0.1ms
[2021-04-21T09:40:08.047+0000][7][gc,phases    ] GC(88)   Evacuate Collection Set: 4.0ms
[2021-04-21T09:40:08.047+0000][7][gc,phases    ] GC(88)   Post Evacuate Collection Set: 0.4ms
[2021-04-21T09:40:08.047+0000][7][gc,phases    ] GC(88)   Other: 0.3ms
[2021-04-21T09:40:08.047+0000][7][gc,heap      ] GC(88) Eden regions: 17->0(30)
[2021-04-21T09:40:08.047+0000][7][gc,heap      ] GC(88) Survivor regions: 2->2(3)
[2021-04-21T09:40:08.047+0000][7][gc,heap      ] GC(88) Old regions: 57->57
[2021-04-21T09:40:08.047+0000][7][gc,heap      ] GC(88) Archive regions: 2->2
[2021-04-21T09:40:08.047+0000][7][gc,heap      ] GC(88) Humongous regions: 1->1
[2021-04-21T09:40:08.047+0000][7][gc,metaspace ] GC(88) Metaspace: 59153K(63996K)->59153K(63996K) NonClass: 51057K(53936K)->51057K(53936K) Class: 8096K(10060K)->8096K(10060K)
[2021-04-21T09:40:08.047+0000][7][gc           ] GC(88) Pause Young (Normal) (G1 Evacuation Pause) 77M->60M(127M) 4.998ms
[2021-04-21T09:40:08.047+0000][7][gc,cpu       ] GC(88) User=0.00s Sys=0.01s Real=0.01s
[2021-04-21T09:40:08.047+0000][7][safepoint    ] Safepoint "G1CollectForAllocation", Time since last: 17455813 ns, Reaching safepoint: 602635 ns, At safepoint: 5053653 ns, Total: 5656288 ns
[2021-04-21T09:40:08.113+0000][7][gc,marking   ] GC(87) Concurrent Rebuild Remembered Sets 88.750ms
[2021-04-21T09:40:08.113+0000][7][gc,start     ] GC(87) Pause Cleanup
[2021-04-21T09:40:08.113+0000][7][gc           ] GC(87) Pause Cleanup 67M->67M(127M) 0.107ms
[2021-04-21T09:40:08.113+0000][7][gc,cpu       ] GC(87) User=0.00s Sys=0.00s Real=0.00s
[2021-04-21T09:40:08.113+0000][7][safepoint    ] Safepoint "G1Concurrent", Time since last: 66243762 ns, Reaching safepoint: 132025 ns, At safepoint: 154115 ns, Total: 286140 ns
[2021-04-21T09:40:08.113+0000][7][gc,marking   ] GC(87) Concurrent Cleanup for Next Mark
[2021-04-21T09:40:08.114+0000][7][gc,marking   ] GC(87) Concurrent Cleanup for Next Mark 0.312ms
[2021-04-21T09:40:08.114+0000][7][gc           ] GC(87) Concurrent Cycle 200.085ms
[2021-04-21T09:40:08.355+0000][7][gc,start     ] GC(89) Pause Young (Normal) (G1 Evacuation Pause)
[2021-04-21T09:40:08.355+0000][7][gc,task      ] GC(89) Using 3 workers of 4 for evacuation
[2021-04-21T09:40:08.355+0000][7][gc,age       ] GC(89) Desired survivor size 2097152 bytes, new threshold 15 (max threshold 15)
[2021-04-21T09:40:08.361+0000][7][gc,age       ] GC(89) Age table with threshold 15 (max threshold 15)
[2021-04-21T09:40:08.362+0000][7][gc,age       ] GC(89) - age   1:    1167008 bytes,    1167008 total
[2021-04-21T09:40:08.362+0000][7][gc,age       ] GC(89) - age   2:     195552 bytes,    1362560 total
[2021-04-21T09:40:08.362+0000][7][gc,age       ] GC(89) - age   3:     318680 bytes,    1681240 total
[2021-04-21T09:40:08.362+0000][7][gc,age       ] GC(89) - age   4:     192352 bytes,    1873592 total
[2021-04-21T09:40:08.362+0000][7][gc,age       ] GC(89) - age   5:     192896 bytes,    2066488 total
[2021-04-21T09:40:08.362+0000][7][gc,age       ] GC(89) - age   6:     168784 bytes,    2235272 total
[2021-04-21T09:40:08.362+0000][7][gc,age       ] GC(89) - age   7:     427656 bytes,    2662928 total
[2021-04-21T09:40:08.362+0000][7][gc,phases    ] GC(89)   Pre Evacuate Collection Set: 0.0ms
[2021-04-21T09:40:08.362+0000][7][gc,phases    ] GC(89)   Merge Heap Roots: 0.1ms
[2021-04-21T09:40:08.362+0000][7][gc,phases    ] GC(89)   Evacuate Collection Set: 6.2ms
[2021-04-21T09:40:08.362+0000][7][gc,phases    ] GC(89)   Post Evacuate Collection Set: 0.5ms
[2021-04-21T09:40:08.362+0000][7][gc,phases    ] GC(89)   Other: 0.2ms
[2021-04-21T09:40:08.362+0000][7][gc,heap      ] GC(89) Eden regions: 30->0(28)
[2021-04-21T09:40:08.362+0000][7][gc,heap      ] GC(89) Survivor regions: 2->3(4)
[2021-04-21T09:40:08.362+0000][7][gc,heap      ] GC(89) Old regions: 57->57
[2021-04-21T09:40:08.362+0000][7][gc,heap      ] GC(89) Archive regions: 2->2
[2021-04-21T09:40:08.362+0000][7][gc,heap      ] GC(89) Humongous regions: 1->1
[2021-04-21T09:40:08.362+0000][7][gc,metaspace ] GC(89) Metaspace: 63550K(68860K)->63550K(68860K) NonClass: 54885K(58032K)->54885K(58032K) Class: 8665K(10828K)->8665K(10828K)
[2021-04-21T09:40:08.362+0000][7][gc           ] GC(89) Pause Young (Normal) (G1 Evacuation Pause) 90M->61M(127M) 7.182ms
[2021-04-21T09:40:08.362+0000][7][gc,cpu       ] GC(89) User=0.01s Sys=0.00s Real=0.01s
[2021-04-21T09:40:08.362+0000][7][safepoint    ] Safepoint "G1CollectForAllocation", Time since last: 239952246 ns, Reaching safepoint: 1265591 ns, At safepoint: 7254501 ns, Total: 8520092 ns
[2021-04-21T09:40:08.673+0000][7][gc,start     ] GC(90) Pause Young (Concurrent Start) (G1 Evacuation Pause)
[2021-04-21T09:40:08.673+0000][7][gc,task      ] GC(90) Using 3 workers of 4 for evacuation
[2021-04-21T09:40:08.673+0000][7][gc,age       ] GC(90) Desired survivor size 2097152 bytes, new threshold 6 (max threshold 15)
[2021-04-21T09:40:08.682+0000][7][gc,age       ] GC(90) Age table with threshold 6 (max threshold 15)
[2021-04-21T09:40:08.682+0000][7][gc,age       ] GC(90) - age   1:    1736448 bytes,    1736448 total
[2021-04-21T09:40:08.682+0000][7][gc,age       ] GC(90) - age   2:    1135792 bytes,    2872240 total
[2021-04-21T09:40:08.682+0000][7][gc,age       ] GC(90) - age   3:     194944 bytes,    3067184 total
[2021-04-21T09:40:08.682+0000][7][gc,age       ] GC(90) - age   4:     317824 bytes,    3385008 total
[2021-04-21T09:40:08.682+0000][7][gc,age       ] GC(90) - age   5:     191952 bytes,    3576960 total
[2021-04-21T09:40:08.682+0000][7][gc,age       ] GC(90) - age   6:     192448 bytes,    3769408 total
[2021-04-21T09:40:08.682+0000][7][gc,phases    ] GC(90)   Pre Evacuate Collection Set: 0.3ms
[2021-04-21T09:40:08.682+0000][7][gc,phases    ] GC(90)   Merge Heap Roots: 0.1ms
[2021-04-21T09:40:08.682+0000][7][gc,phases    ] GC(90)   Evacuate Collection Set: 7.2ms
[2021-04-21T09:40:08.682+0000][7][gc,phases    ] GC(90)   Post Evacuate Collection Set: 0.7ms
[2021-04-21T09:40:08.682+0000][7][gc,phases    ] GC(90)   Other: 0.3ms
[2021-04-21T09:40:08.682+0000][7][gc,heap      ] GC(90) Eden regions: 28->0(26)
[2021-04-21T09:40:08.682+0000][7][gc,heap      ] GC(90) Survivor regions: 3->4(4)
[2021-04-21T09:40:08.682+0000][7][gc,heap      ] GC(90) Old regions: 57->58
[2021-04-21T09:40:08.682+0000][7][gc,heap      ] GC(90) Archive regions: 2->2
[2021-04-21T09:40:08.682+0000][7][gc,heap      ] GC(90) Humongous regions: 1->1
[2021-04-21T09:40:08.682+0000][7][gc,metaspace ] GC(90) Metaspace: 65941K(71164K)->65941K(71164K) NonClass: 57021K(60080K)->57021K(60080K) Class: 8920K(11084K)->8920K(11084K)
[2021-04-21T09:40:08.682+0000][7][gc           ] GC(90) Pause Young (Concurrent Start) (G1 Evacuation Pause) 89M->63M(127M) 8.633ms
[2021-04-21T09:40:08.682+0000][7][gc,cpu       ] GC(90) User=0.03s Sys=0.00s Real=0.01s
[2021-04-21T09:40:08.682+0000][7][gc           ] GC(91) Concurrent Cycle
[2021-04-21T09:40:08.682+0000][7][gc,marking   ] GC(91) Concurrent Clear Claimed Marks
[2021-04-21T09:40:08.682+0000][7][gc,marking   ] GC(91) Concurrent Clear Claimed Marks 0.332ms
[2021-04-21T09:40:08.682+0000][7][gc,marking   ] GC(91) Concurrent Scan Root Regions
[2021-04-21T09:40:08.682+0000][7][safepoint    ] Safepoint "G1CollectForAllocation", Time since last: 311387948 ns, Reaching safepoint: 96903 ns, At safepoint: 8710641 ns, Total: 8807544 ns
[2021-04-21T09:40:08.689+0000][7][gc,marking   ] GC(91) Concurrent Scan Root Regions 6.298ms
[2021-04-21T09:40:08.690+0000][7][gc,marking   ] GC(91) Concurrent Mark (16.863s)
[2021-04-21T09:40:08.691+0000][7][gc,marking   ] GC(91) Concurrent Mark From Roots
[2021-04-21T09:40:08.692+0000][7][gc,task      ] GC(91) Using 1 workers of 1 for marking
[2021-04-21T09:40:08.879+0000][7][gc,marking   ] GC(91) Concurrent Mark From Roots 188.493ms
[2021-04-21T09:40:08.880+0000][7][gc,marking   ] GC(91) Concurrent Preclean
[2021-04-21T09:40:08.882+0000][7][gc,marking   ] GC(91) Concurrent Preclean 1.386ms
[2021-04-21T09:40:08.883+0000][7][gc,marking   ] GC(91) Concurrent Mark (16.863s, 17.056s) 192.850ms
[2021-04-21T09:40:08.884+0000][7][gc,start     ] GC(91) Pause Remark
[2021-04-21T09:40:08.891+0000][7][gc           ] GC(91) Pause Remark 74M->74M(128M) 7.359ms
[2021-04-21T09:40:08.891+0000][7][gc,cpu       ] GC(91) User=0.02s Sys=0.00s Real=0.01s
[2021-04-21T09:40:08.891+0000][7][safepoint    ] Safepoint "G1Concurrent", Time since last: 201561831 ns, Reaching safepoint: 264279 ns, At safepoint: 7446282 ns, Total: 7710561 ns
[2021-04-21T09:40:08.892+0000][7][gc,marking   ] GC(91) Concurrent Rebuild Remembered Sets
[2021-04-21T09:40:08.988+0000][7][gc,marking   ] GC(91) Concurrent Rebuild Remembered Sets 96.198ms
[2021-04-21T09:40:08.989+0000][7][gc,start     ] GC(91) Pause Cleanup
[2021-04-21T09:40:08.989+0000][7][gc           ] GC(91) Pause Cleanup 79M->79M(128M) 0.191ms
[2021-04-21T09:40:08.989+0000][7][gc,cpu       ] GC(91) User=0.00s Sys=0.00s Real=0.00s
[2021-04-21T09:40:08.989+0000][7][safepoint    ] Safepoint "G1Concurrent", Time since last: 97365848 ns, Reaching safepoint: 602506 ns, At safepoint: 239284 ns, Total: 841790 ns
[2021-04-21T09:40:08.991+0000][7][gc,marking   ] GC(91) Concurrent Cleanup for Next Mark
[2021-04-21T09:40:08.992+0000][7][gc,marking   ] GC(91) Concurrent Cleanup for Next Mark 0.965ms
[2021-04-21T09:40:08.993+0000][7][gc           ] GC(91) Concurrent Cycle 310.505ms
[2021-04-21T09:40:09.162+0000][7][gc,start     ] GC(92) Pause Young (Normal) (G1 Evacuation Pause)
[2021-04-21T09:40:09.162+0000][7][gc,task      ] GC(92) Using 3 workers of 4 for evacuation
[2021-04-21T09:40:09.162+0000][7][gc,age       ] GC(92) Desired survivor size 2097152 bytes, new threshold 2 (max threshold 15)
[2021-04-21T09:40:09.172+0000][7][gc,age       ] GC(92) Age table with threshold 2 (max threshold 15)
[2021-04-21T09:40:09.172+0000][7][gc,age       ] GC(92) - age   1:    1455872 bytes,    1455872 total
[2021-04-21T09:40:09.172+0000][7][gc,age       ] GC(92) - age   2:    1520008 bytes,    2975880 total
[2021-04-21T09:40:09.172+0000][7][gc,phases    ] GC(92)   Pre Evacuate Collection Set: 0.2ms
[2021-04-21T09:40:09.172+0000][7][gc,phases    ] GC(92)   Merge Heap Roots: 0.2ms
[2021-04-21T09:40:09.172+0000][7][gc,phases    ] GC(92)   Evacuate Collection Set: 8.1ms
[2021-04-21T09:40:09.172+0000][7][gc,phases    ] GC(92)   Post Evacuate Collection Set: 0.7ms
[2021-04-21T09:40:09.172+0000][7][gc,phases    ] GC(92)   Other: 0.2ms
[2021-04-21T09:40:09.172+0000][7][gc,heap      ] GC(92) Eden regions: 26->0(25)
[2021-04-21T09:40:09.172+0000][7][gc,heap      ] GC(92) Survivor regions: 4->4(4)
[2021-04-21T09:40:09.172+0000][7][gc,heap      ] GC(92) Old regions: 58->60
[2021-04-21T09:40:09.172+0000][7][gc,heap      ] GC(92) Archive regions: 2->2
[2021-04-21T09:40:09.172+0000][7][gc,heap      ] GC(92) Humongous regions: 1->1
[2021-04-21T09:40:09.172+0000][7][gc,metaspace ] GC(92) Metaspace: 68214K(73852K)->68214K(73852K) NonClass: 58880K(62128K)->58880K(62128K) Class: 9334K(11724K)->9334K(11724K)
[2021-04-21T09:40:09.172+0000][7][gc           ] GC(92) Pause Young (Normal) (G1 Evacuation Pause) 89M->64M(128M) 9.474ms
[2021-04-21T09:40:09.172+0000][7][gc,cpu       ] GC(92) User=0.02s Sys=0.00s Real=0.01s
[2021-04-21T09:40:09.172+0000][7][safepoint    ] Safepoint "G1CollectForAllocation", Time since last: 172701793 ns, Reaching safepoint: 59971 ns, At safepoint: 9548534 ns, Total: 9608505 ns
[2021-04-21T09:40:09.376+0000][7][gc,start     ] GC(93) Pause Young (Concurrent Start) (G1 Evacuation Pause)
[2021-04-21T09:40:09.376+0000][7][gc,task      ] GC(93) Using 3 workers of 4 for evacuation
[2021-04-21T09:40:09.376+0000][7][gc,age       ] GC(93) Desired survivor size 2097152 bytes, new threshold 2 (max threshold 15)
[2021-04-21T09:40:09.387+0000][7][gc,age       ] GC(93) Age table with threshold 2 (max threshold 15)
[2021-04-21T09:40:09.387+0000][7][gc,age       ] GC(93) - age   1:     810952 bytes,     810952 total
[2021-04-21T09:40:09.387+0000][7][gc,age       ] GC(93) - age   2:    1400024 bytes,    2210976 total
[2021-04-21T09:40:09.387+0000][7][gc,phases    ] GC(93)   Pre Evacuate Collection Set: 0.7ms
[2021-04-21T09:40:09.387+0000][7][gc,phases    ] GC(93)   Merge Heap Roots: 0.1ms
[2021-04-21T09:40:09.387+0000][7][gc,phases    ] GC(93)   Evacuate Collection Set: 9.2ms
[2021-04-21T09:40:09.387+0000][7][gc,phases    ] GC(93)   Post Evacuate Collection Set: 0.7ms
[2021-04-21T09:40:09.387+0000][7][gc,phases    ] GC(93)   Other: 0.2ms
[2021-04-21T09:40:09.387+0000][7][gc,heap      ] GC(93) Eden regions: 25->0(25)
[2021-04-21T09:40:09.387+0000][7][gc,heap      ] GC(93) Survivor regions: 4->3(4)
[2021-04-21T09:40:09.387+0000][7][gc,heap      ] GC(93) Old regions: 60->61
[2021-04-21T09:40:09.387+0000][7][gc,heap      ] GC(93) Archive regions: 2->2
[2021-04-21T09:40:09.387+0000][7][gc,heap      ] GC(93) Humongous regions: 1->1
[2021-04-21T09:40:09.387+0000][7][gc,metaspace ] GC(93) Metaspace: 70499K(76284K)->70499K(76284K) NonClass: 60838K(64176K)->60838K(64176K) Class: 9661K(12108K)->9661K(12108K)
[2021-04-21T09:40:09.387+0000][7][gc           ] GC(93) Pause Young (Concurrent Start) (G1 Evacuation Pause) 89M->65M(128M) 11.003ms
[2021-04-21T09:40:09.387+0000][7][gc,cpu       ] GC(93) User=0.03s Sys=0.00s Real=0.02s
[2021-04-21T09:40:09.387+0000][7][gc           ] GC(94) Concurrent Cycle
[2021-04-21T09:40:09.387+0000][7][gc,marking   ] GC(94) Concurrent Clear Claimed Marks
[2021-04-21T09:40:09.387+0000][7][safepoint    ] Safepoint "G1CollectForAllocation", Time since last: 204438878 ns, Reaching safepoint: 52903 ns, At safepoint: 11079709 ns, Total: 11132612 ns
[2021-04-21T09:40:09.388+0000][7][gc,marking   ] GC(94) Concurrent Clear Claimed Marks 0.372ms
[2021-04-21T09:40:09.388+0000][7][gc,marking   ] GC(94) Concurrent Scan Root Regions
[2021-04-21T09:40:09.395+0000][7][gc,marking   ] GC(94) Concurrent Scan Root Regions 7.160ms
[2021-04-21T09:40:09.395+0000][7][gc,marking   ] GC(94) Concurrent Mark (17.568s)
[2021-04-21T09:40:09.395+0000][7][gc,marking   ] GC(94) Concurrent Mark From Roots
[2021-04-21T09:40:09.395+0000][7][gc,task      ] GC(94) Using 1 workers of 1 for marking
[2021-04-21T09:40:09.556+0000][7][safepoint    ] Safepoint "BulkRevokeBias", Time since last: 168036899 ns, Reaching safepoint: 95821 ns, At safepoint: 107694 ns, Total: 203515 ns
[2021-04-21T09:40:09.584+0000][7][gc,marking   ] GC(94) Concurrent Mark From Roots 189.183ms
[2021-04-21T09:40:09.585+0000][7][gc,marking   ] GC(94) Concurrent Preclean
[2021-04-21T09:40:09.586+0000][7][gc,marking   ] GC(94) Concurrent Preclean 0.968ms
[2021-04-21T09:40:09.587+0000][7][gc,marking   ] GC(94) Concurrent Mark (17.568s, 17.760s) 192.049ms
[2021-04-21T09:40:09.588+0000][7][gc,start     ] GC(94) Pause Remark
[2021-04-21T09:40:09.595+0000][7][gc           ] GC(94) Pause Remark 80M->80M(128M) 6.854ms
[2021-04-21T09:40:09.595+0000][7][gc,cpu       ] GC(94) User=0.01s Sys=0.00s Real=0.00s
[2021-04-21T09:40:09.595+0000][7][safepoint    ] Safepoint "G1Concurrent", Time since last: 32210768 ns, Reaching safepoint: 117584 ns, At safepoint: 6935523 ns, Total: 7053107 ns
[2021-04-21T09:40:09.595+0000][7][gc,marking   ] GC(94) Concurrent Rebuild Remembered Sets
[2021-04-21T09:40:09.708+0000][7][gc,marking   ] GC(94) Concurrent Rebuild Remembered Sets 113.563ms
[2021-04-21T09:40:09.709+0000][7][gc,start     ] GC(94) Pause Cleanup
[2021-04-21T09:40:09.709+0000][7][gc           ] GC(94) Pause Cleanup 83M->83M(128M) 0.147ms
[2021-04-21T09:40:09.709+0000][7][gc,cpu       ] GC(94) User=0.00s Sys=0.00s Real=0.00s
[2021-04-21T09:40:09.709+0000][7][safepoint    ] Safepoint "G1Concurrent", Time since last: 113656461 ns, Reaching safepoint: 502314 ns, At safepoint: 191318 ns, Total: 693632 ns
[2021-04-21T09:40:09.709+0000][7][gc,marking   ] GC(94) Concurrent Cleanup for Next Mark
[2021-04-21T09:40:09.711+0000][7][gc,marking   ] GC(94) Concurrent Cleanup for Next Mark 1.284ms
[2021-04-21T09:40:09.711+0000][7][gc           ] GC(94) Concurrent Cycle 323.914ms
[2021-04-21T09:40:09.835+0000][7][gc,start     ] GC(95) Pause Young (Normal) (G1 Evacuation Pause)
[2021-04-21T09:40:09.835+0000][7][gc,task      ] GC(95) Using 3 workers of 4 for evacuation
[2021-04-21T09:40:09.835+0000][7][gc,age       ] GC(95) Desired survivor size 2097152 bytes, new threshold 2 (max threshold 15)
[2021-04-21T09:40:09.841+0000][7][gc,age       ] GC(95) Age table with threshold 2 (max threshold 15)
[2021-04-21T09:40:09.842+0000][7][gc,age       ] GC(95) - age   1:    1009408 bytes,    1009408 total
[2021-04-21T09:40:09.842+0000][7][gc,age       ] GC(95) - age   2:     786728 bytes,    1796136 total
[2021-04-21T09:40:09.842+0000][7][gc,phases    ] GC(95)   Pre Evacuate Collection Set: 0.1ms
[2021-04-21T09:40:09.842+0000][7][gc,phases    ] GC(95)   Merge Heap Roots: 0.2ms
[2021-04-21T09:40:09.842+0000][7][gc,phases    ] GC(95)   Evacuate Collection Set: 5.8ms
[2021-04-21T09:40:09.842+0000][7][gc,phases    ] GC(95)   Post Evacuate Collection Set: 0.5ms
[2021-04-21T09:40:09.842+0000][7][gc,phases    ] GC(95)   Other: 0.2ms
[2021-04-21T09:40:09.842+0000][7][gc,heap      ] GC(95) Eden regions: 25->0(25)
[2021-04-21T09:40:09.842+0000][7][gc,heap      ] GC(95) Survivor regions: 3->2(4)
[2021-04-21T09:40:09.842+0000][7][gc,heap      ] GC(95) Old regions: 61->63
[2021-04-21T09:40:09.842+0000][7][gc,heap      ] GC(95) Archive regions: 2->2
[2021-04-21T09:40:09.842+0000][7][gc,heap      ] GC(95) Humongous regions: 1->1
[2021-04-21T09:40:09.842+0000][7][gc,metaspace ] GC(95) Metaspace: 74634K(80764K)->74634K(80764K) NonClass: 64467K(68016K)->64467K(68016K) Class: 10166K(12748K)->10166K(12748K)
[2021-04-21T09:40:09.842+0000][7][gc           ] GC(95) Pause Young (Normal) (G1 Evacuation Pause) 90M->66M(128M) 6.839ms
[2021-04-21T09:40:09.842+0000][7][gc,cpu       ] GC(95) User=0.03s Sys=0.00s Real=0.01s
[2021-04-21T09:40:09.842+0000][7][safepoint    ] Safepoint "G1CollectForAllocation", Time since last: 125475593 ns, Reaching safepoint: 113641 ns, At safepoint: 6909302 ns, Total: 7022943 ns
[2021-04-21T09:40:10.042+0000][7][safepoint    ] Safepoint "ICBufferFull", Time since last: 200009989 ns, Reaching safepoint: 176451 ns, At safepoint: 7913 ns, Total: 184364 ns
[2021-04-21T09:40:10.117+0000][7][safepoint    ] Safepoint "BulkRevokeBias", Time since last: 75228295 ns, Reaching safepoint: 110325 ns, At safepoint: 149233 ns, Total: 259558 ns
[2021-04-21T09:40:10.235+0000][7][gc,start     ] GC(96) Pause Young (Concurrent Start) (G1 Evacuation Pause)
[2021-04-21T09:40:10.235+0000][7][gc,task      ] GC(96) Using 3 workers of 4 for evacuation
[2021-04-21T09:40:10.235+0000][7][gc,age       ] GC(96) Desired survivor size 2097152 bytes, new threshold 15 (max threshold 15)
[2021-04-21T09:40:10.242+0000][7][gc,age       ] GC(96) Age table with threshold 15 (max threshold 15)
[2021-04-21T09:40:10.243+0000][7][gc,age       ] GC(96) - age   1:     837784 bytes,     837784 total
[2021-04-21T09:40:10.243+0000][7][gc,age       ] GC(96) - age   2:     843808 bytes,    1681592 total
[2021-04-21T09:40:10.243+0000][7][gc,age       ] GC(96) - age   3:     786232 bytes,    2467824 total
[2021-04-21T09:40:10.243+0000][7][gc,phases    ] GC(96)   Pre Evacuate Collection Set: 0.4ms
[2021-04-21T09:40:10.243+0000][7][gc,phases    ] GC(96)   Merge Heap Roots: 0.1ms
[2021-04-21T09:40:10.243+0000][7][gc,phases    ] GC(96)   Evacuate Collection Set: 5.4ms
[2021-04-21T09:40:10.243+0000][7][gc,phases    ] GC(96)   Post Evacuate Collection Set: 0.7ms
[2021-04-21T09:40:10.243+0000][7][gc,phases    ] GC(96)   Other: 0.9ms
[2021-04-21T09:40:10.243+0000][7][gc,heap      ] GC(96) Eden regions: 25->0(24)
[2021-04-21T09:40:10.243+0000][7][gc,heap      ] GC(96) Survivor regions: 2->3(4)
[2021-04-21T09:40:10.243+0000][7][gc,heap      ] GC(96) Old regions: 63->63
[2021-04-21T09:40:10.243+0000][7][gc,heap      ] GC(96) Archive regions: 2->2
[2021-04-21T09:40:10.243+0000][7][gc,heap      ] GC(96) Humongous regions: 1->1
[2021-04-21T09:40:10.243+0000][7][gc,metaspace ] GC(96) Metaspace: 76604K(82812K)->76604K(82812K) NonClass: 66172K(69808K)->66172K(69808K) Class: 10432K(13004K)->10432K(13004K)
[2021-04-21T09:40:10.243+0000][7][gc           ] GC(96) Pause Young (Concurrent Start) (G1 Evacuation Pause) 91M->66M(128M) 7.705ms
[2021-04-21T09:40:10.243+0000][7][gc,cpu       ] GC(96) User=0.03s Sys=0.00s Real=0.01s
[2021-04-21T09:40:10.243+0000][7][safepoint    ] Safepoint "G1CollectForAllocation", Time since last: 117522424 ns, Reaching safepoint: 304578 ns, At safepoint: 7791072 ns, Total: 8095650 ns
[2021-04-21T09:40:10.245+0000][7][gc           ] GC(97) Concurrent Cycle
[2021-04-21T09:40:10.247+0000][7][gc,marking   ] GC(97) Concurrent Clear Claimed Marks
[2021-04-21T09:40:10.247+0000][7][gc,marking   ] GC(97) Concurrent Clear Claimed Marks 0.447ms
[2021-04-21T09:40:10.247+0000][7][gc,marking   ] GC(97) Concurrent Scan Root Regions
[2021-04-21T09:40:10.251+0000][7][gc,marking   ] GC(97) Concurrent Scan Root Regions 4.222ms
[2021-04-21T09:40:10.251+0000][7][gc,marking   ] GC(97) Concurrent Mark (18.424s)
[2021-04-21T09:40:10.251+0000][7][gc,marking   ] GC(97) Concurrent Mark From Roots
[2021-04-21T09:40:10.251+0000][7][gc,task      ] GC(97) Using 1 workers of 1 for marking
[2021-04-21T09:40:10.449+0000][7][gc,marking   ] GC(97) Concurrent Mark From Roots 198.005ms
[2021-04-21T09:40:10.450+0000][7][gc,marking   ] GC(97) Concurrent Preclean
[2021-04-21T09:40:10.451+0000][7][gc,marking   ] GC(97) Concurrent Preclean 0.905ms
[2021-04-21T09:40:10.452+0000][7][gc,marking   ] GC(97) Concurrent Mark (18.424s, 18.625s) 200.662ms
[2021-04-21T09:40:10.453+0000][7][gc,start     ] GC(97) Pause Remark
[2021-04-21T09:40:10.459+0000][7][gc           ] GC(97) Pause Remark 84M->84M(128M) 5.715ms
[2021-04-21T09:40:10.459+0000][7][gc,cpu       ] GC(97) User=0.02s Sys=0.00s Real=0.01s
[2021-04-21T09:40:10.459+0000][7][safepoint    ] Safepoint "G1Concurrent", Time since last: 209756971 ns, Reaching safepoint: 167305 ns, At safepoint: 5808380 ns, Total: 5975685 ns
[2021-04-21T09:40:10.460+0000][7][gc,marking   ] GC(97) Concurrent Rebuild Remembered Sets
[2021-04-21T09:40:10.569+0000][7][gc,marking   ] GC(97) Concurrent Rebuild Remembered Sets 109.339ms
[2021-04-21T09:40:10.571+0000][7][gc,start     ] GC(97) Pause Cleanup
[2021-04-21T09:40:10.571+0000][7][gc           ] GC(97) Pause Cleanup 89M->89M(128M) 0.201ms
[2021-04-21T09:40:10.571+0000][7][gc,cpu       ] GC(97) User=0.00s Sys=0.00s Real=0.00s
[2021-04-21T09:40:10.571+0000][7][safepoint    ] Safepoint "G1Concurrent", Time since last: 111710640 ns, Reaching safepoint: 623244 ns, At safepoint: 260489 ns, Total: 883733 ns
[2021-04-21T09:40:10.573+0000][7][gc,marking   ] GC(97) Concurrent Cleanup for Next Mark
[2021-04-21T09:40:10.575+0000][7][gc,marking   ] GC(97) Concurrent Cleanup for Next Mark 1.782ms
[2021-04-21T09:40:10.576+0000][7][gc           ] GC(97) Concurrent Cycle 331.615ms
[2021-04-21T09:40:10.607+0000][7][gc,start     ] GC(98) Pause Young (Normal) (G1 Evacuation Pause)
[2021-04-21T09:40:10.608+0000][7][gc,task      ] GC(98) Using 4 workers of 4 for evacuation
[2021-04-21T09:40:10.609+0000][7][gc,age       ] GC(98) Desired survivor size 2097152 bytes, new threshold 3 (max threshold 15)
[2021-04-21T09:40:10.619+0000][7][gc,age       ] GC(98) Age table with threshold 3 (max threshold 15)
[2021-04-21T09:40:10.620+0000][7][gc,age       ] GC(98) - age   1:     972704 bytes,     972704 total
[2021-04-21T09:40:10.621+0000][7][gc,age       ] GC(98) - age   2:     692992 bytes,    1665696 total
[2021-04-21T09:40:10.622+0000][7][gc,age       ] GC(98) - age   3:     836720 bytes,    2502416 total
[2021-04-21T09:40:10.623+0000][7][gc,phases    ] GC(98)   Pre Evacuate Collection Set: 0.1ms
[2021-04-21T09:40:10.623+0000][7][gc,phases    ] GC(98)   Merge Heap Roots: 0.1ms
[2021-04-21T09:40:10.624+0000][7][gc,phases    ] GC(98)   Evacuate Collection Set: 8.7ms
[2021-04-21T09:40:10.624+0000][7][gc,phases    ] GC(98)   Post Evacuate Collection Set: 0.9ms
[2021-04-21T09:40:10.624+0000][7][gc,phases    ] GC(98)   Other: 6.2ms
[2021-04-21T09:40:10.624+0000][7][gc,heap      ] GC(98) Eden regions: 24->0(23)
[2021-04-21T09:40:10.624+0000][7][gc,heap      ] GC(98) Survivor regions: 3->3(4)
[2021-04-21T09:40:10.624+0000][7][gc,heap      ] GC(98) Old regions: 63->64
[2021-04-21T09:40:10.624+0000][7][gc,heap      ] GC(98) Archive regions: 2->2
[2021-04-21T09:40:10.624+0000][7][gc,heap      ] GC(98) Humongous regions: 1->1
[2021-04-21T09:40:10.624+0000][7][gc,metaspace ] GC(98) Metaspace: 79188K(85500K)->79188K(85500K) NonClass: 68375K(72112K)->68375K(72112K) Class: 10812K(13388K)->10812K(13388K)
[2021-04-21T09:40:10.624+0000][7][gc           ] GC(98) Pause Young (Normal) (G1 Evacuation Pause) 90M->67M(128M) 17.726ms
[2021-04-21T09:40:10.624+0000][7][gc,cpu       ] GC(98) User=0.05s Sys=0.00s Real=0.01s
[2021-04-21T09:40:10.624+0000][7][safepoint    ] Safepoint "G1CollectForAllocation", Time since last: 35242063 ns, Reaching safepoint: 73758 ns, At safepoint: 17806285 ns, Total: 17880043 ns
[2021-04-21T09:40:10.701+0000][7][safepoint    ] Safepoint "BulkRevokeBias", Time since last: 75838129 ns, Reaching safepoint: 87944 ns, At safepoint: 238314 ns, Total: 326258 ns
[2021-04-21T09:40:10.889+0000][7][gc,start     ] GC(99) Pause Young (Concurrent Start) (G1 Humongous Allocation)
[2021-04-21T09:40:10.889+0000][7][gc,task      ] GC(99) Using 4 workers of 4 for evacuation
[2021-04-21T09:40:10.889+0000][7][gc,age       ] GC(99) Desired survivor size 2097152 bytes, new threshold 3 (max threshold 15)
[2021-04-21T09:40:10.905+0000][7][gc,age       ] GC(99) Age table with threshold 3 (max threshold 15)
[2021-04-21T09:40:10.905+0000][7][gc,age       ] GC(99) - age   1:     475464 bytes,     475464 total
[2021-04-21T09:40:10.905+0000][7][gc,age       ] GC(99) - age   2:     894184 bytes,    1369648 total
[2021-04-21T09:40:10.905+0000][7][gc,age       ] GC(99) - age   3:     587864 bytes,    1957512 total
[2021-04-21T09:40:10.905+0000][7][gc,phases    ] GC(99)   Pre Evacuate Collection Set: 0.6ms
[2021-04-21T09:40:10.905+0000][7][gc,phases    ] GC(99)   Merge Heap Roots: 0.3ms
[2021-04-21T09:40:10.905+0000][7][gc,phases    ] GC(99)   Evacuate Collection Set: 13.6ms
[2021-04-21T09:40:10.905+0000][7][gc,phases    ] GC(99)   Post Evacuate Collection Set: 1.1ms
[2021-04-21T09:40:10.905+0000][7][gc,phases    ] GC(99)   Other: 0.4ms
[2021-04-21T09:40:10.905+0000][7][gc,heap      ] GC(99) Eden regions: 16->0(23)
[2021-04-21T09:40:10.905+0000][7][gc,heap      ] GC(99) Survivor regions: 3->2(4)
[2021-04-21T09:40:10.905+0000][7][gc,heap      ] GC(99) Old regions: 64->65
[2021-04-21T09:40:10.905+0000][7][gc,heap      ] GC(99) Archive regions: 2->2
[2021-04-21T09:40:10.905+0000][7][gc,heap      ] GC(99) Humongous regions: 1->1
[2021-04-21T09:40:10.905+0000][7][gc,metaspace ] GC(99) Metaspace: 80094K(86780K)->80094K(86780K) NonClass: 69144K(73136K)->69144K(73136K) Class: 10950K(13644K)->10950K(13644K)
[2021-04-21T09:40:10.905+0000][7][gc           ] GC(99) Pause Young (Concurrent Start) (G1 Humongous Allocation) 83M->67M(128M) 16.151ms
[2021-04-21T09:40:10.905+0000][7][gc,cpu       ] GC(99) User=0.05s Sys=0.00s Real=0.01s
[2021-04-21T09:40:10.905+0000][7][gc           ] GC(100) Concurrent Cycle
[2021-04-21T09:40:10.905+0000][7][safepoint    ] Safepoint "G1TryInitiateConcMark", Time since last: 188064388 ns, Reaching safepoint: 103239 ns, At safepoint: 16244412 ns, Total: 16347651 ns
[2021-04-21T09:40:10.905+0000][7][gc,marking   ] GC(100) Concurrent Clear Claimed Marks
[2021-04-21T09:40:10.906+0000][7][gc,marking   ] GC(100) Concurrent Clear Claimed Marks 0.551ms
[2021-04-21T09:40:10.906+0000][7][gc,marking   ] GC(100) Concurrent Scan Root Regions
[2021-04-21T09:40:10.910+0000][7][gc,marking   ] GC(100) Concurrent Scan Root Regions 4.570ms
[2021-04-21T09:40:10.910+0000][7][gc,marking   ] GC(100) Concurrent Mark (19.083s)
[2021-04-21T09:40:10.910+0000][7][gc,marking   ] GC(100) Concurrent Mark From Roots
[2021-04-21T09:40:10.910+0000][7][gc,task      ] GC(100) Using 1 workers of 1 for marking
[2021-04-21T09:40:11.005+0000][7][safepoint    ] Safepoint "BulkRevokeBias", Time since last: 99746283 ns, Reaching safepoint: 137816 ns, At safepoint: 207767 ns, Total: 345583 ns
[2021-04-21T09:40:11.078+0000][7][gc,marking   ] GC(100) Concurrent Mark From Roots 168.018ms
[2021-04-21T09:40:11.078+0000][7][gc,marking   ] GC(100) Concurrent Preclean
[2021-04-21T09:40:11.079+0000][7][gc,marking   ] GC(100) Concurrent Preclean 0.164ms
[2021-04-21T09:40:11.079+0000][7][gc,marking   ] GC(100) Concurrent Mark (19.083s, 19.252s) 168.287ms
[2021-04-21T09:40:11.083+0000][7][gc,start     ] GC(100) Pause Remark
[2021-04-21T09:40:11.094+0000][7][gc           ] GC(100) Pause Remark 80M->80M(128M) 10.927ms
[2021-04-21T09:40:11.094+0000][7][gc,cpu       ] GC(100) User=0.03s Sys=0.00s Real=0.01s
[2021-04-21T09:40:11.094+0000][7][safepoint    ] Safepoint "G1Concurrent", Time since last: 77259513 ns, Reaching safepoint: 184223 ns, At safepoint: 11023830 ns, Total: 11208053 ns
[2021-04-21T09:40:11.094+0000][7][gc,marking   ] GC(100) Concurrent Rebuild Remembered Sets
[2021-04-21T09:40:11.203+0000][7][gc,marking   ] GC(100) Concurrent Rebuild Remembered Sets 109.818ms
[2021-04-21T09:40:11.205+0000][7][gc,start     ] GC(100) Pause Cleanup
[2021-04-21T09:40:11.205+0000][7][gc           ] GC(100) Pause Cleanup 86M->86M(128M) 0.207ms
[2021-04-21T09:40:11.205+0000][7][gc,cpu       ] GC(100) User=0.00s Sys=0.00s Real=0.00s
[2021-04-21T09:40:11.205+0000][7][safepoint    ] Safepoint "G1Concurrent", Time since last: 109912279 ns, Reaching safepoint: 1297830 ns, At safepoint: 306916 ns, Total: 1604746 ns
[2021-04-21T09:40:11.205+0000][7][gc,marking   ] GC(100) Concurrent Cleanup for Next Mark
[2021-04-21T09:40:11.205+0000][7][gc,marking   ] GC(100) Concurrent Cleanup for Next Mark 0.301ms
[2021-04-21T09:40:11.205+0000][7][gc           ] GC(100) Concurrent Cycle 300.437ms
[2021-04-21T09:40:11.307+0000][7][gc,start     ] GC(101) Pause Young (Normal) (G1 Evacuation Pause)
[2021-04-21T09:40:11.307+0000][7][gc,task      ] GC(101) Using 4 workers of 4 for evacuation
[2021-04-21T09:40:11.307+0000][7][gc,age       ] GC(101) Desired survivor size 2097152 bytes, new threshold 15 (max threshold 15)
[2021-04-21T09:40:11.319+0000][7][gc,age       ] GC(101) Age table with threshold 15 (max threshold 15)
[2021-04-21T09:40:11.319+0000][7][gc,age       ] GC(101) - age   1:    2027176 bytes,    2027176 total
[2021-04-21T09:40:11.319+0000][7][gc,age       ] GC(101) - age   2:     406232 bytes,    2433408 total
[2021-04-21T09:40:11.319+0000][7][gc,age       ] GC(101) - age   3:     891024 bytes,    3324432 total
[2021-04-21T09:40:11.319+0000][7][gc,age       ] GC(101) - age   4:     585104 bytes,    3909536 total
[2021-04-21T09:40:11.319+0000][7][gc,phases    ] GC(101)   Pre Evacuate Collection Set: 0.0ms
[2021-04-21T09:40:11.319+0000][7][gc,phases    ] GC(101)   Merge Heap Roots: 0.2ms
[2021-04-21T09:40:11.319+0000][7][gc,phases    ] GC(101)   Evacuate Collection Set: 11.2ms
[2021-04-21T09:40:11.319+0000][7][gc,phases    ] GC(101)   Post Evacuate Collection Set: 0.7ms
[2021-04-21T09:40:11.319+0000][7][gc,phases    ] GC(101)   Other: 0.2ms
[2021-04-21T09:40:11.319+0000][7][gc,heap      ] GC(101) Eden regions: 23->0(14)
[2021-04-21T09:40:11.319+0000][7][gc,heap      ] GC(101) Survivor regions: 2->4(4)
[2021-04-21T09:40:11.319+0000][7][gc,heap      ] GC(101) Old regions: 65->65
[2021-04-21T09:40:11.319+0000][7][gc,heap      ] GC(101) Archive regions: 2->2
[2021-04-21T09:40:11.319+0000][7][gc,heap      ] GC(101) Humongous regions: 7->7
[2021-04-21T09:40:11.320+0000][7][gc,metaspace ] GC(101) Metaspace: 81959K(88572K)->81959K(88572K) NonClass: 70782K(74672K)->70782K(74672K) Class: 11176K(13900K)->11176K(13900K)
[2021-04-21T09:40:11.320+0000][7][gc           ] GC(101) Pause Young (Normal) (G1 Evacuation Pause) 96M->75M(128M) 12.522ms
[2021-04-21T09:40:11.320+0000][7][gc,cpu       ] GC(101) User=0.03s Sys=0.00s Real=0.01s
[2021-04-21T09:40:11.320+0000][7][safepoint    ] Safepoint "G1CollectForAllocation", Time since last: 101641385 ns, Reaching safepoint: 296495 ns, At safepoint: 12620400 ns, Total: 12916895 ns
[2021-04-21T09:40:11.418+0000][7][gc,start     ] GC(102) Pause Young (Concurrent Start) (G1 Evacuation Pause)
[2021-04-21T09:40:11.418+0000][7][gc,task      ] GC(102) Using 4 workers of 4 for evacuation
[2021-04-21T09:40:11.418+0000][7][gc,age       ] GC(102) Desired survivor size 1572864 bytes, new threshold 1 (max threshold 15)
[2021-04-21T09:40:11.426+0000][7][gc,age       ] GC(102) Age table with threshold 1 (max threshold 15)
[2021-04-21T09:40:11.426+0000][7][gc,age       ] GC(102) - age   1:     276600 bytes,     276600 total
[2021-04-21T09:40:11.426+0000][7][gc,phases    ] GC(102)   Pre Evacuate Collection Set: 0.8ms
[2021-04-21T09:40:11.426+0000][7][gc,phases    ] GC(102)   Merge Heap Roots: 0.2ms
[2021-04-21T09:40:11.426+0000][7][gc,phases    ] GC(102)   Evacuate Collection Set: 5.9ms
[2021-04-21T09:40:11.426+0000][7][gc,phases    ] GC(102)   Post Evacuate Collection Set: 0.4ms
[2021-04-21T09:40:11.426+0000][7][gc,phases    ] GC(102)   Other: 0.2ms
[2021-04-21T09:40:11.426+0000][7][gc,heap      ] GC(102) Eden regions: 14->0(16)
[2021-04-21T09:40:11.426+0000][7][gc,heap      ] GC(102) Survivor regions: 4->1(3)
[2021-04-21T09:40:11.426+0000][7][gc,heap      ] GC(102) Old regions: 65->68
[2021-04-21T09:40:11.426+0000][7][gc,heap      ] GC(102) Archive regions: 2->2
[2021-04-21T09:40:11.426+0000][7][gc,heap      ] GC(102) Humongous regions: 7->7
[2021-04-21T09:40:11.426+0000][7][gc,metaspace ] GC(102) Metaspace: 82486K(89212K)->82486K(89212K) NonClass: 71240K(75184K)->71240K(75184K) Class: 11245K(14028K)->11245K(14028K)
[2021-04-21T09:40:11.426+0000][7][gc           ] GC(102) Pause Young (Concurrent Start) (G1 Evacuation Pause) 89M->76M(128M) 7.556ms
[2021-04-21T09:40:11.426+0000][7][gc,cpu       ] GC(102) User=0.02s Sys=0.00s Real=0.00s
[2021-04-21T09:40:11.426+0000][7][gc           ] GC(103) Concurrent Cycle
[2021-04-21T09:40:11.426+0000][7][safepoint    ] Safepoint "G1CollectForAllocation", Time since last: 98467888 ns, Reaching safepoint: 167098 ns, At safepoint: 7659328 ns, Total: 7826426 ns
[2021-04-21T09:40:11.426+0000][7][gc,marking   ] GC(103) Concurrent Clear Claimed Marks
[2021-04-21T09:40:11.427+0000][7][gc,marking   ] GC(103) Concurrent Clear Claimed Marks 0.657ms
[2021-04-21T09:40:11.427+0000][7][gc,marking   ] GC(103) Concurrent Scan Root Regions
[2021-04-21T09:40:11.433+0000][7][gc,marking   ] GC(103) Concurrent Scan Root Regions 6.262ms
[2021-04-21T09:40:11.433+0000][7][gc,marking   ] GC(103) Concurrent Mark (19.606s)
[2021-04-21T09:40:11.433+0000][7][gc,marking   ] GC(103) Concurrent Mark From Roots
[2021-04-21T09:40:11.433+0000][7][gc,task      ] GC(103) Using 1 workers of 1 for marking
[2021-04-21T09:40:11.620+0000][7][gc,start     ] GC(104) Pause Young (Normal) (G1 Evacuation Pause)
[2021-04-21T09:40:11.620+0000][7][gc,task      ] GC(104) Using 4 workers of 4 for evacuation
[2021-04-21T09:40:11.620+0000][7][gc,age       ] GC(104) Desired survivor size 1572864 bytes, new threshold 15 (max threshold 15)
[2021-04-21T09:40:11.624+0000][7][gc,age       ] GC(104) Age table with threshold 15 (max threshold 15)
[2021-04-21T09:40:11.624+0000][7][gc,age       ] GC(104) - age   1:     775112 bytes,     775112 total
[2021-04-21T09:40:11.624+0000][7][gc,age       ] GC(104) - age   2:     262080 bytes,    1037192 total
[2021-04-21T09:40:11.624+0000][7][gc,phases    ] GC(104)   Pre Evacuate Collection Set: 0.0ms
[2021-04-21T09:40:11.624+0000][7][gc,phases    ] GC(104)   Merge Heap Roots: 0.1ms
[2021-04-21T09:40:11.624+0000][7][gc,phases    ] GC(104)   Evacuate Collection Set: 3.3ms
[2021-04-21T09:40:11.624+0000][7][gc,phases    ] GC(104)   Post Evacuate Collection Set: 0.6ms
[2021-04-21T09:40:11.624+0000][7][gc,phases    ] GC(104)   Other: 0.2ms
[2021-04-21T09:40:11.624+0000][7][gc,heap      ] GC(104) Eden regions: 16->0(15)
[2021-04-21T09:40:11.624+0000][7][gc,heap      ] GC(104) Survivor regions: 1->2(3)
[2021-04-21T09:40:11.624+0000][7][gc,heap      ] GC(104) Old regions: 68->68
[2021-04-21T09:40:11.624+0000][7][gc,heap      ] GC(104) Archive regions: 2->2
[2021-04-21T09:40:11.624+0000][7][gc,heap      ] GC(104) Humongous regions: 7->7
[2021-04-21T09:40:11.624+0000][7][gc,metaspace ] GC(104) Metaspace: 83125K(89724K)->83125K(89724K) NonClass: 71777K(75696K)->71777K(75696K) Class: 11347K(14028K)->11347K(14028K)
[2021-04-21T09:40:11.624+0000][7][gc           ] GC(104) Pause Young (Normal) (G1 Evacuation Pause) 92M->76M(128M) 4.365ms
[2021-04-21T09:40:11.624+0000][7][gc,cpu       ] GC(104) User=0.02s Sys=0.00s Real=0.00s
[2021-04-21T09:40:11.624+0000][7][safepoint    ] Safepoint "G1CollectForAllocation", Time since last: 190769298 ns, Reaching safepoint: 3304255 ns, At safepoint: 4451094 ns, Total: 7755349 ns
[2021-04-21T09:40:11.730+0000][7][gc,marking   ] GC(103) Concurrent Mark From Roots 297.519ms
[2021-04-21T09:40:11.731+0000][7][gc,marking   ] GC(103) Concurrent Preclean
[2021-04-21T09:40:11.731+0000][7][gc,marking   ] GC(103) Concurrent Preclean 0.211ms
[2021-04-21T09:40:11.731+0000][7][gc,marking   ] GC(103) Concurrent Mark (19.606s, 19.904s) 297.812ms
[2021-04-21T09:40:11.731+0000][7][gc,start     ] GC(103) Pause Remark
[2021-04-21T09:40:11.738+0000][7][gc           ] GC(103) Pause Remark 81M->81M(128M) 6.960ms
[2021-04-21T09:40:11.738+0000][7][gc,cpu       ] GC(103) User=0.02s Sys=0.00s Real=0.00s
[2021-04-21T09:40:11.738+0000][7][safepoint    ] Safepoint "G1Concurrent", Time since last: 106345082 ns, Reaching safepoint: 108019 ns, At safepoint: 7053493 ns, Total: 7161512 ns
[2021-04-21T09:40:11.738+0000][7][gc,marking   ] GC(103) Concurrent Rebuild Remembered Sets
[2021-04-21T09:40:11.829+0000][7][gc,marking   ] GC(103) Concurrent Rebuild Remembered Sets 90.862ms
[2021-04-21T09:40:11.831+0000][7][gc,start     ] GC(103) Pause Cleanup
[2021-04-21T09:40:11.831+0000][7][gc           ] GC(103) Pause Cleanup 81M->81M(128M) 0.158ms
[2021-04-21T09:40:11.831+0000][7][gc,cpu       ] GC(103) User=0.00s Sys=0.00s Real=0.00s
[2021-04-21T09:40:11.831+0000][7][safepoint    ] Safepoint "G1Concurrent", Time since last: 92369490 ns, Reaching safepoint: 494542 ns, At safepoint: 208707 ns, Total: 703249 ns
[2021-04-21T09:40:11.831+0000][7][gc,marking   ] GC(103) Concurrent Cleanup for Next Mark
[2021-04-21T09:40:11.831+0000][7][gc,marking   ] GC(103) Concurrent Cleanup for Next Mark 0.329ms
[2021-04-21T09:40:11.831+0000][7][gc           ] GC(103) Concurrent Cycle 405.512ms
[2021-04-21T09:40:11.961+0000][7][gc,start     ] GC(105) Pause Young (Normal) (G1 Evacuation Pause)
[2021-04-21T09:40:11.961+0000][7][gc,task      ] GC(105) Using 4 workers of 4 for evacuation
[2021-04-21T09:40:11.961+0000][7][gc,age       ] GC(105) Desired survivor size 1572864 bytes, new threshold 15 (max threshold 15)
[2021-04-21T09:40:11.967+0000][7][gc,age       ] GC(105) Age table with threshold 15 (max threshold 15)
[2021-04-21T09:40:11.967+0000][7][gc,age       ] GC(105) - age   1:     628864 bytes,     628864 total
[2021-04-21T09:40:11.967+0000][7][gc,age       ] GC(105) - age   2:     632552 bytes,    1261416 total
[2021-04-21T09:40:11.967+0000][7][gc,age       ] GC(105) - age   3:     261736 bytes,    1523152 total
[2021-04-21T09:40:11.967+0000][7][gc,phases    ] GC(105)   Pre Evacuate Collection Set: 0.0ms
[2021-04-21T09:40:11.967+0000][7][gc,phases    ] GC(105)   Merge Heap Roots: 0.1ms
[2021-04-21T09:40:11.967+0000][7][gc,phases    ] GC(105)   Evacuate Collection Set: 4.7ms
[2021-04-21T09:40:11.967+0000][7][gc,phases    ] GC(105)   Post Evacuate Collection Set: 0.7ms
[2021-04-21T09:40:11.967+0000][7][gc,phases    ] GC(105)   Other: 0.3ms
[2021-04-21T09:40:11.967+0000][7][gc,heap      ] GC(105) Eden regions: 15->0(15)
[2021-04-21T09:40:11.967+0000][7][gc,heap      ] GC(105) Survivor regions: 2->2(3)
[2021-04-21T09:40:11.967+0000][7][gc,heap      ] GC(105) Old regions: 68->68
[2021-04-21T09:40:11.967+0000][7][gc,heap      ] GC(105) Archive regions: 2->2
[2021-04-21T09:40:11.967+0000][7][gc,heap      ] GC(105) Humongous regions: 7->7
[2021-04-21T09:40:11.967+0000][7][gc,metaspace ] GC(105) Metaspace: 85099K(91900K)->85099K(91900K) NonClass: 73458K(77488K)->73458K(77488K) Class: 11640K(14412K)->11640K(14412K)
[2021-04-21T09:40:11.967+0000][7][gc           ] GC(105) Pause Young (Normal) (G1 Evacuation Pause) 91M->77M(128M) 5.913ms
[2021-04-21T09:40:11.967+0000][7][gc,cpu       ] GC(105) User=0.02s Sys=0.01s Real=0.01s
[2021-04-21T09:40:11.967+0000][7][safepoint    ] Safepoint "G1CollectForAllocation", Time since last: 130083034 ns, Reaching safepoint: 78539 ns, At safepoint: 5989966 ns, Total: 6068505 ns
[2021-04-21T09:40:12.038+0000][7][safepoint    ] Safepoint "BulkRevokeBias", Time since last: 70130626 ns, Reaching safepoint: 229514 ns, At safepoint: 549358 ns, Total: 778872 ns
[2021-04-21T09:40:12.526+0000][7][safepoint    ] Safepoint "BulkRevokeBias", Time since last: 487707269 ns, Reaching safepoint: 160688 ns, At safepoint: 318851 ns, Total: 479539 ns
[2021-04-21T09:40:12.530+0000][7][safepoint    ] Safepoint "BulkRevokeBias", Time since last: 2872465 ns, Reaching safepoint: 190475 ns, At safepoint: 309330 ns, Total: 499805 ns
[2021-04-21T09:40:12.659+0000][7][gc,start     ] GC(106) Pause Young (Concurrent Start) (G1 Evacuation Pause)
[2021-04-21T09:40:12.659+0000][7][gc,task      ] GC(106) Using 4 workers of 4 for evacuation
[2021-04-21T09:40:12.659+0000][7][gc,age       ] GC(106) Desired survivor size 1572864 bytes, new threshold 15 (max threshold 15)
[2021-04-21T09:40:12.665+0000][7][gc,age       ] GC(106) Age table with threshold 15 (max threshold 15)
[2021-04-21T09:40:12.665+0000][7][gc,age       ] GC(106) - age   1:     888040 bytes,     888040 total
[2021-04-21T09:40:12.665+0000][7][gc,age       ] GC(106) - age   2:     441232 bytes,    1329272 total
[2021-04-21T09:40:12.665+0000][7][gc,age       ] GC(106) - age   3:     626792 bytes,    1956064 total
[2021-04-21T09:40:12.665+0000][7][gc,age       ] GC(106) - age   4:     260024 bytes,    2216088 total
[2021-04-21T09:40:12.665+0000][7][gc,phases    ] GC(106)   Pre Evacuate Collection Set: 0.5ms
[2021-04-21T09:40:12.665+0000][7][gc,phases    ] GC(106)   Merge Heap Roots: 0.1ms
[2021-04-21T09:40:12.665+0000][7][gc,phases    ] GC(106)   Evacuate Collection Set: 4.7ms
[2021-04-21T09:40:12.665+0000][7][gc,phases    ] GC(106)   Post Evacuate Collection Set: 0.5ms
[2021-04-21T09:40:12.665+0000][7][gc,phases    ] GC(106)   Other: 0.2ms
[2021-04-21T09:40:12.665+0000][7][gc,heap      ] GC(106) Eden regions: 15->0(13)
[2021-04-21T09:40:12.665+0000][7][gc,heap      ] GC(106) Survivor regions: 2->3(3)
[2021-04-21T09:40:12.665+0000][7][gc,heap      ] GC(106) Old regions: 68->68
[2021-04-21T09:40:12.665+0000][7][gc,heap      ] GC(106) Archive regions: 2->2
[2021-04-21T09:40:12.665+0000][7][gc,heap      ] GC(106) Humongous regions: 7->7
[2021-04-21T09:40:12.665+0000][7][gc,metaspace ] GC(106) Metaspace: 86707K(93692K)->86707K(93692K) NonClass: 74821K(79024K)->74821K(79024K) Class: 11885K(14668K)->11885K(14668K)
[2021-04-21T09:40:12.665+0000][7][gc           ] GC(106) Pause Young (Concurrent Start) (G1 Evacuation Pause) 92M->77M(128M) 6.142ms
[2021-04-21T09:40:12.665+0000][7][gc,cpu       ] GC(106) User=0.01s Sys=0.00s Real=0.00s
[2021-04-21T09:40:12.665+0000][7][gc           ] GC(107) Concurrent Cycle
[2021-04-21T09:40:12.665+0000][7][safepoint    ] Safepoint "G1CollectForAllocation", Time since last: 129256429 ns, Reaching safepoint: 163462 ns, At safepoint: 6219645 ns, Total: 6383107 ns
[2021-04-21T09:40:12.665+0000][7][gc,marking   ] GC(107) Concurrent Clear Claimed Marks
[2021-04-21T09:40:12.666+0000][7][gc,marking   ] GC(107) Concurrent Clear Claimed Marks 0.567ms
[2021-04-21T09:40:12.666+0000][7][gc,marking   ] GC(107) Concurrent Scan Root Regions
[2021-04-21T09:40:12.669+0000][7][gc,marking   ] GC(107) Concurrent Scan Root Regions 3.218ms
[2021-04-21T09:40:12.669+0000][7][gc,marking   ] GC(107) Concurrent Mark (20.842s)
[2021-04-21T09:40:12.669+0000][7][gc,marking   ] GC(107) Concurrent Mark From Roots
[2021-04-21T09:40:12.669+0000][7][gc,task      ] GC(107) Using 1 workers of 1 for marking
[2021-04-21T09:40:12.834+0000][7][gc,marking   ] GC(107) Concurrent Mark From Roots 165.080ms
[2021-04-21T09:40:12.834+0000][7][gc,marking   ] GC(107) Concurrent Preclean
[2021-04-21T09:40:12.834+0000][7][gc,marking   ] GC(107) Concurrent Preclean 0.152ms
[2021-04-21T09:40:12.835+0000][7][gc,marking   ] GC(107) Concurrent Mark (20.842s, 21.008s) 165.319ms
[2021-04-21T09:40:12.835+0000][7][gc,start     ] GC(107) Pause Remark
[2021-04-21T09:40:12.844+0000][7][gc           ] GC(107) Pause Remark 79M->79M(128M) 9.237ms
[2021-04-21T09:40:12.844+0000][7][gc,cpu       ] GC(107) User=0.02s Sys=0.00s Real=0.01s
[2021-04-21T09:40:12.844+0000][7][safepoint    ] Safepoint "G1Concurrent", Time since last: 169245510 ns, Reaching safepoint: 76461 ns, At safepoint: 9337859 ns, Total: 9414320 ns
[2021-04-21T09:40:12.844+0000][7][gc,marking   ] GC(107) Concurrent Rebuild Remembered Sets
[2021-04-21T09:40:12.916+0000][7][gc,marking   ] GC(107) Concurrent Rebuild Remembered Sets 72.062ms
[2021-04-21T09:40:12.917+0000][7][gc,start     ] GC(107) Pause Cleanup
[2021-04-21T09:40:12.917+0000][7][gc           ] GC(107) Pause Cleanup 79M->79M(128M) 0.136ms
[2021-04-21T09:40:12.917+0000][7][gc,cpu       ] GC(107) User=0.00s Sys=0.00s Real=0.00s
[2021-04-21T09:40:12.917+0000][7][safepoint    ] Safepoint "G1Concurrent", Time since last: 72156912 ns, Reaching safepoint: 578575 ns, At safepoint: 217416 ns, Total: 795991 ns
[2021-04-21T09:40:12.917+0000][7][gc,marking   ] GC(107) Concurrent Cleanup for Next Mark
[2021-04-21T09:40:12.917+0000][7][gc,marking   ] GC(107) Concurrent Cleanup for Next Mark 0.247ms
[2021-04-21T09:40:12.917+0000][7][gc           ] GC(107) Concurrent Cycle 251.925ms
[2021-04-21T09:40:13.917+0000][7][safepoint    ] Safepoint "Cleanup", Time since last: 1000146686 ns, Reaching safepoint: 219946 ns, At safepoint: 16930 ns, Total: 236876 ns
[2021-04-21T09:40:14.918+0000][7][safepoint    ] Safepoint "Cleanup", Time since last: 1000156582 ns, Reaching safepoint: 231739 ns, At safepoint: 14420 ns, Total: 246159 ns
[2021-04-21T09:40:15.061+0000][7][safepoint    ] Safepoint "BulkRevokeBias", Time since last: 142595095 ns, Reaching safepoint: 262570 ns, At safepoint: 622818 ns, Total: 885388 ns
[2021-04-21T09:40:16.523+0000][7][safepoint    ] Safepoint "Cleanup", Time since last: 1461349773 ns, Reaching safepoint: 151911 ns, At safepoint: 22142 ns, Total: 174053 ns
[2021-04-21T09:40:18.069+0000][7][safepoint    ] Safepoint "Cleanup", Time since last: 1546102683 ns, Reaching safepoint: 119253 ns, At safepoint: 10557 ns, Total: 129810 ns
[2021-04-21T09:40:19.069+0000][7][safepoint    ] Safepoint "Cleanup", Time since last: 1000181640 ns, Reaching safepoint: 144273 ns, At safepoint: 8337 ns, Total: 152610 ns
[2021-04-21T09:40:21.019+0000][7][safepoint    ] Safepoint "Cleanup", Time since last: 1949154819 ns, Reaching safepoint: 200838 ns, At safepoint: 10428 ns, Total: 211266 ns
[2021-04-21T09:40:22.528+0000][7][safepoint    ] Safepoint "Cleanup", Time since last: 1508955420 ns, Reaching safepoint: 108587 ns, At safepoint: 11410 ns, Total: 119997 ns
[2021-04-21T09:40:22.703+0000][7][safepoint    ] Safepoint "BulkRevokeBias", Time since last: 158470921 ns, Reaching safepoint: 1637109 ns, At safepoint: 15074978 ns, Total: 16712087 ns
[2021-04-21T09:40:22.764+0000][7][gc,start     ] GC(108) Pause Young (Normal) (G1 Evacuation Pause)
[2021-04-21T09:40:22.765+0000][7][gc,task      ] GC(108) Using 4 workers of 4 for evacuation
[2021-04-21T09:40:22.765+0000][7][gc,age       ] GC(108) Desired survivor size 1048576 bytes, new threshold 2 (max threshold 15)
[2021-04-21T09:40:22.773+0000][7][gc,age       ] GC(108) Age table with threshold 2 (max threshold 15)
[2021-04-21T09:40:22.774+0000][7][gc,age       ] GC(108) - age   1:     734448 bytes,     734448 total
[2021-04-21T09:40:22.774+0000][7][gc,age       ] GC(108) - age   2:     764512 bytes,    1498960 total
[2021-04-21T09:40:22.775+0000][7][gc,phases    ] GC(108)   Pre Evacuate Collection Set: 0.1ms
[2021-04-21T09:40:22.775+0000][7][gc,phases    ] GC(108)   Merge Heap Roots: 0.2ms
[2021-04-21T09:40:22.775+0000][7][gc,phases    ] GC(108)   Evacuate Collection Set: 6.9ms
[2021-04-21T09:40:22.775+0000][7][gc,phases    ] GC(108)   Post Evacuate Collection Set: 0.9ms
[2021-04-21T09:40:22.775+0000][7][gc,phases    ] GC(108)   Other: 2.6ms
[2021-04-21T09:40:22.775+0000][7][gc,heap      ] GC(108) Eden regions: 13->0(13)
[2021-04-21T09:40:22.775+0000][7][gc,heap      ] GC(108) Survivor regions: 3->2(2)
[2021-04-21T09:40:22.775+0000][7][gc,heap      ] GC(108) Old regions: 68->70
[2021-04-21T09:40:22.775+0000][7][gc,heap      ] GC(108) Archive regions: 2->2
[2021-04-21T09:40:22.775+0000][7][gc,heap      ] GC(108) Humongous regions: 7->7
[2021-04-21T09:40:22.775+0000][7][gc,metaspace ] GC(108) Metaspace: 87417K(94332K)->87417K(94332K) NonClass: 75438K(79536K)->75438K(79536K) Class: 11978K(14796K)->11978K(14796K)
[2021-04-21T09:40:22.775+0000][7][gc           ] GC(108) Pause Young (Normal) (G1 Evacuation Pause) 90M->78M(128M) 10.721ms
[2021-04-21T09:40:22.775+0000][7][gc,cpu       ] GC(108) User=0.02s Sys=0.00s Real=0.01s
[2021-04-21T09:40:22.776+0000][7][safepoint    ] Safepoint "G1CollectForAllocation", Time since last: 60871168 ns, Reaching safepoint: 412172 ns, At safepoint: 12282964 ns, Total: 12695136 ns
[2021-04-21T09:40:22.834+0000][7][safepoint    ] Safepoint "BulkRevokeBias", Time since last: 57316247 ns, Reaching safepoint: 100641 ns, At safepoint: 331998 ns, Total: 432639 ns
[2021-04-21T09:40:23.835+0000][7][safepoint    ] Safepoint "Cleanup", Time since last: 1000131225 ns, Reaching safepoint: 176500 ns, At safepoint: 10802 ns, Total: 187302 ns
[2021-04-21T09:40:24.835+0000][7][safepoint    ] Safepoint "Cleanup", Time since last: 1000175449 ns, Reaching safepoint: 159487 ns, At safepoint: 10482 ns, Total: 169969 ns
[2021-04-21T09:40:25.835+0000][7][safepoint    ] Safepoint "Cleanup", Time since last: 1000151010 ns, Reaching safepoint: 168374 ns, At safepoint: 8540 ns, Total: 176914 ns
[2021-04-21T09:40:26.836+0000][7][safepoint    ] Safepoint "Cleanup", Time since last: 1000154738 ns, Reaching safepoint: 134082 ns, At safepoint: 7531 ns, Total: 141613 ns
[2021-04-21T09:40:28.091+0000][7][safepoint    ] Safepoint "Cleanup", Time since last: 1255264606 ns, Reaching safepoint: 139323 ns, At safepoint: 6448 ns, Total: 145771 ns
[2021-04-21T09:40:29.091+0000][7][safepoint    ] Safepoint "Cleanup", Time since last: 1000123725 ns, Reaching safepoint: 125046 ns, At safepoint: 8310 ns, Total: 133356 ns
[2021-04-21T09:40:30.092+0000][7][safepoint    ] Safepoint "Cleanup", Time since last: 1000140150 ns, Reaching safepoint: 188145 ns, At safepoint: 5894 ns, Total: 194039 ns
[2021-04-21T09:40:31.100+0000][7][safepoint    ] Safepoint "Cleanup", Time since last: 1008747134 ns, Reaching safepoint: 112823 ns, At safepoint: 6417 ns, Total: 119240 ns
[2021-04-21T09:40:32.101+0000][7][safepoint    ] Safepoint "Cleanup", Time since last: 1000135072 ns, Reaching safepoint: 112270 ns, At safepoint: 9042 ns, Total: 121312 ns
[2021-04-21T09:40:33.101+0000][7][safepoint    ] Safepoint "Cleanup", Time since last: 1000114782 ns, Reaching safepoint: 124849 ns, At safepoint: 4919 ns, Total: 129768 ns
[2021-04-21T09:40:34.101+0000][7][safepoint    ] Safepoint "Cleanup", Time since last: 1000130085 ns, Reaching safepoint: 243534 ns, At safepoint: 13030 ns, Total: 256564 ns
[2021-04-21T09:40:35.102+0000][7][safepoint    ] Safepoint "Cleanup", Time since last: 1000213020 ns, Reaching safepoint: 106487 ns, At safepoint: 4701 ns, Total: 111188 ns
[2021-04-21T09:40:36.102+0000][7][safepoint    ] Safepoint "Cleanup", Time since last: 1000154129 ns, Reaching safepoint: 127507 ns, At safepoint: 5461 ns, Total: 132968 ns
[2021-04-21T09:40:37.102+0000][7][safepoint    ] Safepoint "Cleanup", Time since last: 1000194667 ns, Reaching safepoint: 283475 ns, At safepoint: 13725 ns, Total: 297200 ns
[2021-04-21T09:40:38.103+0000][7][safepoint    ] Safepoint "Cleanup", Time since last: 1000183024 ns, Reaching safepoint: 127209 ns, At safepoint: 8310 ns, Total: 135519 ns
[2021-04-21T09:40:39.103+0000][7][safepoint    ] Safepoint "Cleanup", Time since last: 1000136882 ns, Reaching safepoint: 103148 ns, At safepoint: 7099 ns, Total: 110247 ns
[2021-04-21T09:40:40.103+0000][7][safepoint    ] Safepoint "Cleanup", Time since last: 1000127672 ns, Reaching safepoint: 154863 ns, At safepoint: 4298 ns, Total: 159161 ns
[2021-04-21T09:40:40.256+0000][7][gc,start     ] GC(109) Pause Young (Concurrent Start) (G1 Evacuation Pause)
[2021-04-21T09:40:40.256+0000][7][gc,task      ] GC(109) Using 4 workers of 4 for evacuation
[2021-04-21T09:40:40.256+0000][7][gc,age       ] GC(109) Desired survivor size 1048576 bytes, new threshold 2 (max threshold 15)
[2021-04-21T09:40:40.264+0000][7][gc,age       ] GC(109) Age table with threshold 2 (max threshold 15)
[2021-04-21T09:40:40.264+0000][7][gc,age       ] GC(109) - age   1:     182096 bytes,     182096 total
[2021-04-21T09:40:40.264+0000][7][gc,age       ] GC(109) - age   2:     374440 bytes,     556536 total
[2021-04-21T09:40:40.265+0000][7][gc,phases    ] GC(109)   Pre Evacuate Collection Set: 0.5ms
[2021-04-21T09:40:40.265+0000][7][gc,phases    ] GC(109)   Merge Heap Roots: 0.5ms
[2021-04-21T09:40:40.265+0000][7][gc,phases    ] GC(109)   Evacuate Collection Set: 6.1ms
[2021-04-21T09:40:40.265+0000][7][gc,phases    ] GC(109)   Post Evacuate Collection Set: 0.8ms
[2021-04-21T09:40:40.265+0000][7][gc,phases    ] GC(109)   Other: 0.3ms
[2021-04-21T09:40:40.265+0000][7][gc,heap      ] GC(109) Eden regions: 13->0(14)
[2021-04-21T09:40:40.265+0000][7][gc,heap      ] GC(109) Survivor regions: 2->1(2)
[2021-04-21T09:40:40.265+0000][7][gc,heap      ] GC(109) Old regions: 70->70
[2021-04-21T09:40:40.265+0000][7][gc,heap      ] GC(109) Archive regions: 2->2
[2021-04-21T09:40:40.265+0000][7][gc,heap      ] GC(109) Humongous regions: 7->7
[2021-04-21T09:40:40.265+0000][7][gc,metaspace ] GC(109) Metaspace: 87831K(94972K)->87831K(94972K) NonClass: 75818K(80048K)->75818K(80048K) Class: 12012K(14924K)->12012K(14924K)
[2021-04-21T09:40:40.265+0000][7][gc           ] GC(109) Pause Young (Concurrent Start) (G1 Evacuation Pause) 91M->78M(128M) 8.298ms
[2021-04-21T09:40:40.265+0000][7][gc,cpu       ] GC(109) User=0.02s Sys=0.00s Real=0.01s
[2021-04-21T09:40:40.265+0000][7][gc           ] GC(110) Concurrent Cycle
[2021-04-21T09:40:40.265+0000][7][gc,marking   ] GC(110) Concurrent Clear Claimed Marks
[2021-04-21T09:40:40.265+0000][7][safepoint    ] Safepoint "G1CollectForAllocation", Time since last: 152938216 ns, Reaching safepoint: 174943 ns, At safepoint: 8391846 ns, Total: 8566789 ns
[2021-04-21T09:40:40.265+0000][7][gc,marking   ] GC(110) Concurrent Clear Claimed Marks 0.457ms
[2021-04-21T09:40:40.265+0000][7][gc,marking   ] GC(110) Concurrent Scan Root Regions
[2021-04-21T09:40:40.268+0000][7][gc,marking   ] GC(110) Concurrent Scan Root Regions 2.428ms
[2021-04-21T09:40:40.268+0000][7][gc,marking   ] GC(110) Concurrent Mark (48.441s)
[2021-04-21T09:40:40.268+0000][7][gc,marking   ] GC(110) Concurrent Mark From Roots
[2021-04-21T09:40:40.268+0000][7][gc,task      ] GC(110) Using 1 workers of 1 for marking
[2021-04-21T09:40:40.452+0000][7][gc,marking   ] GC(110) Concurrent Mark From Roots 184.428ms
[2021-04-21T09:40:40.452+0000][7][gc,marking   ] GC(110) Concurrent Preclean
[2021-04-21T09:40:40.452+0000][7][gc,marking   ] GC(110) Concurrent Preclean 0.170ms
[2021-04-21T09:40:40.452+0000][7][gc,marking   ] GC(110) Concurrent Mark (48.441s, 48.626s) 184.698ms
[2021-04-21T09:40:40.453+0000][7][gc,start     ] GC(110) Pause Remark
[2021-04-21T09:40:40.467+0000][7][gc           ] GC(110) Pause Remark 78M->78M(128M) 14.055ms
[2021-04-21T09:40:40.468+0000][7][gc,cpu       ] GC(110) User=0.03s Sys=0.00s Real=0.02s
[2021-04-21T09:40:40.468+0000][7][safepoint    ] Safepoint "G1Concurrent", Time since last: 187722641 ns, Reaching safepoint: 160790 ns, At safepoint: 15060745 ns, Total: 15221535 ns
[2021-04-21T09:40:40.470+0000][7][gc,marking   ] GC(110) Concurrent Rebuild Remembered Sets
[2021-04-21T09:40:40.612+0000][7][gc,marking   ] GC(110) Concurrent Rebuild Remembered Sets 141.294ms
[2021-04-21T09:40:40.612+0000][7][gc,start     ] GC(110) Pause Cleanup
[2021-04-21T09:40:40.613+0000][7][gc           ] GC(110) Pause Cleanup 78M->78M(128M) 0.182ms
[2021-04-21T09:40:40.613+0000][7][gc,cpu       ] GC(110) User=0.00s Sys=0.00s Real=0.00s
[2021-04-21T09:40:40.613+0000][7][safepoint    ] Safepoint "G1Concurrent", Time since last: 144059752 ns, Reaching safepoint: 711774 ns, At safepoint: 253868 ns, Total: 965642 ns
[2021-04-21T09:40:40.613+0000][7][gc,marking   ] GC(110) Concurrent Cleanup for Next Mark
[2021-04-21T09:40:40.613+0000][7][gc,marking   ] GC(110) Concurrent Cleanup for Next Mark 0.341ms
[2021-04-21T09:40:40.613+0000][7][gc           ] GC(110) Concurrent Cycle 348.391ms
[2021-04-21T09:40:42.175+0000][7][safepoint    ] Safepoint "Cleanup", Time since last: 1561782692 ns, Reaching safepoint: 349409 ns, At safepoint: 14365 ns, Total: 363774 ns
[2021-04-21T09:40:43.603+0000][7][safepoint    ] Safepoint "Cleanup", Time since last: 1428387235 ns, Reaching safepoint: 158349 ns, At safepoint: 6111 ns, Total: 164460 ns
[2021-04-21T09:40:44.604+0000][7][safepoint    ] Safepoint "Cleanup", Time since last: 1000127922 ns, Reaching safepoint: 119895 ns, At safepoint: 5813 ns, Total: 125708 ns
[2021-04-21T09:40:45.604+0000][7][safepoint    ] Safepoint "Cleanup", Time since last: 1000144147 ns, Reaching safepoint: 117634 ns, At safepoint: 5200 ns, Total: 122834 ns
[2021-04-21T09:40:46.604+0000][7][safepoint    ] Safepoint "Cleanup", Time since last: 1000134089 ns, Reaching safepoint: 102730 ns, At safepoint: 7815 ns, Total: 110545 ns
[2021-04-21T09:40:47.604+0000][7][safepoint    ] Safepoint "Cleanup", Time since last: 1000121644 ns, Reaching safepoint: 96005 ns, At safepoint: 4722 ns, Total: 100727 ns
[2021-04-21T09:40:48.605+0000][7][safepoint    ] Safepoint "Cleanup", Time since last: 1000146864 ns, Reaching safepoint: 220891 ns, At safepoint: 17134 ns, Total: 238025 ns
[2021-04-21T09:40:50.605+0000][7][safepoint    ] Safepoint "Cleanup", Time since last: 2000329331 ns, Reaching safepoint: 158992 ns, At safepoint: 6901 ns, Total: 165893 ns
[2021-04-21T09:40:51.606+0000][7][safepoint    ] Safepoint "Cleanup", Time since last: 1000163371 ns, Reaching safepoint: 127955 ns, At safepoint: 8691 ns, Total: 136646 ns
[2021-04-21T09:40:53.607+0000][7][safepoint    ] Safepoint "Cleanup", Time since last: 2000917882 ns, Reaching safepoint: 120636 ns, At safepoint: 11651 ns, Total: 132287 ns
[2021-04-21T09:40:55.856+0000][7][safepoint    ] Safepoint "Cleanup", Time since last: 2249762026 ns, Reaching safepoint: 103958 ns, At safepoint: 6247 ns, Total: 110205 ns
[2021-04-21T09:40:56.857+0000][7][safepoint    ] Safepoint "Cleanup", Time since last: 1000140451 ns, Reaching safepoint: 92376 ns, At safepoint: 3666 ns, Total: 96042 ns
[2021-04-21T09:40:57.857+0000][7][safepoint    ] Safepoint "Cleanup", Time since last: 1000143076 ns, Reaching safepoint: 171581 ns, At safepoint: 9644 ns, Total: 181225 ns
[2021-04-21T09:40:59.857+0000][7][safepoint    ] Safepoint "Cleanup", Time since last: 2000275851 ns, Reaching safepoint: 154823 ns, At safepoint: 8534 ns, Total: 163357 ns
[2021-04-21T09:41:01.169+0000][7][safepoint    ] Safepoint "Cleanup", Time since last: 1311670714 ns, Reaching safepoint: 172464 ns, At safepoint: 6660 ns, Total: 179124 ns
[2021-04-21T09:41:03.170+0000][7][safepoint    ] Safepoint "Cleanup", Time since last: 2000232813 ns, Reaching safepoint: 159870 ns, At safepoint: 7609 ns, Total: 167479 ns
[2021-04-21T09:41:04.170+0000][7][safepoint    ] Safepoint "Cleanup", Time since last: 1000223549 ns, Reaching safepoint: 182594 ns, At safepoint: 13534 ns, Total: 196128 ns
[2021-04-21T09:41:04.454+0000][7][gc,start     ] GC(111) Pause Young (Normal) (G1 Evacuation Pause)
[2021-04-21T09:41:04.454+0000][7][gc,task      ] GC(111) Using 4 workers of 4 for evacuation
[2021-04-21T09:41:04.454+0000][7][gc,age       ] GC(111) Desired survivor size 1048576 bytes, new threshold 15 (max threshold 15)
[2021-04-21T09:41:04.462+0000][7][gc,age       ] GC(111) Age table with threshold 15 (max threshold 15)
[2021-04-21T09:41:04.462+0000][7][gc,age       ] GC(111) - age   1:     122168 bytes,     122168 total
[2021-04-21T09:41:04.462+0000][7][gc,age       ] GC(111) - age   2:     170136 bytes,     292304 total
[2021-04-21T09:41:04.462+0000][7][gc,age       ] GC(111) - age   3:     374016 bytes,     666320 total
[2021-04-21T09:41:04.462+0000][7][gc,phases    ] GC(111)   Pre Evacuate Collection Set: 0.1ms
[2021-04-21T09:41:04.462+0000][7][gc,phases    ] GC(111)   Merge Heap Roots: 0.1ms
[2021-04-21T09:41:04.462+0000][7][gc,phases    ] GC(111)   Evacuate Collection Set: 6.8ms
[2021-04-21T09:41:04.462+0000][7][gc,phases    ] GC(111)   Post Evacuate Collection Set: 0.9ms
[2021-04-21T09:41:04.462+0000][7][gc,phases    ] GC(111)   Other: 0.3ms
[2021-04-21T09:41:04.462+0000][7][gc,heap      ] GC(111) Eden regions: 14->0(14)
[2021-04-21T09:41:04.462+0000][7][gc,heap      ] GC(111) Survivor regions: 1->1(2)
[2021-04-21T09:41:04.462+0000][7][gc,heap      ] GC(111) Old regions: 70->70
[2021-04-21T09:41:04.462+0000][7][gc,heap      ] GC(111) Archive regions: 2->2
[2021-04-21T09:41:04.462+0000][7][gc,heap      ] GC(111) Humongous regions: 7->7
[2021-04-21T09:41:04.462+0000][7][gc,metaspace ] GC(111) Metaspace: 88264K(95484K)->88264K(95484K) NonClass: 76220K(80560K)->76220K(80560K) Class: 12043K(14924K)->12043K(14924K)
[2021-04-21T09:41:04.462+0000][7][gc           ] GC(111) Pause Young (Normal) (G1 Evacuation Pause) 92M->78M(128M) 8.415ms
[2021-04-21T09:41:04.463+0000][7][gc,cpu       ] GC(111) User=0.00s Sys=0.00s Real=0.01s
[2021-04-21T09:41:04.463+0000][7][safepoint    ] Safepoint "G1CollectForAllocation", Time since last: 283678462 ns, Reaching safepoint: 156518 ns, At safepoint: 8601747 ns, Total: 8758265 ns
[2021-04-21T09:41:05.463+0000][7][safepoint    ] Safepoint "Cleanup", Time since last: 1000149994 ns, Reaching safepoint: 118064 ns, At safepoint: 5667 ns, Total: 123731 ns
[2021-04-21T09:41:06.463+0000][7][safepoint    ] Safepoint "Cleanup", Time since last: 1000175192 ns, Reaching safepoint: 161405 ns, At safepoint: 9384 ns, Total: 170789 ns
[2021-04-21T09:41:08.464+0000][7][safepoint    ] Safepoint "Cleanup", Time since last: 2000267738 ns, Reaching safepoint: 178805 ns, At safepoint: 12933 ns, Total: 191738 ns
[2021-04-21T09:41:09.464+0000][7][safepoint    ] Safepoint "Cleanup", Time since last: 1000193775 ns, Reaching safepoint: 199343 ns, At safepoint: 24546 ns, Total: 223889 ns
[2021-04-21T09:41:11.284+0000][7][safepoint    ] Safepoint "Cleanup", Time since last: 1819915577 ns, Reaching safepoint: 199760 ns, At safepoint: 13982 ns, Total: 213742 ns
[2021-04-21T09:41:13.285+0000][7][safepoint    ] Safepoint "Cleanup", Time since last: 2000257881 ns, Reaching safepoint: 189064 ns, At safepoint: 14290 ns, Total: 203354 ns
[2021-04-21T09:41:14.285+0000][7][safepoint    ] Safepoint "Cleanup", Time since last: 1000145133 ns, Reaching safepoint: 181234 ns, At safepoint: 5198 ns, Total: 186432 ns
[2021-04-21T09:41:15.286+0000][7][safepoint    ] Safepoint "Cleanup", Time since last: 1000235588 ns, Reaching safepoint: 283263 ns, At safepoint: 19342 ns, Total: 302605 ns
[2021-04-21T09:41:18.286+0000][7][safepoint    ] Safepoint "Cleanup", Time since last: 3000378881 ns, Reaching safepoint: 136742 ns, At safepoint: 17292 ns, Total: 154034 ns
[2021-04-21T09:41:20.287+0000][7][safepoint    ] Safepoint "Cleanup", Time since last: 2000265264 ns, Reaching safepoint: 179097 ns, At safepoint: 15722 ns, Total: 194819 ns
[2021-04-21T09:41:21.287+0000][7][safepoint    ] Safepoint "Cleanup", Time since last: 1000183753 ns, Reaching safepoint: 175014 ns, At safepoint: 10925 ns, Total: 185939 ns
[2021-04-21T09:41:23.287+0000][7][safepoint    ] Safepoint "Cleanup", Time since last: 2000263944 ns, Reaching safepoint: 171689 ns, At safepoint: 14396 ns, Total: 186085 ns
[2021-04-21T09:41:24.288+0000][7][safepoint    ] Safepoint "Cleanup", Time since last: 1000170105 ns, Reaching safepoint: 161035 ns, At safepoint: 11291 ns, Total: 172326 ns
[2021-04-21T09:41:25.288+0000][7][safepoint    ] Safepoint "Cleanup", Time since last: 1000174558 ns, Reaching safepoint: 156912 ns, At safepoint: 11532 ns, Total: 168444 ns
[2021-04-21T09:41:26.288+0000][7][safepoint    ] Safepoint "Cleanup", Time since last: 1000185839 ns, Reaching safepoint: 170808 ns, At safepoint: 10649 ns, Total: 181457 ns
[2021-04-21T09:41:27.289+0000][7][safepoint    ] Safepoint "Cleanup", Time since last: 1000146563 ns, Reaching safepoint: 204274 ns, At safepoint: 10874 ns, Total: 215148 ns
[2021-04-21T09:41:28.289+0000][7][safepoint    ] Safepoint "Cleanup", Time since last: 1000174952 ns, Reaching safepoint: 231319 ns, At safepoint: 10504 ns, Total: 241823 ns
[2021-04-21T09:41:29.290+0000][7][safepoint    ] Safepoint "Cleanup", Time since last: 1000150312 ns, Reaching safepoint: 167594 ns, At safepoint: 9659 ns, Total: 177253 ns
[2021-04-21T09:41:30.290+0000][7][safepoint    ] Safepoint "Cleanup", Time since last: 1000173570 ns, Reaching safepoint: 150245 ns, At safepoint: 10620 ns, Total: 160865 ns
[2021-04-21T09:41:33.290+0000][7][safepoint    ] Safepoint "Cleanup", Time since last: 3000348017 ns, Reaching safepoint: 201491 ns, At safepoint: 12411 ns, Total: 213902 ns
[2021-04-21T09:41:34.491+0000][7][gc,start     ] GC(112) Pause Young (Concurrent Start) (G1 Evacuation Pause)
[2021-04-21T09:41:34.491+0000][7][gc,task      ] GC(112) Using 4 workers of 4 for evacuation
[2021-04-21T09:41:34.491+0000][7][gc,age       ] GC(112) Desired survivor size 1048576 bytes, new threshold 15 (max threshold 15)
[2021-04-21T09:41:34.495+0000][7][gc,age       ] GC(112) Age table with threshold 15 (max threshold 15)
[2021-04-21T09:41:34.495+0000][7][gc,age       ] GC(112) - age   1:      64632 bytes,      64632 total
[2021-04-21T09:41:34.495+0000][7][gc,age       ] GC(112) - age   2:     109472 bytes,     174104 total
[2021-04-21T09:41:34.495+0000][7][gc,age       ] GC(112) - age   3:     168936 bytes,     343040 total
[2021-04-21T09:41:34.495+0000][7][gc,age       ] GC(112) - age   4:     366968 bytes,     710008 total
[2021-04-21T09:41:34.495+0000][7][gc,phases    ] GC(112)   Pre Evacuate Collection Set: 0.6ms
[2021-04-21T09:41:34.495+0000][7][gc,phases    ] GC(112)   Merge Heap Roots: 0.1ms
[2021-04-21T09:41:34.495+0000][7][gc,phases    ] GC(112)   Evacuate Collection Set: 3.0ms
[2021-04-21T09:41:34.495+0000][7][gc,phases    ] GC(112)   Post Evacuate Collection Set: 0.6ms
[2021-04-21T09:41:34.495+0000][7][gc,phases    ] GC(112)   Other: 0.3ms
[2021-04-21T09:41:34.496+0000][7][gc,heap      ] GC(112) Eden regions: 14->0(14)
[2021-04-21T09:41:34.496+0000][7][gc,heap      ] GC(112) Survivor regions: 1->1(2)
[2021-04-21T09:41:34.496+0000][7][gc,heap      ] GC(112) Old regions: 70->70
[2021-04-21T09:41:34.496+0000][7][gc,heap      ] GC(112) Archive regions: 2->2
[2021-04-21T09:41:34.496+0000][7][gc,heap      ] GC(112) Humongous regions: 7->7
[2021-04-21T09:41:34.496+0000][7][gc,metaspace ] GC(112) Metaspace: 88484K(95484K)->88484K(95484K) NonClass: 76440K(80560K)->76440K(80560K) Class: 12044K(14924K)->12044K(14924K)
[2021-04-21T09:41:34.496+0000][7][gc           ] GC(112) Pause Young (Concurrent Start) (G1 Evacuation Pause) 92M->78M(128M) 4.707ms
[2021-04-21T09:41:34.496+0000][7][gc,cpu       ] GC(112) User=0.02s Sys=0.00s Real=0.00s
[2021-04-21T09:41:34.496+0000][7][safepoint    ] Safepoint "G1CollectForAllocation", Time since last: 1200284484 ns, Reaching safepoint: 125794 ns, At safepoint: 4798266 ns, Total: 4924060 ns
[2021-04-21T09:41:34.496+0000][7][gc           ] GC(113) Concurrent Cycle
[2021-04-21T09:41:34.496+0000][7][gc,marking   ] GC(113) Concurrent Clear Claimed Marks
[2021-04-21T09:41:34.496+0000][7][gc,marking   ] GC(113) Concurrent Clear Claimed Marks 0.433ms
[2021-04-21T09:41:34.496+0000][7][gc,marking   ] GC(113) Concurrent Scan Root Regions
[2021-04-21T09:41:34.498+0000][7][gc,marking   ] GC(113) Concurrent Scan Root Regions 1.504ms
[2021-04-21T09:41:34.498+0000][7][gc,marking   ] GC(113) Concurrent Mark (102.671s)
[2021-04-21T09:41:34.498+0000][7][gc,marking   ] GC(113) Concurrent Mark From Roots
[2021-04-21T09:41:34.498+0000][7][gc,task      ] GC(113) Using 1 workers of 1 for marking
[2021-04-21T09:41:34.600+0000][7][gc,marking   ] GC(113) Concurrent Mark From Roots 101.976ms
[2021-04-21T09:41:34.600+0000][7][gc,marking   ] GC(113) Concurrent Preclean
[2021-04-21T09:41:34.600+0000][7][gc,marking   ] GC(113) Concurrent Preclean 0.623ms
[2021-04-21T09:41:34.600+0000][7][gc,marking   ] GC(113) Concurrent Mark (102.671s, 102.773s) 102.688ms
[2021-04-21T09:41:34.601+0000][7][gc,start     ] GC(113) Pause Remark
[2021-04-21T09:41:34.611+0000][7][gc           ] GC(113) Pause Remark 79M->79M(128M) 10.850ms
[2021-04-21T09:41:34.611+0000][7][gc,cpu       ] GC(113) User=0.03s Sys=0.00s Real=0.01s
[2021-04-21T09:41:34.611+0000][7][safepoint    ] Safepoint "G1Concurrent", Time since last: 104754785 ns, Reaching safepoint: 113680 ns, At safepoint: 10942546 ns, Total: 11056226 ns
[2021-04-21T09:41:34.611+0000][7][gc,marking   ] GC(113) Concurrent Rebuild Remembered Sets
[2021-04-21T09:41:34.696+0000][7][gc,marking   ] GC(113) Concurrent Rebuild Remembered Sets 84.280ms
[2021-04-21T09:41:34.696+0000][7][gc,start     ] GC(113) Pause Cleanup
[2021-04-21T09:41:34.696+0000][7][gc           ] GC(113) Pause Cleanup 79M->79M(128M) 0.171ms
[2021-04-21T09:41:34.696+0000][7][gc,cpu       ] GC(113) User=0.00s Sys=0.00s Real=0.00s
[2021-04-21T09:41:34.696+0000][7][safepoint    ] Safepoint "G1Concurrent", Time since last: 84380588 ns, Reaching safepoint: 77418 ns, At safepoint: 216633 ns, Total: 294051 ns
[2021-04-21T09:41:34.696+0000][7][gc,marking   ] GC(113) Concurrent Cleanup for Next Mark
[2021-04-21T09:41:34.696+0000][7][gc,marking   ] GC(113) Concurrent Cleanup for Next Mark 0.262ms
[2021-04-21T09:41:34.696+0000][7][gc           ] GC(113) Concurrent Cycle 200.813ms
[2021-04-21T09:41:35.697+0000][7][safepoint    ] Safepoint "Cleanup", Time since last: 1000160005 ns, Reaching safepoint: 264383 ns, At safepoint: 16469 ns, Total: 280852 ns
[2021-04-21T09:41:36.697+0000][7][safepoint    ] Safepoint "Cleanup", Time since last: 1000170804 ns, Reaching safepoint: 210033 ns, At safepoint: 11311 ns, Total: 221344 ns
[2021-04-21T09:41:37.697+0000][7][safepoint    ] Safepoint "Cleanup", Time since last: 1000171881 ns, Reaching safepoint: 151723 ns, At safepoint: 7623 ns, Total: 159346 ns
[2021-04-21T09:41:38.698+0000][7][safepoint    ] Safepoint "Cleanup", Time since last: 1000164851 ns, Reaching safepoint: 178918 ns, At safepoint: 15288 ns, Total: 194206 ns
[2021-04-21T09:41:39.698+0000][7][safepoint    ] Safepoint "Cleanup", Time since last: 1000177023 ns, Reaching safepoint: 141887 ns, At safepoint: 9496 ns, Total: 151383 ns
[2021-04-21T09:41:40.698+0000][7][safepoint    ] Safepoint "Cleanup", Time since last: 1000167109 ns, Reaching safepoint: 262720 ns, At safepoint: 13150 ns, Total: 275870 ns
[2021-04-21T09:41:41.699+0000][7][safepoint    ] Safepoint "Cleanup", Time since last: 1000160884 ns, Reaching safepoint: 167914 ns, At safepoint: 12506 ns, Total: 180420 ns
[2021-04-21T09:41:42.699+0000][7][safepoint    ] Safepoint "Cleanup", Time since last: 1000189080 ns, Reaching safepoint: 152461 ns, At safepoint: 7527 ns, Total: 159988 ns
[2021-04-21T09:41:43.699+0000][7][safepoint    ] Safepoint "Cleanup", Time since last: 1000180516 ns, Reaching safepoint: 187677 ns, At safepoint: 11355 ns, Total: 199032 ns
[2021-04-21T09:41:45.700+0000][7][safepoint    ] Safepoint "Cleanup", Time since last: 2000285379 ns, Reaching safepoint: 157653 ns, At safepoint: 11376 ns, Total: 169029 ns
[2021-04-21T09:41:48.701+0000][7][safepoint    ] Safepoint "Cleanup", Time since last: 3000429502 ns, Reaching safepoint: 155831 ns, At safepoint: 12073 ns, Total: 167904 ns
[2021-04-21T09:41:50.701+0000][7][safepoint    ] Safepoint "Cleanup", Time since last: 2000289065 ns, Reaching safepoint: 159557 ns, At safepoint: 11399 ns, Total: 170956 ns
[2021-04-21T09:41:52.701+0000][7][safepoint    ] Safepoint "Cleanup", Time since last: 2000325294 ns, Reaching safepoint: 151677 ns, At safepoint: 9228 ns, Total: 160905 ns
[2021-04-21T09:41:53.702+0000][7][safepoint    ] Safepoint "Cleanup", Time since last: 1000165966 ns, Reaching safepoint: 191853 ns, At safepoint: 21338 ns, Total: 213191 ns
[2021-04-21T09:41:54.702+0000][7][safepoint    ] Safepoint "Cleanup", Time since last: 1000186419 ns, Reaching safepoint: 153000 ns, At safepoint: 10601 ns, Total: 163601 ns
[2021-04-21T09:41:55.703+0000][7][safepoint    ] Safepoint "Cleanup", Time since last: 1000146558 ns, Reaching safepoint: 179159 ns, At safepoint: 13521 ns, Total: 192680 ns
[2021-04-21T09:41:57.703+0000][7][safepoint    ] Safepoint "Cleanup", Time since last: 2000288990 ns, Reaching safepoint: 204209 ns, At safepoint: 11384 ns, Total: 215593 ns
[2021-04-21T09:41:59.703+0000][7][safepoint    ] Safepoint "Cleanup", Time since last: 2000252466 ns, Reaching safepoint: 151253 ns, At safepoint: 8162 ns, Total: 159415 ns
[2021-04-21T09:42:01.321+0000][7][safepoint    ] Safepoint "Cleanup", Time since last: 1617043553 ns, Reaching safepoint: 117791 ns, At safepoint: 3516 ns, Total: 121307 ns
[2021-04-21T09:42:03.321+0000][7][safepoint    ] Safepoint "Cleanup", Time since last: 2000242864 ns, Reaching safepoint: 122859 ns, At safepoint: 4511 ns, Total: 127370 ns
[2021-04-21T09:42:04.321+0000][7][safepoint    ] Safepoint "Cleanup", Time since last: 1000134491 ns, Reaching safepoint: 153886 ns, At safepoint: 10911 ns, Total: 164797 ns
[2021-04-21T09:42:04.525+0000][7][gc,start     ] GC(114) Pause Young (Normal) (G1 Evacuation Pause)
[2021-04-21T09:42:04.525+0000][7][gc,task      ] GC(114) Using 4 workers of 4 for evacuation
[2021-04-21T09:42:04.525+0000][7][gc,age       ] GC(114) Desired survivor size 1048576 bytes, new threshold 15 (max threshold 15)
[2021-04-21T09:42:04.530+0000][7][gc,age       ] GC(114) Age table with threshold 15 (max threshold 15)
[2021-04-21T09:42:04.530+0000][7][gc,age       ] GC(114) - age   1:      12776 bytes,      12776 total
[2021-04-21T09:42:04.530+0000][7][gc,age       ] GC(114) - age   2:      55392 bytes,      68168 total
[2021-04-21T09:42:04.530+0000][7][gc,age       ] GC(114) - age   3:     107072 bytes,     175240 total
[2021-04-21T09:42:04.530+0000][7][gc,age       ] GC(114) - age   4:     166928 bytes,     342168 total
[2021-04-21T09:42:04.530+0000][7][gc,age       ] GC(114) - age   5:     366968 bytes,     709136 total
[2021-04-21T09:42:04.530+0000][7][gc,phases    ] GC(114)   Pre Evacuate Collection Set: 0.1ms
[2021-04-21T09:42:04.530+0000][7][gc,phases    ] GC(114)   Merge Heap Roots: 0.1ms
[2021-04-21T09:42:04.530+0000][7][gc,phases    ] GC(114)   Evacuate Collection Set: 4.2ms
[2021-04-21T09:42:04.530+0000][7][gc,phases    ] GC(114)   Post Evacuate Collection Set: 0.8ms
[2021-04-21T09:42:04.530+0000][7][gc,phases    ] GC(114)   Other: 0.4ms
[2021-04-21T09:42:04.530+0000][7][gc,heap      ] GC(114) Eden regions: 14->0(15)
[2021-04-21T09:42:04.530+0000][7][gc,heap      ] GC(114) Survivor regions: 1->1(2)
[2021-04-21T09:42:04.530+0000][7][gc,heap      ] GC(114) Old regions: 70->70
[2021-04-21T09:42:04.530+0000][7][gc,heap      ] GC(114) Archive regions: 2->2
[2021-04-21T09:42:04.530+0000][7][gc,heap      ] GC(114) Humongous regions: 7->7
[2021-04-21T09:42:04.530+0000][7][gc,metaspace ] GC(114) Metaspace: 88551K(95740K)->88551K(95740K) NonClass: 76527K(80816K)->76527K(80816K) Class: 12024K(14924K)->12024K(14924K)
[2021-04-21T09:42:04.530+0000][7][gc           ] GC(114) Pause Young (Normal) (G1 Evacuation Pause) 92M->78M(128M) 5.862ms
[2021-04-21T09:42:04.530+0000][7][gc,cpu       ] GC(114) User=0.01s Sys=0.00s Real=0.01s
[2021-04-21T09:42:04.530+0000][7][safepoint    ] Safepoint "G1CollectForAllocation", Time since last: 203096686 ns, Reaching safepoint: 112529 ns, At safepoint: 5959191 ns, Total: 6071720 ns
[2021-04-21T09:42:05.531+0000][7][safepoint    ] Safepoint "Cleanup", Time since last: 1000037133 ns, Reaching safepoint: 90927 ns, At safepoint: 3506 ns, Total: 94433 ns
[2021-04-21T09:42:06.531+0000][7][safepoint    ] Safepoint "Cleanup", Time since last: 1000131782 ns, Reaching safepoint: 91278 ns, At safepoint: 5022 ns, Total: 96300 ns
[2021-04-21T09:42:08.531+0000][7][safepoint    ] Safepoint "Cleanup", Time since last: 2000265506 ns, Reaching safepoint: 229127 ns, At safepoint: 15793 ns, Total: 244920 ns
[2021-04-21T09:42:09.532+0000][7][safepoint    ] Safepoint "Cleanup", Time since last: 1000185030 ns, Reaching safepoint: 171710 ns, At safepoint: 9870 ns, Total: 181580 ns
[2021-04-21T09:42:10.532+0000][7][safepoint    ] Safepoint "Cleanup", Time since last: 1000180777 ns, Reaching safepoint: 142234 ns, At safepoint: 12562 ns, Total: 154796 ns
[2021-04-21T09:42:11.532+0000][7][safepoint    ] Safepoint "Cleanup", Time since last: 1000159589 ns, Reaching safepoint: 177661 ns, At safepoint: 11709 ns, Total: 189370 ns
[2021-04-21T09:42:12.533+0000][7][safepoint    ] Safepoint "Cleanup", Time since last: 1000129207 ns, Reaching safepoint: 179620 ns, At safepoint: 11867 ns, Total: 191487 ns
[2021-04-21T09:42:13.533+0000][7][safepoint    ] Safepoint "Cleanup", Time since last: 1000197019 ns, Reaching safepoint: 144922 ns, At safepoint: 7580 ns, Total: 152502 ns
[2021-04-21T09:42:15.534+0000][7][safepoint    ] Safepoint "Cleanup", Time since last: 2000297912 ns, Reaching safepoint: 145244 ns, At safepoint: 12333 ns, Total: 157577 ns
[2021-04-21T09:42:17.534+0000][7][safepoint    ] Safepoint "Cleanup", Time since last: 2000235753 ns, Reaching safepoint: 142531 ns, At safepoint: 8811 ns, Total: 151342 ns
[2021-04-21T09:42:18.534+0000][7][safepoint    ] Safepoint "Cleanup", Time since last: 1000133523 ns, Reaching safepoint: 188564 ns, At safepoint: 9119 ns, Total: 197683 ns
[2021-04-21T09:42:20.535+0000][7][safepoint    ] Safepoint "Cleanup", Time since last: 2000244148 ns, Reaching safepoint: 168457 ns, At safepoint: 10970 ns, Total: 179427 ns
[2021-04-21T09:42:21.535+0000][7][safepoint    ] Safepoint "Cleanup", Time since last: 1000170929 ns, Reaching safepoint: 149491 ns, At safepoint: 8149 ns, Total: 157640 ns
[2021-04-21T09:42:24.536+0000][7][safepoint    ] Safepoint "Cleanup", Time since last: 3000403599 ns, Reaching safepoint: 182728 ns, At safepoint: 10544 ns, Total: 193272 ns
[2021-04-21T09:42:25.536+0000][7][safepoint    ] Safepoint "Cleanup", Time since last: 1000177492 ns, Reaching safepoint: 155685 ns, At safepoint: 13857 ns, Total: 169542 ns
[2021-04-21T09:42:30.537+0000][7][safepoint    ] Safepoint "Cleanup", Time since last: 5000579290 ns, Reaching safepoint: 121281 ns, At safepoint: 4787 ns, Total: 126068 ns
[2021-04-21T09:42:33.537+0000][7][safepoint    ] Safepoint "Cleanup", Time since last: 3000288718 ns, Reaching safepoint: 239376 ns, At safepoint: 15129 ns, Total: 254505 ns
[2021-04-21T09:42:35.401+0000][7][gc,start     ] GC(115) Pause Young (Concurrent Start) (G1 Evacuation Pause)
[2021-04-21T09:42:35.401+0000][7][gc,task      ] GC(115) Using 4 workers of 4 for evacuation
[2021-04-21T09:42:35.401+0000][7][gc,age       ] GC(115) Desired survivor size 1048576 bytes, new threshold 15 (max threshold 15)
[2021-04-21T09:42:35.406+0000][7][gc,age       ] GC(115) Age table with threshold 15 (max threshold 15)
[2021-04-21T09:42:35.406+0000][7][gc,age       ] GC(115) - age   1:      37264 bytes,      37264 total
[2021-04-21T09:42:35.406+0000][7][gc,age       ] GC(115) - age   2:       3296 bytes,      40560 total
[2021-04-21T09:42:35.406+0000][7][gc,age       ] GC(115) - age   3:      54744 bytes,      95304 total
[2021-04-21T09:42:35.406+0000][7][gc,age       ] GC(115) - age   4:     106976 bytes,     202280 total
[2021-04-21T09:42:35.406+0000][7][gc,age       ] GC(115) - age   5:     166928 bytes,     369208 total
[2021-04-21T09:42:35.406+0000][7][gc,age       ] GC(115) - age   6:     366968 bytes,     736176 total
[2021-04-21T09:42:35.407+0000][7][gc,phases    ] GC(115)   Pre Evacuate Collection Set: 0.6ms
[2021-04-21T09:42:35.407+0000][7][gc,phases    ] GC(115)   Merge Heap Roots: 0.1ms
[2021-04-21T09:42:35.407+0000][7][gc,phases    ] GC(115)   Evacuate Collection Set: 3.6ms
[2021-04-21T09:42:35.407+0000][7][gc,phases    ] GC(115)   Post Evacuate Collection Set: 0.7ms
[2021-04-21T09:42:35.407+0000][7][gc,phases    ] GC(115)   Other: 0.4ms
[2021-04-21T09:42:35.407+0000][7][gc,heap      ] GC(115) Eden regions: 15->0(15)
[2021-04-21T09:42:35.407+0000][7][gc,heap      ] GC(115) Survivor regions: 1->1(2)
[2021-04-21T09:42:35.407+0000][7][gc,heap      ] GC(115) Old regions: 70->70
[2021-04-21T09:42:35.407+0000][7][gc,heap      ] GC(115) Archive regions: 2->2
[2021-04-21T09:42:35.407+0000][7][gc,heap      ] GC(115) Humongous regions: 7->7
[2021-04-21T09:42:35.407+0000][7][gc,metaspace ] GC(115) Metaspace: 88715K(95996K)->88715K(95996K) NonClass: 76689K(81072K)->76689K(81072K) Class: 12025K(14924K)->12025K(14924K)
[2021-04-21T09:42:35.407+0000][7][gc           ] GC(115) Pause Young (Concurrent Start) (G1 Evacuation Pause) 93M->78M(128M) 5.562ms
[2021-04-21T09:42:35.407+0000][7][gc,cpu       ] GC(115) User=0.00s Sys=0.01s Real=0.01s
[2021-04-21T09:42:35.407+0000][7][safepoint    ] Safepoint "G1CollectForAllocation", Time since last: 1863537441 ns, Reaching safepoint: 381440 ns, At safepoint: 5670924 ns, Total: 6052364 ns
[2021-04-21T09:42:35.407+0000][7][gc           ] GC(116) Concurrent Cycle
[2021-04-21T09:42:35.407+0000][7][gc,marking   ] GC(116) Concurrent Clear Claimed Marks
[2021-04-21T09:42:35.407+0000][7][gc,marking   ] GC(116) Concurrent Clear Claimed Marks 0.470ms
[2021-04-21T09:42:35.407+0000][7][gc,marking   ] GC(116) Concurrent Scan Root Regions
[2021-04-21T09:42:35.411+0000][7][gc,marking   ] GC(116) Concurrent Scan Root Regions 3.372ms
[2021-04-21T09:42:35.411+0000][7][gc,marking   ] GC(116) Concurrent Mark (163.584s)
[2021-04-21T09:42:35.411+0000][7][gc,marking   ] GC(116) Concurrent Mark From Roots
[2021-04-21T09:42:35.411+0000][7][gc,task      ] GC(116) Using 1 workers of 1 for marking
[2021-04-21T09:42:35.517+0000][7][gc,marking   ] GC(116) Concurrent Mark From Roots 106.689ms
[2021-04-21T09:42:35.517+0000][7][gc,marking   ] GC(116) Concurrent Preclean
[2021-04-21T09:42:35.518+0000][7][gc,marking   ] GC(116) Concurrent Preclean 0.171ms
[2021-04-21T09:42:35.518+0000][7][gc,marking   ] GC(116) Concurrent Mark (163.584s, 163.691s) 106.946ms
[2021-04-21T09:42:35.518+0000][7][gc,start     ] GC(116) Pause Remark
[2021-04-21T09:42:35.523+0000][7][gc           ] GC(116) Pause Remark 78M->78M(128M) 5.630ms
[2021-04-21T09:42:35.523+0000][7][gc,cpu       ] GC(116) User=0.02s Sys=0.00s Real=0.01s
[2021-04-21T09:42:35.524+0000][7][safepoint    ] Safepoint "G1Concurrent", Time since last: 110918799 ns, Reaching safepoint: 90063 ns, At safepoint: 5745097 ns, Total: 5835160 ns
[2021-04-21T09:42:35.524+0000][7][gc,marking   ] GC(116) Concurrent Rebuild Remembered Sets
[2021-04-21T09:42:35.597+0000][7][gc,marking   ] GC(116) Concurrent Rebuild Remembered Sets 73.481ms
[2021-04-21T09:42:35.597+0000][7][gc,start     ] GC(116) Pause Cleanup
[2021-04-21T09:42:35.598+0000][7][gc           ] GC(116) Pause Cleanup 78M->78M(128M) 0.194ms
[2021-04-21T09:42:35.598+0000][7][gc,cpu       ] GC(116) User=0.00s Sys=0.00s Real=0.00s
[2021-04-21T09:42:35.598+0000][7][safepoint    ] Safepoint "G1Concurrent", Time since last: 73589175 ns, Reaching safepoint: 97842 ns, At safepoint: 360884 ns, Total: 458726 ns
[2021-04-21T09:42:35.598+0000][7][gc,marking   ] GC(116) Concurrent Cleanup for Next Mark
[2021-04-21T09:42:35.598+0000][7][gc,marking   ] GC(116) Concurrent Cleanup for Next Mark 0.249ms
[2021-04-21T09:42:35.598+0000][7][gc           ] GC(116) Concurrent Cycle 191.106ms
[2021-04-21T09:42:36.598+0000][7][safepoint    ] Safepoint "Cleanup", Time since last: 1000097011 ns, Reaching safepoint: 203460 ns, At safepoint: 10945 ns, Total: 214405 ns
[2021-04-21T09:42:39.598+0000][7][safepoint    ] Safepoint "Cleanup", Time since last: 3000374008 ns, Reaching safepoint: 112015 ns, At safepoint: 6665 ns, Total: 118680 ns
[2021-04-21T09:42:40.599+0000][7][safepoint    ] Safepoint "Cleanup", Time since last: 1000123050 ns, Reaching safepoint: 176987 ns, At safepoint: 10484 ns, Total: 187471 ns
[2021-04-21T09:42:41.599+0000][7][safepoint    ] Safepoint "Cleanup", Time since last: 1000145541 ns, Reaching safepoint: 157624 ns, At safepoint: 6869 ns, Total: 164493 ns
[2021-04-21T09:42:42.599+0000][7][safepoint    ] Safepoint "Cleanup", Time since last: 1000135434 ns, Reaching safepoint: 109253 ns, At safepoint: 3965 ns, Total: 113218 ns
[2021-04-21T09:42:45.600+0000][7][safepoint    ] Safepoint "Cleanup", Time since last: 3000339375 ns, Reaching safepoint: 210867 ns, At safepoint: 7841 ns, Total: 218708 ns
[2021-04-21T09:42:46.600+0000][7][safepoint    ] Safepoint "Cleanup", Time since last: 1000167147 ns, Reaching safepoint: 179743 ns, At safepoint: 10384 ns, Total: 190127 ns
[2021-04-21T09:42:47.601+0000][7][safepoint    ] Safepoint "Cleanup", Time since last: 1000156906 ns, Reaching safepoint: 205805 ns, At safepoint: 12569 ns, Total: 218374 ns
[2021-04-21T09:42:48.601+0000][7][safepoint    ] Safepoint "Cleanup", Time since last: 1000173476 ns, Reaching safepoint: 137442 ns, At safepoint: 7109 ns, Total: 144551 ns
[2021-04-21T09:42:49.601+0000][7][safepoint    ] Safepoint "Cleanup", Time since last: 1000136337 ns, Reaching safepoint: 172313 ns, At safepoint: 11569 ns, Total: 183882 ns
[2021-04-21T09:42:50.601+0000][7][safepoint    ] Safepoint "Cleanup", Time since last: 1000140025 ns, Reaching safepoint: 159909 ns, At safepoint: 8861 ns, Total: 168770 ns
[2021-04-21T09:42:51.602+0000][7][safepoint    ] Safepoint "Cleanup", Time since last: 1000193251 ns, Reaching safepoint: 161671 ns, At safepoint: 7311 ns, Total: 168982 ns
[2021-04-21T09:42:53.602+0000][7][safepoint    ] Safepoint "Cleanup", Time since last: 2000276954 ns, Reaching safepoint: 262595 ns, At safepoint: 17174 ns, Total: 279769 ns
[2021-04-21T09:42:54.603+0000][7][safepoint    ] Safepoint "Cleanup", Time since last: 1000213683 ns, Reaching safepoint: 178706 ns, At safepoint: 12142 ns, Total: 190848 ns
[2021-04-21T09:42:55.603+0000][7][safepoint    ] Safepoint "Cleanup", Time since last: 1000159365 ns, Reaching safepoint: 175012 ns, At safepoint: 7417 ns, Total: 182429 ns
[2021-04-21T09:43:00.604+0000][7][safepoint    ] Safepoint "Cleanup", Time since last: 5000570058 ns, Reaching safepoint: 166911 ns, At safepoint: 10036 ns, Total: 176947 ns
[2021-04-21T09:43:03.604+0000][7][safepoint    ] Safepoint "Cleanup", Time since last: 3000389521 ns, Reaching safepoint: 190495 ns, At safepoint: 8740 ns, Total: 199235 ns
[2021-04-21T09:43:06.605+0000][7][safepoint    ] Safepoint "Cleanup", Time since last: 3000373177 ns, Reaching safepoint: 169683 ns, At safepoint: 8517 ns, Total: 178200 ns
[2021-04-21T09:43:08.606+0000][7][safepoint    ] Safepoint "Cleanup", Time since last: 2000300242 ns, Reaching safepoint: 167511 ns, At safepoint: 10937 ns, Total: 178448 ns
[2021-04-21T09:43:09.587+0000][7][gc,start     ] GC(117) Pause Young (Normal) (G1 Evacuation Pause)
[2021-04-21T09:43:09.587+0000][7][gc,task      ] GC(117) Using 4 workers of 4 for evacuation
[2021-04-21T09:43:09.587+0000][7][gc,age       ] GC(117) Desired survivor size 1048576 bytes, new threshold 15 (max threshold 15)
[2021-04-21T09:43:09.592+0000][7][gc,age       ] GC(117) Age table with threshold 15 (max threshold 15)
[2021-04-21T09:43:09.592+0000][7][gc,age       ] GC(117) - age   1:      16608 bytes,      16608 total
[2021-04-21T09:43:09.592+0000][7][gc,age       ] GC(117) - age   2:       4328 bytes,      20936 total
[2021-04-21T09:43:09.592+0000][7][gc,age       ] GC(117) - age   3:       3096 bytes,      24032 total
[2021-04-21T09:43:09.592+0000][7][gc,age       ] GC(117) - age   4:      54744 bytes,      78776 total
[2021-04-21T09:43:09.593+0000][7][gc,age       ] GC(117) - age   5:     106976 bytes,     185752 total
[2021-04-21T09:43:09.593+0000][7][gc,age       ] GC(117) - age   6:     166640 bytes,     352392 total
[2021-04-21T09:43:09.593+0000][7][gc,age       ] GC(117) - age   7:     366968 bytes,     719360 total
[2021-04-21T09:43:09.593+0000][7][gc,phases    ] GC(117)   Pre Evacuate Collection Set: 0.1ms
[2021-04-21T09:43:09.593+0000][7][gc,phases    ] GC(117)   Merge Heap Roots: 0.1ms
[2021-04-21T09:43:09.593+0000][7][gc,phases    ] GC(117)   Evacuate Collection Set: 4.1ms
[2021-04-21T09:43:09.593+0000][7][gc,phases    ] GC(117)   Post Evacuate Collection Set: 0.8ms
[2021-04-21T09:43:09.593+0000][7][gc,phases    ] GC(117)   Other: 0.4ms
[2021-04-21T09:43:09.593+0000][7][gc,heap      ] GC(117) Eden regions: 15->0(15)
[2021-04-21T09:43:09.593+0000][7][gc,heap      ] GC(117) Survivor regions: 1->1(2)
[2021-04-21T09:43:09.593+0000][7][gc,heap      ] GC(117) Old regions: 70->70
[2021-04-21T09:43:09.593+0000][7][gc,heap      ] GC(117) Archive regions: 2->2
[2021-04-21T09:43:09.593+0000][7][gc,heap      ] GC(117) Humongous regions: 7->7
[2021-04-21T09:43:09.593+0000][7][gc,metaspace ] GC(117) Metaspace: 88868K(95996K)->88868K(95996K) NonClass: 76842K(81072K)->76842K(81072K) Class: 12025K(14924K)->12025K(14924K)
[2021-04-21T09:43:09.593+0000][7][gc           ] GC(117) Pause Young (Normal) (G1 Evacuation Pause) 93M->78M(128M) 5.597ms
[2021-04-21T09:43:09.593+0000][7][gc,cpu       ] GC(117) User=0.01s Sys=0.00s Real=0.00s
[2021-04-21T09:43:09.593+0000][7][safepoint    ] Safepoint "G1CollectForAllocation", Time since last: 981408080 ns, Reaching safepoint: 155559 ns, At safepoint: 5694683 ns, Total: 5850242 ns
[2021-04-21T09:43:10.593+0000][7][safepoint    ] Safepoint "Cleanup", Time since last: 1000145188 ns, Reaching safepoint: 163124 ns, At safepoint: 12609 ns, Total: 175733 ns
[2021-04-21T09:43:13.594+0000][7][safepoint    ] Safepoint "Cleanup", Time since last: 3000441661 ns, Reaching safepoint: 181035 ns, At safepoint: 5667 ns, Total: 186702 ns
[2021-04-21T09:43:15.594+0000][7][safepoint    ] Safepoint "Cleanup", Time since last: 2000259986 ns, Reaching safepoint: 149693 ns, At safepoint: 10294 ns, Total: 159987 ns
[2021-04-21T09:43:21.595+0000][7][safepoint    ] Safepoint "Cleanup", Time since last: 6000638880 ns, Reaching safepoint: 188618 ns, At safepoint: 14751 ns, Total: 203369 ns
[2021-04-21T09:43:23.596+0000][7][safepoint    ] Safepoint "Cleanup", Time since last: 2000343128 ns, Reaching safepoint: 199407 ns, At safepoint: 13514 ns, Total: 212921 ns
[2021-04-21T09:43:24.596+0000][7][safepoint    ] Safepoint "Cleanup", Time since last: 1000211620 ns, Reaching safepoint: 174998 ns, At safepoint: 7813 ns, Total: 182811 ns
[2021-04-21T09:43:27.596+0000][7][safepoint    ] Safepoint "Cleanup", Time since last: 3000370114 ns, Reaching safepoint: 187046 ns, At safepoint: 10195 ns, Total: 197241 ns
[2021-04-21T09:43:35.598+0000][7][safepoint    ] Safepoint "Cleanup", Time since last: 8000930634 ns, Reaching safepoint: 192302 ns, At safepoint: 12611 ns, Total: 204913 ns
[2021-04-21T09:43:38.598+0000][7][safepoint    ] Safepoint "Cleanup", Time since last: 3000382245 ns, Reaching safepoint: 179300 ns, At safepoint: 13892 ns, Total: 193192 ns
[2021-04-21T09:43:39.599+0000][7][safepoint    ] Safepoint "Cleanup", Time since last: 1000175250 ns, Reaching safepoint: 235201 ns, At safepoint: 11704 ns, Total: 246905 ns
[2021-04-21T09:43:39.619+0000][7][gc,start     ] GC(118) Pause Young (Concurrent Start) (G1 Evacuation Pause)
[2021-04-21T09:43:39.619+0000][7][gc,task      ] GC(118) Using 4 workers of 4 for evacuation
[2021-04-21T09:43:39.619+0000][7][gc,age       ] GC(118) Desired survivor size 1048576 bytes, new threshold 15 (max threshold 15)
[2021-04-21T09:43:39.623+0000][7][gc,age       ] GC(118) Age table with threshold 15 (max threshold 15)
[2021-04-21T09:43:39.624+0000][7][gc,age       ] GC(118) - age   1:      12456 bytes,      12456 total
[2021-04-21T09:43:39.624+0000][7][gc,age       ] GC(118) - age   2:       6792 bytes,      19248 total
[2021-04-21T09:43:39.624+0000][7][gc,age       ] GC(118) - age   3:       3848 bytes,      23096 total
[2021-04-21T09:43:39.624+0000][7][gc,age       ] GC(118) - age   4:       3096 bytes,      26192 total
[2021-04-21T09:43:39.624+0000][7][gc,age       ] GC(118) - age   5:      54744 bytes,      80936 total
[2021-04-21T09:43:39.624+0000][7][gc,age       ] GC(118) - age   6:     106976 bytes,     187912 total
[2021-04-21T09:43:39.624+0000][7][gc,age       ] GC(118) - age   7:     166640 bytes,     354552 total
[2021-04-21T09:43:39.624+0000][7][gc,age       ] GC(118) - age   8:     366968 bytes,     721520 total
[2021-04-21T09:43:39.624+0000][7][gc,phases    ] GC(118)   Pre Evacuate Collection Set: 0.5ms
[2021-04-21T09:43:39.624+0000][7][gc,phases    ] GC(118)   Merge Heap Roots: 0.1ms
[2021-04-21T09:43:39.624+0000][7][gc,phases    ] GC(118)   Evacuate Collection Set: 2.7ms
[2021-04-21T09:43:39.624+0000][7][gc,phases    ] GC(118)   Post Evacuate Collection Set: 0.9ms
[2021-04-21T09:43:39.624+0000][7][gc,phases    ] GC(118)   Other: 0.4ms
[2021-04-21T09:43:39.624+0000][7][gc,heap      ] GC(118) Eden regions: 15->0(15)
[2021-04-21T09:43:39.624+0000][7][gc,heap      ] GC(118) Survivor regions: 1->1(2)
[2021-04-21T09:43:39.624+0000][7][gc,heap      ] GC(118) Old regions: 70->70
[2021-04-21T09:43:39.624+0000][7][gc,heap      ] GC(118) Archive regions: 2->2
[2021-04-21T09:43:39.624+0000][7][gc,heap      ] GC(118) Humongous regions: 7->7
[2021-04-21T09:43:39.624+0000][7][gc,metaspace ] GC(118) Metaspace: 88965K(96252K)->88965K(96252K) NonClass: 76939K(81328K)->76939K(81328K) Class: 12025K(14924K)->12025K(14924K)
[2021-04-21T09:43:39.624+0000][7][gc           ] GC(118) Pause Young (Concurrent Start) (G1 Evacuation Pause) 93M->78M(128M) 4.683ms
[2021-04-21T09:43:39.624+0000][7][gc,cpu       ] GC(118) User=0.01s Sys=0.00s Real=0.00s
[2021-04-21T09:43:39.624+0000][7][gc           ] GC(119) Concurrent Cycle
[2021-04-21T09:43:39.624+0000][7][safepoint    ] Safepoint "G1CollectForAllocation", Time since last: 20338498 ns, Reaching safepoint: 184325 ns, At safepoint: 4810385 ns, Total: 4994710 ns
[2021-04-21T09:43:39.624+0000][7][gc,marking   ] GC(119) Concurrent Clear Claimed Marks
[2021-04-21T09:43:39.624+0000][7][gc,marking   ] GC(119) Concurrent Clear Claimed Marks 0.504ms
[2021-04-21T09:43:39.625+0000][7][gc,marking   ] GC(119) Concurrent Scan Root Regions
[2021-04-21T09:43:39.627+0000][7][gc,marking   ] GC(119) Concurrent Scan Root Regions 2.080ms
[2021-04-21T09:43:39.627+0000][7][gc,marking   ] GC(119) Concurrent Mark (227.800s)
[2021-04-21T09:43:39.627+0000][7][gc,marking   ] GC(119) Concurrent Mark From Roots
[2021-04-21T09:43:39.627+0000][7][gc,task      ] GC(119) Using 1 workers of 1 for marking
[2021-04-21T09:43:39.730+0000][7][gc,marking   ] GC(119) Concurrent Mark From Roots 103.173ms
[2021-04-21T09:43:39.730+0000][7][gc,marking   ] GC(119) Concurrent Preclean
[2021-04-21T09:43:39.730+0000][7][gc,marking   ] GC(119) Concurrent Preclean 0.151ms
[2021-04-21T09:43:39.730+0000][7][gc,marking   ] GC(119) Concurrent Mark (227.800s, 227.903s) 103.391ms
[2021-04-21T09:43:39.730+0000][7][gc,start     ] GC(119) Pause Remark
[2021-04-21T09:43:39.735+0000][7][gc           ] GC(119) Pause Remark 78M->78M(128M) 4.787ms
[2021-04-21T09:43:39.735+0000][7][gc,cpu       ] GC(119) User=0.02s Sys=0.00s Real=0.00s
[2021-04-21T09:43:39.735+0000][7][safepoint    ] Safepoint "G1Concurrent", Time since last: 106097878 ns, Reaching safepoint: 91573 ns, At safepoint: 4873504 ns, Total: 4965077 ns
[2021-04-21T09:43:39.735+0000][7][gc,marking   ] GC(119) Concurrent Rebuild Remembered Sets
[2021-04-21T09:43:39.811+0000][7][gc,marking   ] GC(119) Concurrent Rebuild Remembered Sets 75.870ms
[2021-04-21T09:43:39.811+0000][7][gc,start     ] GC(119) Pause Cleanup
[2021-04-21T09:43:39.811+0000][7][gc           ] GC(119) Pause Cleanup 78M->78M(128M) 0.135ms
[2021-04-21T09:43:39.811+0000][7][gc,cpu       ] GC(119) User=0.00s Sys=0.00s Real=0.00s
[2021-04-21T09:43:39.811+0000][7][safepoint    ] Safepoint "G1Concurrent", Time since last: 75957981 ns, Reaching safepoint: 81900 ns, At safepoint: 175530 ns, Total: 257430 ns
[2021-04-21T09:43:39.811+0000][7][gc,marking   ] GC(119) Concurrent Cleanup for Next Mark
[2021-04-21T09:43:39.812+0000][7][gc,marking   ] GC(119) Concurrent Cleanup for Next Mark 0.253ms
[2021-04-21T09:43:39.812+0000][7][gc           ] GC(119) Concurrent Cycle 187.584ms
[2021-04-21T09:43:40.811+0000][7][safepoint    ] Safepoint "Cleanup", Time since last: 1000077367 ns, Reaching safepoint: 101323 ns, At safepoint: 7025 ns, Total: 108348 ns
[2021-04-21T09:43:41.812+0000][7][safepoint    ] Safepoint "Cleanup", Time since last: 1000126520 ns, Reaching safepoint: 188936 ns, At safepoint: 9405 ns, Total: 198341 ns
[2021-04-21T09:43:42.812+0000][7][safepoint    ] Safepoint "Cleanup", Time since last: 1000230003 ns, Reaching safepoint: 172308 ns, At safepoint: 10814 ns, Total: 183122 ns
[2021-04-21T09:43:43.813+0000][7][safepoint    ] Safepoint "Cleanup", Time since last: 1000180827 ns, Reaching safepoint: 174127 ns, At safepoint: 10742 ns, Total: 184869 ns
[2021-04-21T09:43:44.813+0000][7][safepoint    ] Safepoint "Cleanup", Time since last: 1000171685 ns, Reaching safepoint: 165276 ns, At safepoint: 10504 ns, Total: 175780 ns
[2021-04-21T09:43:45.813+0000][7][safepoint    ] Safepoint "Cleanup", Time since last: 1000181205 ns, Reaching safepoint: 180273 ns, At safepoint: 8549 ns, Total: 188822 ns
[2021-04-21T09:43:48.814+0000][7][safepoint    ] Safepoint "Cleanup", Time since last: 3000342517 ns, Reaching safepoint: 217242 ns, At safepoint: 8763 ns, Total: 226005 ns
[2021-04-21T09:43:51.814+0000][7][safepoint    ] Safepoint "Cleanup", Time since last: 3000413212 ns, Reaching safepoint: 191309 ns, At safepoint: 11976 ns, Total: 203285 ns
[2021-04-21T09:43:54.815+0000][7][safepoint    ] Safepoint "Cleanup", Time since last: 3000387161 ns, Reaching safepoint: 196584 ns, At safepoint: 14936 ns, Total: 211520 ns
[2021-04-21T09:43:55.815+0000][7][safepoint    ] Safepoint "Cleanup", Time since last: 1000187522 ns, Reaching safepoint: 160997 ns, At safepoint: 7999 ns, Total: 168996 ns
[2021-04-21T09:44:00.816+0000][7][safepoint    ] Safepoint "Cleanup", Time since last: 5000464516 ns, Reaching safepoint: 124522 ns, At safepoint: 8381 ns, Total: 132903 ns
[2021-04-21T09:44:02.816+0000][7][safepoint    ] Safepoint "Cleanup", Time since last: 2000246788 ns, Reaching safepoint: 255500 ns, At safepoint: 9911 ns, Total: 265411 ns
[2021-04-21T09:44:03.817+0000][7][safepoint    ] Safepoint "Cleanup", Time since last: 1000142724 ns, Reaching safepoint: 182401 ns, At safepoint: 4217 ns, Total: 186618 ns
[2021-04-21T09:44:09.817+0000][7][safepoint    ] Safepoint "Cleanup", Time since last: 6000518158 ns, Reaching safepoint: 107798 ns, At safepoint: 4352 ns, Total: 112150 ns
[2021-04-21T09:44:10.818+0000][7][safepoint    ] Safepoint "Cleanup", Time since last: 1000131736 ns, Reaching safepoint: 167739 ns, At safepoint: 9259 ns, Total: 176998 ns
[2021-04-21T09:44:12.633+0000][7][gc,start     ] GC(120) Pause Young (Normal) (G1 Evacuation Pause)
[2021-04-21T09:44:12.633+0000][7][gc,task      ] GC(120) Using 4 workers of 4 for evacuation
[2021-04-21T09:44:12.633+0000][7][gc,age       ] GC(120) Desired survivor size 1048576 bytes, new threshold 15 (max threshold 15)
[2021-04-21T09:44:12.637+0000][7][gc,age       ] GC(120) Age table with threshold 15 (max threshold 15)
[2021-04-21T09:44:12.637+0000][7][gc,age       ] GC(120) - age   1:      13280 bytes,      13280 total
[2021-04-21T09:44:12.637+0000][7][gc,age       ] GC(120) - age   2:       2544 bytes,      15824 total
[2021-04-21T09:44:12.637+0000][7][gc,age       ] GC(120) - age   3:       6240 bytes,      22064 total
[2021-04-21T09:44:12.637+0000][7][gc,age       ] GC(120) - age   4:       3848 bytes,      25912 total
[2021-04-21T09:44:12.637+0000][7][gc,age       ] GC(120) - age   5:       3096 bytes,      29008 total
[2021-04-21T09:44:12.637+0000][7][gc,age       ] GC(120) - age   6:      54744 bytes,      83752 total
[2021-04-21T09:44:12.637+0000][7][gc,age       ] GC(120) - age   7:     106976 bytes,     190728 total
[2021-04-21T09:44:12.637+0000][7][gc,age       ] GC(120) - age   8:     166640 bytes,     357368 total
[2021-04-21T09:44:12.637+0000][7][gc,age       ] GC(120) - age   9:     366968 bytes,     724336 total
[2021-04-21T09:44:12.637+0000][7][gc,phases    ] GC(120)   Pre Evacuate Collection Set: 0.0ms
[2021-04-21T09:44:12.637+0000][7][gc,phases    ] GC(120)   Merge Heap Roots: 0.1ms
[2021-04-21T09:44:12.637+0000][7][gc,phases    ] GC(120)   Evacuate Collection Set: 3.1ms
[2021-04-21T09:44:12.637+0000][7][gc,phases    ] GC(120)   Post Evacuate Collection Set: 0.6ms
[2021-04-21T09:44:12.637+0000][7][gc,phases    ] GC(120)   Other: 0.3ms
[2021-04-21T09:44:12.637+0000][7][gc,heap      ] GC(120) Eden regions: 15->0(15)
[2021-04-21T09:44:12.637+0000][7][gc,heap      ] GC(120) Survivor regions: 1->1(2)
[2021-04-21T09:44:12.637+0000][7][gc,heap      ] GC(120) Old regions: 70->70
[2021-04-21T09:44:12.637+0000][7][gc,heap      ] GC(120) Archive regions: 2->2
[2021-04-21T09:44:12.637+0000][7][gc,heap      ] GC(120) Humongous regions: 7->7
[2021-04-21T09:44:12.637+0000][7][gc,metaspace ] GC(120) Metaspace: 89071K(96252K)->89071K(96252K) NonClass: 77045K(81328K)->77045K(81328K) Class: 12026K(14924K)->12026K(14924K)
[2021-04-21T09:44:12.637+0000][7][gc           ] GC(120) Pause Young (Normal) (G1 Evacuation Pause) 93M->78M(128M) 4.233ms
[2021-04-21T09:44:12.637+0000][7][gc,cpu       ] GC(120) User=0.01s Sys=0.00s Real=0.00s
[2021-04-21T09:44:12.637+0000][7][safepoint    ] Safepoint "G1CollectForAllocation", Time since last: 1814979076 ns, Reaching safepoint: 96600 ns, At safepoint: 4319016 ns, Total: 4415616 ns
[2021-04-21T09:44:15.638+0000][7][safepoint    ] Safepoint "Cleanup", Time since last: 3000331718 ns, Reaching safepoint: 172100 ns, At safepoint: 8866 ns, Total: 180966 ns
[2021-04-21T09:44:16.638+0000][7][safepoint    ] Safepoint "Cleanup", Time since last: 1000212527 ns, Reaching safepoint: 143192 ns, At safepoint: 10219 ns, Total: 153411 ns
[2021-04-21T09:44:18.638+0000][7][safepoint    ] Safepoint "Cleanup", Time since last: 2000236122 ns, Reaching safepoint: 199157 ns, At safepoint: 7474 ns, Total: 206631 ns
[2021-04-21T09:44:21.639+0000][7][safepoint    ] Safepoint "Cleanup", Time since last: 3000344479 ns, Reaching safepoint: 168236 ns, At safepoint: 8660 ns, Total: 176896 ns
[2021-04-21T09:44:24.640+0000][7][safepoint    ] Safepoint "Cleanup", Time since last: 3000398668 ns, Reaching safepoint: 156517 ns, At safepoint: 6745 ns, Total: 163262 ns
[2021-04-21T09:44:26.640+0000][7][safepoint    ] Safepoint "Cleanup", Time since last: 2000238307 ns, Reaching safepoint: 149796 ns, At safepoint: 8423 ns, Total: 158219 ns
[2021-04-21T09:44:27.640+0000][7][safepoint    ] Safepoint "Cleanup", Time since last: 1000152319 ns, Reaching safepoint: 128036 ns, At safepoint: 4477 ns, Total: 132513 ns
[2021-04-21T09:44:28.641+0000][7][safepoint    ] Safepoint "Cleanup", Time since last: 1000134279 ns, Reaching safepoint: 124974 ns, At safepoint: 10838 ns, Total: 135812 ns
[2021-04-21T09:44:30.641+0000][7][safepoint    ] Safepoint "Cleanup", Time since last: 2000202840 ns, Reaching safepoint: 157035 ns, At safepoint: 4245 ns, Total: 161280 ns
[2021-04-21T09:44:39.642+0000][7][safepoint    ] Safepoint "Cleanup", Time since last: 9000747468 ns, Reaching safepoint: 210112 ns, At safepoint: 4929 ns, Total: 215041 ns
[2021-04-21T09:44:40.642+0000][7][safepoint    ] Safepoint "Cleanup", Time since last: 1000147415 ns, Reaching safepoint: 134884 ns, At safepoint: 8122 ns, Total: 143006 ns
[2021-04-21T09:44:41.642+0000][7][safepoint    ] Safepoint "Cleanup", Time since last: 1000137306 ns, Reaching safepoint: 148533 ns, At safepoint: 5588 ns, Total: 154121 ns
[2021-04-21T09:44:42.643+0000][7][safepoint    ] Safepoint "Cleanup", Time since last: 1000127606 ns, Reaching safepoint: 98301 ns, At safepoint: 9618 ns, Total: 107919 ns
[2021-04-21T09:44:42.941+0000][7][gc,start     ] GC(121) Pause Young (Concurrent Start) (G1 Evacuation Pause)
[2021-04-21T09:44:42.941+0000][7][gc,task      ] GC(121) Using 4 workers of 4 for evacuation
[2021-04-21T09:44:42.941+0000][7][gc,age       ] GC(121) Desired survivor size 1048576 bytes, new threshold 15 (max threshold 15)
[2021-04-21T09:44:42.954+0000][7][gc,age       ] GC(121) Age table with threshold 15 (max threshold 15)
[2021-04-21T09:44:42.954+0000][7][gc,age       ] GC(121) - age   1:      15920 bytes,      15920 total
[2021-04-21T09:44:42.954+0000][7][gc,age       ] GC(121) - age   2:       4408 bytes,      20328 total
[2021-04-21T09:44:42.954+0000][7][gc,age       ] GC(121) - age   3:       2440 bytes,      22768 total
[2021-04-21T09:44:42.954+0000][7][gc,age       ] GC(121) - age   4:       6240 bytes,      29008 total
[2021-04-21T09:44:42.954+0000][7][gc,age       ] GC(121) - age   5:       3848 bytes,      32856 total
[2021-04-21T09:44:42.954+0000][7][gc,age       ] GC(121) - age   6:       3096 bytes,      35952 total
[2021-04-21T09:44:42.954+0000][7][gc,age       ] GC(121) - age   7:      54744 bytes,      90696 total
[2021-04-21T09:44:42.954+0000][7][gc,age       ] GC(121) - age   8:     106976 bytes,     197672 total
[2021-04-21T09:44:42.954+0000][7][gc,age       ] GC(121) - age   9:     166640 bytes,     364312 total
[2021-04-21T09:44:42.954+0000][7][gc,age       ] GC(121) - age  10:     366968 bytes,     731280 total
[2021-04-21T09:44:42.954+0000][7][gc,phases    ] GC(121)   Pre Evacuate Collection Set: 0.5ms
[2021-04-21T09:44:42.954+0000][7][gc,phases    ] GC(121)   Merge Heap Roots: 0.1ms
[2021-04-21T09:44:42.954+0000][7][gc,phases    ] GC(121)   Evacuate Collection Set: 11.4ms
[2021-04-21T09:44:42.954+0000][7][gc,phases    ] GC(121)   Post Evacuate Collection Set: 1.4ms
[2021-04-21T09:44:42.954+0000][7][gc,phases    ] GC(121)   Other: 0.4ms
[2021-04-21T09:44:42.954+0000][7][gc,heap      ] GC(121) Eden regions: 15->0(15)
[2021-04-21T09:44:42.954+0000][7][gc,heap      ] GC(121) Survivor regions: 1->1(2)
[2021-04-21T09:44:42.954+0000][7][gc,heap      ] GC(121) Old regions: 70->70
[2021-04-21T09:44:42.954+0000][7][gc,heap      ] GC(121) Archive regions: 2->2
[2021-04-21T09:44:42.954+0000][7][gc,heap      ] GC(121) Humongous regions: 7->7
[2021-04-21T09:44:42.954+0000][7][gc,metaspace ] GC(121) Metaspace: 89204K(96252K)->89204K(96252K) NonClass: 77178K(81328K)->77178K(81328K) Class: 12026K(14924K)->12026K(14924K)
[2021-04-21T09:44:42.954+0000][7][gc           ] GC(121) Pause Young (Concurrent Start) (G1 Evacuation Pause) 93M->78M(128M) 13.883ms
[2021-04-21T09:44:42.954+0000][7][gc,cpu       ] GC(121) User=0.01s Sys=0.00s Real=0.01s
[2021-04-21T09:44:42.954+0000][7][gc           ] GC(122) Concurrent Cycle
[2021-04-21T09:44:42.954+0000][7][gc,marking   ] GC(122) Concurrent Clear Claimed Marks
[2021-04-21T09:44:42.955+0000][7][gc,marking   ] GC(122) Concurrent Clear Claimed Marks 0.482ms
[2021-04-21T09:44:42.955+0000][7][gc,marking   ] GC(122) Concurrent Scan Root Regions
[2021-04-21T09:44:42.954+0000][7][safepoint    ] Safepoint "G1CollectForAllocation", Time since last: 297488625 ns, Reaching safepoint: 323783 ns, At safepoint: 13984322 ns, Total: 14308105 ns
[2021-04-21T09:44:42.957+0000][7][gc,marking   ] GC(122) Concurrent Scan Root Regions 2.014ms
[2021-04-21T09:44:42.957+0000][7][gc,marking   ] GC(122) Concurrent Mark (291.130s)
[2021-04-21T09:44:42.957+0000][7][gc,marking   ] GC(122) Concurrent Mark From Roots
[2021-04-21T09:44:42.957+0000][7][gc,task      ] GC(122) Using 1 workers of 1 for marking
[2021-04-21T09:44:43.136+0000][7][gc,marking   ] GC(122) Concurrent Mark From Roots 179.117ms
[2021-04-21T09:44:43.136+0000][7][gc,marking   ] GC(122) Concurrent Preclean
[2021-04-21T09:44:43.136+0000][7][gc,marking   ] GC(122) Concurrent Preclean 0.237ms
[2021-04-21T09:44:43.137+0000][7][gc,marking   ] GC(122) Concurrent Mark (291.130s, 291.310s) 179.446ms
[2021-04-21T09:44:43.137+0000][7][gc,start     ] GC(122) Pause Remark
[2021-04-21T09:44:43.150+0000][7][gc           ] GC(122) Pause Remark 78M->78M(128M) 13.708ms
[2021-04-21T09:44:43.151+0000][7][gc,cpu       ] GC(122) User=0.02s Sys=0.00s Real=0.02s
[2021-04-21T09:44:43.151+0000][7][safepoint    ] Safepoint "G1Concurrent", Time since last: 182091646 ns, Reaching safepoint: 187288 ns, At safepoint: 13821601 ns, Total: 14008889 ns
[2021-04-21T09:44:43.151+0000][7][gc,marking   ] GC(122) Concurrent Rebuild Remembered Sets
[2021-04-21T09:44:43.283+0000][7][gc,marking   ] GC(122) Concurrent Rebuild Remembered Sets 132.876ms
[2021-04-21T09:44:43.284+0000][7][gc,start     ] GC(122) Pause Cleanup
[2021-04-21T09:44:43.284+0000][7][gc           ] GC(122) Pause Cleanup 79M->79M(128M) 0.204ms
[2021-04-21T09:44:43.284+0000][7][gc,cpu       ] GC(122) User=0.00s Sys=0.00s Real=0.00s
[2021-04-21T09:44:43.284+0000][7][safepoint    ] Safepoint "G1Concurrent", Time since last: 133029112 ns, Reaching safepoint: 121144 ns, At safepoint: 297644 ns, Total: 418788 ns
[2021-04-21T09:44:43.284+0000][7][gc,marking   ] GC(122) Concurrent Cleanup for Next Mark
[2021-04-21T09:44:43.284+0000][7][gc,marking   ] GC(122) Concurrent Cleanup for Next Mark 0.402ms
[2021-04-21T09:44:43.285+0000][7][gc           ] GC(122) Concurrent Cycle 330.086ms
[2021-04-21T09:44:46.284+0000][7][safepoint    ] Safepoint "Cleanup", Time since last: 3000242664 ns, Reaching safepoint: 109826 ns, At safepoint: 4036 ns, Total: 113862 ns
[2021-04-21T09:44:48.285+0000][7][safepoint    ] Safepoint "Cleanup", Time since last: 2000209488 ns, Reaching safepoint: 123335 ns, At safepoint: 4099 ns, Total: 127434 ns
[2021-04-21T09:44:49.285+0000][7][safepoint    ] Safepoint "Cleanup", Time since last: 1000141604 ns, Reaching safepoint: 126792 ns, At safepoint: 9261 ns, Total: 136053 ns
[2021-04-21T09:44:51.285+0000][7][safepoint    ] Safepoint "Cleanup", Time since last: 2000216390 ns, Reaching safepoint: 102433 ns, At safepoint: 3499 ns, Total: 105932 ns
[2021-04-21T09:44:52.286+0000][7][safepoint    ] Safepoint "Cleanup", Time since last: 1000141410 ns, Reaching safepoint: 99469 ns, At safepoint: 5108 ns, Total: 104577 ns
[2021-04-21T09:44:53.286+0000][7][safepoint    ] Safepoint "Cleanup", Time since last: 1000125094 ns, Reaching safepoint: 174809 ns, At safepoint: 6261 ns, Total: 181070 ns
[2021-04-21T09:44:55.286+0000][7][safepoint    ] Safepoint "Cleanup", Time since last: 2000235942 ns, Reaching safepoint: 166029 ns, At safepoint: 8247 ns, Total: 174276 ns
[2021-04-21T09:45:00.287+0000][7][safepoint    ] Safepoint "Cleanup", Time since last: 5000478844 ns, Reaching safepoint: 134700 ns, At safepoint: 7391 ns, Total: 142091 ns
[2021-04-21T09:45:03.288+0000][7][safepoint    ] Safepoint "Cleanup", Time since last: 3000336087 ns, Reaching safepoint: 442724 ns, At safepoint: 23073 ns, Total: 465797 ns
[2021-04-21T09:45:04.288+0000][7][safepoint    ] Safepoint "Cleanup", Time since last: 1000254247 ns, Reaching safepoint: 92883 ns, At safepoint: 3233 ns, Total: 96116 ns
[2021-04-21T09:45:08.289+0000][7][safepoint    ] Safepoint "Cleanup", Time since last: 4000427199 ns, Reaching safepoint: 123518 ns, At safepoint: 9631 ns, Total: 133149 ns
[2021-04-21T09:45:10.247+0000][7][safepoint    ] Safepoint "Cleanup", Time since last: 1958600730 ns, Reaching safepoint: 135533 ns, At safepoint: 9792 ns, Total: 145325 ns
[2021-04-21T09:45:11.383+0000][7][safepoint    ] Safepoint "Cleanup", Time since last: 1135464681 ns, Reaching safepoint: 108272 ns, At safepoint: 3992 ns, Total: 112264 ns
[2021-04-21T09:45:13.521+0000][7][safepoint    ] Safepoint "Cleanup", Time since last: 2137936688 ns, Reaching safepoint: 102329 ns, At safepoint: 4918 ns, Total: 107247 ns
[2021-04-21T09:45:14.694+0000][7][gc,start     ] GC(123) Pause Young (Normal) (G1 Evacuation Pause)
[2021-04-21T09:45:14.694+0000][7][gc,task      ] GC(123) Using 4 workers of 4 for evacuation
[2021-04-21T09:45:14.694+0000][7][gc,age       ] GC(123) Desired survivor size 1048576 bytes, new threshold 15 (max threshold 15)
[2021-04-21T09:45:14.703+0000][7][gc,age       ] GC(123) Age table with threshold 15 (max threshold 15)
[2021-04-21T09:45:14.703+0000][7][gc,age       ] GC(123) - age   1:      13640 bytes,      13640 total
[2021-04-21T09:45:14.703+0000][7][gc,age       ] GC(123) - age   2:       2568 bytes,      16208 total
[2021-04-21T09:45:14.703+0000][7][gc,age       ] GC(123) - age   3:       3768 bytes,      19976 total
[2021-04-21T09:45:14.703+0000][7][gc,age       ] GC(123) - age   4:       2440 bytes,      22416 total
[2021-04-21T09:45:14.703+0000][7][gc,age       ] GC(123) - age   5:       6240 bytes,      28656 total
[2021-04-21T09:45:14.703+0000][7][gc,age       ] GC(123) - age   6:       3848 bytes,      32504 total
[2021-04-21T09:45:14.703+0000][7][gc,age       ] GC(123) - age   7:       3096 bytes,      35600 total
[2021-04-21T09:45:14.703+0000][7][gc,age       ] GC(123) - age   8:      54744 bytes,      90344 total
[2021-04-21T09:45:14.703+0000][7][gc,age       ] GC(123) - age   9:     106976 bytes,     197320 total
[2021-04-21T09:45:14.703+0000][7][gc,age       ] GC(123) - age  10:     166640 bytes,     363960 total
[2021-04-21T09:45:14.703+0000][7][gc,age       ] GC(123) - age  11:     366968 bytes,     730928 total
[2021-04-21T09:45:14.703+0000][7][gc,phases    ] GC(123)   Pre Evacuate Collection Set: 0.1ms
[2021-04-21T09:45:14.703+0000][7][gc,phases    ] GC(123)   Merge Heap Roots: 0.1ms
[2021-04-21T09:45:14.703+0000][7][gc,phases    ] GC(123)   Evacuate Collection Set: 6.5ms
[2021-04-21T09:45:14.703+0000][7][gc,phases    ] GC(123)   Post Evacuate Collection Set: 2.0ms
[2021-04-21T09:45:14.703+0000][7][gc,phases    ] GC(123)   Other: 0.3ms
[2021-04-21T09:45:14.703+0000][7][gc,heap      ] GC(123) Eden regions: 15->0(15)
[2021-04-21T09:45:14.703+0000][7][gc,heap      ] GC(123) Survivor regions: 1->1(2)
[2021-04-21T09:45:14.703+0000][7][gc,heap      ] GC(123) Old regions: 70->70
[2021-04-21T09:45:14.703+0000][7][gc,heap      ] GC(123) Archive regions: 2->2
[2021-04-21T09:45:14.703+0000][7][gc,heap      ] GC(123) Humongous regions: 7->7
[2021-04-21T09:45:14.703+0000][7][gc,metaspace ] GC(123) Metaspace: 89250K(96508K)->89250K(96508K) NonClass: 77223K(81584K)->77223K(81584K) Class: 12026K(14924K)->12026K(14924K)
[2021-04-21T09:45:14.703+0000][7][gc           ] GC(123) Pause Young (Normal) (G1 Evacuation Pause) 93M->78M(128M) 9.181ms
[2021-04-21T09:45:14.703+0000][7][gc,cpu       ] GC(123) User=0.01s Sys=0.00s Real=0.01s
[2021-04-21T09:45:14.703+0000][7][safepoint    ] Safepoint "G1CollectForAllocation", Time since last: 1172437688 ns, Reaching safepoint: 243820 ns, At safepoint: 9260522 ns, Total: 9504342 ns
[2021-04-21T09:45:16.543+0000][7][safepoint    ] Safepoint "Cleanup", Time since last: 1839581745 ns, Reaching safepoint: 153769 ns, At safepoint: 8467 ns, Total: 162236 ns
[2021-04-21T09:45:17.543+0000][7][safepoint    ] Safepoint "Cleanup", Time since last: 1000135646 ns, Reaching safepoint: 129522 ns, At safepoint: 7211 ns, Total: 136733 ns
[2021-04-21T09:45:18.543+0000][7][safepoint    ] Safepoint "Cleanup", Time since last: 1000130704 ns, Reaching safepoint: 142532 ns, At safepoint: 9479 ns, Total: 152011 ns
[2021-04-21T09:45:19.543+0000][7][safepoint    ] Safepoint "Cleanup", Time since last: 1000134420 ns, Reaching safepoint: 135785 ns, At safepoint: 10840 ns, Total: 146625 ns
[2021-04-21T09:45:20.544+0000][7][safepoint    ] Safepoint "Cleanup", Time since last: 1000138287 ns, Reaching safepoint: 158140 ns, At safepoint: 9584 ns, Total: 167724 ns
[2021-04-21T09:45:21.544+0000][7][safepoint    ] Safepoint "Cleanup", Time since last: 1000144252 ns, Reaching safepoint: 132368 ns, At safepoint: 6996 ns, Total: 139364 ns
[2021-04-21T09:45:22.544+0000][7][safepoint    ] Safepoint "Cleanup", Time since last: 1000118224 ns, Reaching safepoint: 143368 ns, At safepoint: 8451 ns, Total: 151819 ns
[2021-04-21T09:45:23.545+0000][7][safepoint    ] Safepoint "Cleanup", Time since last: 1000132583 ns, Reaching safepoint: 152803 ns, At safepoint: 8420 ns, Total: 161223 ns
[2021-04-21T09:45:24.545+0000][7][safepoint    ] Safepoint "Cleanup", Time since last: 1000132125 ns, Reaching safepoint: 241117 ns, At safepoint: 22253 ns, Total: 263370 ns
[2021-04-21T09:45:25.545+0000][7][safepoint    ] Safepoint "Cleanup", Time since last: 1000183549 ns, Reaching safepoint: 145208 ns, At safepoint: 9494 ns, Total: 154702 ns
[2021-04-21T09:45:26.546+0000][7][safepoint    ] Safepoint "Cleanup", Time since last: 1000130077 ns, Reaching safepoint: 131138 ns, At safepoint: 4870 ns, Total: 136008 ns
[2021-04-21T09:45:27.546+0000][7][safepoint    ] Safepoint "Cleanup", Time since last: 1000156475 ns, Reaching safepoint: 157677 ns, At safepoint: 12426 ns, Total: 170103 ns
[2021-04-21T09:45:28.546+0000][7][safepoint    ] Safepoint "Cleanup", Time since last: 1000152804 ns, Reaching safepoint: 135498 ns, At safepoint: 6322 ns, Total: 141820 ns
[2021-04-21T09:45:29.547+0000][7][safepoint    ] Safepoint "Cleanup", Time since last: 1000181286 ns, Reaching safepoint: 136078 ns, At safepoint: 9325 ns, Total: 145403 ns
[2021-04-21T09:45:30.547+0000][7][safepoint    ] Safepoint "Cleanup", Time since last: 1000129480 ns, Reaching safepoint: 101506 ns, At safepoint: 4429 ns, Total: 105935 ns
[2021-04-21T09:45:31.547+0000][7][safepoint    ] Safepoint "Cleanup", Time since last: 1000131115 ns, Reaching safepoint: 152442 ns, At safepoint: 17069 ns, Total: 169511 ns
[2021-04-21T09:45:32.547+0000][7][safepoint    ] Safepoint "Cleanup", Time since last: 1000137799 ns, Reaching safepoint: 218223 ns, At safepoint: 9654 ns, Total: 227877 ns
[2021-04-21T09:45:33.548+0000][7][safepoint    ] Safepoint "Cleanup", Time since last: 1000192138 ns, Reaching safepoint: 176859 ns, At safepoint: 8692 ns, Total: 185551 ns
[2021-04-21T09:45:34.548+0000][7][safepoint    ] Safepoint "Cleanup", Time since last: 1000173897 ns, Reaching safepoint: 155173 ns, At safepoint: 9602 ns, Total: 164775 ns
[2021-04-21T09:45:35.549+0000][7][safepoint    ] Safepoint "Cleanup", Time since last: 1000140981 ns, Reaching safepoint: 202324 ns, At safepoint: 10693 ns, Total: 213017 ns
[2021-04-21T09:45:36.549+0000][7][safepoint    ] Safepoint "Cleanup", Time since last: 1000143339 ns, Reaching safepoint: 109657 ns, At safepoint: 8018 ns, Total: 117675 ns
[2021-04-21T09:45:37.549+0000][7][safepoint    ] Safepoint "Cleanup", Time since last: 1000183692 ns, Reaching safepoint: 176925 ns, At safepoint: 8950 ns, Total: 185875 ns
[2021-04-21T09:45:38.549+0000][7][safepoint    ] Safepoint "Cleanup", Time since last: 1000168433 ns, Reaching safepoint: 127682 ns, At safepoint: 5812 ns, Total: 133494 ns
[2021-04-21T09:45:39.550+0000][7][safepoint    ] Safepoint "Cleanup", Time since last: 1000145241 ns, Reaching safepoint: 133871 ns, At safepoint: 10529 ns, Total: 144400 ns
[2021-04-21T09:45:40.550+0000][7][safepoint    ] Safepoint "Cleanup", Time since last: 1000180322 ns, Reaching safepoint: 162804 ns, At safepoint: 7065 ns, Total: 169869 ns
[2021-04-21T09:45:41.551+0000][7][safepoint    ] Safepoint "Cleanup", Time since last: 1000157965 ns, Reaching safepoint: 203017 ns, At safepoint: 10825 ns, Total: 213842 ns
[2021-04-21T09:45:42.551+0000][7][safepoint    ] Safepoint "Cleanup", Time since last: 1000162967 ns, Reaching safepoint: 144144 ns, At safepoint: 7278 ns, Total: 151422 ns
[2021-04-21T09:45:43.551+0000][7][safepoint    ] Safepoint "Cleanup", Time since last: 1000207065 ns, Reaching safepoint: 220339 ns, At safepoint: 9948 ns, Total: 230287 ns
[2021-04-21T09:45:44.552+0000][7][safepoint    ] Safepoint "Cleanup", Time since last: 1000202447 ns, Reaching safepoint: 178214 ns, At safepoint: 8288 ns, Total: 186502 ns
[2021-04-21T09:45:44.726+0000][7][gc,start     ] GC(124) Pause Young (Concurrent Start) (G1 Evacuation Pause)
[2021-04-21T09:45:44.726+0000][7][gc,task      ] GC(124) Using 4 workers of 4 for evacuation
[2021-04-21T09:45:44.726+0000][7][gc,age       ] GC(124) Desired survivor size 1048576 bytes, new threshold 15 (max threshold 15)
[2021-04-21T09:45:44.731+0000][7][gc,age       ] GC(124) Age table with threshold 15 (max threshold 15)
[2021-04-21T09:45:44.731+0000][7][gc,age       ] GC(124) - age   1:      22200 bytes,      22200 total
[2021-04-21T09:45:44.731+0000][7][gc,age       ] GC(124) - age   2:       4128 bytes,      26328 total
[2021-04-21T09:45:44.731+0000][7][gc,age       ] GC(124) - age   3:       2136 bytes,      28464 total
[2021-04-21T09:45:44.731+0000][7][gc,age       ] GC(124) - age   4:       3768 bytes,      32232 total
[2021-04-21T09:45:44.731+0000][7][gc,age       ] GC(124) - age   5:       2440 bytes,      34672 total
[2021-04-21T09:45:44.731+0000][7][gc,age       ] GC(124) - age   6:       6240 bytes,      40912 total
[2021-04-21T09:45:44.731+0000][7][gc,age       ] GC(124) - age   7:       3848 bytes,      44760 total
[2021-04-21T09:45:44.731+0000][7][gc,age       ] GC(124) - age   8:       3096 bytes,      47856 total
[2021-04-21T09:45:44.731+0000][7][gc,age       ] GC(124) - age   9:      54488 bytes,     102344 total
[2021-04-21T09:45:44.731+0000][7][gc,age       ] GC(124) - age  10:     106856 bytes,     209200 total
[2021-04-21T09:45:44.731+0000][7][gc,age       ] GC(124) - age  11:     166640 bytes,     375840 total
[2021-04-21T09:45:44.731+0000][7][gc,age       ] GC(124) - age  12:     366968 bytes,     742808 total
[2021-04-21T09:45:44.731+0000][7][gc,phases    ] GC(124)   Pre Evacuate Collection Set: 0.7ms
[2021-04-21T09:45:44.731+0000][7][gc,phases    ] GC(124)   Merge Heap Roots: 0.1ms
[2021-04-21T09:45:44.731+0000][7][gc,phases    ] GC(124)   Evacuate Collection Set: 3.6ms
[2021-04-21T09:45:44.731+0000][7][gc,phases    ] GC(124)   Post Evacuate Collection Set: 0.5ms
[2021-04-21T09:45:44.731+0000][7][gc,phases    ] GC(124)   Other: 0.4ms
[2021-04-21T09:45:44.731+0000][7][gc,heap      ] GC(124) Eden regions: 15->0(15)
[2021-04-21T09:45:44.731+0000][7][gc,heap      ] GC(124) Survivor regions: 1->1(2)
[2021-04-21T09:45:44.731+0000][7][gc,heap      ] GC(124) Old regions: 70->70
[2021-04-21T09:45:44.731+0000][7][gc,heap      ] GC(124) Archive regions: 2->2
[2021-04-21T09:45:44.731+0000][7][gc,heap      ] GC(124) Humongous regions: 7->7
[2021-04-21T09:45:44.731+0000][7][gc,metaspace ] GC(124) Metaspace: 89342K(96508K)->89342K(96508K) NonClass: 77311K(81584K)->77311K(81584K) Class: 12030K(14924K)->12030K(14924K)
[2021-04-21T09:45:44.731+0000][7][gc           ] GC(124) Pause Young (Concurrent Start) (G1 Evacuation Pause) 93M->78M(128M) 5.483ms
[2021-04-21T09:45:44.731+0000][7][gc,cpu       ] GC(124) User=0.00s Sys=0.00s Real=0.01s
[2021-04-21T09:45:44.731+0000][7][gc           ] GC(125) Concurrent Cycle
[2021-04-21T09:45:44.731+0000][7][safepoint    ] Safepoint "G1CollectForAllocation", Time since last: 173707606 ns, Reaching safepoint: 174793 ns, At safepoint: 5577363 ns, Total: 5752156 ns
[2021-04-21T09:45:44.731+0000][7][gc,marking   ] GC(125) Concurrent Clear Claimed Marks
[2021-04-21T09:45:44.732+0000][7][gc,marking   ] GC(125) Concurrent Clear Claimed Marks 0.446ms
[2021-04-21T09:45:44.732+0000][7][gc,marking   ] GC(125) Concurrent Scan Root Regions
[2021-04-21T09:45:44.733+0000][7][gc,marking   ] GC(125) Concurrent Scan Root Regions 1.244ms
[2021-04-21T09:45:44.733+0000][7][gc,marking   ] GC(125) Concurrent Mark (352.906s)
[2021-04-21T09:45:44.733+0000][7][gc,marking   ] GC(125) Concurrent Mark From Roots
[2021-04-21T09:45:44.733+0000][7][gc,task      ] GC(125) Using 1 workers of 1 for marking
[2021-04-21T09:45:44.835+0000][7][gc,marking   ] GC(125) Concurrent Mark From Roots 101.901ms
[2021-04-21T09:45:44.835+0000][7][gc,marking   ] GC(125) Concurrent Preclean
[2021-04-21T09:45:44.835+0000][7][gc,marking   ] GC(125) Concurrent Preclean 0.163ms
[2021-04-21T09:45:44.835+0000][7][gc,marking   ] GC(125) Concurrent Mark (352.906s, 353.008s) 102.127ms
[2021-04-21T09:45:44.835+0000][7][gc,start     ] GC(125) Pause Remark
[2021-04-21T09:45:44.841+0000][7][gc           ] GC(125) Pause Remark 78M->78M(128M) 6.247ms
[2021-04-21T09:45:44.841+0000][7][gc,cpu       ] GC(125) User=0.01s Sys=0.00s Real=0.01s
[2021-04-21T09:45:44.841+0000][7][safepoint    ] Safepoint "G1Concurrent", Time since last: 103912983 ns, Reaching safepoint: 81231 ns, At safepoint: 6348272 ns, Total: 6429503 ns
[2021-04-21T09:45:44.842+0000][7][gc,marking   ] GC(125) Concurrent Rebuild Remembered Sets
[2021-04-21T09:45:44.920+0000][7][gc,marking   ] GC(125) Concurrent Rebuild Remembered Sets 77.743ms
[2021-04-21T09:45:44.920+0000][7][gc,start     ] GC(125) Pause Cleanup
[2021-04-21T09:45:44.920+0000][7][gc           ] GC(125) Pause Cleanup 78M->78M(128M) 0.126ms
[2021-04-21T09:45:44.920+0000][7][gc,cpu       ] GC(125) User=0.00s Sys=0.00s Real=0.00s
[2021-04-21T09:45:44.920+0000][7][safepoint    ] Safepoint "G1Concurrent", Time since last: 78701613 ns, Reaching safepoint: 131911 ns, At safepoint: 169411 ns, Total: 301322 ns
[2021-04-21T09:45:44.920+0000][7][gc,marking   ] GC(125) Concurrent Cleanup for Next Mark
[2021-04-21T09:45:44.921+0000][7][gc,marking   ] GC(125) Concurrent Cleanup for Next Mark 0.358ms
[2021-04-21T09:45:44.921+0000][7][gc           ] GC(125) Concurrent Cycle 189.775ms
[2021-04-21T09:45:45.921+0000][7][safepoint    ] Safepoint "Cleanup", Time since last: 1000116862 ns, Reaching safepoint: 177573 ns, At safepoint: 8333 ns, Total: 185906 ns
[2021-04-21T09:45:46.921+0000][7][safepoint    ] Safepoint "Cleanup", Time since last: 1000187197 ns, Reaching safepoint: 141429 ns, At safepoint: 7199 ns, Total: 148628 ns
[2021-04-21T09:45:47.921+0000][7][safepoint    ] Safepoint "Cleanup", Time since last: 1000159145 ns, Reaching safepoint: 153988 ns, At safepoint: 9364 ns, Total: 163352 ns
[2021-04-21T09:45:48.922+0000][7][safepoint    ] Safepoint "Cleanup", Time since last: 1000217110 ns, Reaching safepoint: 187496 ns, At safepoint: 12961 ns, Total: 200457 ns
[2021-04-21T09:45:49.922+0000][7][safepoint    ] Safepoint "Cleanup", Time since last: 1000142710 ns, Reaching safepoint: 93094 ns, At safepoint: 3466 ns, Total: 96560 ns
[2021-04-21T09:45:50.922+0000][7][safepoint    ] Safepoint "Cleanup", Time since last: 1000117453 ns, Reaching safepoint: 100488 ns, At safepoint: 4313 ns, Total: 104801 ns
[2021-04-21T09:45:51.923+0000][7][safepoint    ] Safepoint "Cleanup", Time since last: 1000137482 ns, Reaching safepoint: 108032 ns, At safepoint: 5847 ns, Total: 113879 ns
[2021-04-21T09:45:52.923+0000][7][safepoint    ] Safepoint "Cleanup", Time since last: 1000131589 ns, Reaching safepoint: 115236 ns, At safepoint: 5958 ns, Total: 121194 ns
[2021-04-21T09:45:53.923+0000][7][safepoint    ] Safepoint "Cleanup", Time since last: 1000132260 ns, Reaching safepoint: 187502 ns, At safepoint: 7282 ns, Total: 194784 ns
[2021-04-21T09:45:54.923+0000][7][safepoint    ] Safepoint "Cleanup", Time since last: 1000134525 ns, Reaching safepoint: 192488 ns, At safepoint: 7595 ns, Total: 200083 ns
[2021-04-21T09:45:55.924+0000][7][safepoint    ] Safepoint "Cleanup", Time since last: 1000145903 ns, Reaching safepoint: 113003 ns, At safepoint: 6373 ns, Total: 119376 ns
[2021-04-21T09:45:56.924+0000][7][safepoint    ] Safepoint "Cleanup", Time since last: 1000125197 ns, Reaching safepoint: 129949 ns, At safepoint: 7739 ns, Total: 137688 ns
[2021-04-21T09:45:57.924+0000][7][safepoint    ] Safepoint "Cleanup", Time since last: 1000140276 ns, Reaching safepoint: 111971 ns, At safepoint: 5656 ns, Total: 117627 ns
[2021-04-21T09:45:58.925+0000][7][safepoint    ] Safepoint "Cleanup", Time since last: 1000136226 ns, Reaching safepoint: 125374 ns, At safepoint: 4574 ns, Total: 129948 ns
[2021-04-21T09:45:59.925+0000][7][safepoint    ] Safepoint "Cleanup", Time since last: 1000139472 ns, Reaching safepoint: 149817 ns, At safepoint: 6530 ns, Total: 156347 ns
[2021-04-21T09:46:00.925+0000][7][safepoint    ] Safepoint "Cleanup", Time since last: 1000191151 ns, Reaching safepoint: 193426 ns, At safepoint: 11567 ns, Total: 204993 ns
[2021-04-21T09:46:01.926+0000][7][safepoint    ] Safepoint "Cleanup", Time since last: 1000193134 ns, Reaching safepoint: 160619 ns, At safepoint: 10355 ns, Total: 170974 ns
[2021-04-21T09:46:02.926+0000][7][safepoint    ] Safepoint "Cleanup", Time since last: 1000174369 ns, Reaching safepoint: 139497 ns, At safepoint: 9050 ns, Total: 148547 ns
[2021-04-21T09:46:03.926+0000][7][safepoint    ] Safepoint "Cleanup", Time since last: 1000182553 ns, Reaching safepoint: 166929 ns, At safepoint: 11717 ns, Total: 178646 ns
[2021-04-21T09:46:04.927+0000][7][safepoint    ] Safepoint "Cleanup", Time since last: 1000141799 ns, Reaching safepoint: 134382 ns, At safepoint: 7187 ns, Total: 141569 ns
[2021-04-21T09:46:05.927+0000][7][safepoint    ] Safepoint "Cleanup", Time since last: 1000162524 ns, Reaching safepoint: 175770 ns, At safepoint: 11081 ns, Total: 186851 ns
[2021-04-21T09:46:06.927+0000][7][safepoint    ] Safepoint "Cleanup", Time since last: 1000135323 ns, Reaching safepoint: 121675 ns, At safepoint: 6285 ns, Total: 127960 ns
[2021-04-21T09:46:07.927+0000][7][safepoint    ] Safepoint "Cleanup", Time since last: 1000126173 ns, Reaching safepoint: 160691 ns, At safepoint: 11796 ns, Total: 172487 ns
[2021-04-21T09:46:08.928+0000][7][safepoint    ] Safepoint "Cleanup", Time since last: 1000204699 ns, Reaching safepoint: 133701 ns, At safepoint: 6989 ns, Total: 140690 ns
[2021-04-21T09:46:09.928+0000][7][safepoint    ] Safepoint "Cleanup", Time since last: 1000160385 ns, Reaching safepoint: 138928 ns, At safepoint: 5511 ns, Total: 144439 ns
[2021-04-21T09:46:10.928+0000][7][safepoint    ] Safepoint "Cleanup", Time since last: 1000119385 ns, Reaching safepoint: 111948 ns, At safepoint: 3610 ns, Total: 115558 ns
[2021-04-21T09:46:11.929+0000][7][safepoint    ] Safepoint "Cleanup", Time since last: 1000185972 ns, Reaching safepoint: 195414 ns, At safepoint: 9696 ns, Total: 205110 ns
[2021-04-21T09:46:12.929+0000][7][safepoint    ] Safepoint "Cleanup", Time since last: 1000156069 ns, Reaching safepoint: 94502 ns, At safepoint: 3673 ns, Total: 98175 ns
[2021-04-21T09:46:13.929+0000][7][safepoint    ] Safepoint "Cleanup", Time since last: 1000149519 ns, Reaching safepoint: 190298 ns, At safepoint: 10670 ns, Total: 200968 ns
[2021-04-21T09:46:14.930+0000][7][safepoint    ] Safepoint "Cleanup", Time since last: 1000149257 ns, Reaching safepoint: 127612 ns, At safepoint: 6135 ns, Total: 133747 ns
[2021-04-21T09:46:15.930+0000][7][safepoint    ] Safepoint "Cleanup", Time since last: 1000130795 ns, Reaching safepoint: 98387 ns, At safepoint: 3920 ns, Total: 102307 ns
[2021-04-21T09:46:16.930+0000][7][safepoint    ] Safepoint "Cleanup", Time since last: 1000146287 ns, Reaching safepoint: 160565 ns, At safepoint: 10620 ns, Total: 171185 ns
[2021-04-21T09:46:17.930+0000][7][safepoint    ] Safepoint "Cleanup", Time since last: 1000145594 ns, Reaching safepoint: 179095 ns, At safepoint: 8221 ns, Total: 187316 ns
[2021-04-21T09:46:18.826+0000][7][gc,start     ] GC(126) Pause Young (Normal) (G1 Evacuation Pause)
[2021-04-21T09:46:18.826+0000][7][gc,task      ] GC(126) Using 4 workers of 4 for evacuation
[2021-04-21T09:46:18.826+0000][7][gc,age       ] GC(126) Desired survivor size 1048576 bytes, new threshold 15 (max threshold 15)
[2021-04-21T09:46:18.831+0000][7][gc,age       ] GC(126) Age table with threshold 15 (max threshold 15)
[2021-04-21T09:46:18.831+0000][7][gc,age       ] GC(126) - age   1:      84632 bytes,      84632 total
[2021-04-21T09:46:18.831+0000][7][gc,age       ] GC(126) - age   2:      11656 bytes,      96288 total
[2021-04-21T09:46:18.831+0000][7][gc,age       ] GC(126) - age   3:       3344 bytes,      99632 total
[2021-04-21T09:46:18.831+0000][7][gc,age       ] GC(126) - age   4:       2136 bytes,     101768 total
[2021-04-21T09:46:18.831+0000][7][gc,age       ] GC(126) - age   5:       3768 bytes,     105536 total
[2021-04-21T09:46:18.831+0000][7][gc,age       ] GC(126) - age   6:       2440 bytes,     107976 total
[2021-04-21T09:46:18.831+0000][7][gc,age       ] GC(126) - age   7:       6240 bytes,     114216 total
[2021-04-21T09:46:18.831+0000][7][gc,age       ] GC(126) - age   8:       3848 bytes,     118064 total
[2021-04-21T09:46:18.831+0000][7][gc,age       ] GC(126) - age   9:       3096 bytes,     121160 total
[2021-04-21T09:46:18.831+0000][7][gc,age       ] GC(126) - age  10:      54488 bytes,     175648 total
[2021-04-21T09:46:18.831+0000][7][gc,age       ] GC(126) - age  11:     106856 bytes,     282504 total
[2021-04-21T09:46:18.831+0000][7][gc,age       ] GC(126) - age  12:     166640 bytes,     449144 total
[2021-04-21T09:46:18.831+0000][7][gc,age       ] GC(126) - age  13:     366968 bytes,     816112 total
[2021-04-21T09:46:18.831+0000][7][gc,phases    ] GC(126)   Pre Evacuate Collection Set: 0.1ms
[2021-04-21T09:46:18.831+0000][7][gc,phases    ] GC(126)   Merge Heap Roots: 0.1ms
[2021-04-21T09:46:18.831+0000][7][gc,phases    ] GC(126)   Evacuate Collection Set: 3.9ms
[2021-04-21T09:46:18.831+0000][7][gc,phases    ] GC(126)   Post Evacuate Collection Set: 0.8ms
[2021-04-21T09:46:18.831+0000][7][gc,phases    ] GC(126)   Other: 0.5ms
[2021-04-21T09:46:18.831+0000][7][gc,heap      ] GC(126) Eden regions: 15->0(15)
[2021-04-21T09:46:18.831+0000][7][gc,heap      ] GC(126) Survivor regions: 1->1(2)
[2021-04-21T09:46:18.831+0000][7][gc,heap      ] GC(126) Old regions: 70->70
[2021-04-21T09:46:18.831+0000][7][gc,heap      ] GC(126) Archive regions: 2->2
[2021-04-21T09:46:18.831+0000][7][gc,heap      ] GC(126) Humongous regions: 7->7
[2021-04-21T09:46:18.831+0000][7][gc,metaspace ] GC(126) Metaspace: 89550K(96764K)->89550K(96764K) NonClass: 77519K(81840K)->77519K(81840K) Class: 12030K(14924K)->12030K(14924K)
[2021-04-21T09:46:18.831+0000][7][gc           ] GC(126) Pause Young (Normal) (G1 Evacuation Pause) 93M->78M(128M) 5.493ms
[2021-04-21T09:46:18.831+0000][7][gc,cpu       ] GC(126) User=0.01s Sys=0.01s Real=0.01s
[2021-04-21T09:46:18.831+0000][7][safepoint    ] Safepoint "G1CollectForAllocation", Time since last: 894955120 ns, Reaching safepoint: 214331 ns, At safepoint: 5604350 ns, Total: 5818681 ns
[2021-04-21T09:46:19.831+0000][7][safepoint    ] Safepoint "Cleanup", Time since last: 1000098626 ns, Reaching safepoint: 108385 ns, At safepoint: 4020 ns, Total: 112405 ns
[2021-04-21T09:46:20.832+0000][7][safepoint    ] Safepoint "Cleanup", Time since last: 1000147150 ns, Reaching safepoint: 136339 ns, At safepoint: 6433 ns, Total: 142772 ns
[2021-04-21T09:46:21.832+0000][7][safepoint    ] Safepoint "Cleanup", Time since last: 1000177743 ns, Reaching safepoint: 147280 ns, At safepoint: 10740 ns, Total: 158020 ns
[2021-04-21T09:46:22.832+0000][7][safepoint    ] Safepoint "Cleanup", Time since last: 1000156184 ns, Reaching safepoint: 138644 ns, At safepoint: 7014 ns, Total: 145658 ns
[2021-04-21T09:46:23.833+0000][7][safepoint    ] Safepoint "Cleanup", Time since last: 1000163699 ns, Reaching safepoint: 144160 ns, At safepoint: 9272 ns, Total: 153432 ns
[2021-04-21T09:46:24.833+0000][7][safepoint    ] Safepoint "Cleanup", Time since last: 1000158012 ns, Reaching safepoint: 130294 ns, At safepoint: 8321 ns, Total: 138615 ns
[2021-04-21T09:46:25.833+0000][7][safepoint    ] Safepoint "Cleanup", Time since last: 1000163265 ns, Reaching safepoint: 203681 ns, At safepoint: 8231 ns, Total: 211912 ns
[2021-04-21T09:46:26.834+0000][7][safepoint    ] Safepoint "Cleanup", Time since last: 1000182569 ns, Reaching safepoint: 169536 ns, At safepoint: 11676 ns, Total: 181212 ns
[2021-04-21T09:46:27.834+0000][7][safepoint    ] Safepoint "Cleanup", Time since last: 1000183784 ns, Reaching safepoint: 105237 ns, At safepoint: 5152 ns, Total: 110389 ns
[2021-04-21T09:46:28.834+0000][7][safepoint    ] Safepoint "Cleanup", Time since last: 1000145515 ns, Reaching safepoint: 110935 ns, At safepoint: 3630 ns, Total: 114565 ns
[2021-04-21T09:46:29.835+0000][7][safepoint    ] Safepoint "Cleanup", Time since last: 1000159588 ns, Reaching safepoint: 162682 ns, At safepoint: 8503 ns, Total: 171185 ns
[2021-04-21T09:46:30.835+0000][7][safepoint    ] Safepoint "Cleanup", Time since last: 1000134571 ns, Reaching safepoint: 209853 ns, At safepoint: 9745 ns, Total: 219598 ns
[2021-04-21T09:46:31.835+0000][7][safepoint    ] Safepoint "Cleanup", Time since last: 1000195028 ns, Reaching safepoint: 142262 ns, At safepoint: 7205 ns, Total: 149467 ns
[2021-04-21T09:46:32.836+0000][7][safepoint    ] Safepoint "Cleanup", Time since last: 1000143476 ns, Reaching safepoint: 190195 ns, At safepoint: 9643 ns, Total: 199838 ns
[2021-04-21T09:46:33.836+0000][7][safepoint    ] Safepoint "Cleanup", Time since last: 1000164889 ns, Reaching safepoint: 151273 ns, At safepoint: 8691 ns, Total: 159964 ns
[2021-04-21T09:46:34.836+0000][7][safepoint    ] Safepoint "Cleanup", Time since last: 1000169270 ns, Reaching safepoint: 132841 ns, At safepoint: 6508 ns, Total: 139349 ns
[2021-04-21T09:46:35.837+0000][7][safepoint    ] Safepoint "Cleanup", Time since last: 1000134406 ns, Reaching safepoint: 136707 ns, At safepoint: 5869 ns, Total: 142576 ns
[2021-04-21T09:46:36.837+0000][7][safepoint    ] Safepoint "Cleanup", Time since last: 1000157593 ns, Reaching safepoint: 212896 ns, At safepoint: 5590 ns, Total: 218486 ns
[2021-04-21T09:46:37.837+0000][7][safepoint    ] Safepoint "Cleanup", Time since last: 1000161229 ns, Reaching safepoint: 165505 ns, At safepoint: 8434 ns, Total: 173939 ns
[2021-04-21T09:46:38.838+0000][7][safepoint    ] Safepoint "Cleanup", Time since last: 1000143338 ns, Reaching safepoint: 91621 ns, At safepoint: 6476 ns, Total: 98097 ns
[2021-04-21T09:46:39.838+0000][7][safepoint    ] Safepoint "Cleanup", Time since last: 1000135276 ns, Reaching safepoint: 102054 ns, At safepoint: 5900 ns, Total: 107954 ns
[2021-04-21T09:46:40.838+0000][7][safepoint    ] Safepoint "Cleanup", Time since last: 1000148366 ns, Reaching safepoint: 121704 ns, At safepoint: 22551 ns, Total: 144255 ns
[2021-04-21T09:46:41.838+0000][7][safepoint    ] Safepoint "Cleanup", Time since last: 1000138270 ns, Reaching safepoint: 133221 ns, At safepoint: 4445 ns, Total: 137666 ns
[2021-04-21T09:46:42.839+0000][7][safepoint    ] Safepoint "Cleanup", Time since last: 1000120880 ns, Reaching safepoint: 99782 ns, At safepoint: 6818 ns, Total: 106600 ns
[2021-04-21T09:46:43.839+0000][7][safepoint    ] Safepoint "Cleanup", Time since last: 1000116721 ns, Reaching safepoint: 108601 ns, At safepoint: 4604 ns, Total: 113205 ns
[2021-04-21T09:46:44.839+0000][7][safepoint    ] Safepoint "Cleanup", Time since last: 1000139739 ns, Reaching safepoint: 109088 ns, At safepoint: 5491 ns, Total: 114579 ns
[2021-04-21T09:46:45.839+0000][7][safepoint    ] Safepoint "Cleanup", Time since last: 1000119808 ns, Reaching safepoint: 104590 ns, At safepoint: 5069 ns, Total: 109659 ns
[2021-04-21T09:46:46.840+0000][7][safepoint    ] Safepoint "Cleanup", Time since last: 1000125777 ns, Reaching safepoint: 101451 ns, At safepoint: 6422 ns, Total: 107873 ns
[2021-04-21T09:46:47.840+0000][7][safepoint    ] Safepoint "Cleanup", Time since last: 1000120496 ns, Reaching safepoint: 142749 ns, At safepoint: 6165 ns, Total: 148914 ns
[2021-04-21T09:46:48.840+0000][7][safepoint    ] Safepoint "Cleanup", Time since last: 1000137150 ns, Reaching safepoint: 129452 ns, At safepoint: 6606 ns, Total: 136058 ns
[2021-04-21T09:46:49.782+0000][7][gc,start     ] GC(127) Pause Young (Concurrent Start) (G1 Evacuation Pause)
[2021-04-21T09:46:49.782+0000][7][gc,task      ] GC(127) Using 4 workers of 4 for evacuation
[2021-04-21T09:46:49.782+0000][7][gc,age       ] GC(127) Desired survivor size 1048576 bytes, new threshold 15 (max threshold 15)
[2021-04-21T09:46:49.788+0000][7][gc,age       ] GC(127) Age table with threshold 15 (max threshold 15)
[2021-04-21T09:46:49.788+0000][7][gc,age       ] GC(127) - age   1:      11840 bytes,      11840 total
[2021-04-21T09:46:49.788+0000][7][gc,age       ] GC(127) - age   2:       2536 bytes,      14376 total
[2021-04-21T09:46:49.788+0000][7][gc,age       ] GC(127) - age   3:       7712 bytes,      22088 total
[2021-04-21T09:46:49.788+0000][7][gc,age       ] GC(127) - age   4:       3344 bytes,      25432 total
[2021-04-21T09:46:49.788+0000][7][gc,age       ] GC(127) - age   5:       2136 bytes,      27568 total
[2021-04-21T09:46:49.788+0000][7][gc,age       ] GC(127) - age   6:       3768 bytes,      31336 total
[2021-04-21T09:46:49.788+0000][7][gc,age       ] GC(127) - age   7:       2440 bytes,      33776 total
[2021-04-21T09:46:49.788+0000][7][gc,age       ] GC(127) - age   8:       6240 bytes,      40016 total
[2021-04-21T09:46:49.788+0000][7][gc,age       ] GC(127) - age   9:       3848 bytes,      43864 total
[2021-04-21T09:46:49.788+0000][7][gc,age       ] GC(127) - age  10:       3096 bytes,      46960 total
[2021-04-21T09:46:49.788+0000][7][gc,age       ] GC(127) - age  11:      54488 bytes,     101448 total
[2021-04-21T09:46:49.788+0000][7][gc,age       ] GC(127) - age  12:     106856 bytes,     208304 total
[2021-04-21T09:46:49.788+0000][7][gc,age       ] GC(127) - age  13:     166640 bytes,     374944 total
[2021-04-21T09:46:49.788+0000][7][gc,age       ] GC(127) - age  14:     366968 bytes,     741912 total
[2021-04-21T09:46:49.788+0000][7][gc,phases    ] GC(127)   Pre Evacuate Collection Set: 0.6ms
[2021-04-21T09:46:49.788+0000][7][gc,phases    ] GC(127)   Merge Heap Roots: 0.1ms
[2021-04-21T09:46:49.788+0000][7][gc,phases    ] GC(127)   Evacuate Collection Set: 3.9ms
[2021-04-21T09:46:49.788+0000][7][gc,phases    ] GC(127)   Post Evacuate Collection Set: 0.6ms
[2021-04-21T09:46:49.788+0000][7][gc,phases    ] GC(127)   Other: 0.5ms
[2021-04-21T09:46:49.788+0000][7][gc,heap      ] GC(127) Eden regions: 15->0(15)
[2021-04-21T09:46:49.788+0000][7][gc,heap      ] GC(127) Survivor regions: 1->1(2)
[2021-04-21T09:46:49.788+0000][7][gc,heap      ] GC(127) Old regions: 70->70
[2021-04-21T09:46:49.788+0000][7][gc,heap      ] GC(127) Archive regions: 2->2
[2021-04-21T09:46:49.788+0000][7][gc,heap      ] GC(127) Humongous regions: 7->7
[2021-04-21T09:46:49.788+0000][7][gc,metaspace ] GC(127) Metaspace: 89587K(96764K)->89587K(96764K) NonClass: 77556K(81840K)->77556K(81840K) Class: 12030K(14924K)->12030K(14924K)
[2021-04-21T09:46:49.788+0000][7][gc           ] GC(127) Pause Young (Concurrent Start) (G1 Evacuation Pause) 93M->78M(128M) 5.677ms
[2021-04-21T09:46:49.788+0000][7][gc,cpu       ] GC(127) User=0.01s Sys=0.01s Real=0.01s
[2021-04-21T09:46:49.788+0000][7][gc           ] GC(128) Concurrent Cycle
[2021-04-21T09:46:49.788+0000][7][safepoint    ] Safepoint "G1CollectForAllocation", Time since last: 942051778 ns, Reaching safepoint: 128770 ns, At safepoint: 5767198 ns, Total: 5895968 ns
[2021-04-21T09:46:49.788+0000][7][gc,marking   ] GC(128) Concurrent Clear Claimed Marks
[2021-04-21T09:46:49.789+0000][7][gc,marking   ] GC(128) Concurrent Clear Claimed Marks 0.510ms
[2021-04-21T09:46:49.789+0000][7][gc,marking   ] GC(128) Concurrent Scan Root Regions
[2021-04-21T09:46:49.791+0000][7][gc,marking   ] GC(128) Concurrent Scan Root Regions 2.210ms
[2021-04-21T09:46:49.791+0000][7][gc,marking   ] GC(128) Concurrent Mark (417.964s)
[2021-04-21T09:46:49.791+0000][7][gc,marking   ] GC(128) Concurrent Mark From Roots
[2021-04-21T09:46:49.791+0000][7][gc,task      ] GC(128) Using 1 workers of 1 for marking
[2021-04-21T09:46:49.897+0000][7][gc,marking   ] GC(128) Concurrent Mark From Roots 106.072ms
[2021-04-21T09:46:49.897+0000][7][gc,marking   ] GC(128) Concurrent Preclean
[2021-04-21T09:46:49.897+0000][7][gc,marking   ] GC(128) Concurrent Preclean 0.152ms
[2021-04-21T09:46:49.897+0000][7][gc,marking   ] GC(128) Concurrent Mark (417.964s, 418.070s) 106.305ms
[2021-04-21T09:46:49.897+0000][7][gc,start     ] GC(128) Pause Remark
[2021-04-21T09:46:49.903+0000][7][gc           ] GC(128) Pause Remark 78M->78M(128M) 5.211ms
[2021-04-21T09:46:49.903+0000][7][gc,cpu       ] GC(128) User=0.02s Sys=0.00s Real=0.01s
[2021-04-21T09:46:49.903+0000][7][safepoint    ] Safepoint "G1Concurrent", Time since last: 109157104 ns, Reaching safepoint: 95534 ns, At safepoint: 5301610 ns, Total: 5397144 ns
[2021-04-21T09:46:49.903+0000][7][gc,marking   ] GC(128) Concurrent Rebuild Remembered Sets
[2021-04-21T09:46:49.990+0000][7][gc,marking   ] GC(128) Concurrent Rebuild Remembered Sets 87.632ms
[2021-04-21T09:46:49.990+0000][7][gc,start     ] GC(128) Pause Cleanup
[2021-04-21T09:46:49.991+0000][7][gc           ] GC(128) Pause Cleanup 78M->78M(128M) 0.177ms
[2021-04-21T09:46:49.991+0000][7][gc,cpu       ] GC(128) User=0.00s Sys=0.00s Real=0.00s
[2021-04-21T09:46:49.991+0000][7][safepoint    ] Safepoint "G1Concurrent", Time since last: 87726484 ns, Reaching safepoint: 109751 ns, At safepoint: 248348 ns, Total: 358099 ns
[2021-04-21T09:46:49.991+0000][7][gc,marking   ] GC(128) Concurrent Cleanup for Next Mark
[2021-04-21T09:46:49.991+0000][7][gc,marking   ] GC(128) Concurrent Cleanup for Next Mark 0.287ms
[2021-04-21T09:46:49.991+0000][7][gc           ] GC(128) Concurrent Cycle 202.993ms
[2021-04-21T09:46:50.991+0000][7][safepoint    ] Safepoint "Cleanup", Time since last: 1000089371 ns, Reaching safepoint: 119463 ns, At safepoint: 11165 ns, Total: 130628 ns
[2021-04-21T09:46:51.991+0000][7][safepoint    ] Safepoint "Cleanup", Time since last: 1000136473 ns, Reaching safepoint: 158880 ns, At safepoint: 6695 ns, Total: 165575 ns
[2021-04-21T09:46:52.992+0000][7][safepoint    ] Safepoint "Cleanup", Time since last: 1000150582 ns, Reaching safepoint: 184408 ns, At safepoint: 10894 ns, Total: 195302 ns
[2021-04-21T09:46:53.992+0000][7][safepoint    ] Safepoint "Cleanup", Time since last: 1000200577 ns, Reaching safepoint: 184673 ns, At safepoint: 11304 ns, Total: 195977 ns
[2021-04-21T09:46:54.992+0000][7][safepoint    ] Safepoint "Cleanup", Time since last: 1000146752 ns, Reaching safepoint: 132780 ns, At safepoint: 6986 ns, Total: 139766 ns
[2021-04-21T09:46:55.992+0000][7][safepoint    ] Safepoint "Cleanup", Time since last: 1000133177 ns, Reaching safepoint: 122061 ns, At safepoint: 5920 ns, Total: 127981 ns
[2021-04-21T09:46:56.993+0000][7][safepoint    ] Safepoint "Cleanup", Time since last: 1000159498 ns, Reaching safepoint: 165170 ns, At safepoint: 10215 ns, Total: 175385 ns
[2021-04-21T09:46:57.993+0000][7][safepoint    ] Safepoint "Cleanup", Time since last: 1000164924 ns, Reaching safepoint: 205123 ns, At safepoint: 10184 ns, Total: 215307 ns
[2021-04-21T09:46:58.993+0000][7][safepoint    ] Safepoint "Cleanup", Time since last: 1000165533 ns, Reaching safepoint: 131623 ns, At safepoint: 5942 ns, Total: 137565 ns
[2021-04-21T09:46:59.994+0000][7][safepoint    ] Safepoint "Cleanup", Time since last: 1000139626 ns, Reaching safepoint: 150525 ns, At safepoint: 12802 ns, Total: 163327 ns
[2021-04-21T09:47:00.994+0000][7][safepoint    ] Safepoint "Cleanup", Time since last: 1000165385 ns, Reaching safepoint: 184010 ns, At safepoint: 11833 ns, Total: 195843 ns
[2021-04-21T09:47:01.994+0000][7][safepoint    ] Safepoint "Cleanup", Time since last: 1000160588 ns, Reaching safepoint: 137653 ns, At safepoint: 6111 ns, Total: 143764 ns
[2021-04-21T09:47:02.995+0000][7][safepoint    ] Safepoint "Cleanup", Time since last: 1000172236 ns, Reaching safepoint: 138008 ns, At safepoint: 8796 ns, Total: 146804 ns
[2021-04-21T09:47:03.995+0000][7][safepoint    ] Safepoint "Cleanup", Time since last: 1000180443 ns, Reaching safepoint: 168622 ns, At safepoint: 11712 ns, Total: 180334 ns
[2021-04-21T09:47:04.995+0000][7][safepoint    ] Safepoint "Cleanup", Time since last: 1000160499 ns, Reaching safepoint: 89663 ns, At safepoint: 3421 ns, Total: 93084 ns
[2021-04-21T09:47:05.996+0000][7][safepoint    ] Safepoint "Cleanup", Time since last: 1000149050 ns, Reaching safepoint: 172105 ns, At safepoint: 11232 ns, Total: 183337 ns
[2021-04-21T09:47:06.996+0000][7][safepoint    ] Safepoint "Cleanup", Time since last: 1000207789 ns, Reaching safepoint: 175369 ns, At safepoint: 10863 ns, Total: 186232 ns
[2021-04-21T09:47:07.996+0000][7][safepoint    ] Safepoint "Cleanup", Time since last: 1000176040 ns, Reaching safepoint: 132532 ns, At safepoint: 7736 ns, Total: 140268 ns
[2021-04-21T09:47:08.997+0000][7][safepoint    ] Safepoint "Cleanup", Time since last: 1000162232 ns, Reaching safepoint: 157941 ns, At safepoint: 11633 ns, Total: 169574 ns
[2021-04-21T09:47:09.997+0000][7][safepoint    ] Safepoint "Cleanup", Time since last: 1000191243 ns, Reaching safepoint: 207806 ns, At safepoint: 13498 ns, Total: 221304 ns
[2021-04-21T09:47:10.998+0000][7][safepoint    ] Safepoint "Cleanup", Time since last: 1000184476 ns, Reaching safepoint: 194776 ns, At safepoint: 11276 ns, Total: 206052 ns
[2021-04-21T09:47:11.998+0000][7][safepoint    ] Safepoint "Cleanup", Time since last: 1000179423 ns, Reaching safepoint: 125409 ns, At safepoint: 5226 ns, Total: 130635 ns
[2021-04-21T09:47:12.998+0000][7][safepoint    ] Safepoint "Cleanup", Time since last: 1000127019 ns, Reaching safepoint: 206694 ns, At safepoint: 11400 ns, Total: 218094 ns
[2021-04-21T09:47:13.999+0000][7][safepoint    ] Safepoint "Cleanup", Time since last: 1000168267 ns, Reaching safepoint: 172693 ns, At safepoint: 7617 ns, Total: 180310 ns
[2021-04-21T09:47:14.999+0000][7][safepoint    ] Safepoint "Cleanup", Time since last: 1000143602 ns, Reaching safepoint: 197243 ns, At safepoint: 9045 ns, Total: 206288 ns
[2021-04-21T09:47:15.999+0000][7][safepoint    ] Safepoint "Cleanup", Time since last: 1000168577 ns, Reaching safepoint: 181207 ns, At safepoint: 17088 ns, Total: 198295 ns
[2021-04-21T09:47:17.000+0000][7][safepoint    ] Safepoint "Cleanup", Time since last: 1000160231 ns, Reaching safepoint: 131848 ns, At safepoint: 7247 ns, Total: 139095 ns
[2021-04-21T09:47:18.000+0000][7][safepoint    ] Safepoint "Cleanup", Time since last: 1000149275 ns, Reaching safepoint: 185981 ns, At safepoint: 8009 ns, Total: 193990 ns
[2021-04-21T09:47:19.000+0000][7][safepoint    ] Safepoint "Cleanup", Time since last: 1000197856 ns, Reaching safepoint: 170359 ns, At safepoint: 7952 ns, Total: 178311 ns
[2021-04-21T09:47:20.001+0000][7][safepoint    ] Safepoint "Cleanup", Time since last: 1000176589 ns, Reaching safepoint: 224264 ns, At safepoint: 22142 ns, Total: 246406 ns
[2021-04-21T09:47:21.001+0000][7][safepoint    ] Safepoint "Cleanup", Time since last: 1000157613 ns, Reaching safepoint: 147798 ns, At safepoint: 8707 ns, Total: 156505 ns
[2021-04-21T09:47:22.001+0000][7][safepoint    ] Safepoint "Cleanup", Time since last: 1000166865 ns, Reaching safepoint: 125579 ns, At safepoint: 3842 ns, Total: 129421 ns
[2021-04-21T09:47:23.002+0000][7][safepoint    ] Safepoint "Cleanup", Time since last: 1000131136 ns, Reaching safepoint: 111658 ns, At safepoint: 5817 ns, Total: 117475 ns
[2021-04-21T09:47:23.544+0000][7][gc,start     ] GC(129) Pause Young (Normal) (G1 Evacuation Pause)
[2021-04-21T09:47:23.544+0000][7][gc,task      ] GC(129) Using 4 workers of 4 for evacuation
[2021-04-21T09:47:23.544+0000][7][gc,age       ] GC(129) Desired survivor size 1048576 bytes, new threshold 15 (max threshold 15)
[2021-04-21T09:47:23.551+0000][7][gc,age       ] GC(129) Age table with threshold 15 (max threshold 15)
[2021-04-21T09:47:23.551+0000][7][gc,age       ] GC(129) - age   1:      19456 bytes,      19456 total
[2021-04-21T09:47:23.551+0000][7][gc,age       ] GC(129) - age   2:       2304 bytes,      21760 total
[2021-04-21T09:47:23.551+0000][7][gc,age       ] GC(129) - age   3:       1880 bytes,      23640 total
[2021-04-21T09:47:23.551+0000][7][gc,age       ] GC(129) - age   4:       7712 bytes,      31352 total
[2021-04-21T09:47:23.551+0000][7][gc,age       ] GC(129) - age   5:       3344 bytes,      34696 total
[2021-04-21T09:47:23.551+0000][7][gc,age       ] GC(129) - age   6:       2136 bytes,      36832 total
[2021-04-21T09:47:23.551+0000][7][gc,age       ] GC(129) - age   7:       3768 bytes,      40600 total
[2021-04-21T09:47:23.551+0000][7][gc,age       ] GC(129) - age   8:       2440 bytes,      43040 total
[2021-04-21T09:47:23.551+0000][7][gc,age       ] GC(129) - age   9:       6240 bytes,      49280 total
[2021-04-21T09:47:23.551+0000][7][gc,age       ] GC(129) - age  10:       3848 bytes,      53128 total
[2021-04-21T09:47:23.551+0000][7][gc,age       ] GC(129) - age  11:       3096 bytes,      56224 total
[2021-04-21T09:47:23.551+0000][7][gc,age       ] GC(129) - age  12:      54488 bytes,     110712 total
[2021-04-21T09:47:23.551+0000][7][gc,age       ] GC(129) - age  13:     106856 bytes,     217568 total
[2021-04-21T09:47:23.551+0000][7][gc,age       ] GC(129) - age  14:     166640 bytes,     384208 total
[2021-04-21T09:47:23.551+0000][7][gc,age       ] GC(129) - age  15:     366968 bytes,     751176 total
[2021-04-21T09:47:23.551+0000][7][gc,phases    ] GC(129)   Pre Evacuate Collection Set: 0.1ms
[2021-04-21T09:47:23.551+0000][7][gc,phases    ] GC(129)   Merge Heap Roots: 0.2ms
[2021-04-21T09:47:23.551+0000][7][gc,phases    ] GC(129)   Evacuate Collection Set: 5.7ms
[2021-04-21T09:47:23.551+0000][7][gc,phases    ] GC(129)   Post Evacuate Collection Set: 0.6ms
[2021-04-21T09:47:23.551+0000][7][gc,phases    ] GC(129)   Other: 0.5ms
[2021-04-21T09:47:23.551+0000][7][gc,heap      ] GC(129) Eden regions: 15->0(15)
[2021-04-21T09:47:23.551+0000][7][gc,heap      ] GC(129) Survivor regions: 1->1(2)
[2021-04-21T09:47:23.551+0000][7][gc,heap      ] GC(129) Old regions: 70->70
[2021-04-21T09:47:23.551+0000][7][gc,heap      ] GC(129) Archive regions: 2->2
[2021-04-21T09:47:23.552+0000][7][gc,heap      ] GC(129) Humongous regions: 7->7
[2021-04-21T09:47:23.552+0000][7][gc,metaspace ] GC(129) Metaspace: 89611K(96764K)->89611K(96764K) NonClass: 77580K(81840K)->77580K(81840K) Class: 12030K(14924K)->12030K(14924K)
[2021-04-21T09:47:23.552+0000][7][gc           ] GC(129) Pause Young (Normal) (G1 Evacuation Pause) 93M->78M(128M) 7.297ms
[2021-04-21T09:47:23.552+0000][7][gc,cpu       ] GC(129) User=0.01s Sys=0.00s Real=0.01s
[2021-04-21T09:47:23.552+0000][7][safepoint    ] Safepoint "G1CollectForAllocation", Time since last: 542386003 ns, Reaching safepoint: 225577 ns, At safepoint: 7412035 ns, Total: 7637612 ns
[2021-04-21T09:47:24.552+0000][7][safepoint    ] Safepoint "Cleanup", Time since last: 1000098273 ns, Reaching safepoint: 111828 ns, At safepoint: 4783 ns, Total: 116611 ns
[2021-04-21T09:47:25.552+0000][7][safepoint    ] Safepoint "Cleanup", Time since last: 1000141772 ns, Reaching safepoint: 180644 ns, At safepoint: 12113 ns, Total: 192757 ns
[2021-04-21T09:47:26.553+0000][7][safepoint    ] Safepoint "Cleanup", Time since last: 1000171794 ns, Reaching safepoint: 170729 ns, At safepoint: 8990 ns, Total: 179719 ns
[2021-04-21T09:47:27.553+0000][7][safepoint    ] Safepoint "Cleanup", Time since last: 1000144264 ns, Reaching safepoint: 85075 ns, At safepoint: 3546 ns, Total: 88621 ns
[2021-04-21T09:47:28.553+0000][7][safepoint    ] Safepoint "Cleanup", Time since last: 1000120452 ns, Reaching safepoint: 136548 ns, At safepoint: 6704 ns, Total: 143252 ns
[2021-04-21T09:47:29.553+0000][7][safepoint    ] Safepoint "Cleanup", Time since last: 1000140647 ns, Reaching safepoint: 88089 ns, At safepoint: 3550 ns, Total: 91639 ns
[2021-04-21T09:47:30.554+0000][7][safepoint    ] Safepoint "Cleanup", Time since last: 1000143957 ns, Reaching safepoint: 141240 ns, At safepoint: 7400 ns, Total: 148640 ns
[2021-04-21T09:47:31.554+0000][7][safepoint    ] Safepoint "Cleanup", Time since last: 1000184983 ns, Reaching safepoint: 145009 ns, At safepoint: 10163 ns, Total: 155172 ns
[2021-04-21T09:47:32.554+0000][7][safepoint    ] Safepoint "Cleanup", Time since last: 1000188027 ns, Reaching safepoint: 178497 ns, At safepoint: 10129 ns, Total: 188626 ns
[2021-04-21T09:47:33.555+0000][7][safepoint    ] Safepoint "Cleanup", Time since last: 1000190580 ns, Reaching safepoint: 158894 ns, At safepoint: 6810 ns, Total: 165704 ns
[2021-04-21T09:47:34.555+0000][7][safepoint    ] Safepoint "Cleanup", Time since last: 1000181962 ns, Reaching safepoint: 177735 ns, At safepoint: 11100 ns, Total: 188835 ns
[2021-04-21T09:47:35.555+0000][7][safepoint    ] Safepoint "Cleanup", Time since last: 1000188802 ns, Reaching safepoint: 174861 ns, At safepoint: 7535 ns, Total: 182396 ns
[2021-04-21T09:47:36.556+0000][7][safepoint    ] Safepoint "Cleanup", Time since last: 1000169082 ns, Reaching safepoint: 159748 ns, At safepoint: 11619 ns, Total: 171367 ns
[2021-04-21T09:47:37.556+0000][7][safepoint    ] Safepoint "Cleanup", Time since last: 1000181983 ns, Reaching safepoint: 197863 ns, At safepoint: 9157 ns, Total: 207020 ns
[2021-04-21T09:47:38.556+0000][7][safepoint    ] Safepoint "Cleanup", Time since last: 1000171564 ns, Reaching safepoint: 187103 ns, At safepoint: 10632 ns, Total: 197735 ns
[2021-04-21T09:47:39.557+0000][7][safepoint    ] Safepoint "Cleanup", Time since last: 1000145890 ns, Reaching safepoint: 161530 ns, At safepoint: 7713 ns, Total: 169243 ns
[2021-04-21T09:47:40.557+0000][7][safepoint    ] Safepoint "Cleanup", Time since last: 1000170636 ns, Reaching safepoint: 185367 ns, At safepoint: 9001 ns, Total: 194368 ns
[2021-04-21T09:47:41.557+0000][7][safepoint    ] Safepoint "Cleanup", Time since last: 1000191686 ns, Reaching safepoint: 132090 ns, At safepoint: 5821 ns, Total: 137911 ns
[2021-04-21T09:47:42.558+0000][7][safepoint    ] Safepoint "Cleanup", Time since last: 1000169661 ns, Reaching safepoint: 151429 ns, At safepoint: 7314 ns, Total: 158743 ns
[2021-04-21T09:47:43.558+0000][7][safepoint    ] Safepoint "Cleanup", Time since last: 1000151453 ns, Reaching safepoint: 140154 ns, At safepoint: 10081 ns, Total: 150235 ns
[2021-04-21T09:47:44.558+0000][7][safepoint    ] Safepoint "Cleanup", Time since last: 1000145270 ns, Reaching safepoint: 174065 ns, At safepoint: 8563 ns, Total: 182628 ns
[2021-04-21T09:47:45.559+0000][7][safepoint    ] Safepoint "Cleanup", Time since last: 1000176529 ns, Reaching safepoint: 120446 ns, At safepoint: 5964 ns, Total: 126410 ns
[2021-04-21T09:47:46.559+0000][7][safepoint    ] Safepoint "Cleanup", Time since last: 1000166531 ns, Reaching safepoint: 190015 ns, At safepoint: 10699 ns, Total: 200714 ns
[2021-04-21T09:47:47.559+0000][7][safepoint    ] Safepoint "Cleanup", Time since last: 1000155347 ns, Reaching safepoint: 108832 ns, At safepoint: 4456 ns, Total: 113288 ns
[2021-04-21T09:47:48.560+0000][7][safepoint    ] Safepoint "Cleanup", Time since last: 1000177672 ns, Reaching safepoint: 160811 ns, At safepoint: 8365 ns, Total: 169176 ns
[2021-04-21T09:47:49.560+0000][7][safepoint    ] Safepoint "Cleanup", Time since last: 1000189309 ns, Reaching safepoint: 143954 ns, At safepoint: 9425 ns, Total: 153379 ns
[2021-04-21T09:47:50.560+0000][7][safepoint    ] Safepoint "Cleanup", Time since last: 1000189205 ns, Reaching safepoint: 153033 ns, At safepoint: 10183 ns, Total: 163216 ns
[2021-04-21T09:47:51.561+0000][7][safepoint    ] Safepoint "Cleanup", Time since last: 1000173474 ns, Reaching safepoint: 161567 ns, At safepoint: 7240 ns, Total: 168807 ns
[2021-04-21T09:47:52.561+0000][7][safepoint    ] Safepoint "Cleanup", Time since last: 1000161826 ns, Reaching safepoint: 138477 ns, At safepoint: 8505 ns, Total: 146982 ns
[2021-04-21T09:47:53.561+0000][7][safepoint    ] Safepoint "Cleanup", Time since last: 1000178630 ns, Reaching safepoint: 194552 ns, At safepoint: 8853 ns, Total: 203405 ns
[2021-04-21T09:47:54.562+0000][7][safepoint    ] Safepoint "Cleanup", Time since last: 1000161952 ns, Reaching safepoint: 185129 ns, At safepoint: 15041 ns, Total: 200170 ns
[2021-04-21T09:47:54.832+0000][7][gc,start     ] GC(130) Pause Young (Concurrent Start) (G1 Evacuation Pause)
[2021-04-21T09:47:54.832+0000][7][gc,task      ] GC(130) Using 4 workers of 4 for evacuation
[2021-04-21T09:47:54.832+0000][7][gc,age       ] GC(130) Desired survivor size 1048576 bytes, new threshold 15 (max threshold 15)
[2021-04-21T09:47:54.837+0000][7][gc,age       ] GC(130) Age table with threshold 15 (max threshold 15)
[2021-04-21T09:47:54.837+0000][7][gc,age       ] GC(130) - age   1:      10344 bytes,      10344 total
[2021-04-21T09:47:54.837+0000][7][gc,age       ] GC(130) - age   2:       2680 bytes,      13024 total
[2021-04-21T09:47:54.837+0000][7][gc,age       ] GC(130) - age   3:       2000 bytes,      15024 total
[2021-04-21T09:47:54.837+0000][7][gc,age       ] GC(130) - age   4:       1880 bytes,      16904 total
[2021-04-21T09:47:54.837+0000][7][gc,age       ] GC(130) - age   5:       7712 bytes,      24616 total
[2021-04-21T09:47:54.837+0000][7][gc,age       ] GC(130) - age   6:       3344 bytes,      27960 total
[2021-04-21T09:47:54.837+0000][7][gc,age       ] GC(130) - age   7:       2136 bytes,      30096 total
[2021-04-21T09:47:54.837+0000][7][gc,age       ] GC(130) - age   8:       3768 bytes,      33864 total
[2021-04-21T09:47:54.837+0000][7][gc,age       ] GC(130) - age   9:       2440 bytes,      36304 total
[2021-04-21T09:47:54.837+0000][7][gc,age       ] GC(130) - age  10:       6240 bytes,      42544 total
[2021-04-21T09:47:54.837+0000][7][gc,age       ] GC(130) - age  11:       3848 bytes,      46392 total
[2021-04-21T09:47:54.837+0000][7][gc,age       ] GC(130) - age  12:       3096 bytes,      49488 total
[2021-04-21T09:47:54.837+0000][7][gc,age       ] GC(130) - age  13:      54488 bytes,     103976 total
[2021-04-21T09:47:54.837+0000][7][gc,age       ] GC(130) - age  14:     106856 bytes,     210832 total
[2021-04-21T09:47:54.837+0000][7][gc,age       ] GC(130) - age  15:     166640 bytes,     377472 total
[2021-04-21T09:47:54.837+0000][7][gc,phases    ] GC(130)   Pre Evacuate Collection Set: 0.7ms
[2021-04-21T09:47:54.837+0000][7][gc,phases    ] GC(130)   Merge Heap Roots: 0.1ms
[2021-04-21T09:47:54.837+0000][7][gc,phases    ] GC(130)   Evacuate Collection Set: 3.5ms
[2021-04-21T09:47:54.837+0000][7][gc,phases    ] GC(130)   Post Evacuate Collection Set: 0.6ms
[2021-04-21T09:47:54.837+0000][7][gc,phases    ] GC(130)   Other: 0.5ms
[2021-04-21T09:47:54.837+0000][7][gc,heap      ] GC(130) Eden regions: 15->0(14)
[2021-04-21T09:47:54.837+0000][7][gc,heap      ] GC(130) Survivor regions: 1->1(2)
[2021-04-21T09:47:54.837+0000][7][gc,heap      ] GC(130) Old regions: 70->71
[2021-04-21T09:47:54.837+0000][7][gc,heap      ] GC(130) Archive regions: 2->2
[2021-04-21T09:47:54.837+0000][7][gc,heap      ] GC(130) Humongous regions: 7->7
[2021-04-21T09:47:54.837+0000][7][gc,metaspace ] GC(130) Metaspace: 89642K(96764K)->89642K(96764K) NonClass: 77611K(81840K)->77611K(81840K) Class: 12030K(14924K)->12030K(14924K)
[2021-04-21T09:47:54.837+0000][7][gc           ] GC(130) Pause Young (Concurrent Start) (G1 Evacuation Pause) 93M->78M(128M) 5.498ms
[2021-04-21T09:47:54.837+0000][7][gc,cpu       ] GC(130) User=0.01s Sys=0.00s Real=0.00s
[2021-04-21T09:47:54.837+0000][7][safepoint    ] Safepoint "G1CollectForAllocation", Time since last: 269647732 ns, Reaching safepoint: 195591 ns, At safepoint: 5599802 ns, Total: 5795393 ns
[2021-04-21T09:47:54.837+0000][7][gc           ] GC(131) Concurrent Cycle
[2021-04-21T09:47:54.837+0000][7][gc,marking   ] GC(131) Concurrent Clear Claimed Marks
[2021-04-21T09:47:54.838+0000][7][gc,marking   ] GC(131) Concurrent Clear Claimed Marks 0.467ms
[2021-04-21T09:47:54.838+0000][7][gc,marking   ] GC(131) Concurrent Scan Root Regions
[2021-04-21T09:47:54.840+0000][7][gc,marking   ] GC(131) Concurrent Scan Root Regions 1.968ms
[2021-04-21T09:47:54.840+0000][7][gc,marking   ] GC(131) Concurrent Mark (483.013s)
[2021-04-21T09:47:54.840+0000][7][gc,marking   ] GC(131) Concurrent Mark From Roots
[2021-04-21T09:47:54.840+0000][7][gc,task      ] GC(131) Using 1 workers of 1 for marking
[2021-04-21T09:47:54.943+0000][7][gc,marking   ] GC(131) Concurrent Mark From Roots 103.663ms
[2021-04-21T09:47:54.943+0000][7][gc,marking   ] GC(131) Concurrent Preclean
[2021-04-21T09:47:54.944+0000][7][gc,marking   ] GC(131) Concurrent Preclean 0.188ms
[2021-04-21T09:47:54.944+0000][7][gc,marking   ] GC(131) Concurrent Mark (483.013s, 483.117s) 103.929ms
[2021-04-21T09:47:54.944+0000][7][gc,start     ] GC(131) Pause Remark
[2021-04-21T09:47:54.950+0000][7][gc           ] GC(131) Pause Remark 79M->79M(128M) 6.638ms
[2021-04-21T09:47:54.951+0000][7][gc,cpu       ] GC(131) User=0.01s Sys=0.01s Real=0.01s
[2021-04-21T09:47:54.951+0000][7][safepoint    ] Safepoint "G1Concurrent", Time since last: 106507722 ns, Reaching safepoint: 97607 ns, At safepoint: 6729354 ns, Total: 6826961 ns
[2021-04-21T09:47:54.951+0000][7][gc,marking   ] GC(131) Concurrent Rebuild Remembered Sets
[2021-04-21T09:47:55.030+0000][7][gc,marking   ] GC(131) Concurrent Rebuild Remembered Sets 79.766ms
[2021-04-21T09:47:55.031+0000][7][gc,start     ] GC(131) Pause Cleanup
[2021-04-21T09:47:55.031+0000][7][gc           ] GC(131) Pause Cleanup 79M->79M(128M) 0.205ms
[2021-04-21T09:47:55.031+0000][7][gc,cpu       ] GC(131) User=0.00s Sys=0.00s Real=0.00s
[2021-04-21T09:47:55.031+0000][7][safepoint    ] Safepoint "G1Concurrent", Time since last: 79866158 ns, Reaching safepoint: 463005 ns, At safepoint: 264312 ns, Total: 727317 ns
[2021-04-21T09:47:55.031+0000][7][gc,marking   ] GC(131) Concurrent Cleanup for Next Mark
[2021-04-21T09:47:55.031+0000][7][gc,marking   ] GC(131) Concurrent Cleanup for Next Mark 0.266ms
[2021-04-21T09:47:55.031+0000][7][gc           ] GC(131) Concurrent Cycle 194.252ms
[2021-04-21T09:47:56.031+0000][7][safepoint    ] Safepoint "Cleanup", Time since last: 1000084846 ns, Reaching safepoint: 132216 ns, At safepoint: 6456 ns, Total: 138672 ns
[2021-04-21T09:47:57.032+0000][7][safepoint    ] Safepoint "Cleanup", Time since last: 1000142281 ns, Reaching safepoint: 93478 ns, At safepoint: 4296 ns, Total: 97774 ns
[2021-04-21T09:47:58.032+0000][7][safepoint    ] Safepoint "Cleanup", Time since last: 1000113596 ns, Reaching safepoint: 138401 ns, At safepoint: 6585 ns, Total: 144986 ns
[2021-04-21T09:47:59.032+0000][7][safepoint    ] Safepoint "Cleanup", Time since last: 1000159082 ns, Reaching safepoint: 142097 ns, At safepoint: 6240 ns, Total: 148337 ns
[2021-04-21T09:48:00.033+0000][7][safepoint    ] Safepoint "Cleanup", Time since last: 1000177094 ns, Reaching safepoint: 143044 ns, At safepoint: 6982 ns, Total: 150026 ns
[2021-04-21T09:48:01.033+0000][7][safepoint    ] Safepoint "Cleanup", Time since last: 1000180848 ns, Reaching safepoint: 170797 ns, At safepoint: 9705 ns, Total: 180502 ns
[2021-04-21T09:48:02.033+0000][7][safepoint    ] Safepoint "Cleanup", Time since last: 1000158790 ns, Reaching safepoint: 133771 ns, At safepoint: 6897 ns, Total: 140668 ns
[2021-04-21T09:48:03.034+0000][7][safepoint    ] Safepoint "Cleanup", Time since last: 1000142746 ns, Reaching safepoint: 172362 ns, At safepoint: 11704 ns, Total: 184066 ns
[2021-04-21T09:48:04.034+0000][7][safepoint    ] Safepoint "Cleanup", Time since last: 1000146052 ns, Reaching safepoint: 109895 ns, At safepoint: 3614 ns, Total: 113509 ns
[2021-04-21T09:48:05.034+0000][7][safepoint    ] Safepoint "Cleanup", Time since last: 1000201810 ns, Reaching safepoint: 169851 ns, At safepoint: 7835 ns, Total: 177686 ns
[2021-04-21T09:48:06.034+0000][7][safepoint    ] Safepoint "Cleanup", Time since last: 1000198664 ns, Reaching safepoint: 113221 ns, At safepoint: 5992 ns, Total: 119213 ns
[2021-04-21T09:48:07.035+0000][7][safepoint    ] Safepoint "Cleanup", Time since last: 1000136181 ns, Reaching safepoint: 159788 ns, At safepoint: 8014 ns, Total: 167802 ns
[2021-04-21T09:48:08.035+0000][7][safepoint    ] Safepoint "Cleanup", Time since last: 1000179817 ns, Reaching safepoint: 159475 ns, At safepoint: 6826 ns, Total: 166301 ns
[2021-04-21T09:48:09.036+0000][7][safepoint    ] Safepoint "Cleanup", Time since last: 1000183486 ns, Reaching safepoint: 201977 ns, At safepoint: 13966 ns, Total: 215943 ns
[2021-04-21T09:48:10.036+0000][7][safepoint    ] Safepoint "Cleanup", Time since last: 1000182994 ns, Reaching safepoint: 161053 ns, At safepoint: 10220 ns, Total: 171273 ns
[2021-04-21T09:48:11.036+0000][7][safepoint    ] Safepoint "Cleanup", Time since last: 1000166524 ns, Reaching safepoint: 111641 ns, At safepoint: 10791 ns, Total: 122432 ns
[2021-04-21T09:48:12.036+0000][7][safepoint    ] Safepoint "Cleanup", Time since last: 1000164114 ns, Reaching safepoint: 149808 ns, At safepoint: 9823 ns, Total: 159631 ns
[2021-04-21T09:48:13.037+0000][7][safepoint    ] Safepoint "Cleanup", Time since last: 1000153118 ns, Reaching safepoint: 93091 ns, At safepoint: 6703 ns, Total: 99794 ns
[2021-04-21T09:48:14.037+0000][7][safepoint    ] Safepoint "Cleanup", Time since last: 1000140272 ns, Reaching safepoint: 180740 ns, At safepoint: 29980 ns, Total: 210720 ns
[2021-04-21T09:48:15.038+0000][7][safepoint    ] Safepoint "Cleanup", Time since last: 1000204557 ns, Reaching safepoint: 206823 ns, At safepoint: 13401 ns, Total: 220224 ns
[2021-04-21T09:48:16.038+0000][7][safepoint    ] Safepoint "Cleanup", Time since last: 1000197128 ns, Reaching safepoint: 154777 ns, At safepoint: 6552 ns, Total: 161329 ns
[2021-04-21T09:48:17.038+0000][7][safepoint    ] Safepoint "Cleanup", Time since last: 1000155735 ns, Reaching safepoint: 209162 ns, At safepoint: 10733 ns, Total: 219895 ns
[2021-04-21T09:48:18.039+0000][7][safepoint    ] Safepoint "Cleanup", Time since last: 1000172124 ns, Reaching safepoint: 92954 ns, At safepoint: 6649 ns, Total: 99603 ns
[2021-04-21T09:48:19.039+0000][7][safepoint    ] Safepoint "Cleanup", Time since last: 1000135057 ns, Reaching safepoint: 135236 ns, At safepoint: 8856 ns, Total: 144092 ns
[2021-04-21T09:48:20.039+0000][7][safepoint    ] Safepoint "Cleanup", Time since last: 1000175732 ns, Reaching safepoint: 140607 ns, At safepoint: 10181 ns, Total: 150788 ns
[2021-04-21T09:48:21.039+0000][7][safepoint    ] Safepoint "Cleanup", Time since last: 1000174055 ns, Reaching safepoint: 182043 ns, At safepoint: 10988 ns, Total: 193031 ns
[2021-04-21T09:48:22.040+0000][7][safepoint    ] Safepoint "Cleanup", Time since last: 1000169495 ns, Reaching safepoint: 166817 ns, At safepoint: 7941 ns, Total: 174758 ns
[2021-04-21T09:48:23.758+0000][7][safepoint    ] Safepoint "Cleanup", Time since last: 1717960130 ns, Reaching safepoint: 167911 ns, At safepoint: 8331 ns, Total: 176242 ns
[2021-04-21T09:48:24.758+0000][7][safepoint    ] Safepoint "Cleanup", Time since last: 1000171653 ns, Reaching safepoint: 222660 ns, At safepoint: 10229 ns, Total: 232889 ns
[2021-04-21T09:48:24.864+0000][7][gc,start     ] GC(132) Pause Young (Prepare Mixed) (G1 Evacuation Pause)
[2021-04-21T09:48:24.864+0000][7][gc,task      ] GC(132) Using 4 workers of 4 for evacuation
[2021-04-21T09:48:24.864+0000][7][gc,age       ] GC(132) Desired survivor size 1048576 bytes, new threshold 15 (max threshold 15)
[2021-04-21T09:48:24.869+0000][7][gc,age       ] GC(132) Age table with threshold 15 (max threshold 15)
[2021-04-21T09:48:24.869+0000][7][gc,age       ] GC(132) - age   1:      10488 bytes,      10488 total
[2021-04-21T09:48:24.869+0000][7][gc,age       ] GC(132) - age   2:       1152 bytes,      11640 total
[2021-04-21T09:48:24.869+0000][7][gc,age       ] GC(132) - age   3:       1912 bytes,      13552 total
[2021-04-21T09:48:24.869+0000][7][gc,age       ] GC(132) - age   4:       2000 bytes,      15552 total
[2021-04-21T09:48:24.869+0000][7][gc,age       ] GC(132) - age   5:       1880 bytes,      17432 total
[2021-04-21T09:48:24.869+0000][7][gc,age       ] GC(132) - age   6:       7712 bytes,      25144 total
[2021-04-21T09:48:24.869+0000][7][gc,age       ] GC(132) - age   7:       3344 bytes,      28488 total
[2021-04-21T09:48:24.869+0000][7][gc,age       ] GC(132) - age   8:       2136 bytes,      30624 total
[2021-04-21T09:48:24.869+0000][7][gc,age       ] GC(132) - age   9:       3768 bytes,      34392 total
[2021-04-21T09:48:24.869+0000][7][gc,age       ] GC(132) - age  10:       2440 bytes,      36832 total
[2021-04-21T09:48:24.869+0000][7][gc,age       ] GC(132) - age  11:       6240 bytes,      43072 total
[2021-04-21T09:48:24.869+0000][7][gc,age       ] GC(132) - age  12:       3848 bytes,      46920 total
[2021-04-21T09:48:24.869+0000][7][gc,age       ] GC(132) - age  13:       3096 bytes,      50016 total
[2021-04-21T09:48:24.869+0000][7][gc,age       ] GC(132) - age  14:      54488 bytes,     104504 total
[2021-04-21T09:48:24.869+0000][7][gc,age       ] GC(132) - age  15:     106856 bytes,     211360 total
[2021-04-21T09:48:24.869+0000][7][gc,phases    ] GC(132)   Pre Evacuate Collection Set: 0.1ms
[2021-04-21T09:48:24.869+0000][7][gc,phases    ] GC(132)   Merge Heap Roots: 0.1ms
[2021-04-21T09:48:24.869+0000][7][gc,phases    ] GC(132)   Evacuate Collection Set: 3.3ms
[2021-04-21T09:48:24.869+0000][7][gc,phases    ] GC(132)   Post Evacuate Collection Set: 0.8ms
[2021-04-21T09:48:24.869+0000][7][gc,phases    ] GC(132)   Other: 0.5ms
[2021-04-21T09:48:24.869+0000][7][gc,heap      ] GC(132) Eden regions: 14->0(5)
[2021-04-21T09:48:24.869+0000][7][gc,heap      ] GC(132) Survivor regions: 1->1(2)
[2021-04-21T09:48:24.869+0000][7][gc,heap      ] GC(132) Old regions: 71->71
[2021-04-21T09:48:24.869+0000][7][gc,heap      ] GC(132) Archive regions: 2->2
[2021-04-21T09:48:24.869+0000][7][gc,heap      ] GC(132) Humongous regions: 7->7
[2021-04-21T09:48:24.869+0000][7][gc,metaspace ] GC(132) Metaspace: 89678K(96764K)->89678K(96764K) NonClass: 77647K(81840K)->77647K(81840K) Class: 12030K(14924K)->12030K(14924K)
[2021-04-21T09:48:24.869+0000][7][gc           ] GC(132) Pause Young (Prepare Mixed) (G1 Evacuation Pause) 92M->78M(128M) 5.061ms
[2021-04-21T09:48:24.869+0000][7][gc,cpu       ] GC(132) User=0.02s Sys=0.00s Real=0.01s
[2021-04-21T09:48:24.869+0000][7][safepoint    ] Safepoint "G1CollectForAllocation", Time since last: 105625886 ns, Reaching safepoint: 153020 ns, At safepoint: 5183298 ns, Total: 5336318 ns
[2021-04-21T09:48:25.870+0000][7][safepoint    ] Safepoint "Cleanup", Time since last: 1000151483 ns, Reaching safepoint: 166682 ns, At safepoint: 9353 ns, Total: 176035 ns
[2021-04-21T09:48:26.870+0000][7][safepoint    ] Safepoint "Cleanup", Time since last: 1000173036 ns, Reaching safepoint: 156125 ns, At safepoint: 8599 ns, Total: 164724 ns
[2021-04-21T09:48:27.870+0000][7][safepoint    ] Safepoint "Cleanup", Time since last: 1000157449 ns, Reaching safepoint: 125016 ns, At safepoint: 6134 ns, Total: 131150 ns
[2021-04-21T09:48:28.871+0000][7][safepoint    ] Safepoint "Cleanup", Time since last: 1000135940 ns, Reaching safepoint: 150880 ns, At safepoint: 12280 ns, Total: 163160 ns
[2021-04-21T09:48:29.871+0000][7][safepoint    ] Safepoint "Cleanup", Time since last: 1000194157 ns, Reaching safepoint: 176220 ns, At safepoint: 11143 ns, Total: 187363 ns
[2021-04-21T09:48:30.871+0000][7][safepoint    ] Safepoint "Cleanup", Time since last: 1000145282 ns, Reaching safepoint: 98695 ns, At safepoint: 6404 ns, Total: 105099 ns
[2021-04-21T09:48:31.872+0000][7][safepoint    ] Safepoint "Cleanup", Time since last: 1000123722 ns, Reaching safepoint: 153286 ns, At safepoint: 7864 ns, Total: 161150 ns
[2021-04-21T09:48:32.872+0000][7][safepoint    ] Safepoint "Cleanup", Time since last: 1000168670 ns, Reaching safepoint: 203474 ns, At safepoint: 11421 ns, Total: 214895 ns
[2021-04-21T09:48:33.872+0000][7][safepoint    ] Safepoint "Cleanup", Time since last: 1000135977 ns, Reaching safepoint: 126555 ns, At safepoint: 6891 ns, Total: 133446 ns
[2021-04-21T09:48:34.872+0000][7][safepoint    ] Safepoint "Cleanup", Time since last: 1000135913 ns, Reaching safepoint: 131434 ns, At safepoint: 6069 ns, Total: 137503 ns
[2021-04-21T09:48:35.873+0000][7][safepoint    ] Safepoint "Cleanup", Time since last: 1000126049 ns, Reaching safepoint: 133428 ns, At safepoint: 7961 ns, Total: 141389 ns
[2021-04-21T09:48:36.186+0000][7][gc,start     ] GC(133) Pause Young (Mixed) (G1 Evacuation Pause)
[2021-04-21T09:48:36.186+0000][7][gc,task      ] GC(133) Using 4 workers of 4 for evacuation
[2021-04-21T09:48:36.186+0000][7][gc,age       ] GC(133) Desired survivor size 524288 bytes, new threshold 15 (max threshold 15)
[2021-04-21T09:48:36.225+0000][7][gc,age       ] GC(133) Age table with threshold 15 (max threshold 15)
[2021-04-21T09:48:36.225+0000][7][gc,age       ] GC(133) - age   1:       4064 bytes,       4064 total
[2021-04-21T09:48:36.225+0000][7][gc,age       ] GC(133) - age   2:       4200 bytes,       8264 total
[2021-04-21T09:48:36.225+0000][7][gc,age       ] GC(133) - age   3:       1120 bytes,       9384 total
[2021-04-21T09:48:36.225+0000][7][gc,age       ] GC(133) - age   4:       1912 bytes,      11296 total
[2021-04-21T09:48:36.225+0000][7][gc,age       ] GC(133) - age   5:       2000 bytes,      13296 total
[2021-04-21T09:48:36.225+0000][7][gc,age       ] GC(133) - age   6:       1880 bytes,      15176 total
[2021-04-21T09:48:36.225+0000][7][gc,age       ] GC(133) - age   7:       7712 bytes,      22888 total
[2021-04-21T09:48:36.225+0000][7][gc,age       ] GC(133) - age   8:       3344 bytes,      26232 total
[2021-04-21T09:48:36.225+0000][7][gc,age       ] GC(133) - age   9:       2136 bytes,      28368 total
[2021-04-21T09:48:36.225+0000][7][gc,age       ] GC(133) - age  10:       3768 bytes,      32136 total
[2021-04-21T09:48:36.225+0000][7][gc,age       ] GC(133) - age  11:       2440 bytes,      34576 total
[2021-04-21T09:48:36.225+0000][7][gc,age       ] GC(133) - age  12:       6144 bytes,      40720 total
[2021-04-21T09:48:36.225+0000][7][gc,age       ] GC(133) - age  13:       3848 bytes,      44568 total
[2021-04-21T09:48:36.225+0000][7][gc,age       ] GC(133) - age  14:       3096 bytes,      47664 total
[2021-04-21T09:48:36.225+0000][7][gc,age       ] GC(133) - age  15:      54488 bytes,     102152 total
[2021-04-21T09:48:36.225+0000][7][gc,phases    ] GC(133)   Pre Evacuate Collection Set: 0.1ms
[2021-04-21T09:48:36.225+0000][7][gc,phases    ] GC(133)   Merge Heap Roots: 0.5ms
[2021-04-21T09:48:36.225+0000][7][gc,phases    ] GC(133)   Evacuate Collection Set: 37.7ms
[2021-04-21T09:48:36.225+0000][7][gc,phases    ] GC(133)   Post Evacuate Collection Set: 0.7ms
[2021-04-21T09:48:36.225+0000][7][gc,phases    ] GC(133)   Other: 0.4ms
[2021-04-21T09:48:36.225+0000][7][gc,heap      ] GC(133) Eden regions: 5->0(18)
[2021-04-21T09:48:36.225+0000][7][gc,heap      ] GC(133) Survivor regions: 1->1(1)
[2021-04-21T09:48:36.225+0000][7][gc,heap      ] GC(133) Old regions: 71->67
[2021-04-21T09:48:36.225+0000][7][gc,heap      ] GC(133) Archive regions: 2->2
[2021-04-21T09:48:36.225+0000][7][gc,heap      ] GC(133) Humongous regions: 7->7
[2021-04-21T09:48:36.225+0000][7][gc,metaspace ] GC(133) Metaspace: 89682K(96764K)->89682K(96764K) NonClass: 77652K(81840K)->77652K(81840K) Class: 12030K(14924K)->12030K(14924K)
[2021-04-21T09:48:36.225+0000][7][gc           ] GC(133) Pause Young (Mixed) (G1 Evacuation Pause) 83M->74M(128M) 39.484ms
[2021-04-21T09:48:36.225+0000][7][gc,cpu       ] GC(133) User=0.11s Sys=0.00s Real=0.04s
[2021-04-21T09:48:36.225+0000][7][safepoint    ] Safepoint "G1CollectForAllocation", Time since last: 312943489 ns, Reaching safepoint: 112606 ns, At safepoint: 39580808 ns, Total: 39693414 ns
[2021-04-21T09:48:37.226+0000][7][safepoint    ] Safepoint "Cleanup", Time since last: 1000095150 ns, Reaching safepoint: 99267 ns, At safepoint: 4376 ns, Total: 103643 ns
[2021-04-21T09:48:38.226+0000][7][safepoint    ] Safepoint "Cleanup", Time since last: 1000141770 ns, Reaching safepoint: 181656 ns, At safepoint: 11045 ns, Total: 192701 ns
[2021-04-21T09:48:39.226+0000][7][safepoint    ] Safepoint "Cleanup", Time since last: 1000156403 ns, Reaching safepoint: 191419 ns, At safepoint: 10996 ns, Total: 202415 ns
[2021-04-21T09:48:40.227+0000][7][safepoint    ] Safepoint "Cleanup", Time since last: 1000152772 ns, Reaching safepoint: 154158 ns, At safepoint: 6472 ns, Total: 160630 ns
[2021-04-21T09:48:41.227+0000][7][safepoint    ] Safepoint "Cleanup", Time since last: 1000171966 ns, Reaching safepoint: 180386 ns, At safepoint: 11576 ns, Total: 191962 ns
[2021-04-21T09:48:42.227+0000][7][safepoint    ] Safepoint "Cleanup", Time since last: 1000202089 ns, Reaching safepoint: 192594 ns, At safepoint: 8840 ns, Total: 201434 ns
[2021-04-21T09:48:43.228+0000][7][safepoint    ] Safepoint "Cleanup", Time since last: 1000188932 ns, Reaching safepoint: 175038 ns, At safepoint: 7427 ns, Total: 182465 ns
[2021-04-21T09:48:44.228+0000][7][safepoint    ] Safepoint "Cleanup", Time since last: 1000189037 ns, Reaching safepoint: 141012 ns, At safepoint: 6919 ns, Total: 147931 ns
[2021-04-21T09:48:45.228+0000][7][safepoint    ] Safepoint "Cleanup", Time since last: 1000134788 ns, Reaching safepoint: 94335 ns, At safepoint: 4492 ns, Total: 98827 ns
[2021-04-21T09:48:46.229+0000][7][safepoint    ] Safepoint "Cleanup", Time since last: 1000117769 ns, Reaching safepoint: 146367 ns, At safepoint: 4778 ns, Total: 151145 ns
[2021-04-21T09:48:47.229+0000][7][safepoint    ] Safepoint "Cleanup", Time since last: 1000112386 ns, Reaching safepoint: 125834 ns, At safepoint: 4077 ns, Total: 129911 ns
[2021-04-21T09:48:48.229+0000][7][safepoint    ] Safepoint "Cleanup", Time since last: 1000174170 ns, Reaching safepoint: 194385 ns, At safepoint: 9488 ns, Total: 203873 ns
[2021-04-21T09:48:49.229+0000][7][safepoint    ] Safepoint "Cleanup", Time since last: 1000158443 ns, Reaching safepoint: 169627 ns, At safepoint: 8373 ns, Total: 178000 ns
[2021-04-21T09:48:50.230+0000][7][safepoint    ] Safepoint "Cleanup", Time since last: 1000149754 ns, Reaching safepoint: 137927 ns, At safepoint: 7877 ns, Total: 145804 ns
[2021-04-21T09:48:51.230+0000][7][safepoint    ] Safepoint "Cleanup", Time since last: 1000162284 ns, Reaching safepoint: 158994 ns, At safepoint: 10166 ns, Total: 169160 ns
[2021-04-21T09:48:53.100+0000][7][safepoint    ] Safepoint "Cleanup", Time since last: 1869673321 ns, Reaching safepoint: 174194 ns, At safepoint: 7878 ns, Total: 182072 ns
[2021-04-21T09:48:54.100+0000][7][safepoint    ] Safepoint "Cleanup", Time since last: 1000178519 ns, Reaching safepoint: 165327 ns, At safepoint: 7809 ns, Total: 173136 ns
[2021-04-21T09:48:55.517+0000][7][safepoint    ] Safepoint "Cleanup", Time since last: 1416308778 ns, Reaching safepoint: 141662 ns, At safepoint: 5285 ns, Total: 146947 ns
[2021-04-21T09:48:56.517+0000][7][safepoint    ] Safepoint "Cleanup", Time since last: 1000167630 ns, Reaching safepoint: 156564 ns, At safepoint: 8093 ns, Total: 164657 ns
[2021-04-21T09:48:57.518+0000][7][safepoint    ] Safepoint "Cleanup", Time since last: 1000187070 ns, Reaching safepoint: 274226 ns, At safepoint: 19445 ns, Total: 293671 ns
[2021-04-21T09:48:58.518+0000][7][safepoint    ] Safepoint "Cleanup", Time since last: 1000209407 ns, Reaching safepoint: 158245 ns, At safepoint: 8127 ns, Total: 166372 ns
[2021-04-21T09:48:59.518+0000][7][safepoint    ] Safepoint "Cleanup", Time since last: 1000161624 ns, Reaching safepoint: 175793 ns, At safepoint: 11152 ns, Total: 186945 ns
[2021-04-21T09:49:00.519+0000][7][safepoint    ] Safepoint "Cleanup", Time since last: 1000146028 ns, Reaching safepoint: 203008 ns, At safepoint: 12306 ns, Total: 215314 ns
[2021-04-21T09:49:01.519+0000][7][safepoint    ] Safepoint "Cleanup", Time since last: 1000186436 ns, Reaching safepoint: 164268 ns, At safepoint: 7743 ns, Total: 172011 ns
[2021-04-21T09:49:02.519+0000][7][safepoint    ] Safepoint "Cleanup", Time since last: 1000173502 ns, Reaching safepoint: 160139 ns, At safepoint: 7603 ns, Total: 167742 ns
[2021-04-21T09:49:03.520+0000][7][safepoint    ] Safepoint "Cleanup", Time since last: 1000126565 ns, Reaching safepoint: 201928 ns, At safepoint: 8056 ns, Total: 209984 ns
[2021-04-21T09:49:04.520+0000][7][safepoint    ] Safepoint "Cleanup", Time since last: 1000179220 ns, Reaching safepoint: 205772 ns, At safepoint: 14009 ns, Total: 219781 ns
[2021-04-21T09:49:05.521+0000][7][safepoint    ] Safepoint "Cleanup", Time since last: 1000188939 ns, Reaching safepoint: 209117 ns, At safepoint: 11538 ns, Total: 220655 ns
[2021-04-21T09:49:06.521+0000][7][safepoint    ] Safepoint "Cleanup", Time since last: 1000182423 ns, Reaching safepoint: 200373 ns, At safepoint: 12322 ns, Total: 212695 ns
[2021-04-21T09:49:07.521+0000][7][safepoint    ] Safepoint "Cleanup", Time since last: 1000190704 ns, Reaching safepoint: 174431 ns, At safepoint: 11243 ns, Total: 185674 ns
[2021-04-21T09:49:08.522+0000][7][safepoint    ] Safepoint "Cleanup", Time since last: 1000123413 ns, Reaching safepoint: 180062 ns, At safepoint: 10619 ns, Total: 190681 ns
[2021-04-21T09:49:09.522+0000][7][safepoint    ] Safepoint "Cleanup", Time since last: 1000204542 ns, Reaching safepoint: 182521 ns, At safepoint: 11131 ns, Total: 193652 ns
[2021-04-21T09:49:10.522+0000][7][safepoint    ] Safepoint "Cleanup", Time since last: 1000179630 ns, Reaching safepoint: 159876 ns, At safepoint: 9690 ns, Total: 169566 ns
[2021-04-21T09:49:11.523+0000][7][safepoint    ] Safepoint "Cleanup", Time since last: 1000162720 ns, Reaching safepoint: 181598 ns, At safepoint: 9894 ns, Total: 191492 ns
[2021-04-21T09:49:12.523+0000][7][safepoint    ] Safepoint "Cleanup", Time since last: 1000143737 ns, Reaching safepoint: 105736 ns, At safepoint: 3208 ns, Total: 108944 ns
[2021-04-21T09:49:13.523+0000][7][safepoint    ] Safepoint "Cleanup", Time since last: 1000136004 ns, Reaching safepoint: 164567 ns, At safepoint: 8346 ns, Total: 172913 ns
[2021-04-21T09:49:13.809+0000][7][gc,start     ] GC(134) Pause Young (Concurrent Start) (G1 Evacuation Pause)
[2021-04-21T09:49:13.809+0000][7][gc,task      ] GC(134) Using 4 workers of 4 for evacuation
[2021-04-21T09:49:13.809+0000][7][gc,age       ] GC(134) Desired survivor size 1572864 bytes, new threshold 15 (max threshold 15)
[2021-04-21T09:49:13.817+0000][7][gc,age       ] GC(134) Age table with threshold 15 (max threshold 15)
[2021-04-21T09:49:13.817+0000][7][gc,age       ] GC(134) - age   1:      11464 bytes,      11464 total
[2021-04-21T09:49:13.817+0000][7][gc,age       ] GC(134) - age   2:        256 bytes,      11720 total
[2021-04-21T09:49:13.817+0000][7][gc,age       ] GC(134) - age   3:        576 bytes,      12296 total
[2021-04-21T09:49:13.817+0000][7][gc,age       ] GC(134) - age   4:        744 bytes,      13040 total
[2021-04-21T09:49:13.817+0000][7][gc,age       ] GC(134) - age   5:       1912 bytes,      14952 total
[2021-04-21T09:49:13.817+0000][7][gc,age       ] GC(134) - age   6:       2000 bytes,      16952 total
[2021-04-21T09:49:13.817+0000][7][gc,age       ] GC(134) - age   7:       1880 bytes,      18832 total
[2021-04-21T09:49:13.817+0000][7][gc,age       ] GC(134) - age   8:       7712 bytes,      26544 total
[2021-04-21T09:49:13.817+0000][7][gc,age       ] GC(134) - age   9:       3344 bytes,      29888 total
[2021-04-21T09:49:13.817+0000][7][gc,age       ] GC(134) - age  10:       2136 bytes,      32024 total
[2021-04-21T09:49:13.817+0000][7][gc,age       ] GC(134) - age  11:       3768 bytes,      35792 total
[2021-04-21T09:49:13.817+0000][7][gc,age       ] GC(134) - age  12:       2440 bytes,      38232 total
[2021-04-21T09:49:13.817+0000][7][gc,age       ] GC(134) - age  13:       6104 bytes,      44336 total
[2021-04-21T09:49:13.817+0000][7][gc,age       ] GC(134) - age  14:       3848 bytes,      48184 total
[2021-04-21T09:49:13.817+0000][7][gc,age       ] GC(134) - age  15:       3096 bytes,      51280 total
[2021-04-21T09:49:13.817+0000][7][gc,phases    ] GC(134)   Pre Evacuate Collection Set: 0.8ms
[2021-04-21T09:49:13.817+0000][7][gc,phases    ] GC(134)   Merge Heap Roots: 0.2ms
[2021-04-21T09:49:13.817+0000][7][gc,phases    ] GC(134)   Evacuate Collection Set: 6.3ms
[2021-04-21T09:49:13.817+0000][7][gc,phases    ] GC(134)   Post Evacuate Collection Set: 0.5ms
[2021-04-21T09:49:13.817+0000][7][gc,phases    ] GC(134)   Other: 0.4ms
[2021-04-21T09:49:13.817+0000][7][gc,heap      ] GC(134) Eden regions: 18->0(17)
[2021-04-21T09:49:13.817+0000][7][gc,heap      ] GC(134) Survivor regions: 1->1(3)
[2021-04-21T09:49:13.817+0000][7][gc,heap      ] GC(134) Old regions: 67->68
[2021-04-21T09:49:13.817+0000][7][gc,heap      ] GC(134) Archive regions: 2->2
[2021-04-21T09:49:13.817+0000][7][gc,heap      ] GC(134) Humongous regions: 7->7
[2021-04-21T09:49:13.817+0000][7][gc,metaspace ] GC(134) Metaspace: 89780K(97020K)->89780K(97020K) NonClass: 77749K(82096K)->77749K(82096K) Class: 12030K(14924K)->12030K(14924K)
[2021-04-21T09:49:13.817+0000][7][gc           ] GC(134) Pause Young (Concurrent Start) (G1 Evacuation Pause) 92M->75M(128M) 8.273ms
[2021-04-21T09:49:13.817+0000][7][gc,cpu       ] GC(134) User=0.01s Sys=0.00s Real=0.00s
[2021-04-21T09:49:13.817+0000][7][gc           ] GC(135) Concurrent Cycle
[2021-04-21T09:49:13.817+0000][7][safepoint    ] Safepoint "G1CollectForAllocation", Time since last: 285596930 ns, Reaching safepoint: 164199 ns, At safepoint: 8379061 ns, Total: 8543260 ns
[2021-04-21T09:49:13.817+0000][7][gc,marking   ] GC(135) Concurrent Clear Claimed Marks
[2021-04-21T09:49:13.818+0000][7][gc,marking   ] GC(135) Concurrent Clear Claimed Marks 0.445ms
[2021-04-21T09:49:13.818+0000][7][gc,marking   ] GC(135) Concurrent Scan Root Regions
[2021-04-21T09:49:13.819+0000][7][gc,marking   ] GC(135) Concurrent Scan Root Regions 1.093ms
[2021-04-21T09:49:13.819+0000][7][gc,marking   ] GC(135) Concurrent Mark (561.992s)
[2021-04-21T09:49:13.819+0000][7][gc,marking   ] GC(135) Concurrent Mark From Roots
[2021-04-21T09:49:13.819+0000][7][gc,task      ] GC(135) Using 1 workers of 1 for marking
[2021-04-21T09:49:13.930+0000][7][gc,marking   ] GC(135) Concurrent Mark From Roots 110.975ms
[2021-04-21T09:49:13.930+0000][7][gc,marking   ] GC(135) Concurrent Preclean
[2021-04-21T09:49:13.930+0000][7][gc,marking   ] GC(135) Concurrent Preclean 0.138ms
[2021-04-21T09:49:13.930+0000][7][gc,marking   ] GC(135) Concurrent Mark (561.992s, 562.103s) 111.174ms
[2021-04-21T09:49:13.930+0000][7][gc,start     ] GC(135) Pause Remark
[2021-04-21T09:49:13.942+0000][7][gc           ] GC(135) Pause Remark 75M->75M(128M) 12.104ms
[2021-04-21T09:49:13.942+0000][7][gc,cpu       ] GC(135) User=0.03s Sys=0.00s Real=0.01s
[2021-04-21T09:49:13.943+0000][7][safepoint    ] Safepoint "G1Concurrent", Time since last: 112837092 ns, Reaching safepoint: 95151 ns, At safepoint: 12189698 ns, Total: 12284849 ns
[2021-04-21T09:49:13.943+0000][7][gc,marking   ] GC(135) Concurrent Rebuild Remembered Sets
[2021-04-21T09:49:14.017+0000][7][gc,marking   ] GC(135) Concurrent Rebuild Remembered Sets 74.689ms
[2021-04-21T09:49:14.017+0000][7][gc,start     ] GC(135) Pause Cleanup
[2021-04-21T09:49:14.018+0000][7][gc           ] GC(135) Pause Cleanup 75M->75M(128M) 0.138ms
[2021-04-21T09:49:14.018+0000][7][gc,cpu       ] GC(135) User=0.00s Sys=0.00s Real=0.00s
[2021-04-21T09:49:14.018+0000][7][safepoint    ] Safepoint "G1Concurrent", Time since last: 74768768 ns, Reaching safepoint: 78817 ns, At safepoint: 191305 ns, Total: 270122 ns
[2021-04-21T09:49:14.018+0000][7][gc,marking   ] GC(135) Concurrent Cleanup for Next Mark
[2021-04-21T09:49:14.018+0000][7][gc,marking   ] GC(135) Concurrent Cleanup for Next Mark 0.238ms
[2021-04-21T09:49:14.018+0000][7][gc           ] GC(135) Concurrent Cycle 200.453ms
[2021-04-21T09:49:15.018+0000][7][safepoint    ] Safepoint "Cleanup", Time since last: 1000139376 ns, Reaching safepoint: 151785 ns, At safepoint: 9509 ns, Total: 161294 ns
[2021-04-21T09:49:16.018+0000][7][safepoint    ] Safepoint "Cleanup", Time since last: 1000182573 ns, Reaching safepoint: 215898 ns, At safepoint: 10261 ns, Total: 226159 ns
[2021-04-21T09:49:17.019+0000][7][safepoint    ] Safepoint "Cleanup", Time since last: 1000155489 ns, Reaching safepoint: 187679 ns, At safepoint: 8483 ns, Total: 196162 ns
[2021-04-21T09:49:18.019+0000][7][safepoint    ] Safepoint "Cleanup", Time since last: 1000123926 ns, Reaching safepoint: 99494 ns, At safepoint: 4374 ns, Total: 103868 ns
[2021-04-21T09:49:19.019+0000][7][safepoint    ] Safepoint "Cleanup", Time since last: 1000171611 ns, Reaching safepoint: 147076 ns, At safepoint: 7783 ns, Total: 154859 ns
[2021-04-21T09:49:20.019+0000][7][safepoint    ] Safepoint "Cleanup", Time since last: 1000145886 ns, Reaching safepoint: 114894 ns, At safepoint: 5497 ns, Total: 120391 ns
[2021-04-21T09:49:21.020+0000][7][safepoint    ] Safepoint "Cleanup", Time since last: 1000167177 ns, Reaching safepoint: 139564 ns, At safepoint: 9027 ns, Total: 148591 ns
[2021-04-21T09:49:22.020+0000][7][safepoint    ] Safepoint "Cleanup", Time since last: 1000162227 ns, Reaching safepoint: 176621 ns, At safepoint: 8434 ns, Total: 185055 ns
[2021-04-21T09:49:23.020+0000][7][safepoint    ] Safepoint "Cleanup", Time since last: 1000155945 ns, Reaching safepoint: 207596 ns, At safepoint: 11767 ns, Total: 219363 ns
[2021-04-21T09:49:24.021+0000][7][safepoint    ] Safepoint "Cleanup", Time since last: 1000164770 ns, Reaching safepoint: 137359 ns, At safepoint: 8191 ns, Total: 145550 ns
[2021-04-21T09:49:25.021+0000][7][safepoint    ] Safepoint "Cleanup", Time since last: 1000087431 ns, Reaching safepoint: 134470 ns, At safepoint: 4874 ns, Total: 139344 ns
[2021-04-21T09:49:26.021+0000][7][safepoint    ] Safepoint "Cleanup", Time since last: 1000175422 ns, Reaching safepoint: 146388 ns, At safepoint: 6134 ns, Total: 152522 ns
[2021-04-21T09:49:27.022+0000][7][safepoint    ] Safepoint "Cleanup", Time since last: 1000164640 ns, Reaching safepoint: 162304 ns, At safepoint: 8562 ns, Total: 170866 ns
[2021-04-21T09:49:28.022+0000][7][safepoint    ] Safepoint "Cleanup", Time since last: 1000134454 ns, Reaching safepoint: 119080 ns, At safepoint: 3802 ns, Total: 122882 ns
[2021-04-21T09:49:29.022+0000][7][safepoint    ] Safepoint "Cleanup", Time since last: 1000153529 ns, Reaching safepoint: 138183 ns, At safepoint: 7136 ns, Total: 145319 ns
[2021-04-21T09:49:30.022+0000][7][safepoint    ] Safepoint "Cleanup", Time since last: 1000132236 ns, Reaching safepoint: 112304 ns, At safepoint: 7846 ns, Total: 120150 ns
[2021-04-21T09:49:31.023+0000][7][safepoint    ] Safepoint "Cleanup", Time since last: 1000138528 ns, Reaching safepoint: 143246 ns, At safepoint: 10013 ns, Total: 153259 ns
[2021-04-21T09:49:32.023+0000][7][safepoint    ] Safepoint "Cleanup", Time since last: 1000150826 ns, Reaching safepoint: 206333 ns, At safepoint: 13965 ns, Total: 220298 ns
[2021-04-21T09:49:33.024+0000][7][safepoint    ] Safepoint "Cleanup", Time since last: 1000177041 ns, Reaching safepoint: 164554 ns, At safepoint: 9725 ns, Total: 174279 ns
[2021-04-21T09:49:34.024+0000][7][safepoint    ] Safepoint "Cleanup", Time since last: 1000138176 ns, Reaching safepoint: 110718 ns, At safepoint: 7798 ns, Total: 118516 ns
[2021-04-21T09:49:35.024+0000][7][safepoint    ] Safepoint "Cleanup", Time since last: 1000162869 ns, Reaching safepoint: 174307 ns, At safepoint: 9032 ns, Total: 183339 ns
[2021-04-21T09:49:36.024+0000][7][safepoint    ] Safepoint "Cleanup", Time since last: 1000173885 ns, Reaching safepoint: 155541 ns, At safepoint: 12804 ns, Total: 168345 ns
[2021-04-21T09:49:37.025+0000][7][safepoint    ] Safepoint "Cleanup", Time since last: 1000159413 ns, Reaching safepoint: 260326 ns, At safepoint: 17397 ns, Total: 277723 ns
[2021-04-21T09:49:38.025+0000][7][safepoint    ] Safepoint "Cleanup", Time since last: 1000157728 ns, Reaching safepoint: 161081 ns, At safepoint: 11429 ns, Total: 172510 ns
[2021-04-21T09:49:39.025+0000][7][safepoint    ] Safepoint "Cleanup", Time since last: 1000162866 ns, Reaching safepoint: 88409 ns, At safepoint: 3414 ns, Total: 91823 ns
[2021-04-21T09:49:40.026+0000][7][safepoint    ] Safepoint "Cleanup", Time since last: 1000109482 ns, Reaching safepoint: 95108 ns, At safepoint: 6272 ns, Total: 101380 ns
[2021-04-21T09:49:41.026+0000][7][safepoint    ] Safepoint "Cleanup", Time since last: 1000140171 ns, Reaching safepoint: 130792 ns, At safepoint: 8863 ns, Total: 139655 ns
[2021-04-21T09:49:42.026+0000][7][safepoint    ] Safepoint "Cleanup", Time since last: 1000155314 ns, Reaching safepoint: 138067 ns, At safepoint: 7053 ns, Total: 145120 ns
[2021-04-21T09:49:43.027+0000][7][safepoint    ] Safepoint "Cleanup", Time since last: 1000140340 ns, Reaching safepoint: 183046 ns, At safepoint: 10978 ns, Total: 194024 ns
[2021-04-21T09:49:44.027+0000][7][safepoint    ] Safepoint "Cleanup", Time since last: 1000144853 ns, Reaching safepoint: 156028 ns, At safepoint: 7139 ns, Total: 163167 ns
[2021-04-21T09:49:45.027+0000][7][safepoint    ] Safepoint "Cleanup", Time since last: 1000136126 ns, Reaching safepoint: 133916 ns, At safepoint: 9853 ns, Total: 143769 ns
[2021-04-21T09:49:46.027+0000][7][safepoint    ] Safepoint "Cleanup", Time since last: 1000136087 ns, Reaching safepoint: 124860 ns, At safepoint: 5395 ns, Total: 130255 ns
[2021-04-21T09:49:47.028+0000][7][safepoint    ] Safepoint "Cleanup", Time since last: 1000172822 ns, Reaching safepoint: 131140 ns, At safepoint: 24270 ns, Total: 155410 ns
[2021-04-21T09:49:48.028+0000][7][safepoint    ] Safepoint "Cleanup", Time since last: 1000196931 ns, Reaching safepoint: 165006 ns, At safepoint: 11123 ns, Total: 176129 ns
[2021-04-21T09:49:49.028+0000][7][safepoint    ] Safepoint "Cleanup", Time since last: 1000161419 ns, Reaching safepoint: 91390 ns, At safepoint: 3697 ns, Total: 95087 ns
[2021-04-21T09:49:49.940+0000][7][gc,start     ] GC(136) Pause Young (Normal) (G1 Evacuation Pause)
[2021-04-21T09:49:49.940+0000][7][gc,task      ] GC(136) Using 4 workers of 4 for evacuation
[2021-04-21T09:49:49.940+0000][7][gc,age       ] GC(136) Desired survivor size 1572864 bytes, new threshold 15 (max threshold 15)
[2021-04-21T09:49:49.944+0000][7][gc,age       ] GC(136) Age table with threshold 15 (max threshold 15)
[2021-04-21T09:49:49.944+0000][7][gc,age       ] GC(136) - age   1:      10584 bytes,      10584 total
[2021-04-21T09:49:49.944+0000][7][gc,age       ] GC(136) - age   2:       1984 bytes,      12568 total
[2021-04-21T09:49:49.944+0000][7][gc,age       ] GC(136) - age   3:        224 bytes,      12792 total
[2021-04-21T09:49:49.944+0000][7][gc,age       ] GC(136) - age   4:        576 bytes,      13368 total
[2021-04-21T09:49:49.944+0000][7][gc,age       ] GC(136) - age   5:        744 bytes,      14112 total
[2021-04-21T09:49:49.944+0000][7][gc,age       ] GC(136) - age   6:       1912 bytes,      16024 total
[2021-04-21T09:49:49.944+0000][7][gc,age       ] GC(136) - age   7:       2000 bytes,      18024 total
[2021-04-21T09:49:49.944+0000][7][gc,age       ] GC(136) - age   8:       1880 bytes,      19904 total
[2021-04-21T09:49:49.944+0000][7][gc,age       ] GC(136) - age   9:       7712 bytes,      27616 total
[2021-04-21T09:49:49.944+0000][7][gc,age       ] GC(136) - age  10:       3344 bytes,      30960 total
[2021-04-21T09:49:49.944+0000][7][gc,age       ] GC(136) - age  11:       2136 bytes,      33096 total
[2021-04-21T09:49:49.944+0000][7][gc,age       ] GC(136) - age  12:       3768 bytes,      36864 total
[2021-04-21T09:49:49.944+0000][7][gc,age       ] GC(136) - age  13:       2440 bytes,      39304 total
[2021-04-21T09:49:49.944+0000][7][gc,age       ] GC(136) - age  14:       6104 bytes,      45408 total
[2021-04-21T09:49:49.944+0000][7][gc,age       ] GC(136) - age  15:       3848 bytes,      49256 total
[2021-04-21T09:49:49.944+0000][7][gc,phases    ] GC(136)   Pre Evacuate Collection Set: 0.1ms
[2021-04-21T09:49:49.944+0000][7][gc,phases    ] GC(136)   Merge Heap Roots: 0.1ms
[2021-04-21T09:49:49.944+0000][7][gc,phases    ] GC(136)   Evacuate Collection Set: 3.0ms
[2021-04-21T09:49:49.944+0000][7][gc,phases    ] GC(136)   Post Evacuate Collection Set: 0.5ms
[2021-04-21T09:49:49.944+0000][7][gc,phases    ] GC(136)   Other: 0.4ms
[2021-04-21T09:49:49.944+0000][7][gc,heap      ] GC(136) Eden regions: 17->0(17)
[2021-04-21T09:49:49.944+0000][7][gc,heap      ] GC(136) Survivor regions: 1->1(3)
[2021-04-21T09:49:49.944+0000][7][gc,heap      ] GC(136) Old regions: 68->68
[2021-04-21T09:49:49.944+0000][7][gc,heap      ] GC(136) Archive regions: 2->2
[2021-04-21T09:49:49.944+0000][7][gc,heap      ] GC(136) Humongous regions: 7->7
[2021-04-21T09:49:49.944+0000][7][gc,metaspace ] GC(136) Metaspace: 89798K(97020K)->89798K(97020K) NonClass: 77770K(82096K)->77770K(82096K) Class: 12028K(14924K)->12028K(14924K)
[2021-04-21T09:49:49.944+0000][7][gc           ] GC(136) Pause Young (Normal) (G1 Evacuation Pause) 92M->75M(128M) 4.081ms
[2021-04-21T09:49:49.944+0000][7][gc,cpu       ] GC(136) User=0.01s Sys=0.00s Real=0.00s
[2021-04-21T09:49:49.944+0000][7][safepoint    ] Safepoint "G1CollectForAllocation", Time since last: 911262452 ns, Reaching safepoint: 104593 ns, At safepoint: 4161204 ns, Total: 4265797 ns
[2021-04-21T09:49:50.944+0000][7][safepoint    ] Safepoint "Cleanup", Time since last: 1000098947 ns, Reaching safepoint: 169869 ns, At safepoint: 9624 ns, Total: 179493 ns
[2021-04-21T09:49:51.945+0000][7][safepoint    ] Safepoint "Cleanup", Time since last: 1000165547 ns, Reaching safepoint: 157401 ns, At safepoint: 6695 ns, Total: 164096 ns
[2021-04-21T09:49:52.945+0000][7][safepoint    ] Safepoint "Cleanup", Time since last: 1000187052 ns, Reaching safepoint: 148240 ns, At safepoint: 7346 ns, Total: 155586 ns
[2021-04-21T09:49:53.945+0000][7][safepoint    ] Safepoint "Cleanup", Time since last: 1000172925 ns, Reaching safepoint: 156639 ns, At safepoint: 23234 ns, Total: 179873 ns
[2021-04-21T09:49:54.946+0000][7][safepoint    ] Safepoint "Cleanup", Time since last: 1000183486 ns, Reaching safepoint: 222455 ns, At safepoint: 16598 ns, Total: 239053 ns
[2021-04-21T09:49:55.946+0000][7][safepoint    ] Safepoint "Cleanup", Time since last: 1000112870 ns, Reaching safepoint: 168514 ns, At safepoint: 9343 ns, Total: 177857 ns
[2021-04-21T09:49:56.946+0000][7][safepoint    ] Safepoint "Cleanup", Time since last: 1000170772 ns, Reaching safepoint: 220278 ns, At safepoint: 14363 ns, Total: 234641 ns
[2021-04-21T09:49:57.947+0000][7][safepoint    ] Safepoint "Cleanup", Time since last: 1000204451 ns, Reaching safepoint: 108717 ns, At safepoint: 5583 ns, Total: 114300 ns
[2021-04-21T09:49:58.947+0000][7][safepoint    ] Safepoint "Cleanup", Time since last: 1000155739 ns, Reaching safepoint: 135936 ns, At safepoint: 6567 ns, Total: 142503 ns
[2021-04-21T09:49:59.947+0000][7][safepoint    ] Safepoint "Cleanup", Time since last: 1000177626 ns, Reaching safepoint: 164406 ns, At safepoint: 9958 ns, Total: 174364 ns
[2021-04-21T09:50:00.948+0000][7][safepoint    ] Safepoint "Cleanup", Time since last: 1000204847 ns, Reaching safepoint: 177975 ns, At safepoint: 8468 ns, Total: 186443 ns
[2021-04-21T09:50:02.601+0000][7][safepoint    ] Safepoint "Cleanup", Time since last: 1652593926 ns, Reaching safepoint: 226972 ns, At safepoint: 8629 ns, Total: 235601 ns
[2021-04-21T09:50:03.601+0000][7][safepoint    ] Safepoint "Cleanup", Time since last: 1000148453 ns, Reaching safepoint: 161169 ns, At safepoint: 6091 ns, Total: 167260 ns
[2021-04-21T09:50:04.601+0000][7][safepoint    ] Safepoint "Cleanup", Time since last: 1000168884 ns, Reaching safepoint: 135420 ns, At safepoint: 23934 ns, Total: 159354 ns
[2021-04-21T09:50:05.601+0000][7][safepoint    ] Safepoint "Cleanup", Time since last: 1000152619 ns, Reaching safepoint: 108968 ns, At safepoint: 7402 ns, Total: 116370 ns
[2021-04-21T09:50:06.602+0000][7][safepoint    ] Safepoint "Cleanup", Time since last: 1000163164 ns, Reaching safepoint: 157087 ns, At safepoint: 9279 ns, Total: 166366 ns
[2021-04-21T09:50:08.560+0000][7][safepoint    ] Safepoint "Cleanup", Time since last: 1957511437 ns, Reaching safepoint: 268667 ns, At safepoint: 15219 ns, Total: 283886 ns
[2021-04-21T09:50:09.560+0000][7][safepoint    ] Safepoint "Cleanup", Time since last: 1000188419 ns, Reaching safepoint: 212497 ns, At safepoint: 14279 ns, Total: 226776 ns
[2021-04-21T09:50:10.560+0000][7][safepoint    ] Safepoint "Cleanup", Time since last: 1000180981 ns, Reaching safepoint: 163926 ns, At safepoint: 21129 ns, Total: 185055 ns
[2021-04-21T09:50:12.169+0000][7][safepoint    ] Safepoint "Cleanup", Time since last: 1608477614 ns, Reaching safepoint: 187520 ns, At safepoint: 13818 ns, Total: 201338 ns
[2021-04-21T09:50:13.169+0000][7][safepoint    ] Safepoint "Cleanup", Time since last: 1000157398 ns, Reaching safepoint: 97424 ns, At safepoint: 6838 ns, Total: 104262 ns
[2021-04-21T09:50:14.170+0000][7][safepoint    ] Safepoint "Cleanup", Time since last: 1000126386 ns, Reaching safepoint: 94114 ns, At safepoint: 8561 ns, Total: 102675 ns
[2021-04-21T09:50:15.170+0000][7][safepoint    ] Safepoint "Cleanup", Time since last: 1000149399 ns, Reaching safepoint: 134486 ns, At safepoint: 5390 ns, Total: 139876 ns
[2021-04-21T09:50:15.542+0000][7][safepoint    ] Safepoint "BulkRevokeBias", Time since last: 371654852 ns, Reaching safepoint: 165042 ns, At safepoint: 645805 ns, Total: 810847 ns
[2021-04-21T09:50:15.624+0000][7][gc,start     ] GC(137) Pause Young (Concurrent Start) (G1 Evacuation Pause)
[2021-04-21T09:50:15.624+0000][7][gc,task      ] GC(137) Using 4 workers of 4 for evacuation
[2021-04-21T09:50:15.624+0000][7][gc,age       ] GC(137) Desired survivor size 1572864 bytes, new threshold 15 (max threshold 15)
[2021-04-21T09:50:15.630+0000][7][gc,age       ] GC(137) Age table with threshold 15 (max threshold 15)
[2021-04-21T09:50:15.630+0000][7][gc,age       ] GC(137) - age   1:     497544 bytes,     497544 total
[2021-04-21T09:50:15.630+0000][7][gc,age       ] GC(137) - age   2:        576 bytes,     498120 total
[2021-04-21T09:50:15.630+0000][7][gc,age       ] GC(137) - age   3:       1360 bytes,     499480 total
[2021-04-21T09:50:15.630+0000][7][gc,age       ] GC(137) - age   4:        224 bytes,     499704 total
[2021-04-21T09:50:15.630+0000][7][gc,age       ] GC(137) - age   5:        576 bytes,     500280 total
[2021-04-21T09:50:15.630+0000][7][gc,age       ] GC(137) - age   6:        744 bytes,     501024 total
[2021-04-21T09:50:15.630+0000][7][gc,age       ] GC(137) - age   7:       1912 bytes,     502936 total
[2021-04-21T09:50:15.630+0000][7][gc,age       ] GC(137) - age   8:       2000 bytes,     504936 total
[2021-04-21T09:50:15.630+0000][7][gc,age       ] GC(137) - age   9:       1880 bytes,     506816 total
[2021-04-21T09:50:15.630+0000][7][gc,age       ] GC(137) - age  10:       6480 bytes,     513296 total
[2021-04-21T09:50:15.630+0000][7][gc,age       ] GC(137) - age  11:       3344 bytes,     516640 total
[2021-04-21T09:50:15.630+0000][7][gc,age       ] GC(137) - age  12:       2136 bytes,     518776 total
[2021-04-21T09:50:15.630+0000][7][gc,age       ] GC(137) - age  13:       3768 bytes,     522544 total
[2021-04-21T09:50:15.630+0000][7][gc,age       ] GC(137) - age  14:       2440 bytes,     524984 total
[2021-04-21T09:50:15.630+0000][7][gc,age       ] GC(137) - age  15:       6104 bytes,     531088 total
[2021-04-21T09:50:15.630+0000][7][gc,phases    ] GC(137)   Pre Evacuate Collection Set: 0.8ms
[2021-04-21T09:50:15.630+0000][7][gc,phases    ] GC(137)   Merge Heap Roots: 0.1ms
[2021-04-21T09:50:15.630+0000][7][gc,phases    ] GC(137)   Evacuate Collection Set: 3.9ms
[2021-04-21T09:50:15.630+0000][7][gc,phases    ] GC(137)   Post Evacuate Collection Set: 0.8ms
[2021-04-21T09:50:15.630+0000][7][gc,phases    ] GC(137)   Other: 0.6ms
[2021-04-21T09:50:15.630+0000][7][gc,heap      ] GC(137) Eden regions: 17->0(17)
[2021-04-21T09:50:15.630+0000][7][gc,heap      ] GC(137) Survivor regions: 1->1(3)
[2021-04-21T09:50:15.630+0000][7][gc,heap      ] GC(137) Old regions: 68->68
[2021-04-21T09:50:15.630+0000][7][gc,heap      ] GC(137) Archive regions: 2->2
[2021-04-21T09:50:15.630+0000][7][gc,heap      ] GC(137) Humongous regions: 7->7
[2021-04-21T09:50:15.630+0000][7][gc,metaspace ] GC(137) Metaspace: 90298K(97404K)->90298K(97404K) NonClass: 78198K(82352K)->78198K(82352K) Class: 12100K(15052K)->12100K(15052K)
[2021-04-21T09:50:15.630+0000][7][gc           ] GC(137) Pause Young (Concurrent Start) (G1 Evacuation Pause) 92M->76M(128M) 6.312ms
[2021-04-21T09:50:15.630+0000][7][gc,cpu       ] GC(137) User=0.02s Sys=0.00s Real=0.01s
[2021-04-21T09:50:15.630+0000][7][safepoint    ] Safepoint "G1CollectForAllocation", Time since last: 81607117 ns, Reaching safepoint: 140949 ns, At safepoint: 6438327 ns, Total: 6579276 ns
[2021-04-21T09:50:15.630+0000][7][gc           ] GC(138) Concurrent Cycle
[2021-04-21T09:50:15.631+0000][7][gc,marking   ] GC(138) Concurrent Clear Claimed Marks
[2021-04-21T09:50:15.631+0000][7][gc,marking   ] GC(138) Concurrent Clear Claimed Marks 0.497ms
[2021-04-21T09:50:15.631+0000][7][gc,marking   ] GC(138) Concurrent Scan Root Regions
[2021-04-21T09:50:15.632+0000][7][gc,marking   ] GC(138) Concurrent Scan Root Regions 1.436ms
[2021-04-21T09:50:15.633+0000][7][gc,marking   ] GC(138) Concurrent Mark (623.806s)
[2021-04-21T09:50:15.633+0000][7][gc,marking   ] GC(138) Concurrent Mark From Roots
[2021-04-21T09:50:15.633+0000][7][gc,task      ] GC(138) Using 1 workers of 1 for marking
[2021-04-21T09:50:15.751+0000][7][gc,marking   ] GC(138) Concurrent Mark From Roots 118.342ms
[2021-04-21T09:50:15.751+0000][7][gc,marking   ] GC(138) Concurrent Preclean
[2021-04-21T09:50:15.751+0000][7][gc,marking   ] GC(138) Concurrent Preclean 0.204ms
[2021-04-21T09:50:15.751+0000][7][gc,marking   ] GC(138) Concurrent Mark (623.806s, 623.924s) 118.654ms
[2021-04-21T09:50:15.751+0000][7][gc,start     ] GC(138) Pause Remark
[2021-04-21T09:50:15.760+0000][7][gc           ] GC(138) Pause Remark 76M->76M(128M) 8.954ms
[2021-04-21T09:50:15.760+0000][7][gc,cpu       ] GC(138) User=0.02s Sys=0.00s Real=0.01s
[2021-04-21T09:50:15.760+0000][7][safepoint    ] Safepoint "G1Concurrent", Time since last: 120745442 ns, Reaching safepoint: 116402 ns, At safepoint: 9043513 ns, Total: 9159915 ns
[2021-04-21T09:50:15.760+0000][7][gc,marking   ] GC(138) Concurrent Rebuild Remembered Sets
[2021-04-21T09:50:15.837+0000][7][gc,marking   ] GC(138) Concurrent Rebuild Remembered Sets 76.686ms
[2021-04-21T09:50:15.837+0000][7][gc,start     ] GC(138) Pause Cleanup
[2021-04-21T09:50:15.837+0000][7][gc           ] GC(138) Pause Cleanup 76M->76M(128M) 0.154ms
[2021-04-21T09:50:15.837+0000][7][gc,cpu       ] GC(138) User=0.00s Sys=0.00s Real=0.00s
[2021-04-21T09:50:15.838+0000][7][safepoint    ] Safepoint "G1Concurrent", Time since last: 76781121 ns, Reaching safepoint: 124192 ns, At safepoint: 219900 ns, Total: 344092 ns
[2021-04-21T09:50:15.838+0000][7][gc,marking   ] GC(138) Concurrent Cleanup for Next Mark
[2021-04-21T09:50:15.838+0000][7][gc,marking   ] GC(138) Concurrent Cleanup for Next Mark 0.255ms
[2021-04-21T09:50:15.838+0000][7][gc           ] GC(138) Concurrent Cycle 207.329ms
[2021-04-21T09:50:16.838+0000][7][safepoint    ] Safepoint "Cleanup", Time since last: 1000123651 ns, Reaching safepoint: 129057 ns, At safepoint: 6918 ns, Total: 135975 ns
[2021-04-21T09:50:17.838+0000][7][safepoint    ] Safepoint "Cleanup", Time since last: 1000137922 ns, Reaching safepoint: 205983 ns, At safepoint: 11819 ns, Total: 217802 ns
[2021-04-21T09:50:18.838+0000][7][safepoint    ] Safepoint "Cleanup", Time since last: 1000168500 ns, Reaching safepoint: 130924 ns, At safepoint: 7588 ns, Total: 138512 ns
[2021-04-21T09:50:19.839+0000][7][safepoint    ] Safepoint "Cleanup", Time since last: 1000168969 ns, Reaching safepoint: 190358 ns, At safepoint: 11630 ns, Total: 201988 ns
[2021-04-21T09:50:20.839+0000][7][safepoint    ] Safepoint "Cleanup", Time since last: 1000171955 ns, Reaching safepoint: 202552 ns, At safepoint: 13843 ns, Total: 216395 ns
[2021-04-21T09:50:21.840+0000][7][safepoint    ] Safepoint "Cleanup", Time since last: 1000192564 ns, Reaching safepoint: 143504 ns, At safepoint: 7019 ns, Total: 150523 ns
[2021-04-21T09:50:22.840+0000][7][safepoint    ] Safepoint "Cleanup", Time since last: 1000139264 ns, Reaching safepoint: 158069 ns, At safepoint: 8510 ns, Total: 166579 ns
[2021-04-21T09:50:23.840+0000][7][safepoint    ] Safepoint "Cleanup", Time since last: 1000149424 ns, Reaching safepoint: 88983 ns, At safepoint: 3818 ns, Total: 92801 ns
[2021-04-21T09:50:24.840+0000][7][safepoint    ] Safepoint "Cleanup", Time since last: 1000161102 ns, Reaching safepoint: 159908 ns, At safepoint: 9893 ns, Total: 169801 ns
[2021-04-21T09:50:25.841+0000][7][safepoint    ] Safepoint "Cleanup", Time since last: 1000163952 ns, Reaching safepoint: 135873 ns, At safepoint: 7058 ns, Total: 142931 ns
[2021-04-21T09:50:26.841+0000][7][safepoint    ] Safepoint "Cleanup", Time since last: 1000106536 ns, Reaching safepoint: 192764 ns, At safepoint: 8742 ns, Total: 201506 ns
[2021-04-21T09:50:27.841+0000][7][safepoint    ] Safepoint "Cleanup", Time since last: 1000166965 ns, Reaching safepoint: 145002 ns, At safepoint: 10370 ns, Total: 155372 ns
[2021-04-21T09:50:28.842+0000][7][safepoint    ] Safepoint "Cleanup", Time since last: 1000142430 ns, Reaching safepoint: 91834 ns, At safepoint: 3314 ns, Total: 95148 ns
[2021-04-21T09:50:29.842+0000][7][safepoint    ] Safepoint "Cleanup", Time since last: 1000121127 ns, Reaching safepoint: 104294 ns, At safepoint: 6510 ns, Total: 110804 ns
[2021-04-21T09:50:30.842+0000][7][safepoint    ] Safepoint "Cleanup", Time since last: 1000170344 ns, Reaching safepoint: 178025 ns, At safepoint: 8078 ns, Total: 186103 ns
[2021-04-21T09:50:31.843+0000][7][safepoint    ] Safepoint "Cleanup", Time since last: 1000209603 ns, Reaching safepoint: 186819 ns, At safepoint: 14129 ns, Total: 200948 ns
[2021-04-21T09:50:32.843+0000][7][safepoint    ] Safepoint "Cleanup", Time since last: 1000150093 ns, Reaching safepoint: 92935 ns, At safepoint: 3834 ns, Total: 96769 ns
[2021-04-21T09:50:33.843+0000][7][safepoint    ] Safepoint "Cleanup", Time since last: 1000145773 ns, Reaching safepoint: 88064 ns, At safepoint: 3085 ns, Total: 91149 ns
[2021-04-21T09:50:34.843+0000][7][safepoint    ] Safepoint "Cleanup", Time since last: 1000131991 ns, Reaching safepoint: 222057 ns, At safepoint: 12876 ns, Total: 234933 ns
[2021-04-21T09:50:35.844+0000][7][safepoint    ] Safepoint "Cleanup", Time since last: 1000182578 ns, Reaching safepoint: 127091 ns, At safepoint: 7940 ns, Total: 135031 ns
[2021-04-21T09:50:36.844+0000][7][safepoint    ] Safepoint "Cleanup", Time since last: 1000144603 ns, Reaching safepoint: 149663 ns, At safepoint: 8905 ns, Total: 158568 ns
[2021-04-21T09:50:37.844+0000][7][safepoint    ] Safepoint "Cleanup", Time since last: 1000172846 ns, Reaching safepoint: 148464 ns, At safepoint: 8937 ns, Total: 157401 ns
[2021-04-21T09:50:38.845+0000][7][safepoint    ] Safepoint "Cleanup", Time since last: 1000137291 ns, Reaching safepoint: 96271 ns, At safepoint: 3339 ns, Total: 99610 ns
[2021-04-21T09:50:39.845+0000][7][safepoint    ] Safepoint "Cleanup", Time since last: 1000147025 ns, Reaching safepoint: 146495 ns, At safepoint: 16603 ns, Total: 163098 ns
[2021-04-21T09:50:40.845+0000][7][safepoint    ] Safepoint "Cleanup", Time since last: 1000183968 ns, Reaching safepoint: 174932 ns, At safepoint: 8199 ns, Total: 183131 ns
[2021-04-21T09:50:41.846+0000][7][safepoint    ] Safepoint "Cleanup", Time since last: 1000157609 ns, Reaching safepoint: 146217 ns, At safepoint: 6726 ns, Total: 152943 ns
[2021-04-21T09:50:42.846+0000][7][safepoint    ] Safepoint "Cleanup", Time since last: 1000109359 ns, Reaching safepoint: 128238 ns, At safepoint: 6742 ns, Total: 134980 ns
[2021-04-21T09:50:43.846+0000][7][safepoint    ] Safepoint "Cleanup", Time since last: 1000158462 ns, Reaching safepoint: 119892 ns, At safepoint: 7250 ns, Total: 127142 ns
[2021-04-21T09:50:44.846+0000][7][safepoint    ] Safepoint "Cleanup", Time since last: 1000149962 ns, Reaching safepoint: 103531 ns, At safepoint: 9607 ns, Total: 113138 ns
[2021-04-21T09:50:45.847+0000][7][safepoint    ] Safepoint "Cleanup", Time since last: 1000151798 ns, Reaching safepoint: 173565 ns, At safepoint: 13151 ns, Total: 186716 ns
[2021-04-21T09:50:46.893+0000][7][safepoint    ] Safepoint "Cleanup", Time since last: 1046462746 ns, Reaching safepoint: 225106 ns, At safepoint: 4110 ns, Total: 229216 ns
[2021-04-21T09:50:47.320+0000][7][gc,start     ] GC(139) Pause Young (Normal) (G1 Evacuation Pause)
[2021-04-21T09:50:47.320+0000][7][gc,task      ] GC(139) Using 4 workers of 4 for evacuation
[2021-04-21T09:50:47.320+0000][7][gc,age       ] GC(139) Desired survivor size 1572864 bytes, new threshold 15 (max threshold 15)
[2021-04-21T09:50:47.324+0000][7][gc,age       ] GC(139) Age table with threshold 15 (max threshold 15)
[2021-04-21T09:50:47.324+0000][7][gc,age       ] GC(139) - age   1:     616912 bytes,     616912 total
[2021-04-21T09:50:47.324+0000][7][gc,age       ] GC(139) - age   2:     474688 bytes,    1091600 total
[2021-04-21T09:50:47.324+0000][7][gc,age       ] GC(139) - age   3:        432 bytes,    1092032 total
[2021-04-21T09:50:47.324+0000][7][gc,age       ] GC(139) - age   4:       1360 bytes,    1093392 total
[2021-04-21T09:50:47.324+0000][7][gc,age       ] GC(139) - age   5:        224 bytes,    1093616 total
[2021-04-21T09:50:47.324+0000][7][gc,age       ] GC(139) - age   6:        576 bytes,    1094192 total
[2021-04-21T09:50:47.324+0000][7][gc,age       ] GC(139) - age   7:        744 bytes,    1094936 total
[2021-04-21T09:50:47.324+0000][7][gc,age       ] GC(139) - age   8:       1912 bytes,    1096848 total
[2021-04-21T09:50:47.324+0000][7][gc,age       ] GC(139) - age   9:       2000 bytes,    1098848 total
[2021-04-21T09:50:47.324+0000][7][gc,age       ] GC(139) - age  10:       1880 bytes,    1100728 total
[2021-04-21T09:50:47.324+0000][7][gc,age       ] GC(139) - age  11:       6480 bytes,    1107208 total
[2021-04-21T09:50:47.324+0000][7][gc,age       ] GC(139) - age  12:       3344 bytes,    1110552 total
[2021-04-21T09:50:47.324+0000][7][gc,age       ] GC(139) - age  13:       2136 bytes,    1112688 total
[2021-04-21T09:50:47.324+0000][7][gc,age       ] GC(139) - age  14:       3768 bytes,    1116456 total
[2021-04-21T09:50:47.324+0000][7][gc,age       ] GC(139) - age  15:       2440 bytes,    1118896 total
[2021-04-21T09:50:47.324+0000][7][gc,phases    ] GC(139)   Pre Evacuate Collection Set: 0.1ms
[2021-04-21T09:50:47.324+0000][7][gc,phases    ] GC(139)   Merge Heap Roots: 0.1ms
[2021-04-21T09:50:47.324+0000][7][gc,phases    ] GC(139)   Evacuate Collection Set: 3.1ms
[2021-04-21T09:50:47.324+0000][7][gc,phases    ] GC(139)   Post Evacuate Collection Set: 0.6ms
[2021-04-21T09:50:47.324+0000][7][gc,phases    ] GC(139)   Other: 0.4ms
[2021-04-21T09:50:47.324+0000][7][gc,heap      ] GC(139) Eden regions: 17->0(15)
[2021-04-21T09:50:47.324+0000][7][gc,heap      ] GC(139) Survivor regions: 1->2(3)
[2021-04-21T09:50:47.324+0000][7][gc,heap      ] GC(139) Old regions: 68->68
[2021-04-21T09:50:47.324+0000][7][gc,heap      ] GC(139) Archive regions: 2->2
[2021-04-21T09:50:47.324+0000][7][gc,heap      ] GC(139) Humongous regions: 7->7
[2021-04-21T09:50:47.324+0000][7][gc,metaspace ] GC(139) Metaspace: 90457K(97660K)->90457K(97660K) NonClass: 78338K(82608K)->78338K(82608K) Class: 12119K(15052K)->12119K(15052K)
[2021-04-21T09:50:47.324+0000][7][gc           ] GC(139) Pause Young (Normal) (G1 Evacuation Pause) 93M->76M(128M) 4.362ms
[2021-04-21T09:50:47.324+0000][7][gc,cpu       ] GC(139) User=0.01s Sys=0.00s Real=0.00s
[2021-04-21T09:50:47.324+0000][7][safepoint    ] Safepoint "G1CollectForAllocation", Time since last: 426370527 ns, Reaching safepoint: 165236 ns, At safepoint: 4463159 ns, Total: 4628395 ns
[2021-04-21T09:50:48.378+0000][7][safepoint    ] Safepoint "Cleanup", Time since last: 1053097830 ns, Reaching safepoint: 187687 ns, At safepoint: 7377 ns, Total: 195064 ns
[2021-04-21T09:50:49.378+0000][7][safepoint    ] Safepoint "Cleanup", Time since last: 1000121078 ns, Reaching safepoint: 120263 ns, At safepoint: 5909 ns, Total: 126172 ns
[2021-04-21T09:50:50.378+0000][7][safepoint    ] Safepoint "Cleanup", Time since last: 1000124862 ns, Reaching safepoint: 99705 ns, At safepoint: 3674 ns, Total: 103379 ns
[2021-04-21T09:50:51.378+0000][7][safepoint    ] Safepoint "Cleanup", Time since last: 1000129497 ns, Reaching safepoint: 129201 ns, At safepoint: 3571 ns, Total: 132772 ns
[2021-04-21T09:50:52.379+0000][7][safepoint    ] Safepoint "Cleanup", Time since last: 1000119837 ns, Reaching safepoint: 113440 ns, At safepoint: 4226 ns, Total: 117666 ns
[2021-04-21T09:50:53.379+0000][7][safepoint    ] Safepoint "Cleanup", Time since last: 1000127986 ns, Reaching safepoint: 144738 ns, At safepoint: 4774 ns, Total: 149512 ns
[2021-04-21T09:50:54.379+0000][7][safepoint    ] Safepoint "Cleanup", Time since last: 1000156287 ns, Reaching safepoint: 280873 ns, At safepoint: 13411 ns, Total: 294284 ns
[2021-04-21T09:50:55.380+0000][7][safepoint    ] Safepoint "Cleanup", Time since last: 1000220841 ns, Reaching safepoint: 124589 ns, At safepoint: 8365 ns, Total: 132954 ns
[2021-04-21T09:50:56.380+0000][7][safepoint    ] Safepoint "Cleanup", Time since last: 1000125662 ns, Reaching safepoint: 126491 ns, At safepoint: 3775 ns, Total: 130266 ns
[2021-04-21T09:50:57.380+0000][7][safepoint    ] Safepoint "Cleanup", Time since last: 1000133328 ns, Reaching safepoint: 140437 ns, At safepoint: 4559 ns, Total: 144996 ns
[2021-04-21T09:50:58.444+0000][7][safepoint    ] Safepoint "Cleanup", Time since last: 1063118092 ns, Reaching safepoint: 171171 ns, At safepoint: 11762 ns, Total: 182933 ns
[2021-04-21T09:50:59.444+0000][7][safepoint    ] Safepoint "Cleanup", Time since last: 1000209196 ns, Reaching safepoint: 145682 ns, At safepoint: 5923 ns, Total: 151605 ns
[2021-04-21T09:51:00.444+0000][7][safepoint    ] Safepoint "Cleanup", Time since last: 1000155783 ns, Reaching safepoint: 253562 ns, At safepoint: 12872 ns, Total: 266434 ns
[2021-04-21T09:51:01.445+0000][7][safepoint    ] Safepoint "Cleanup", Time since last: 1000206062 ns, Reaching safepoint: 237641 ns, At safepoint: 18482 ns, Total: 256123 ns
[2021-04-21T09:51:02.445+0000][7][safepoint    ] Safepoint "Cleanup", Time since last: 1000227119 ns, Reaching safepoint: 165327 ns, At safepoint: 7795 ns, Total: 173122 ns
[2021-04-21T09:51:03.446+0000][7][safepoint    ] Safepoint "Cleanup", Time since last: 1000186803 ns, Reaching safepoint: 129388 ns, At safepoint: 5715 ns, Total: 135103 ns
[2021-04-21T09:51:04.446+0000][7][safepoint    ] Safepoint "Cleanup", Time since last: 1000141759 ns, Reaching safepoint: 153944 ns, At safepoint: 7954 ns, Total: 161898 ns
[2021-04-21T09:51:05.446+0000][7][safepoint    ] Safepoint "Cleanup", Time since last: 1000192823 ns, Reaching safepoint: 106982 ns, At safepoint: 4808 ns, Total: 111790 ns
[2021-04-21T09:51:06.447+0000][7][safepoint    ] Safepoint "Cleanup", Time since last: 1000179118 ns, Reaching safepoint: 201945 ns, At safepoint: 8107 ns, Total: 210052 ns
[2021-04-21T09:51:06.829+0000][7][gc,start     ] GC(140) Pause Young (Concurrent Start) (G1 Evacuation Pause)
[2021-04-21T09:51:06.829+0000][7][gc,task      ] GC(140) Using 4 workers of 4 for evacuation
[2021-04-21T09:51:06.829+0000][7][gc,age       ] GC(140) Desired survivor size 1572864 bytes, new threshold 15 (max threshold 15)
[2021-04-21T09:51:06.834+0000][7][gc,age       ] GC(140) Age table with threshold 15 (max threshold 15)
[2021-04-21T09:51:06.834+0000][7][gc,age       ] GC(140) - age   1:     266760 bytes,     266760 total
[2021-04-21T09:51:06.834+0000][7][gc,age       ] GC(140) - age   2:     251736 bytes,     518496 total
[2021-04-21T09:51:06.834+0000][7][gc,age       ] GC(140) - age   3:     400736 bytes,     919232 total
[2021-04-21T09:51:06.834+0000][7][gc,age       ] GC(140) - age   4:        432 bytes,     919664 total
[2021-04-21T09:51:06.834+0000][7][gc,age       ] GC(140) - age   5:       1264 bytes,     920928 total
[2021-04-21T09:51:06.834+0000][7][gc,age       ] GC(140) - age   6:        224 bytes,     921152 total
[2021-04-21T09:51:06.834+0000][7][gc,age       ] GC(140) - age   7:        576 bytes,     921728 total
[2021-04-21T09:51:06.834+0000][7][gc,age       ] GC(140) - age   8:        744 bytes,     922472 total
[2021-04-21T09:51:06.834+0000][7][gc,age       ] GC(140) - age   9:       1912 bytes,     924384 total
[2021-04-21T09:51:06.834+0000][7][gc,age       ] GC(140) - age  10:       2000 bytes,     926384 total
[2021-04-21T09:51:06.834+0000][7][gc,age       ] GC(140) - age  11:       1880 bytes,     928264 total
[2021-04-21T09:51:06.834+0000][7][gc,age       ] GC(140) - age  12:       6480 bytes,     934744 total
[2021-04-21T09:51:06.834+0000][7][gc,age       ] GC(140) - age  13:       3312 bytes,     938056 total
[2021-04-21T09:51:06.834+0000][7][gc,age       ] GC(140) - age  14:       2136 bytes,     940192 total
[2021-04-21T09:51:06.834+0000][7][gc,age       ] GC(140) - age  15:       3768 bytes,     943960 total
[2021-04-21T09:51:06.834+0000][7][gc,phases    ] GC(140)   Pre Evacuate Collection Set: 0.5ms
[2021-04-21T09:51:06.834+0000][7][gc,phases    ] GC(140)   Merge Heap Roots: 0.1ms
[2021-04-21T09:51:06.834+0000][7][gc,phases    ] GC(140)   Evacuate Collection Set: 3.5ms
[2021-04-21T09:51:06.834+0000][7][gc,phases    ] GC(140)   Post Evacuate Collection Set: 0.8ms
[2021-04-21T09:51:06.834+0000][7][gc,phases    ] GC(140)   Other: 0.4ms
[2021-04-21T09:51:06.834+0000][7][gc,heap      ] GC(140) Eden regions: 15->0(16)
[2021-04-21T09:51:06.834+0000][7][gc,heap      ] GC(140) Survivor regions: 2->1(3)
[2021-04-21T09:51:06.834+0000][7][gc,heap      ] GC(140) Old regions: 68->68
[2021-04-21T09:51:06.834+0000][7][gc,heap      ] GC(140) Archive regions: 2->2
[2021-04-21T09:51:06.834+0000][7][gc,heap      ] GC(140) Humongous regions: 7->7
[2021-04-21T09:51:06.834+0000][7][gc,metaspace ] GC(140) Metaspace: 90754K(97916K)->90754K(97916K) NonClass: 78619K(82864K)->78619K(82864K) Class: 12134K(15052K)->12134K(15052K)
[2021-04-21T09:51:06.834+0000][7][gc           ] GC(140) Pause Young (Concurrent Start) (G1 Evacuation Pause) 91M->76M(128M) 5.366ms
[2021-04-21T09:51:06.834+0000][7][gc,cpu       ] GC(140) User=0.01s Sys=0.00s Real=0.00s
[2021-04-21T09:51:06.834+0000][7][safepoint    ] Safepoint "G1CollectForAllocation", Time since last: 382087584 ns, Reaching safepoint: 83011 ns, At safepoint: 5462214 ns, Total: 5545225 ns
[2021-04-21T09:51:06.834+0000][7][gc           ] GC(141) Concurrent Cycle
[2021-04-21T09:51:06.834+0000][7][gc,marking   ] GC(141) Concurrent Clear Claimed Marks
[2021-04-21T09:51:06.835+0000][7][gc,marking   ] GC(141) Concurrent Clear Claimed Marks 0.600ms
[2021-04-21T09:51:06.835+0000][7][gc,marking   ] GC(141) Concurrent Scan Root Regions
[2021-04-21T09:51:06.838+0000][7][gc,marking   ] GC(141) Concurrent Scan Root Regions 3.219ms
[2021-04-21T09:51:06.838+0000][7][gc,marking   ] GC(141) Concurrent Mark (675.011s)
[2021-04-21T09:51:06.838+0000][7][gc,marking   ] GC(141) Concurrent Mark From Roots
[2021-04-21T09:51:06.838+0000][7][gc,task      ] GC(141) Using 1 workers of 1 for marking
[2021-04-21T09:51:07.001+0000][7][gc,marking   ] GC(141) Concurrent Mark From Roots 162.666ms
[2021-04-21T09:51:07.001+0000][7][gc,marking   ] GC(141) Concurrent Preclean
[2021-04-21T09:51:07.001+0000][7][gc,marking   ] GC(141) Concurrent Preclean 0.223ms
[2021-04-21T09:51:07.001+0000][7][gc,marking   ] GC(141) Concurrent Mark (675.011s, 675.174s) 162.967ms
[2021-04-21T09:51:07.001+0000][7][gc,start     ] GC(141) Pause Remark
[2021-04-21T09:51:07.016+0000][7][gc           ] GC(141) Pause Remark 78M->78M(128M) 14.711ms
[2021-04-21T09:51:07.016+0000][7][gc,cpu       ] GC(141) User=0.03s Sys=0.00s Real=0.01s
[2021-04-21T09:51:07.016+0000][7][safepoint    ] Safepoint "G1Concurrent", Time since last: 166972148 ns, Reaching safepoint: 146522 ns, At safepoint: 14837527 ns, Total: 14984049 ns
[2021-04-21T09:51:07.017+0000][7][gc,marking   ] GC(141) Concurrent Rebuild Remembered Sets
[2021-04-21T09:51:07.117+0000][7][gc,marking   ] GC(141) Concurrent Rebuild Remembered Sets 99.427ms
[2021-04-21T09:51:07.117+0000][7][gc,start     ] GC(141) Pause Cleanup
[2021-04-21T09:51:07.117+0000][7][gc           ] GC(141) Pause Cleanup 78M->78M(128M) 0.167ms
[2021-04-21T09:51:07.117+0000][7][gc,cpu       ] GC(141) User=0.00s Sys=0.00s Real=0.00s
[2021-04-21T09:51:07.117+0000][7][safepoint    ] Safepoint "G1Concurrent", Time since last: 100762545 ns, Reaching safepoint: 114574 ns, At safepoint: 227129 ns, Total: 341703 ns
[2021-04-21T09:51:07.117+0000][7][gc,marking   ] GC(141) Concurrent Cleanup for Next Mark
[2021-04-21T09:51:07.118+0000][7][gc,marking   ] GC(141) Concurrent Cleanup for Next Mark 0.288ms
[2021-04-21T09:51:07.118+0000][7][gc           ] GC(141) Concurrent Cycle 283.374ms
[2021-04-21T09:51:07.346+0000][7][safepoint    ] Safepoint "BulkRevokeBias", Time since last: 228340284 ns, Reaching safepoint: 216046 ns, At safepoint: 450319 ns, Total: 666365 ns
[2021-04-21T09:51:08.350+0000][7][safepoint    ] Safepoint "Cleanup", Time since last: 1003675330 ns, Reaching safepoint: 222169 ns, At safepoint: 7339 ns, Total: 229508 ns
[2021-04-21T09:51:09.351+0000][7][safepoint    ] Safepoint "Cleanup", Time since last: 1000158837 ns, Reaching safepoint: 147381 ns, At safepoint: 5144 ns, Total: 152525 ns
[2021-04-21T09:51:11.302+0000][7][safepoint    ] Safepoint "Cleanup", Time since last: 1951284056 ns, Reaching safepoint: 278826 ns, At safepoint: 12142 ns, Total: 290968 ns
[2021-04-21T09:51:12.302+0000][7][safepoint    ] Safepoint "Cleanup", Time since last: 1000154957 ns, Reaching safepoint: 171970 ns, At safepoint: 8918 ns, Total: 180888 ns
[2021-04-21T09:51:13.303+0000][7][safepoint    ] Safepoint "Cleanup", Time since last: 1000187498 ns, Reaching safepoint: 185472 ns, At safepoint: 12567 ns, Total: 198039 ns
[2021-04-21T09:51:14.303+0000][7][safepoint    ] Safepoint "Cleanup", Time since last: 1000197964 ns, Reaching safepoint: 175694 ns, At safepoint: 11953 ns, Total: 187647 ns
[2021-04-21T09:51:15.303+0000][7][safepoint    ] Safepoint "Cleanup", Time since last: 1000157310 ns, Reaching safepoint: 126807 ns, At safepoint: 3584 ns, Total: 130391 ns
[2021-04-21T09:51:16.304+0000][7][safepoint    ] Safepoint "Cleanup", Time since last: 1000128663 ns, Reaching safepoint: 182197 ns, At safepoint: 4826 ns, Total: 187023 ns
[2021-04-21T09:51:17.304+0000][7][safepoint    ] Safepoint "Cleanup", Time since last: 1000131251 ns, Reaching safepoint: 113939 ns, At safepoint: 3483 ns, Total: 117422 ns
[2021-04-21T09:51:18.304+0000][7][safepoint    ] Safepoint "Cleanup", Time since last: 1000128380 ns, Reaching safepoint: 157772 ns, At safepoint: 8470 ns, Total: 166242 ns
[2021-04-21T09:51:19.305+0000][7][safepoint    ] Safepoint "Cleanup", Time since last: 1000139141 ns, Reaching safepoint: 102295 ns, At safepoint: 4274 ns, Total: 106569 ns
[2021-04-21T09:51:20.006+0000][7][gc,start     ] GC(142) Pause Young (Normal) (G1 Evacuation Pause)
[2021-04-21T09:51:20.006+0000][7][gc,task      ] GC(142) Using 4 workers of 4 for evacuation
[2021-04-21T09:51:20.006+0000][7][gc,age       ] GC(142) Desired survivor size 1572864 bytes, new threshold 15 (max threshold 15)
[2021-04-21T09:51:20.012+0000][7][gc,age       ] GC(142) Age table with threshold 15 (max threshold 15)
[2021-04-21T09:51:20.012+0000][7][gc,age       ] GC(142) - age   1:     244296 bytes,     244296 total
[2021-04-21T09:51:20.012+0000][7][gc,age       ] GC(142) - age   2:     258472 bytes,     502768 total
[2021-04-21T09:51:20.012+0000][7][gc,age       ] GC(142) - age   3:     138096 bytes,     640864 total
[2021-04-21T09:51:20.012+0000][7][gc,age       ] GC(142) - age   4:     102816 bytes,     743680 total
[2021-04-21T09:51:20.012+0000][7][gc,age       ] GC(142) - age   5:        432 bytes,     744112 total
[2021-04-21T09:51:20.012+0000][7][gc,age       ] GC(142) - age   6:       1224 bytes,     745336 total
[2021-04-21T09:51:20.012+0000][7][gc,age       ] GC(142) - age   7:        224 bytes,     745560 total
[2021-04-21T09:51:20.012+0000][7][gc,age       ] GC(142) - age   8:        576 bytes,     746136 total
[2021-04-21T09:51:20.012+0000][7][gc,age       ] GC(142) - age   9:        744 bytes,     746880 total
[2021-04-21T09:51:20.012+0000][7][gc,age       ] GC(142) - age  10:       1912 bytes,     748792 total
[2021-04-21T09:51:20.012+0000][7][gc,age       ] GC(142) - age  11:       2000 bytes,     750792 total
[2021-04-21T09:51:20.012+0000][7][gc,age       ] GC(142) - age  12:       1880 bytes,     752672 total
[2021-04-21T09:51:20.012+0000][7][gc,age       ] GC(142) - age  13:       6480 bytes,     759152 total
[2021-04-21T09:51:20.012+0000][7][gc,age       ] GC(142) - age  14:       3296 bytes,     762448 total
[2021-04-21T09:51:20.012+0000][7][gc,age       ] GC(142) - age  15:       2136 bytes,     764584 total
[2021-04-21T09:51:20.012+0000][7][gc,phases    ] GC(142)   Pre Evacuate Collection Set: 0.1ms
[2021-04-21T09:51:20.012+0000][7][gc,phases    ] GC(142)   Merge Heap Roots: 0.1ms
[2021-04-21T09:51:20.012+0000][7][gc,phases    ] GC(142)   Evacuate Collection Set: 4.0ms
[2021-04-21T09:51:20.012+0000][7][gc,phases    ] GC(142)   Post Evacuate Collection Set: 1.5ms
[2021-04-21T09:51:20.012+0000][7][gc,phases    ] GC(142)   Other: 0.4ms
[2021-04-21T09:51:20.012+0000][7][gc,heap      ] GC(142) Eden regions: 16->0(16)
[2021-04-21T09:51:20.012+0000][7][gc,heap      ] GC(142) Survivor regions: 1->1(3)
[2021-04-21T09:51:20.012+0000][7][gc,heap      ] GC(142) Old regions: 68->68
[2021-04-21T09:51:20.012+0000][7][gc,heap      ] GC(142) Archive regions: 2->2
[2021-04-21T09:51:20.012+0000][7][gc,heap      ] GC(142) Humongous regions: 7->7
[2021-04-21T09:51:20.012+0000][7][gc,metaspace ] GC(142) Metaspace: 91040K(98172K)->91040K(98172K) NonClass: 78863K(83120K)->78863K(83120K) Class: 12177K(15052K)->12177K(15052K)
[2021-04-21T09:51:20.013+0000][7][gc           ] GC(142) Pause Young (Normal) (G1 Evacuation Pause) 92M->76M(128M) 6.260ms
[2021-04-21T09:51:20.013+0000][7][gc,cpu       ] GC(142) User=0.01s Sys=0.00s Real=0.01s
[2021-04-21T09:51:20.013+0000][7][safepoint    ] Safepoint "G1CollectForAllocation", Time since last: 701536358 ns, Reaching safepoint: 110776 ns, At safepoint: 6374055 ns, Total: 6484831 ns
[2021-04-21T09:51:21.013+0000][7][safepoint    ] Safepoint "Cleanup", Time since last: 1000099582 ns, Reaching safepoint: 96197 ns, At safepoint: 3485 ns, Total: 99682 ns
[2021-04-21T09:51:22.013+0000][7][safepoint    ] Safepoint "Cleanup", Time since last: 1000122211 ns, Reaching safepoint: 92960 ns, At safepoint: 3151 ns, Total: 96111 ns
[2021-04-21T09:51:23.119+0000][7][safepoint    ] Safepoint "Cleanup", Time since last: 1105710475 ns, Reaching safepoint: 121317 ns, At safepoint: 9579 ns, Total: 130896 ns
[2021-04-21T09:51:24.119+0000][7][safepoint    ] Safepoint "Cleanup", Time since last: 1000122300 ns, Reaching safepoint: 111090 ns, At safepoint: 3068 ns, Total: 114158 ns
[2021-04-21T09:51:25.119+0000][7][safepoint    ] Safepoint "Cleanup", Time since last: 1000132110 ns, Reaching safepoint: 121169 ns, At safepoint: 7096 ns, Total: 128265 ns
[2021-04-21T09:51:26.120+0000][7][safepoint    ] Safepoint "Cleanup", Time since last: 1000140152 ns, Reaching safepoint: 117028 ns, At safepoint: 5791 ns, Total: 122819 ns
[2021-04-21T09:51:27.120+0000][7][safepoint    ] Safepoint "Cleanup", Time since last: 1000117338 ns, Reaching safepoint: 121208 ns, At safepoint: 7604 ns, Total: 128812 ns
[2021-04-21T09:51:28.120+0000][7][safepoint    ] Safepoint "Cleanup", Time since last: 1000128141 ns, Reaching safepoint: 97476 ns, At safepoint: 3483 ns, Total: 100959 ns
[2021-04-21T09:51:29.120+0000][7][safepoint    ] Safepoint "Cleanup", Time since last: 1000144280 ns, Reaching safepoint: 131380 ns, At safepoint: 7924 ns, Total: 139304 ns
[2021-04-21T09:51:30.121+0000][7][safepoint    ] Safepoint "Cleanup", Time since last: 1000155825 ns, Reaching safepoint: 153111 ns, At safepoint: 6522 ns, Total: 159633 ns
[2021-04-21T09:51:31.121+0000][7][safepoint    ] Safepoint "Cleanup", Time since last: 1000181477 ns, Reaching safepoint: 138383 ns, At safepoint: 8912 ns, Total: 147295 ns
[2021-04-21T09:51:32.121+0000][7][safepoint    ] Safepoint "Cleanup", Time since last: 1000151723 ns, Reaching safepoint: 114530 ns, At safepoint: 4736 ns, Total: 119266 ns
[2021-04-21T09:51:33.122+0000][7][safepoint    ] Safepoint "Cleanup", Time since last: 1000147997 ns, Reaching safepoint: 155997 ns, At safepoint: 4274 ns, Total: 160271 ns
[2021-04-21T09:51:34.122+0000][7][safepoint    ] Safepoint "Cleanup", Time since last: 1000140645 ns, Reaching safepoint: 178566 ns, At safepoint: 8389 ns, Total: 186955 ns
[2021-04-21T09:51:35.122+0000][7][safepoint    ] Safepoint "Cleanup", Time since last: 1000147977 ns, Reaching safepoint: 97826 ns, At safepoint: 5510 ns, Total: 103336 ns
[2021-04-21T09:51:36.123+0000][7][safepoint    ] Safepoint "Cleanup", Time since last: 1000133924 ns, Reaching safepoint: 199922 ns, At safepoint: 5222 ns, Total: 205144 ns
[2021-04-21T09:51:37.123+0000][7][safepoint    ] Safepoint "Cleanup", Time since last: 1000158250 ns, Reaching safepoint: 145224 ns, At safepoint: 10906 ns, Total: 156130 ns
[2021-04-21T09:51:38.123+0000][7][safepoint    ] Safepoint "Cleanup", Time since last: 1000134949 ns, Reaching safepoint: 206429 ns, At safepoint: 17269 ns, Total: 223698 ns
[2021-04-21T09:51:39.123+0000][7][safepoint    ] Safepoint "Cleanup", Time since last: 1000138978 ns, Reaching safepoint: 155545 ns, At safepoint: 5274 ns, Total: 160819 ns
[2021-04-21T09:51:40.379+0000][7][safepoint    ] Safepoint "Cleanup", Time since last: 1254892068 ns, Reaching safepoint: 299339 ns, At safepoint: 7425 ns, Total: 306764 ns
[2021-04-21T09:51:40.394+0000][7][gc,start     ] GC(143) Pause Young (Concurrent Start) (G1 Evacuation Pause)
[2021-04-21T09:51:40.394+0000][7][gc,task      ] GC(143) Using 4 workers of 4 for evacuation
[2021-04-21T09:51:40.394+0000][7][gc,age       ] GC(143) Desired survivor size 1572864 bytes, new threshold 15 (max threshold 15)
[2021-04-21T09:51:40.399+0000][7][gc,age       ] GC(143) Age table with threshold 15 (max threshold 15)
[2021-04-21T09:51:40.399+0000][7][gc,age       ] GC(143) - age   1:     177624 bytes,     177624 total
[2021-04-21T09:51:40.399+0000][7][gc,age       ] GC(143) - age   2:     219224 bytes,     396848 total
[2021-04-21T09:51:40.399+0000][7][gc,age       ] GC(143) - age   3:     257760 bytes,     654608 total
[2021-04-21T09:51:40.399+0000][7][gc,age       ] GC(143) - age   4:     137896 bytes,     792504 total
[2021-04-21T09:51:40.399+0000][7][gc,age       ] GC(143) - age   5:     102432 bytes,     894936 total
[2021-04-21T09:51:40.399+0000][7][gc,age       ] GC(143) - age   6:        432 bytes,     895368 total
[2021-04-21T09:51:40.399+0000][7][gc,age       ] GC(143) - age   7:       1224 bytes,     896592 total
[2021-04-21T09:51:40.399+0000][7][gc,age       ] GC(143) - age   8:        224 bytes,     896816 total
[2021-04-21T09:51:40.399+0000][7][gc,age       ] GC(143) - age   9:        576 bytes,     897392 total
[2021-04-21T09:51:40.399+0000][7][gc,age       ] GC(143) - age  10:        744 bytes,     898136 total
[2021-04-21T09:51:40.399+0000][7][gc,age       ] GC(143) - age  11:       1912 bytes,     900048 total
[2021-04-21T09:51:40.399+0000][7][gc,age       ] GC(143) - age  12:       2000 bytes,     902048 total
[2021-04-21T09:51:40.399+0000][7][gc,age       ] GC(143) - age  13:       1880 bytes,     903928 total
[2021-04-21T09:51:40.399+0000][7][gc,age       ] GC(143) - age  14:       6480 bytes,     910408 total
[2021-04-21T09:51:40.399+0000][7][gc,age       ] GC(143) - age  15:       3296 bytes,     913704 total
[2021-04-21T09:51:40.399+0000][7][gc,phases    ] GC(143)   Pre Evacuate Collection Set: 0.5ms
[2021-04-21T09:51:40.399+0000][7][gc,phases    ] GC(143)   Merge Heap Roots: 0.1ms
[2021-04-21T09:51:40.399+0000][7][gc,phases    ] GC(143)   Evacuate Collection Set: 3.3ms
[2021-04-21T09:51:40.399+0000][7][gc,phases    ] GC(143)   Post Evacuate Collection Set: 0.6ms
[2021-04-21T09:51:40.399+0000][7][gc,phases    ] GC(143)   Other: 0.4ms
[2021-04-21T09:51:40.399+0000][7][gc,heap      ] GC(143) Eden regions: 16->0(17)
[2021-04-21T09:51:40.399+0000][7][gc,heap      ] GC(143) Survivor regions: 1->1(3)
[2021-04-21T09:51:40.399+0000][7][gc,heap      ] GC(143) Old regions: 68->68
[2021-04-21T09:51:40.399+0000][7][gc,heap      ] GC(143) Archive regions: 2->2
[2021-04-21T09:51:40.399+0000][7][gc,heap      ] GC(143) Humongous regions: 7->7
[2021-04-21T09:51:40.399+0000][7][gc,metaspace ] GC(143) Metaspace: 91194K(98428K)->91194K(98428K) NonClass: 79016K(83376K)->79016K(83376K) Class: 12178K(15052K)->12178K(15052K)
[2021-04-21T09:51:40.399+0000][7][gc           ] GC(143) Pause Young (Concurrent Start) (G1 Evacuation Pause) 92M->76M(128M) 4.932ms
[2021-04-21T09:51:40.399+0000][7][gc,cpu       ] GC(143) User=0.00s Sys=0.01s Real=0.01s
[2021-04-21T09:51:40.399+0000][7][gc           ] GC(144) Concurrent Cycle
[2021-04-21T09:51:40.399+0000][7][safepoint    ] Safepoint "G1CollectForAllocation", Time since last: 15421821 ns, Reaching safepoint: 92776 ns, At safepoint: 5035230 ns, Total: 5128006 ns
[2021-04-21T09:51:40.399+0000][7][gc,marking   ] GC(144) Concurrent Clear Claimed Marks
[2021-04-21T09:51:40.400+0000][7][gc,marking   ] GC(144) Concurrent Clear Claimed Marks 0.594ms
[2021-04-21T09:51:40.400+0000][7][gc,marking   ] GC(144) Concurrent Scan Root Regions
[2021-04-21T09:51:40.403+0000][7][gc,marking   ] GC(144) Concurrent Scan Root Regions 2.762ms
[2021-04-21T09:51:40.403+0000][7][gc,marking   ] GC(144) Concurrent Mark (708.576s)
[2021-04-21T09:51:40.403+0000][7][gc,marking   ] GC(144) Concurrent Mark From Roots
[2021-04-21T09:51:40.403+0000][7][gc,task      ] GC(144) Using 1 workers of 1 for marking
[2021-04-21T09:51:40.523+0000][7][gc,marking   ] GC(144) Concurrent Mark From Roots 120.124ms
[2021-04-21T09:51:40.523+0000][7][gc,marking   ] GC(144) Concurrent Preclean
[2021-04-21T09:51:40.523+0000][7][gc,marking   ] GC(144) Concurrent Preclean 0.194ms
[2021-04-21T09:51:40.523+0000][7][gc,marking   ] GC(144) Concurrent Mark (708.576s, 708.696s) 120.397ms
[2021-04-21T09:51:40.523+0000][7][gc,start     ] GC(144) Pause Remark
[2021-04-21T09:51:40.536+0000][7][gc           ] GC(144) Pause Remark 77M->77M(128M) 12.350ms
[2021-04-21T09:51:40.536+0000][7][gc,cpu       ] GC(144) User=0.03s Sys=0.00s Real=0.01s
[2021-04-21T09:51:40.536+0000][7][safepoint    ] Safepoint "G1Concurrent", Time since last: 123895695 ns, Reaching safepoint: 124418 ns, At safepoint: 13121252 ns, Total: 13245670 ns
[2021-04-21T09:51:40.536+0000][7][gc,marking   ] GC(144) Concurrent Rebuild Remembered Sets
[2021-04-21T09:51:40.631+0000][7][gc,marking   ] GC(144) Concurrent Rebuild Remembered Sets 94.756ms
[2021-04-21T09:51:40.631+0000][7][gc,start     ] GC(144) Pause Cleanup
[2021-04-21T09:51:40.632+0000][7][gc           ] GC(144) Pause Cleanup 77M->77M(128M) 0.234ms
[2021-04-21T09:51:40.632+0000][7][gc,cpu       ] GC(144) User=0.00s Sys=0.00s Real=0.00s
[2021-04-21T09:51:40.632+0000][7][safepoint    ] Safepoint "G1Concurrent", Time since last: 94905247 ns, Reaching safepoint: 140621 ns, At safepoint: 312591 ns, Total: 453212 ns
[2021-04-21T09:51:40.632+0000][7][gc,marking   ] GC(144) Concurrent Cleanup for Next Mark
[2021-04-21T09:51:40.632+0000][7][gc,marking   ] GC(144) Concurrent Cleanup for Next Mark 0.286ms
[2021-04-21T09:51:40.632+0000][7][gc           ] GC(144) Concurrent Cycle 232.858ms
[2021-04-21T09:51:41.632+0000][7][safepoint    ] Safepoint "Cleanup", Time since last: 1000131364 ns, Reaching safepoint: 300701 ns, At safepoint: 14935 ns, Total: 315636 ns
[2021-04-21T09:51:43.629+0000][7][safepoint    ] Safepoint "Cleanup", Time since last: 1996537742 ns, Reaching safepoint: 255502 ns, At safepoint: 8093 ns, Total: 263595 ns
[2021-04-21T09:51:44.629+0000][7][safepoint    ] Safepoint "Cleanup", Time since last: 1000164952 ns, Reaching safepoint: 195991 ns, At safepoint: 11204 ns, Total: 207195 ns
[2021-04-21T09:51:45.630+0000][7][safepoint    ] Safepoint "Cleanup", Time since last: 1000163245 ns, Reaching safepoint: 194882 ns, At safepoint: 11346 ns, Total: 206228 ns
[2021-04-21T09:51:46.630+0000][7][safepoint    ] Safepoint "Cleanup", Time since last: 1000174982 ns, Reaching safepoint: 128632 ns, At safepoint: 7836 ns, Total: 136468 ns
[2021-04-21T09:51:47.631+0000][7][safepoint    ] Safepoint "Cleanup", Time since last: 1000148777 ns, Reaching safepoint: 309893 ns, At safepoint: 18741 ns, Total: 328634 ns
[2021-04-21T09:51:48.631+0000][7][safepoint    ] Safepoint "Cleanup", Time since last: 1000156122 ns, Reaching safepoint: 114415 ns, At safepoint: 3778 ns, Total: 118193 ns
[2021-04-21T09:51:49.932+0000][7][safepoint    ] Safepoint "Cleanup", Time since last: 1300927184 ns, Reaching safepoint: 158756 ns, At safepoint: 6593 ns, Total: 165349 ns
[2021-04-21T09:51:50.932+0000][7][safepoint    ] Safepoint "Cleanup", Time since last: 1000147859 ns, Reaching safepoint: 104352 ns, At safepoint: 4905 ns, Total: 109257 ns
[2021-04-21T09:51:51.933+0000][7][safepoint    ] Safepoint "Cleanup", Time since last: 1000170378 ns, Reaching safepoint: 196833 ns, At safepoint: 11430 ns, Total: 208263 ns
[2021-04-21T09:51:53.630+0000][7][safepoint    ] Safepoint "Cleanup", Time since last: 1697028654 ns, Reaching safepoint: 155797 ns, At safepoint: 8481 ns, Total: 164278 ns
[2021-04-21T09:51:54.630+0000][7][safepoint    ] Safepoint "Cleanup", Time since last: 1000169738 ns, Reaching safepoint: 155388 ns, At safepoint: 7937 ns, Total: 163325 ns
[2021-04-21T09:51:55.630+0000][7][safepoint    ] Safepoint "Cleanup", Time since last: 1000134710 ns, Reaching safepoint: 125501 ns, At safepoint: 11005 ns, Total: 136506 ns
[2021-04-21T09:51:56.631+0000][7][safepoint    ] Safepoint "Cleanup", Time since last: 1000135899 ns, Reaching safepoint: 122600 ns, At safepoint: 7795 ns, Total: 130395 ns
[2021-04-21T09:51:57.631+0000][7][safepoint    ] Safepoint "Cleanup", Time since last: 1000139990 ns, Reaching safepoint: 160849 ns, At safepoint: 8525 ns, Total: 169374 ns
[2021-04-21T09:51:58.631+0000][7][safepoint    ] Safepoint "Cleanup", Time since last: 1000170912 ns, Reaching safepoint: 162463 ns, At safepoint: 9888 ns, Total: 172351 ns
[2021-04-21T09:51:59.632+0000][7][safepoint    ] Safepoint "Cleanup", Time since last: 1000164642 ns, Reaching safepoint: 143505 ns, At safepoint: 6273 ns, Total: 149778 ns
[2021-04-21T09:52:00.632+0000][7][safepoint    ] Safepoint "Cleanup", Time since last: 1000128935 ns, Reaching safepoint: 134935 ns, At safepoint: 5428 ns, Total: 140363 ns
[2021-04-21T09:52:01.632+0000][7][safepoint    ] Safepoint "Cleanup", Time since last: 1000142255 ns, Reaching safepoint: 155092 ns, At safepoint: 16882 ns, Total: 171974 ns
[2021-04-21T09:52:02.632+0000][7][safepoint    ] Safepoint "Cleanup", Time since last: 1000172929 ns, Reaching safepoint: 179799 ns, At safepoint: 8755 ns, Total: 188554 ns
[2021-04-21T09:52:03.633+0000][7][safepoint    ] Safepoint "Cleanup", Time since last: 1000163727 ns, Reaching safepoint: 160815 ns, At safepoint: 10762 ns, Total: 171577 ns
[2021-04-21T09:52:04.633+0000][7][safepoint    ] Safepoint "Cleanup", Time since last: 1000163287 ns, Reaching safepoint: 132475 ns, At safepoint: 6570 ns, Total: 139045 ns
[2021-04-21T09:52:05.048+0000][7][gc,start     ] GC(145) Pause Young (Normal) (G1 Evacuation Pause)
[2021-04-21T09:52:05.048+0000][7][gc,task      ] GC(145) Using 4 workers of 4 for evacuation
[2021-04-21T09:52:05.048+0000][7][gc,age       ] GC(145) Desired survivor size 1572864 bytes, new threshold 15 (max threshold 15)
[2021-04-21T09:52:05.053+0000][7][gc,age       ] GC(145) Age table with threshold 15 (max threshold 15)
[2021-04-21T09:52:05.053+0000][7][gc,age       ] GC(145) - age   1:     301424 bytes,     301424 total
[2021-04-21T09:52:05.053+0000][7][gc,age       ] GC(145) - age   2:      43912 bytes,     345336 total
[2021-04-21T09:52:05.053+0000][7][gc,age       ] GC(145) - age   3:     201504 bytes,     546840 total
[2021-04-21T09:52:05.053+0000][7][gc,age       ] GC(145) - age   4:     189880 bytes,     736720 total
[2021-04-21T09:52:05.053+0000][7][gc,age       ] GC(145) - age   5:     128704 bytes,     865424 total
[2021-04-21T09:52:05.053+0000][7][gc,age       ] GC(145) - age   6:     101984 bytes,     967408 total
[2021-04-21T09:52:05.053+0000][7][gc,age       ] GC(145) - age   7:        432 bytes,     967840 total
[2021-04-21T09:52:05.053+0000][7][gc,age       ] GC(145) - age   8:       1224 bytes,     969064 total
[2021-04-21T09:52:05.053+0000][7][gc,age       ] GC(145) - age   9:        224 bytes,     969288 total
[2021-04-21T09:52:05.053+0000][7][gc,age       ] GC(145) - age  10:        576 bytes,     969864 total
[2021-04-21T09:52:05.053+0000][7][gc,age       ] GC(145) - age  11:        744 bytes,     970608 total
[2021-04-21T09:52:05.053+0000][7][gc,age       ] GC(145) - age  12:       1912 bytes,     972520 total
[2021-04-21T09:52:05.053+0000][7][gc,age       ] GC(145) - age  13:       2000 bytes,     974520 total
[2021-04-21T09:52:05.053+0000][7][gc,age       ] GC(145) - age  14:       1880 bytes,     976400 total
[2021-04-21T09:52:05.053+0000][7][gc,age       ] GC(145) - age  15:       6480 bytes,     982880 total
[2021-04-21T09:52:05.053+0000][7][gc,phases    ] GC(145)   Pre Evacuate Collection Set: 0.1ms
[2021-04-21T09:52:05.053+0000][7][gc,phases    ] GC(145)   Merge Heap Roots: 0.1ms
[2021-04-21T09:52:05.053+0000][7][gc,phases    ] GC(145)   Evacuate Collection Set: 4.0ms
[2021-04-21T09:52:05.053+0000][7][gc,phases    ] GC(145)   Post Evacuate Collection Set: 0.7ms
[2021-04-21T09:52:05.053+0000][7][gc,phases    ] GC(145)   Other: 0.5ms
[2021-04-21T09:52:05.053+0000][7][gc,heap      ] GC(145) Eden regions: 17->0(16)
[2021-04-21T09:52:05.053+0000][7][gc,heap      ] GC(145) Survivor regions: 1->1(3)
[2021-04-21T09:52:05.053+0000][7][gc,heap      ] GC(145) Old regions: 68->68
[2021-04-21T09:52:05.053+0000][7][gc,heap      ] GC(145) Archive regions: 2->2
[2021-04-21T09:52:05.053+0000][7][gc,heap      ] GC(145) Humongous regions: 7->7
[2021-04-21T09:52:05.053+0000][7][gc,metaspace ] GC(145) Metaspace: 91534K(98812K)->91534K(98812K) NonClass: 79312K(83632K)->79312K(83632K) Class: 12222K(15180K)->12222K(15180K)
[2021-04-21T09:52:05.053+0000][7][gc           ] GC(145) Pause Young (Normal) (G1 Evacuation Pause) 93M->76M(128M) 5.621ms
[2021-04-21T09:52:05.053+0000][7][gc,cpu       ] GC(145) User=0.01s Sys=0.00s Real=0.00s
[2021-04-21T09:52:05.054+0000][7][safepoint    ] Safepoint "G1CollectForAllocation", Time since last: 414537443 ns, Reaching safepoint: 116570 ns, At safepoint: 5731623 ns, Total: 5848193 ns
[2021-04-21T09:52:06.054+0000][7][safepoint    ] Safepoint "Cleanup", Time since last: 1000119850 ns, Reaching safepoint: 144703 ns, At safepoint: 12010 ns, Total: 156713 ns
[2021-04-21T09:52:07.054+0000][7][safepoint    ] Safepoint "Cleanup", Time since last: 1000169919 ns, Reaching safepoint: 133987 ns, At safepoint: 6577 ns, Total: 140564 ns
[2021-04-21T09:52:08.054+0000][7][safepoint    ] Safepoint "Cleanup", Time since last: 1000162109 ns, Reaching safepoint: 173682 ns, At safepoint: 6123 ns, Total: 179805 ns
[2021-04-21T09:52:09.055+0000][7][safepoint    ] Safepoint "Cleanup", Time since last: 1000166664 ns, Reaching safepoint: 108196 ns, At safepoint: 4790 ns, Total: 112986 ns
[2021-04-21T09:52:10.055+0000][7][safepoint    ] Safepoint "Cleanup", Time since last: 1000131808 ns, Reaching safepoint: 163256 ns, At safepoint: 7802 ns, Total: 171058 ns
[2021-04-21T09:52:11.055+0000][7][safepoint    ] Safepoint "Cleanup", Time since last: 1000150648 ns, Reaching safepoint: 158879 ns, At safepoint: 11825 ns, Total: 170704 ns
[2021-04-21T09:52:12.056+0000][7][safepoint    ] Safepoint "Cleanup", Time since last: 1000144588 ns, Reaching safepoint: 246634 ns, At safepoint: 8580 ns, Total: 255214 ns
[2021-04-21T09:52:13.056+0000][7][safepoint    ] Safepoint "Cleanup", Time since last: 1000158640 ns, Reaching safepoint: 126049 ns, At safepoint: 6467 ns, Total: 132516 ns
[2021-04-21T09:52:14.056+0000][7][safepoint    ] Safepoint "Cleanup", Time since last: 1000160233 ns, Reaching safepoint: 139820 ns, At safepoint: 9031 ns, Total: 148851 ns
[2021-04-21T09:52:15.057+0000][7][safepoint    ] Safepoint "Cleanup", Time since last: 1000162948 ns, Reaching safepoint: 142261 ns, At safepoint: 6976 ns, Total: 149237 ns
[2021-04-21T09:52:16.057+0000][7][safepoint    ] Safepoint "Cleanup", Time since last: 1000151039 ns, Reaching safepoint: 164394 ns, At safepoint: 12651 ns, Total: 177045 ns
