[2021-04-21T09:37:03.029+0000][7][gc,heap] Heap region size: 1M
[2021-04-21T09:37:03.030+0000][7][gc,heap,coops] Heap address: 0x00000000f8000000, size: 128 MB, Compressed Oops mode: 32-bit
[2021-04-21T09:37:03.062+0000][7][gc           ] Using G1
[2021-04-21T09:37:03.062+0000][7][gc,cds       ] Mark closed archive regions in map: [0x00000000fff00000, 0x00000000fff7eff8]
[2021-04-21T09:37:03.063+0000][7][gc,cds       ] Mark open archive regions in map: [0x00000000ffe00000, 0x00000000ffe52ff8]
[2021-04-21T09:37:03.082+0000][7][gc           ] Periodic GC disabled
[2021-04-21T09:37:03.613+0000][7][gc,start     ] GC(0) Pause Young (Normal) (G1 Evacuation Pause)
[2021-04-21T09:37:03.613+0000][7][gc,task      ] GC(0) Using 2 workers of 4 for evacuation
[2021-04-21T09:37:03.613+0000][7][gc,age       ] GC(0) Desired survivor size 1048576 bytes, new threshold 15 (max threshold 15)
[2021-04-21T09:37:03.616+0000][7][gc,age       ] GC(0) Age table with threshold 15 (max threshold 15)
[2021-04-21T09:37:03.617+0000][7][gc,age       ] GC(0) - age   1:    2087680 bytes,    2087680 total
[2021-04-21T09:37:03.617+0000][7][gc,phases    ] GC(0)   Pre Evacuate Collection Set: 0.0ms
[2021-04-21T09:37:03.617+0000][7][gc,phases    ] GC(0)   Merge Heap Roots: 0.0ms
[2021-04-21T09:37:03.617+0000][7][gc,phases    ] GC(0)   Evacuate Collection Set: 2.7ms
[2021-04-21T09:37:03.617+0000][7][gc,phases    ] GC(0)   Post Evacuate Collection Set: 0.3ms
[2021-04-21T09:37:03.617+0000][7][gc,phases    ] GC(0)   Other: 0.9ms
[2021-04-21T09:37:03.617+0000][7][gc,heap      ] GC(0) Eden regions: 13->0(16)
[2021-04-21T09:37:03.617+0000][7][gc,heap      ] GC(0) Survivor regions: 0->2(2)
[2021-04-21T09:37:03.617+0000][7][gc,heap      ] GC(0) Old regions: 0->1
[2021-04-21T09:37:03.617+0000][7][gc,heap      ] GC(0) Archive regions: 2->2
[2021-04-21T09:37:03.617+0000][7][gc,heap      ] GC(0) Humongous regions: 1->1
[2021-04-21T09:37:03.617+0000][7][gc,metaspace ] GC(0) Metaspace: 2972K(6272K)->2972K(6272K) NonClass: 2665K(5632K)->2665K(5632K) Class: 306K(640K)->306K(640K)
[2021-04-21T09:37:03.617+0000][7][gc           ] GC(0) Pause Young (Normal) (G1 Evacuation Pause) 14M->3M(66M) 4.149ms
[2021-04-21T09:37:03.617+0000][7][gc,cpu       ] GC(0) User=0.00s Sys=0.01s Real=0.00s
[2021-04-21T09:37:03.617+0000][7][safepoint    ] Safepoint "G1CollectForAllocation", Time since last: 543021383 ns, Reaching safepoint: 92868 ns, At safepoint: 4221308 ns, Total: 4314176 ns
[2021-04-21T09:37:04.650+0000][7][gc,start     ] GC(1) Pause Young (Normal) (G1 Evacuation Pause)
[2021-04-21T09:37:04.650+0000][7][gc,task      ] GC(1) Using 2 workers of 4 for evacuation
[2021-04-21T09:37:04.650+0000][7][gc,age       ] GC(1) Desired survivor size 1572864 bytes, new threshold 1 (max threshold 15)
[2021-04-21T09:37:04.695+0000][7][gc,age       ] GC(1) Age table with threshold 1 (max threshold 15)
[2021-04-21T09:37:04.695+0000][7][gc,age       ] GC(1) - age   1:    1249448 bytes,    1249448 total
[2021-04-21T09:37:04.695+0000][7][gc,phases    ] GC(1)   Pre Evacuate Collection Set: 0.0ms
[2021-04-21T09:37:04.695+0000][7][gc,phases    ] GC(1)   Merge Heap Roots: 0.0ms
[2021-04-21T09:37:04.695+0000][7][gc,phases    ] GC(1)   Evacuate Collection Set: 43.8ms
[2021-04-21T09:37:04.695+0000][7][gc,phases    ] GC(1)   Post Evacuate Collection Set: 0.4ms
[2021-04-21T09:37:04.695+0000][7][gc,phases    ] GC(1)   Other: 0.2ms
[2021-04-21T09:37:04.695+0000][7][gc,heap      ] GC(1) Eden regions: 16->0(33)
[2021-04-21T09:37:04.695+0000][7][gc,heap      ] GC(1) Survivor regions: 2->2(3)
[2021-04-21T09:37:04.695+0000][7][gc,heap      ] GC(1) Old regions: 1->2
[2021-04-21T09:37:04.695+0000][7][gc,heap      ] GC(1) Archive regions: 2->2
[2021-04-21T09:37:04.695+0000][7][gc,heap      ] GC(1) Humongous regions: 1->1
[2021-04-21T09:37:04.695+0000][7][gc,metaspace ] GC(1) Metaspace: 7806K(9344K)->7806K(9344K) NonClass: 6894K(8192K)->6894K(8192K) Class: 912K(1152K)->912K(1152K)
[2021-04-21T09:37:04.695+0000][7][gc           ] GC(1) Pause Young (Normal) (G1 Evacuation Pause) 19M->5M(66M) 44.556ms
[2021-04-21T09:37:04.695+0000][7][gc,cpu       ] GC(1) User=0.05s Sys=0.00s Real=0.04s
[2021-04-21T09:37:04.695+0000][7][safepoint    ] Safepoint "G1CollectForAllocation", Time since last: 1025515925 ns, Reaching safepoint: 7987256 ns, At safepoint: 44660479 ns, Total: 52647735 ns
[2021-04-21T09:37:05.879+0000][7][safepoint    ] Safepoint "Cleanup", Time since last: 1183769271 ns, Reaching safepoint: 330826 ns, At safepoint: 3577 ns, Total: 334403 ns
[2021-04-21T09:37:06.627+0000][7][gc,start     ] GC(2) Pause Young (Normal) (G1 Evacuation Pause)
[2021-04-21T09:37:06.627+0000][7][gc,task      ] GC(2) Using 2 workers of 4 for evacuation
[2021-04-21T09:37:06.627+0000][7][gc,age       ] GC(2) Desired survivor size 2621440 bytes, new threshold 15 (max threshold 15)
[2021-04-21T09:37:06.646+0000][7][gc,age       ] GC(2) Age table with threshold 15 (max threshold 15)
[2021-04-21T09:37:06.646+0000][7][gc,age       ] GC(2) - age   1:    2625432 bytes,    2625432 total
[2021-04-21T09:37:06.646+0000][7][gc,age       ] GC(2) - age   2:    1190168 bytes,    3815600 total
[2021-04-21T09:37:06.646+0000][7][gc,phases    ] GC(2)   Pre Evacuate Collection Set: 0.1ms
[2021-04-21T09:37:06.646+0000][7][gc,phases    ] GC(2)   Merge Heap Roots: 0.0ms
[2021-04-21T09:37:06.646+0000][7][gc,phases    ] GC(2)   Evacuate Collection Set: 17.1ms
[2021-04-21T09:37:06.646+0000][7][gc,phases    ] GC(2)   Post Evacuate Collection Set: 1.7ms
[2021-04-21T09:37:06.646+0000][7][gc,phases    ] GC(2)   Other: 0.3ms
[2021-04-21T09:37:06.646+0000][7][gc,heap      ] GC(2) Eden regions: 33->0(31)
[2021-04-21T09:37:06.646+0000][7][gc,heap      ] GC(2) Survivor regions: 2->4(5)
[2021-04-21T09:37:06.646+0000][7][gc,heap      ] GC(2) Old regions: 2->2
[2021-04-21T09:37:06.646+0000][7][gc,heap      ] GC(2) Archive regions: 2->2
[2021-04-21T09:37:06.646+0000][7][gc,heap      ] GC(2) Humongous regions: 1->1
[2021-04-21T09:37:06.646+0000][7][gc,metaspace ] GC(2) Metaspace: 13106K(13824K)->13106K(13824K) NonClass: 11515K(12032K)->11515K(12032K) Class: 1590K(1792K)->1590K(1792K)
[2021-04-21T09:37:06.646+0000][7][gc           ] GC(2) Pause Young (Normal) (G1 Evacuation Pause) 38M->7M(66M) 19.328ms
[2021-04-21T09:37:06.646+0000][7][gc,cpu       ] GC(2) User=0.02s Sys=0.00s Real=0.02s
[2021-04-21T09:37:06.646+0000][7][safepoint    ] Safepoint "G1CollectForAllocation", Time since last: 745472404 ns, Reaching safepoint: 217304 ns, At safepoint: 21584116 ns, Total: 21801420 ns
[2021-04-21T09:37:07.724+0000][7][gc,start     ] GC(3) Pause Young (Normal) (G1 Evacuation Pause)
[2021-04-21T09:37:07.724+0000][7][gc,task      ] GC(3) Using 2 workers of 4 for evacuation
[2021-04-21T09:37:07.724+0000][7][gc,age       ] GC(3) Desired survivor size 2621440 bytes, new threshold 1 (max threshold 15)
[2021-04-21T09:37:07.745+0000][7][gc,age       ] GC(3) Age table with threshold 1 (max threshold 15)
[2021-04-21T09:37:07.745+0000][7][gc,age       ] GC(3) - age   1:    1192096 bytes,    1192096 total
[2021-04-21T09:37:07.745+0000][7][gc,phases    ] GC(3)   Pre Evacuate Collection Set: 0.0ms
[2021-04-21T09:37:07.745+0000][7][gc,phases    ] GC(3)   Merge Heap Roots: 0.0ms
[2021-04-21T09:37:07.745+0000][7][gc,phases    ] GC(3)   Evacuate Collection Set: 21.1ms
[2021-04-21T09:37:07.746+0000][7][gc,phases    ] GC(3)   Post Evacuate Collection Set: 0.4ms
[2021-04-21T09:37:07.746+0000][7][gc,phases    ] GC(3)   Other: 0.2ms
[2021-04-21T09:37:07.746+0000][7][gc,heap      ] GC(3) Eden regions: 31->0(31)
[2021-04-21T09:37:07.746+0000][7][gc,heap      ] GC(3) Survivor regions: 4->2(5)
[2021-04-21T09:37:07.746+0000][7][gc,heap      ] GC(3) Old regions: 2->6
[2021-04-21T09:37:07.746+0000][7][gc,heap      ] GC(3) Archive regions: 2->2
[2021-04-21T09:37:07.746+0000][7][gc,heap      ] GC(3) Humongous regions: 1->1
[2021-04-21T09:37:07.746+0000][7][gc,metaspace ] GC(3) Metaspace: 16368K(17152K)->16368K(17152K) NonClass: 14424K(14848K)->14424K(14848K) Class: 1944K(2304K)->1944K(2304K)
[2021-04-21T09:37:07.746+0000][7][gc           ] GC(3) Pause Young (Normal) (G1 Evacuation Pause) 38M->8M(66M) 21.925ms
[2021-04-21T09:37:07.746+0000][7][gc,cpu       ] GC(3) User=0.03s Sys=0.00s Real=0.02s
[2021-04-21T09:37:07.746+0000][7][safepoint    ] Safepoint "G1CollectForAllocation", Time since last: 1077102643 ns, Reaching safepoint: 163860 ns, At safepoint: 22030431 ns, Total: 22194291 ns
[2021-04-21T09:37:07.747+0000][7][safepoint    ] Safepoint "BulkRevokeBias", Time since last: 211575 ns, Reaching safepoint: 911098 ns, At safepoint: 106344 ns, Total: 1017442 ns
[2021-04-21T09:37:08.050+0000][7][gc,start     ] GC(4) Pause Young (Normal) (G1 Evacuation Pause)
[2021-04-21T09:37:08.050+0000][7][gc,task      ] GC(4) Using 2 workers of 4 for evacuation
[2021-04-21T09:37:08.050+0000][7][gc,age       ] GC(4) Desired survivor size 2621440 bytes, new threshold 15 (max threshold 15)
[2021-04-21T09:37:08.054+0000][7][gc,age       ] GC(4) Age table with threshold 15 (max threshold 15)
[2021-04-21T09:37:08.054+0000][7][gc,age       ] GC(4) - age   1:    1286872 bytes,    1286872 total
[2021-04-21T09:37:08.054+0000][7][gc,age       ] GC(4) - age   2:    1176856 bytes,    2463728 total
[2021-04-21T09:37:08.054+0000][7][gc,phases    ] GC(4)   Pre Evacuate Collection Set: 0.0ms
[2021-04-21T09:37:08.054+0000][7][gc,phases    ] GC(4)   Merge Heap Roots: 0.0ms
[2021-04-21T09:37:08.054+0000][7][gc,phases    ] GC(4)   Evacuate Collection Set: 3.4ms
[2021-04-21T09:37:08.054+0000][7][gc,phases    ] GC(4)   Post Evacuate Collection Set: 0.3ms
[2021-04-21T09:37:08.054+0000][7][gc,phases    ] GC(4)   Other: 0.2ms
[2021-04-21T09:37:08.054+0000][7][gc,heap      ] GC(4) Eden regions: 31->0(31)
[2021-04-21T09:37:08.054+0000][7][gc,heap      ] GC(4) Survivor regions: 2->3(5)
[2021-04-21T09:37:08.054+0000][7][gc,heap      ] GC(4) Old regions: 6->6
[2021-04-21T09:37:08.054+0000][7][gc,heap      ] GC(4) Archive regions: 2->2
[2021-04-21T09:37:08.054+0000][7][gc,heap      ] GC(4) Humongous regions: 2->1
[2021-04-21T09:37:08.054+0000][7][gc,metaspace ] GC(4) Metaspace: 17321K(18048K)->17321K(18048K) NonClass: 15214K(15616K)->15214K(15616K) Class: 2107K(2432K)->2107K(2432K)
[2021-04-21T09:37:08.054+0000][7][gc           ] GC(4) Pause Young (Normal) (G1 Evacuation Pause) 40M->9M(66M) 4.142ms
[2021-04-21T09:37:08.054+0000][7][gc,cpu       ] GC(4) User=0.01s Sys=0.00s Real=0.00s
[2021-04-21T09:37:08.054+0000][7][safepoint    ] Safepoint "G1CollectForAllocation", Time since last: 302878428 ns, Reaching safepoint: 151037 ns, At safepoint: 4216010 ns, Total: 4367047 ns
[2021-04-21T09:37:08.059+0000][7][safepoint    ] Safepoint "BulkRevokeBias", Time since last: 4351941 ns, Reaching safepoint: 107412 ns, At safepoint: 52675 ns, Total: 160087 ns
[2021-04-21T09:37:08.060+0000][7][safepoint    ] Safepoint "BulkRevokeBias", Time since last: 910564 ns, Reaching safepoint: 193650 ns, At safepoint: 86255 ns, Total: 279905 ns
[2021-04-21T09:37:08.253+0000][7][gc,start     ] GC(5) Pause Young (Normal) (G1 Evacuation Pause)
[2021-04-21T09:37:08.253+0000][7][gc,task      ] GC(5) Using 2 workers of 4 for evacuation
[2021-04-21T09:37:08.253+0000][7][gc,age       ] GC(5) Desired survivor size 2621440 bytes, new threshold 15 (max threshold 15)
[2021-04-21T09:37:08.264+0000][7][gc,age       ] GC(5) Age table with threshold 15 (max threshold 15)
[2021-04-21T09:37:08.264+0000][7][gc,age       ] GC(5) - age   1:    1492304 bytes,    1492304 total
[2021-04-21T09:37:08.264+0000][7][gc,age       ] GC(5) - age   2:    1270576 bytes,    2762880 total
[2021-04-21T09:37:08.264+0000][7][gc,age       ] GC(5) - age   3:    1176504 bytes,    3939384 total
[2021-04-21T09:37:08.264+0000][7][gc,phases    ] GC(5)   Pre Evacuate Collection Set: 0.5ms
[2021-04-21T09:37:08.264+0000][7][gc,phases    ] GC(5)   Merge Heap Roots: 0.4ms
[2021-04-21T09:37:08.264+0000][7][gc,phases    ] GC(5)   Evacuate Collection Set: 9.3ms
[2021-04-21T09:37:08.264+0000][7][gc,phases    ] GC(5)   Post Evacuate Collection Set: 0.5ms
[2021-04-21T09:37:08.264+0000][7][gc,phases    ] GC(5)   Other: 0.4ms
[2021-04-21T09:37:08.264+0000][7][gc,heap      ] GC(5) Eden regions: 31->0(31)
[2021-04-21T09:37:08.264+0000][7][gc,heap      ] GC(5) Survivor regions: 3->4(5)
[2021-04-21T09:37:08.264+0000][7][gc,heap      ] GC(5) Old regions: 6->6
[2021-04-21T09:37:08.264+0000][7][gc,heap      ] GC(5) Archive regions: 2->2
[2021-04-21T09:37:08.264+0000][7][gc,heap      ] GC(5) Humongous regions: 1->1
[2021-04-21T09:37:08.264+0000][7][gc,metaspace ] GC(5) Metaspace: 17550K(18304K)->17550K(18304K) NonClass: 15414K(15872K)->15414K(15872K) Class: 2135K(2432K)->2135K(2432K)
[2021-04-21T09:37:08.264+0000][7][gc           ] GC(5) Pause Young (Normal) (G1 Evacuation Pause) 40M->11M(66M) 11.261ms
[2021-04-21T09:37:08.264+0000][7][gc,cpu       ] GC(5) User=0.02s Sys=0.00s Real=0.01s
[2021-04-21T09:37:08.264+0000][7][safepoint    ] Safepoint "G1CollectForAllocation", Time since last: 193212260 ns, Reaching safepoint: 81056 ns, At safepoint: 11343922 ns, Total: 11424978 ns
[2021-04-21T09:37:08.608+0000][7][gc,start     ] GC(6) Pause Young (Normal) (G1 Evacuation Pause)
[2021-04-21T09:37:08.608+0000][7][gc,task      ] GC(6) Using 2 workers of 4 for evacuation
[2021-04-21T09:37:08.608+0000][7][gc,age       ] GC(6) Desired survivor size 2621440 bytes, new threshold 2 (max threshold 15)
[2021-04-21T09:37:08.616+0000][7][gc,age       ] GC(6) Age table with threshold 2 (max threshold 15)
[2021-04-21T09:37:08.616+0000][7][gc,age       ] GC(6) - age   1:    2165592 bytes,    2165592 total
[2021-04-21T09:37:08.616+0000][7][gc,age       ] GC(6) - age   2:      68520 bytes,    2234112 total
[2021-04-21T09:37:08.616+0000][7][gc,phases    ] GC(6)   Pre Evacuate Collection Set: 0.0ms
[2021-04-21T09:37:08.616+0000][7][gc,phases    ] GC(6)   Merge Heap Roots: 0.0ms
[2021-04-21T09:37:08.616+0000][7][gc,phases    ] GC(6)   Evacuate Collection Set: 7.1ms
[2021-04-21T09:37:08.616+0000][7][gc,phases    ] GC(6)   Post Evacuate Collection Set: 0.4ms
[2021-04-21T09:37:08.616+0000][7][gc,phases    ] GC(6)   Other: 0.3ms
[2021-04-21T09:37:08.616+0000][7][gc,heap      ] GC(6) Eden regions: 31->0(29)
[2021-04-21T09:37:08.616+0000][7][gc,heap      ] GC(6) Survivor regions: 4->3(5)
[2021-04-21T09:37:08.616+0000][7][gc,heap      ] GC(6) Old regions: 6->8
[2021-04-21T09:37:08.616+0000][7][gc,heap      ] GC(6) Archive regions: 2->2
[2021-04-21T09:37:08.616+0000][7][gc,heap      ] GC(6) Humongous regions: 1->1
[2021-04-21T09:37:08.616+0000][7][gc,metaspace ] GC(6) Metaspace: 18929K(19712K)->18929K(19712K) NonClass: 16623K(17152K)->16623K(17152K) Class: 2306K(2560K)->2306K(2560K)
[2021-04-21T09:37:08.616+0000][7][gc           ] GC(6) Pause Young (Normal) (G1 Evacuation Pause) 42M->11M(66M) 7.899ms
[2021-04-21T09:37:08.616+0000][7][gc,cpu       ] GC(6) User=0.01s Sys=0.00s Real=0.00s
[2021-04-21T09:37:08.616+0000][7][safepoint    ] Safepoint "G1CollectForAllocation", Time since last: 342924942 ns, Reaching safepoint: 930875 ns, At safepoint: 8011502 ns, Total: 8942377 ns
[2021-04-21T09:37:08.735+0000][7][gc,start     ] GC(7) Pause Young (Normal) (G1 Evacuation Pause)
[2021-04-21T09:37:08.736+0000][7][gc,task      ] GC(7) Using 2 workers of 4 for evacuation
[2021-04-21T09:37:08.737+0000][7][gc,age       ] GC(7) Desired survivor size 2097152 bytes, new threshold 1 (max threshold 15)
[2021-04-21T09:37:08.746+0000][7][gc,age       ] GC(7) Age table with threshold 1 (max threshold 15)
[2021-04-21T09:37:08.746+0000][7][gc,age       ] GC(7) - age   1:    1302616 bytes,    1302616 total
[2021-04-21T09:37:08.748+0000][7][gc,phases    ] GC(7)   Pre Evacuate Collection Set: 0.1ms
[2021-04-21T09:37:08.748+0000][7][gc,phases    ] GC(7)   Merge Heap Roots: 0.1ms
[2021-04-21T09:37:08.749+0000][7][gc,phases    ] GC(7)   Evacuate Collection Set: 4.3ms
[2021-04-21T09:37:08.749+0000][7][gc,phases    ] GC(7)   Post Evacuate Collection Set: 0.5ms
[2021-04-21T09:37:08.749+0000][7][gc,phases    ] GC(7)   Other: 7.7ms
[2021-04-21T09:37:08.749+0000][7][gc,heap      ] GC(7) Eden regions: 29->0(30)
[2021-04-21T09:37:08.749+0000][7][gc,heap      ] GC(7) Survivor regions: 3->2(4)
[2021-04-21T09:37:08.749+0000][7][gc,heap      ] GC(7) Old regions: 8->9
[2021-04-21T09:37:08.749+0000][7][gc,heap      ] GC(7) Archive regions: 2->2
[2021-04-21T09:37:08.749+0000][7][gc,heap      ] GC(7) Humongous regions: 1->1
[2021-04-21T09:37:08.749+0000][7][gc,metaspace ] GC(7) Metaspace: 18974K(19968K)->18974K(19968K) NonClass: 16667K(17408K)->16667K(17408K) Class: 2307K(2560K)->2307K(2560K)
[2021-04-21T09:37:08.749+0000][7][gc           ] GC(7) Pause Young (Normal) (G1 Evacuation Pause) 40M->12M(66M) 13.870ms
[2021-04-21T09:37:08.749+0000][7][gc,cpu       ] GC(7) User=0.02s Sys=0.00s Real=0.02s
[2021-04-21T09:37:08.749+0000][7][safepoint    ] Safepoint "G1CollectForAllocation", Time since last: 118783390 ns, Reaching safepoint: 155312 ns, At safepoint: 13951379 ns, Total: 14106691 ns
[2021-04-21T09:37:08.910+0000][7][gc,start     ] GC(8) Pause Young (Normal) (G1 Evacuation Pause)
[2021-04-21T09:37:08.910+0000][7][gc,task      ] GC(8) Using 2 workers of 4 for evacuation
[2021-04-21T09:37:08.910+0000][7][gc,age       ] GC(8) Desired survivor size 2097152 bytes, new threshold 15 (max threshold 15)
[2021-04-21T09:37:08.935+0000][7][gc,age       ] GC(8) Age table with threshold 15 (max threshold 15)
[2021-04-21T09:37:08.935+0000][7][gc,age       ] GC(8) - age   1:    2093152 bytes,    2093152 total
[2021-04-21T09:37:08.935+0000][7][gc,age       ] GC(8) - age   2:      33968 bytes,    2127120 total
[2021-04-21T09:37:08.935+0000][7][gc,phases    ] GC(8)   Pre Evacuate Collection Set: 3.9ms
[2021-04-21T09:37:08.935+0000][7][gc,phases    ] GC(8)   Merge Heap Roots: 8.0ms
[2021-04-21T09:37:08.935+0000][7][gc,phases    ] GC(8)   Evacuate Collection Set: 8.0ms
[2021-04-21T09:37:08.935+0000][7][gc,phases    ] GC(8)   Post Evacuate Collection Set: 4.3ms
[2021-04-21T09:37:08.935+0000][7][gc,phases    ] GC(8)   Other: 0.2ms
[2021-04-21T09:37:08.935+0000][7][gc,heap      ] GC(8) Eden regions: 30->0(29)
[2021-04-21T09:37:08.935+0000][7][gc,heap      ] GC(8) Survivor regions: 2->3(4)
[2021-04-21T09:37:08.935+0000][7][gc,heap      ] GC(8) Old regions: 9->9
[2021-04-21T09:37:08.935+0000][7][gc,heap      ] GC(8) Archive regions: 2->2
[2021-04-21T09:37:08.935+0000][7][gc,heap      ] GC(8) Humongous regions: 1->1
[2021-04-21T09:37:08.935+0000][7][gc,metaspace ] GC(8) Metaspace: 18996K(20096K)->18996K(20096K) NonClass: 16688K(17408K)->16688K(17408K) Class: 2308K(2688K)->2308K(2688K)
[2021-04-21T09:37:08.935+0000][7][gc           ] GC(8) Pause Young (Normal) (G1 Evacuation Pause) 42M->12M(66M) 24.594ms
[2021-04-21T09:37:08.935+0000][7][gc,cpu       ] GC(8) User=0.01s Sys=0.01s Real=0.02s
[2021-04-21T09:37:08.935+0000][7][safepoint    ] Safepoint "G1CollectForAllocation", Time since last: 155420705 ns, Reaching safepoint: 5667936 ns, At safepoint: 24690924 ns, Total: 30358860 ns
[2021-04-21T09:37:09.104+0000][7][gc,start     ] GC(9) Pause Young (Normal) (G1 Evacuation Pause)
[2021-04-21T09:37:09.104+0000][7][gc,task      ] GC(9) Using 2 workers of 4 for evacuation
[2021-04-21T09:37:09.104+0000][7][gc,age       ] GC(9) Desired survivor size 2097152 bytes, new threshold 2 (max threshold 15)
[2021-04-21T09:37:09.110+0000][7][gc,age       ] GC(9) Age table with threshold 2 (max threshold 15)
[2021-04-21T09:37:09.110+0000][7][gc,age       ] GC(9) - age   1:     780376 bytes,     780376 total
[2021-04-21T09:37:09.110+0000][7][gc,age       ] GC(9) - age   2:      35584 bytes,     815960 total
[2021-04-21T09:37:09.110+0000][7][gc,phases    ] GC(9)   Pre Evacuate Collection Set: 0.0ms
[2021-04-21T09:37:09.110+0000][7][gc,phases    ] GC(9)   Merge Heap Roots: 0.3ms
[2021-04-21T09:37:09.110+0000][7][gc,phases    ] GC(9)   Evacuate Collection Set: 5.4ms
[2021-04-21T09:37:09.110+0000][7][gc,phases    ] GC(9)   Post Evacuate Collection Set: 0.5ms
[2021-04-21T09:37:09.110+0000][7][gc,phases    ] GC(9)   Other: 0.2ms
[2021-04-21T09:37:09.110+0000][7][gc,heap      ] GC(9) Eden regions: 29->0(31)
[2021-04-21T09:37:09.110+0000][7][gc,heap      ] GC(9) Survivor regions: 3->1(4)
[2021-04-21T09:37:09.110+0000][7][gc,heap      ] GC(9) Old regions: 9->10
[2021-04-21T09:37:09.110+0000][7][gc,heap      ] GC(9) Archive regions: 2->2
[2021-04-21T09:37:09.110+0000][7][gc,heap      ] GC(9) Humongous regions: 1->1
[2021-04-21T09:37:09.110+0000][7][gc,metaspace ] GC(9) Metaspace: 19056K(20096K)->19056K(20096K) NonClass: 16742K(17408K)->16742K(17408K) Class: 2314K(2688K)->2314K(2688K)
[2021-04-21T09:37:09.110+0000][7][gc           ] GC(9) Pause Young (Normal) (G1 Evacuation Pause) 41M->11M(66M) 6.564ms
[2021-04-21T09:37:09.110+0000][7][gc,cpu       ] GC(9) User=0.01s Sys=0.00s Real=0.01s
[2021-04-21T09:37:09.110+0000][7][safepoint    ] Safepoint "G1CollectForAllocation", Time since last: 168322322 ns, Reaching safepoint: 153412 ns, At safepoint: 6634146 ns, Total: 6787558 ns
[2021-04-21T09:37:09.252+0000][7][gc,start     ] GC(10) Pause Young (Normal) (G1 Evacuation Pause)
[2021-04-21T09:37:09.252+0000][7][gc,task      ] GC(10) Using 2 workers of 4 for evacuation
[2021-04-21T09:37:09.253+0000][7][gc,age       ] GC(10) Desired survivor size 2097152 bytes, new threshold 15 (max threshold 15)
[2021-04-21T09:37:09.263+0000][7][gc,age       ] GC(10) Age table with threshold 15 (max threshold 15)
[2021-04-21T09:37:09.263+0000][7][gc,age       ] GC(10) - age   1:     540584 bytes,     540584 total
[2021-04-21T09:37:09.263+0000][7][gc,age       ] GC(10) - age   2:     261472 bytes,     802056 total
[2021-04-21T09:37:09.263+0000][7][gc,age       ] GC(10) - age   3:      35584 bytes,     837640 total
[2021-04-21T09:37:09.263+0000][7][gc,phases    ] GC(10)   Pre Evacuate Collection Set: 0.0ms
[2021-04-21T09:37:09.263+0000][7][gc,phases    ] GC(10)   Merge Heap Roots: 0.0ms
[2021-04-21T09:37:09.263+0000][7][gc,phases    ] GC(10)   Evacuate Collection Set: 4.2ms
[2021-04-21T09:37:09.263+0000][7][gc,phases    ] GC(10)   Post Evacuate Collection Set: 5.7ms
[2021-04-21T09:37:09.263+0000][7][gc,phases    ] GC(10)   Other: 0.2ms
[2021-04-21T09:37:09.263+0000][7][gc,heap      ] GC(10) Eden regions: 31->0(31)
[2021-04-21T09:37:09.263+0000][7][gc,heap      ] GC(10) Survivor regions: 1->1(4)
[2021-04-21T09:37:09.263+0000][7][gc,heap      ] GC(10) Old regions: 10->10
[2021-04-21T09:37:09.263+0000][7][gc,heap      ] GC(10) Archive regions: 2->2
[2021-04-21T09:37:09.263+0000][7][gc,heap      ] GC(10) Humongous regions: 1->1
[2021-04-21T09:37:09.263+0000][7][gc,metaspace ] GC(10) Metaspace: 19079K(20096K)->19079K(20096K) NonClass: 16762K(17408K)->16762K(17408K) Class: 2316K(2688K)->2316K(2688K)
[2021-04-21T09:37:09.263+0000][7][gc           ] GC(10) Pause Young (Normal) (G1 Evacuation Pause) 42M->11M(66M) 10.298ms
[2021-04-21T09:37:09.263+0000][7][gc,cpu       ] GC(10) User=0.01s Sys=0.00s Real=0.01s
[2021-04-21T09:37:09.263+0000][7][safepoint    ] Safepoint "G1CollectForAllocation", Time since last: 142101386 ns, Reaching safepoint: 174508 ns, At safepoint: 10377474 ns, Total: 10551982 ns
[2021-04-21T09:37:09.266+0000][7][safepoint    ] Safepoint "BulkRevokeBias", Time since last: 2989572 ns, Reaching safepoint: 627989 ns, At safepoint: 83788 ns, Total: 711777 ns
[2021-04-21T09:37:09.382+0000][7][gc,start     ] GC(11) Pause Young (Normal) (G1 Evacuation Pause)
[2021-04-21T09:37:09.382+0000][7][gc,task      ] GC(11) Using 2 workers of 4 for evacuation
[2021-04-21T09:37:09.382+0000][7][gc,age       ] GC(11) Desired survivor size 2097152 bytes, new threshold 15 (max threshold 15)
[2021-04-21T09:37:09.387+0000][7][gc,age       ] GC(11) Age table with threshold 15 (max threshold 15)
[2021-04-21T09:37:09.387+0000][7][gc,age       ] GC(11) - age   1:    2744448 bytes,    2744448 total
[2021-04-21T09:37:09.387+0000][7][gc,age       ] GC(11) - age   2:      63832 bytes,    2808280 total
[2021-04-21T09:37:09.387+0000][7][gc,age       ] GC(11) - age   3:     261416 bytes,    3069696 total
[2021-04-21T09:37:09.387+0000][7][gc,age       ] GC(11) - age   4:      35584 bytes,    3105280 total
[2021-04-21T09:37:09.387+0000][7][gc,phases    ] GC(11)   Pre Evacuate Collection Set: 0.0ms
[2021-04-21T09:37:09.387+0000][7][gc,phases    ] GC(11)   Merge Heap Roots: 0.0ms
[2021-04-21T09:37:09.387+0000][7][gc,phases    ] GC(11)   Evacuate Collection Set: 4.7ms
[2021-04-21T09:37:09.387+0000][7][gc,phases    ] GC(11)   Post Evacuate Collection Set: 0.7ms
[2021-04-21T09:37:09.387+0000][7][gc,phases    ] GC(11)   Other: 0.2ms
[2021-04-21T09:37:09.387+0000][7][gc,heap      ] GC(11) Eden regions: 31->0(27)
[2021-04-21T09:37:09.387+0000][7][gc,heap      ] GC(11) Survivor regions: 1->4(4)
[2021-04-21T09:37:09.387+0000][7][gc,heap      ] GC(11) Old regions: 10->10
[2021-04-21T09:37:09.387+0000][7][gc,heap      ] GC(11) Archive regions: 2->2
[2021-04-21T09:37:09.387+0000][7][gc,heap      ] GC(11) Humongous regions: 1->1
[2021-04-21T09:37:09.387+0000][7][gc,metaspace ] GC(11) Metaspace: 19080K(20096K)->19080K(20096K) NonClass: 16763K(17408K)->16763K(17408K) Class: 2316K(2688K)->2316K(2688K)
[2021-04-21T09:37:09.387+0000][7][gc           ] GC(11) Pause Young (Normal) (G1 Evacuation Pause) 42M->13M(66M) 5.934ms
[2021-04-21T09:37:09.388+0000][7][gc,cpu       ] GC(11) User=0.00s Sys=0.00s Real=0.01s
[2021-04-21T09:37:09.388+0000][7][safepoint    ] Safepoint "G1CollectForAllocation", Time since last: 114983263 ns, Reaching safepoint: 50478 ns, At safepoint: 6006605 ns, Total: 6057083 ns
[2021-04-21T09:37:09.525+0000][7][gc,start     ] GC(12) Pause Young (Normal) (G1 Evacuation Pause)
[2021-04-21T09:37:09.525+0000][7][gc,task      ] GC(12) Using 2 workers of 4 for evacuation
[2021-04-21T09:37:09.525+0000][7][gc,age       ] GC(12) Desired survivor size 2097152 bytes, new threshold 1 (max threshold 15)
[2021-04-21T09:37:09.546+0000][7][gc,age       ] GC(12) Age table with threshold 1 (max threshold 15)
[2021-04-21T09:37:09.546+0000][7][gc,age       ] GC(12) - age   1:    1620256 bytes,    1620256 total
[2021-04-21T09:37:09.546+0000][7][gc,phases    ] GC(12)   Pre Evacuate Collection Set: 1.2ms
[2021-04-21T09:37:09.546+0000][7][gc,phases    ] GC(12)   Merge Heap Roots: 0.1ms
[2021-04-21T09:37:09.546+0000][7][gc,phases    ] GC(12)   Evacuate Collection Set: 11.8ms
[2021-04-21T09:37:09.546+0000][7][gc,phases    ] GC(12)   Post Evacuate Collection Set: 7.9ms
[2021-04-21T09:37:09.546+0000][7][gc,phases    ] GC(12)   Other: 0.3ms
[2021-04-21T09:37:09.546+0000][7][gc,heap      ] GC(12) Eden regions: 27->0(29)
[2021-04-21T09:37:09.546+0000][7][gc,heap      ] GC(12) Survivor regions: 4->2(4)
[2021-04-21T09:37:09.546+0000][7][gc,heap      ] GC(12) Old regions: 10->10
[2021-04-21T09:37:09.546+0000][7][gc,heap      ] GC(12) Archive regions: 2->2
[2021-04-21T09:37:09.546+0000][7][gc,heap      ] GC(12) Humongous regions: 1->1
[2021-04-21T09:37:09.546+0000][7][gc,metaspace ] GC(12) Metaspace: 19395K(20352K)->19395K(20352K) NonClass: 17035K(17664K)->17035K(17664K) Class: 2359K(2688K)->2359K(2688K)
[2021-04-21T09:37:09.546+0000][7][gc           ] GC(12) Pause Young (Normal) (G1 Evacuation Pause) 40M->12M(66M) 21.393ms
[2021-04-21T09:37:09.546+0000][7][gc,cpu       ] GC(12) User=0.03s Sys=0.00s Real=0.03s
[2021-04-21T09:37:09.547+0000][7][safepoint    ] Safepoint "G1CollectForAllocation", Time since last: 137360891 ns, Reaching safepoint: 146739 ns, At safepoint: 21490256 ns, Total: 21636995 ns
[2021-04-21T09:37:09.724+0000][7][gc,start     ] GC(13) Pause Young (Normal) (G1 Evacuation Pause)
[2021-04-21T09:37:09.724+0000][7][gc,task      ] GC(13) Using 2 workers of 4 for evacuation
[2021-04-21T09:37:09.724+0000][7][gc,age       ] GC(13) Desired survivor size 2097152 bytes, new threshold 15 (max threshold 15)
[2021-04-21T09:37:09.743+0000][7][gc,age       ] GC(13) Age table with threshold 15 (max threshold 15)
[2021-04-21T09:37:09.743+0000][7][gc,age       ] GC(13) - age   1:    2124584 bytes,    2124584 total
[2021-04-21T09:37:09.743+0000][7][gc,age       ] GC(13) - age   2:    1200000 bytes,    3324584 total
[2021-04-21T09:37:09.743+0000][7][gc,phases    ] GC(13)   Pre Evacuate Collection Set: 6.2ms
[2021-04-21T09:37:09.743+0000][7][gc,phases    ] GC(13)   Merge Heap Roots: 0.1ms
[2021-04-21T09:37:09.743+0000][7][gc,phases    ] GC(13)   Evacuate Collection Set: 11.6ms
[2021-04-21T09:37:09.743+0000][7][gc,phases    ] GC(13)   Post Evacuate Collection Set: 0.6ms
[2021-04-21T09:37:09.743+0000][7][gc,phases    ] GC(13)   Other: 0.3ms
[2021-04-21T09:37:09.743+0000][7][gc,heap      ] GC(13) Eden regions: 29->0(27)
[2021-04-21T09:37:09.743+0000][7][gc,heap      ] GC(13) Survivor regions: 2->4(4)
[2021-04-21T09:37:09.743+0000][7][gc,heap      ] GC(13) Old regions: 10->10
[2021-04-21T09:37:09.743+0000][7][gc,heap      ] GC(13) Archive regions: 2->2
[2021-04-21T09:37:09.743+0000][7][gc,heap      ] GC(13) Humongous regions: 1->1
[2021-04-21T09:37:09.743+0000][7][gc,metaspace ] GC(13) Metaspace: 19484K(20608K)->19484K(20608K) NonClass: 17119K(17920K)->17119K(17920K) Class: 2365K(2688K)->2365K(2688K)
[2021-04-21T09:37:09.743+0000][7][gc           ] GC(13) Pause Young (Normal) (G1 Evacuation Pause) 41M->14M(66M) 18.854ms
[2021-04-21T09:37:09.743+0000][7][gc,cpu       ] GC(13) User=0.03s Sys=0.00s Real=0.02s
[2021-04-21T09:37:09.743+0000][7][safepoint    ] Safepoint "G1CollectForAllocation", Time since last: 176360303 ns, Reaching safepoint: 1392352 ns, At safepoint: 18950615 ns, Total: 20342967 ns
[2021-04-21T09:37:09.899+0000][7][gc,start     ] GC(14) Pause Young (Normal) (G1 Evacuation Pause)
[2021-04-21T09:37:09.900+0000][7][gc,task      ] GC(14) Using 2 workers of 4 for evacuation
[2021-04-21T09:37:09.900+0000][7][gc,age       ] GC(14) Desired survivor size 2097152 bytes, new threshold 1 (max threshold 15)
[2021-04-21T09:37:09.910+0000][7][gc,age       ] GC(14) Age table with threshold 1 (max threshold 15)
[2021-04-21T09:37:09.910+0000][7][gc,age       ] GC(14) - age   1:    2197336 bytes,    2197336 total
[2021-04-21T09:37:09.910+0000][7][gc,phases    ] GC(14)   Pre Evacuate Collection Set: 0.0ms
[2021-04-21T09:37:09.910+0000][7][gc,phases    ] GC(14)   Merge Heap Roots: 0.0ms
[2021-04-21T09:37:09.910+0000][7][gc,phases    ] GC(14)   Evacuate Collection Set: 9.5ms
[2021-04-21T09:37:09.910+0000][7][gc,phases    ] GC(14)   Post Evacuate Collection Set: 0.4ms
[2021-04-21T09:37:09.910+0000][7][gc,phases    ] GC(14)   Other: 0.2ms
[2021-04-21T09:37:09.910+0000][7][gc,heap      ] GC(14) Eden regions: 27->0(27)
[2021-04-21T09:37:09.910+0000][7][gc,heap      ] GC(14) Survivor regions: 4->3(4)
[2021-04-21T09:37:09.910+0000][7][gc,heap      ] GC(14) Old regions: 10->11
[2021-04-21T09:37:09.910+0000][7][gc,heap      ] GC(14) Archive regions: 2->2
[2021-04-21T09:37:09.910+0000][7][gc,heap      ] GC(14) Humongous regions: 1->1
[2021-04-21T09:37:09.910+0000][7][gc,metaspace ] GC(14) Metaspace: 19706K(20736K)->19706K(20736K) NonClass: 17305K(17920K)->17305K(17920K) Class: 2401K(2816K)->2401K(2816K)
[2021-04-21T09:37:09.910+0000][7][gc           ] GC(14) Pause Young (Normal) (G1 Evacuation Pause) 41M->14M(66M) 10.295ms
[2021-04-21T09:37:09.910+0000][7][gc,cpu       ] GC(14) User=0.01s Sys=0.00s Real=0.01s
[2021-04-21T09:37:09.910+0000][7][safepoint    ] Safepoint "G1CollectForAllocation", Time since last: 156052885 ns, Reaching safepoint: 142654 ns, At safepoint: 10362274 ns, Total: 10504928 ns
[2021-04-21T09:37:09.939+0000][7][safepoint    ] Safepoint "BulkRevokeBias", Time since last: 28559333 ns, Reaching safepoint: 117782 ns, At safepoint: 69467 ns, Total: 187249 ns
[2021-04-21T09:37:09.939+0000][7][safepoint    ] Safepoint "BulkRevokeBias", Time since last: 684303 ns, Reaching safepoint: 45564 ns, At safepoint: 74439 ns, Total: 120003 ns
[2021-04-21T09:37:10.001+0000][7][gc,start     ] GC(15) Pause Young (Normal) (G1 Evacuation Pause)
[2021-04-21T09:37:10.001+0000][7][gc,task      ] GC(15) Using 2 workers of 4 for evacuation
[2021-04-21T09:37:10.001+0000][7][gc,age       ] GC(15) Desired survivor size 2097152 bytes, new threshold 1 (max threshold 15)
[2021-04-21T09:37:10.006+0000][7][gc,age       ] GC(15) Age table with threshold 1 (max threshold 15)
[2021-04-21T09:37:10.006+0000][7][gc,age       ] GC(15) - age   1:     488576 bytes,     488576 total
[2021-04-21T09:37:10.006+0000][7][gc,phases    ] GC(15)   Pre Evacuate Collection Set: 0.0ms
[2021-04-21T09:37:10.006+0000][7][gc,phases    ] GC(15)   Merge Heap Roots: 0.0ms
[2021-04-21T09:37:10.006+0000][7][gc,phases    ] GC(15)   Evacuate Collection Set: 4.5ms
[2021-04-21T09:37:10.006+0000][7][gc,phases    ] GC(15)   Post Evacuate Collection Set: 0.4ms
[2021-04-21T09:37:10.006+0000][7][gc,phases    ] GC(15)   Other: 0.2ms
[2021-04-21T09:37:10.006+0000][7][gc,heap      ] GC(15) Eden regions: 27->0(28)
[2021-04-21T09:37:10.006+0000][7][gc,heap      ] GC(15) Survivor regions: 3->1(4)
[2021-04-21T09:37:10.006+0000][7][gc,heap      ] GC(15) Old regions: 11->13
[2021-04-21T09:37:10.006+0000][7][gc,heap      ] GC(15) Archive regions: 2->2
[2021-04-21T09:37:10.006+0000][7][gc,heap      ] GC(15) Humongous regions: 1->1
[2021-04-21T09:37:10.006+0000][7][gc,metaspace ] GC(15) Metaspace: 19718K(20736K)->19718K(20736K) NonClass: 17314K(17920K)->17314K(17920K) Class: 2403K(2816K)->2403K(2816K)
[2021-04-21T09:37:10.006+0000][7][gc           ] GC(15) Pause Young (Normal) (G1 Evacuation Pause) 41M->14M(66M) 5.486ms
[2021-04-21T09:37:10.006+0000][7][gc,cpu       ] GC(15) User=0.02s Sys=0.00s Real=0.00s
[2021-04-21T09:37:10.006+0000][7][safepoint    ] Safepoint "G1CollectForAllocation", Time since last: 61027359 ns, Reaching safepoint: 135643 ns, At safepoint: 5571830 ns, Total: 5707473 ns
[2021-04-21T09:37:10.062+0000][7][gc,start     ] GC(16) Pause Young (Normal) (G1 Evacuation Pause)
[2021-04-21T09:37:10.062+0000][7][gc,task      ] GC(16) Using 2 workers of 4 for evacuation
[2021-04-21T09:37:10.062+0000][7][gc,age       ] GC(16) Desired survivor size 2097152 bytes, new threshold 15 (max threshold 15)
[2021-04-21T09:37:10.067+0000][7][gc,age       ] GC(16) Age table with threshold 15 (max threshold 15)
[2021-04-21T09:37:10.067+0000][7][gc,age       ] GC(16) - age   1:    2132048 bytes,    2132048 total
[2021-04-21T09:37:10.067+0000][7][gc,age       ] GC(16) - age   2:      92760 bytes,    2224808 total
[2021-04-21T09:37:10.067+0000][7][gc,phases    ] GC(16)   Pre Evacuate Collection Set: 0.1ms
[2021-04-21T09:37:10.067+0000][7][gc,phases    ] GC(16)   Merge Heap Roots: 0.0ms
[2021-04-21T09:37:10.067+0000][7][gc,phases    ] GC(16)   Evacuate Collection Set: 4.1ms
[2021-04-21T09:37:10.067+0000][7][gc,phases    ] GC(16)   Post Evacuate Collection Set: 0.4ms
[2021-04-21T09:37:10.067+0000][7][gc,phases    ] GC(16)   Other: 0.2ms
[2021-04-21T09:37:10.067+0000][7][gc,heap      ] GC(16) Eden regions: 28->0(25)
[2021-04-21T09:37:10.067+0000][7][gc,heap      ] GC(16) Survivor regions: 1->3(4)
[2021-04-21T09:37:10.067+0000][7][gc,heap      ] GC(16) Old regions: 13->13
[2021-04-21T09:37:10.067+0000][7][gc,heap      ] GC(16) Archive regions: 2->2
[2021-04-21T09:37:10.067+0000][7][gc,heap      ] GC(16) Humongous regions: 1->1
[2021-04-21T09:37:10.067+0000][7][gc,metaspace ] GC(16) Metaspace: 19718K(20736K)->19718K(20736K) NonClass: 17314K(17920K)->17314K(17920K) Class: 2403K(2816K)->2403K(2816K)
[2021-04-21T09:37:10.067+0000][7][gc           ] GC(16) Pause Young (Normal) (G1 Evacuation Pause) 42M->16M(66M) 5.053ms
[2021-04-21T09:37:10.067+0000][7][gc,cpu       ] GC(16) User=0.01s Sys=0.00s Real=0.01s
[2021-04-21T09:37:10.067+0000][7][safepoint    ] Safepoint "G1CollectForAllocation", Time since last: 55950618 ns, Reaching safepoint: 121134 ns, At safepoint: 5122751 ns, Total: 5243885 ns
[2021-04-21T09:37:10.156+0000][7][gc,start     ] GC(17) Pause Young (Normal) (G1 Evacuation Pause)
[2021-04-21T09:37:10.156+0000][7][gc,task      ] GC(17) Using 2 workers of 4 for evacuation
[2021-04-21T09:37:10.157+0000][7][gc,age       ] GC(17) Desired survivor size 2097152 bytes, new threshold 1 (max threshold 15)
[2021-04-21T09:37:10.163+0000][7][gc,age       ] GC(17) Age table with threshold 1 (max threshold 15)
[2021-04-21T09:37:10.164+0000][7][gc,age       ] GC(17) - age   1:    1763256 bytes,    1763256 total
[2021-04-21T09:37:10.164+0000][7][gc,phases    ] GC(17)   Pre Evacuate Collection Set: 0.0ms
[2021-04-21T09:37:10.164+0000][7][gc,phases    ] GC(17)   Merge Heap Roots: 2.4ms
[2021-04-21T09:37:10.164+0000][7][gc,phases    ] GC(17)   Evacuate Collection Set: 2.7ms
[2021-04-21T09:37:10.164+0000][7][gc,phases    ] GC(17)   Post Evacuate Collection Set: 0.5ms
[2021-04-21T09:37:10.164+0000][7][gc,phases    ] GC(17)   Other: 2.5ms
[2021-04-21T09:37:10.164+0000][7][gc,heap      ] GC(17) Eden regions: 25->0(26)
[2021-04-21T09:37:10.164+0000][7][gc,heap      ] GC(17) Survivor regions: 3->2(4)
[2021-04-21T09:37:10.164+0000][7][gc,heap      ] GC(17) Old regions: 13->13
[2021-04-21T09:37:10.164+0000][7][gc,heap      ] GC(17) Archive regions: 2->2
[2021-04-21T09:37:10.164+0000][7][gc,heap      ] GC(17) Humongous regions: 1->1
[2021-04-21T09:37:10.164+0000][7][gc,metaspace ] GC(17) Metaspace: 19792K(20992K)->19792K(20992K) NonClass: 17375K(18176K)->17375K(18176K) Class: 2416K(2816K)->2416K(2816K)
[2021-04-21T09:37:10.165+0000][7][gc           ] GC(17) Pause Young (Normal) (G1 Evacuation Pause) 41M->15M(66M) 9.423ms
[2021-04-21T09:37:10.165+0000][7][gc,cpu       ] GC(17) User=0.01s Sys=0.00s Real=0.01s
[2021-04-21T09:37:10.165+0000][7][safepoint    ] Safepoint "G1CollectForAllocation", Time since last: 88160531 ns, Reaching safepoint: 141674 ns, At safepoint: 9527046 ns, Total: 9668720 ns
[2021-04-21T09:37:10.271+0000][7][gc,start     ] GC(18) Pause Young (Normal) (G1 Evacuation Pause)
[2021-04-21T09:37:10.272+0000][7][gc,task      ] GC(18) Using 2 workers of 4 for evacuation
[2021-04-21T09:37:10.272+0000][7][gc,age       ] GC(18) Desired survivor size 2097152 bytes, new threshold 15 (max threshold 15)
[2021-04-21T09:37:10.276+0000][7][gc,age       ] GC(18) Age table with threshold 15 (max threshold 15)
[2021-04-21T09:37:10.277+0000][7][gc,age       ] GC(18) - age   1:     585960 bytes,     585960 total
[2021-04-21T09:37:10.277+0000][7][gc,age       ] GC(18) - age   2:     415632 bytes,    1001592 total
[2021-04-21T09:37:10.277+0000][7][gc,phases    ] GC(18)   Pre Evacuate Collection Set: 0.0ms
[2021-04-21T09:37:10.277+0000][7][gc,phases    ] GC(18)   Merge Heap Roots: 0.0ms
[2021-04-21T09:37:10.277+0000][7][gc,phases    ] GC(18)   Evacuate Collection Set: 3.4ms
[2021-04-21T09:37:10.277+0000][7][gc,phases    ] GC(18)   Post Evacuate Collection Set: 0.5ms
[2021-04-21T09:37:10.277+0000][7][gc,phases    ] GC(18)   Other: 2.1ms
[2021-04-21T09:37:10.277+0000][7][gc,heap      ] GC(18) Eden regions: 26->0(27)
[2021-04-21T09:37:10.277+0000][7][gc,heap      ] GC(18) Survivor regions: 2->2(4)
[2021-04-21T09:37:10.277+0000][7][gc,heap      ] GC(18) Old regions: 13->13
[2021-04-21T09:37:10.277+0000][7][gc,heap      ] GC(18) Archive regions: 2->2
[2021-04-21T09:37:10.277+0000][7][gc,heap      ] GC(18) Humongous regions: 1->1
[2021-04-21T09:37:10.277+0000][7][gc,metaspace ] GC(18) Metaspace: 19819K(20992K)->19819K(20992K) NonClass: 17397K(18176K)->17397K(18176K) Class: 2421K(2816K)->2421K(2816K)
[2021-04-21T09:37:10.286+0000][7][gc           ] GC(18) Pause Young (Normal) (G1 Evacuation Pause) 41M->15M(66M) 14.652ms
[2021-04-21T09:37:10.286+0000][7][gc,cpu       ] GC(18) User=0.00s Sys=0.00s Real=0.01s
[2021-04-21T09:37:10.286+0000][7][safepoint    ] Safepoint "G1CollectForAllocation", Time since last: 105985541 ns, Reaching safepoint: 139832 ns, At safepoint: 14775610 ns, Total: 14915442 ns
[2021-04-21T09:37:10.428+0000][7][gc,start     ] GC(19) Pause Young (Normal) (G1 Evacuation Pause)
[2021-04-21T09:37:10.429+0000][7][gc,task      ] GC(19) Using 2 workers of 4 for evacuation
[2021-04-21T09:37:10.429+0000][7][gc,age       ] GC(19) Desired survivor size 2097152 bytes, new threshold 15 (max threshold 15)
[2021-04-21T09:37:10.430+0000][7][gc,age       ] GC(19) Age table with threshold 15 (max threshold 15)
[2021-04-21T09:37:10.430+0000][7][gc,age       ] GC(19) - age   1:     748056 bytes,     748056 total
[2021-04-21T09:37:10.430+0000][7][gc,age       ] GC(19) - age   2:      48312 bytes,     796368 total
[2021-04-21T09:37:10.430+0000][7][gc,age       ] GC(19) - age   3:     415632 bytes,    1212000 total
[2021-04-21T09:37:10.430+0000][7][gc,phases    ] GC(19)   Pre Evacuate Collection Set: 0.0ms
[2021-04-21T09:37:10.430+0000][7][gc,phases    ] GC(19)   Merge Heap Roots: 0.0ms
[2021-04-21T09:37:10.430+0000][7][gc,phases    ] GC(19)   Evacuate Collection Set: 1.1ms
[2021-04-21T09:37:10.430+0000][7][gc,phases    ] GC(19)   Post Evacuate Collection Set: 0.4ms
[2021-04-21T09:37:10.431+0000][7][gc,phases    ] GC(19)   Other: 0.4ms
[2021-04-21T09:37:10.431+0000][7][gc,heap      ] GC(19) Eden regions: 27->0(27)
[2021-04-21T09:37:10.431+0000][7][gc,heap      ] GC(19) Survivor regions: 2->2(4)
[2021-04-21T09:37:10.431+0000][7][gc,heap      ] GC(19) Old regions: 13->13
[2021-04-21T09:37:10.431+0000][7][gc,heap      ] GC(19) Archive regions: 2->2
[2021-04-21T09:37:10.431+0000][7][gc,heap      ] GC(19) Humongous regions: 1->1
[2021-04-21T09:37:10.431+0000][7][gc,metaspace ] GC(19) Metaspace: 19857K(20992K)->19857K(20992K) NonClass: 17430K(18176K)->17430K(18176K) Class: 2426K(2816K)->2426K(2816K)
[2021-04-21T09:37:10.431+0000][7][gc           ] GC(19) Pause Young (Normal) (G1 Evacuation Pause) 42M->15M(66M) 2.170ms
[2021-04-21T09:37:10.431+0000][7][gc,cpu       ] GC(19) User=0.00s Sys=0.00s Real=0.00s
[2021-04-21T09:37:10.431+0000][7][safepoint    ] Safepoint "G1CollectForAllocation", Time since last: 142367295 ns, Reaching safepoint: 55926 ns, At safepoint: 2241977 ns, Total: 2297903 ns
[2021-04-21T09:37:10.478+0000][7][gc,start     ] GC(20) Pause Young (Concurrent Start) (Metadata GC Threshold)
[2021-04-21T09:37:10.478+0000][7][gc,task      ] GC(20) Using 2 workers of 4 for evacuation
[2021-04-21T09:37:10.479+0000][7][gc,age       ] GC(20) Desired survivor size 2097152 bytes, new threshold 15 (max threshold 15)
[2021-04-21T09:37:10.491+0000][7][gc,age       ] GC(20) Age table with threshold 15 (max threshold 15)
[2021-04-21T09:37:10.491+0000][7][gc,age       ] GC(20) - age   1:      38856 bytes,      38856 total
[2021-04-21T09:37:10.491+0000][7][gc,age       ] GC(20) - age   2:     746128 bytes,     784984 total
[2021-04-21T09:37:10.491+0000][7][gc,age       ] GC(20) - age   3:      46600 bytes,     831584 total
[2021-04-21T09:37:10.491+0000][7][gc,age       ] GC(20) - age   4:     415632 bytes,    1247216 total
[2021-04-21T09:37:10.491+0000][7][gc,phases    ] GC(20)   Pre Evacuate Collection Set: 0.1ms
[2021-04-21T09:37:10.491+0000][7][gc,phases    ] GC(20)   Merge Heap Roots: 0.0ms
[2021-04-21T09:37:10.491+0000][7][gc,phases    ] GC(20)   Evacuate Collection Set: 11.6ms
[2021-04-21T09:37:10.491+0000][7][gc,phases    ] GC(20)   Post Evacuate Collection Set: 0.5ms
[2021-04-21T09:37:10.491+0000][7][gc,phases    ] GC(20)   Other: 0.3ms
[2021-04-21T09:37:10.491+0000][7][gc,heap      ] GC(20) Eden regions: 3->0(28)
[2021-04-21T09:37:10.491+0000][7][gc,heap      ] GC(20) Survivor regions: 2->2(4)
[2021-04-21T09:37:10.491+0000][7][gc,heap      ] GC(20) Old regions: 13->13
[2021-04-21T09:37:10.491+0000][7][gc,heap      ] GC(20) Archive regions: 2->2
[2021-04-21T09:37:10.491+0000][7][gc,heap      ] GC(20) Humongous regions: 1->1
[2021-04-21T09:37:10.491+0000][7][gc,metaspace ] GC(20) Metaspace: 19955K(21248K)->19955K(21248K) NonClass: 17511K(18432K)->17511K(18432K) Class: 2444K(2816K)->2444K(2816K)
[2021-04-21T09:37:10.491+0000][7][gc           ] GC(20) Pause Young (Concurrent Start) (Metadata GC Threshold) 17M->15M(66M) 12.689ms
[2021-04-21T09:37:10.491+0000][7][gc,cpu       ] GC(20) User=0.01s Sys=0.00s Real=0.01s
[2021-04-21T09:37:10.491+0000][7][safepoint    ] Safepoint "CollectForMetadataAllocation", Time since last: 47663138 ns, Reaching safepoint: 77671 ns, At safepoint: 12885606 ns, Total: 12963277 ns
[2021-04-21T09:37:10.494+0000][7][gc           ] GC(21) Concurrent Cycle
[2021-04-21T09:37:10.494+0000][7][gc,marking   ] GC(21) Concurrent Clear Claimed Marks
[2021-04-21T09:37:10.494+0000][7][gc,marking   ] GC(21) Concurrent Clear Claimed Marks 0.060ms
[2021-04-21T09:37:10.494+0000][7][gc,marking   ] GC(21) Concurrent Scan Root Regions
[2021-04-21T09:37:10.497+0000][7][gc,marking   ] GC(21) Concurrent Scan Root Regions 2.293ms
[2021-04-21T09:37:10.497+0000][7][gc,marking   ] GC(21) Concurrent Mark (7.474s)
[2021-04-21T09:37:10.497+0000][7][gc,marking   ] GC(21) Concurrent Mark From Roots
[2021-04-21T09:37:10.497+0000][7][gc,task      ] GC(21) Using 1 workers of 1 for marking
[2021-04-21T09:37:10.685+0000][7][gc,marking   ] GC(21) Concurrent Mark From Roots 188.250ms
[2021-04-21T09:37:10.685+0000][7][gc,marking   ] GC(21) Concurrent Preclean
[2021-04-21T09:37:10.685+0000][7][gc,marking   ] GC(21) Concurrent Preclean 0.113ms
[2021-04-21T09:37:10.685+0000][7][gc,marking   ] GC(21) Concurrent Mark (7.474s, 7.662s) 188.442ms
[2021-04-21T09:37:10.687+0000][7][gc,start     ] GC(21) Pause Remark
[2021-04-21T09:37:10.703+0000][7][gc           ] GC(21) Pause Remark 34M->34M(66M) 16.863ms
[2021-04-21T09:37:10.703+0000][7][gc,cpu       ] GC(21) User=0.01s Sys=0.00s Real=0.02s
[2021-04-21T09:37:10.703+0000][7][safepoint    ] Safepoint "G1Concurrent", Time since last: 194897004 ns, Reaching safepoint: 112701 ns, At safepoint: 16966361 ns, Total: 17079062 ns
[2021-04-21T09:37:10.703+0000][7][gc,marking   ] GC(21) Concurrent Rebuild Remembered Sets
[2021-04-21T09:37:10.726+0000][7][gc,start     ] GC(22) Pause Young (Normal) (G1 Evacuation Pause)
[2021-04-21T09:37:10.726+0000][7][gc,task      ] GC(22) Using 2 workers of 4 for evacuation
[2021-04-21T09:37:10.726+0000][7][gc,age       ] GC(22) Desired survivor size 2097152 bytes, new threshold 15 (max threshold 15)
[2021-04-21T09:37:10.732+0000][7][gc,age       ] GC(22) Age table with threshold 15 (max threshold 15)
[2021-04-21T09:37:10.732+0000][7][gc,age       ] GC(22) - age   1:     496800 bytes,     496800 total
[2021-04-21T09:37:10.732+0000][7][gc,age       ] GC(22) - age   2:      31696 bytes,     528496 total
[2021-04-21T09:37:10.732+0000][7][gc,age       ] GC(22) - age   3:     729944 bytes,    1258440 total
[2021-04-21T09:37:10.732+0000][7][gc,age       ] GC(22) - age   4:      46600 bytes,    1305040 total
[2021-04-21T09:37:10.732+0000][7][gc,age       ] GC(22) - age   5:     415600 bytes,    1720640 total
[2021-04-21T09:37:10.732+0000][7][gc,phases    ] GC(22)   Pre Evacuate Collection Set: 0.0ms
[2021-04-21T09:37:10.732+0000][7][gc,phases    ] GC(22)   Merge Heap Roots: 0.0ms
[2021-04-21T09:37:10.732+0000][7][gc,phases    ] GC(22)   Evacuate Collection Set: 5.0ms
[2021-04-21T09:37:10.732+0000][7][gc,phases    ] GC(22)   Post Evacuate Collection Set: 0.4ms
[2021-04-21T09:37:10.732+0000][7][gc,phases    ] GC(22)   Other: 0.3ms
[2021-04-21T09:37:10.732+0000][7][gc,heap      ] GC(22) Eden regions: 28->0(29)
[2021-04-21T09:37:10.732+0000][7][gc,heap      ] GC(22) Survivor regions: 2->2(4)
[2021-04-21T09:37:10.732+0000][7][gc,heap      ] GC(22) Old regions: 13->13
[2021-04-21T09:37:10.732+0000][7][gc,heap      ] GC(22) Archive regions: 2->2
[2021-04-21T09:37:10.732+0000][7][gc,heap      ] GC(22) Humongous regions: 1->1
[2021-04-21T09:37:10.732+0000][7][gc,metaspace ] GC(22) Metaspace: 20079K(21376K)->20079K(21376K) NonClass: 17600K(18432K)->17600K(18432K) Class: 2478K(2944K)->2478K(2944K)
[2021-04-21T09:37:10.732+0000][7][gc           ] GC(22) Pause Young (Normal) (G1 Evacuation Pause) 43M->15M(66M) 5.801ms
[2021-04-21T09:37:10.732+0000][7][gc,cpu       ] GC(22) User=0.01s Sys=0.00s Real=0.01s
[2021-04-21T09:37:10.732+0000][7][safepoint    ] Safepoint "G1CollectForAllocation", Time since last: 22042680 ns, Reaching safepoint: 912680 ns, At safepoint: 5874547 ns, Total: 6787227 ns
[2021-04-21T09:37:10.745+0000][7][gc,marking   ] GC(21) Concurrent Rebuild Remembered Sets 42.080ms
[2021-04-21T09:37:10.746+0000][7][gc,start     ] GC(21) Pause Cleanup
[2021-04-21T09:37:10.747+0000][7][gc           ] GC(21) Pause Cleanup 23M->23M(66M) 0.185ms
[2021-04-21T09:37:10.747+0000][7][gc,cpu       ] GC(21) User=0.00s Sys=0.00s Real=0.00s
[2021-04-21T09:37:10.747+0000][7][safepoint    ] Safepoint "G1Concurrent", Time since last: 14229028 ns, Reaching safepoint: 92004 ns, At safepoint: 394612 ns, Total: 486616 ns
[2021-04-21T09:37:10.748+0000][7][gc,marking   ] GC(21) Concurrent Cleanup for Next Mark
[2021-04-21T09:37:10.748+0000][7][gc,marking   ] GC(21) Concurrent Cleanup for Next Mark 0.324ms
[2021-04-21T09:37:10.748+0000][7][gc           ] GC(21) Concurrent Cycle 253.955ms
[2021-04-21T09:37:10.802+0000][7][gc,start     ] GC(23) Pause Young (Normal) (G1 Evacuation Pause)
[2021-04-21T09:37:10.802+0000][7][gc,task      ] GC(23) Using 2 workers of 4 for evacuation
[2021-04-21T09:37:10.802+0000][7][gc,age       ] GC(23) Desired survivor size 2097152 bytes, new threshold 15 (max threshold 15)
[2021-04-21T09:37:10.807+0000][7][gc,age       ] GC(23) Age table with threshold 15 (max threshold 15)
[2021-04-21T09:37:10.807+0000][7][gc,age       ] GC(23) - age   1:     245720 bytes,     245720 total
[2021-04-21T09:37:10.808+0000][7][gc,age       ] GC(23) - age   2:     109960 bytes,     355680 total
[2021-04-21T09:37:10.808+0000][7][gc,age       ] GC(23) - age   3:      31696 bytes,     387376 total
[2021-04-21T09:37:10.808+0000][7][gc,age       ] GC(23) - age   4:     729944 bytes,    1117320 total
[2021-04-21T09:37:10.808+0000][7][gc,age       ] GC(23) - age   5:      46600 bytes,    1163920 total
[2021-04-21T09:37:10.808+0000][7][gc,age       ] GC(23) - age   6:     415600 bytes,    1579520 total
[2021-04-21T09:37:10.808+0000][7][gc,phases    ] GC(23)   Pre Evacuate Collection Set: 0.0ms
[2021-04-21T09:37:10.808+0000][7][gc,phases    ] GC(23)   Merge Heap Roots: 0.1ms
[2021-04-21T09:37:10.808+0000][7][gc,phases    ] GC(23)   Evacuate Collection Set: 4.4ms
[2021-04-21T09:37:10.808+0000][7][gc,phases    ] GC(23)   Post Evacuate Collection Set: 1.1ms
[2021-04-21T09:37:10.808+0000][7][gc,phases    ] GC(23)   Other: 0.4ms
[2021-04-21T09:37:10.808+0000][7][gc,heap      ] GC(23) Eden regions: 29->0(29)
[2021-04-21T09:37:10.808+0000][7][gc,heap      ] GC(23) Survivor regions: 2->2(4)
[2021-04-21T09:37:10.808+0000][7][gc,heap      ] GC(23) Old regions: 13->13
[2021-04-21T09:37:10.808+0000][7][gc,heap      ] GC(23) Archive regions: 2->2
[2021-04-21T09:37:10.808+0000][7][gc,heap      ] GC(23) Humongous regions: 1->1
[2021-04-21T09:37:10.808+0000][7][gc,metaspace ] GC(23) Metaspace: 20136K(21376K)->20136K(21376K) NonClass: 17645K(18432K)->17645K(18432K) Class: 2490K(2944K)->2490K(2944K)
[2021-04-21T09:37:10.808+0000][7][gc           ] GC(23) Pause Young (Normal) (G1 Evacuation Pause) 44M->15M(66M) 6.075ms
[2021-04-21T09:37:10.808+0000][7][gc,cpu       ] GC(23) User=0.01s Sys=0.00s Real=0.01s
[2021-04-21T09:37:10.808+0000][7][safepoint    ] Safepoint "G1CollectForAllocation", Time since last: 54766923 ns, Reaching safepoint: 127415 ns, At safepoint: 6154750 ns, Total: 6282165 ns
[2021-04-21T09:37:10.889+0000][7][gc,start     ] GC(24) Pause Young (Normal) (G1 Evacuation Pause)
[2021-04-21T09:37:10.889+0000][7][gc,task      ] GC(24) Using 2 workers of 4 for evacuation
[2021-04-21T09:37:10.889+0000][7][gc,age       ] GC(24) Desired survivor size 2097152 bytes, new threshold 15 (max threshold 15)
[2021-04-21T09:37:10.895+0000][7][gc,age       ] GC(24) Age table with threshold 15 (max threshold 15)
[2021-04-21T09:37:10.895+0000][7][gc,age       ] GC(24) - age   1:    1081184 bytes,    1081184 total
[2021-04-21T09:37:10.895+0000][7][gc,age       ] GC(24) - age   2:      56624 bytes,    1137808 total
[2021-04-21T09:37:10.895+0000][7][gc,age       ] GC(24) - age   3:     109960 bytes,    1247768 total
[2021-04-21T09:37:10.895+0000][7][gc,age       ] GC(24) - age   4:      31696 bytes,    1279464 total
[2021-04-21T09:37:10.895+0000][7][gc,age       ] GC(24) - age   5:     729944 bytes,    2009408 total
[2021-04-21T09:37:10.895+0000][7][gc,age       ] GC(24) - age   6:      46600 bytes,    2056008 total
[2021-04-21T09:37:10.895+0000][7][gc,age       ] GC(24) - age   7:     415600 bytes,    2471608 total
[2021-04-21T09:37:10.895+0000][7][gc,phases    ] GC(24)   Pre Evacuate Collection Set: 0.0ms
[2021-04-21T09:37:10.895+0000][7][gc,phases    ] GC(24)   Merge Heap Roots: 0.0ms
[2021-04-21T09:37:10.895+0000][7][gc,phases    ] GC(24)   Evacuate Collection Set: 5.4ms
[2021-04-21T09:37:10.895+0000][7][gc,phases    ] GC(24)   Post Evacuate Collection Set: 0.4ms
[2021-04-21T09:37:10.895+0000][7][gc,phases    ] GC(24)   Other: 0.2ms
[2021-04-21T09:37:10.895+0000][7][gc,heap      ] GC(24) Eden regions: 29->0(28)
[2021-04-21T09:37:10.895+0000][7][gc,heap      ] GC(24) Survivor regions: 2->3(4)
[2021-04-21T09:37:10.895+0000][7][gc,heap      ] GC(24) Old regions: 13->13
[2021-04-21T09:37:10.895+0000][7][gc,heap      ] GC(24) Archive regions: 2->2
[2021-04-21T09:37:10.895+0000][7][gc,heap      ] GC(24) Humongous regions: 1->1
[2021-04-21T09:37:10.895+0000][7][gc,metaspace ] GC(24) Metaspace: 20137K(21376K)->20137K(21376K) NonClass: 17646K(18432K)->17646K(18432K) Class: 2491K(2944K)->2491K(2944K)
[2021-04-21T09:37:10.895+0000][7][gc           ] GC(24) Pause Young (Normal) (G1 Evacuation Pause) 44M->16M(66M) 6.251ms
[2021-04-21T09:37:10.895+0000][7][gc,cpu       ] GC(24) User=0.01s Sys=0.00s Real=0.00s
[2021-04-21T09:37:10.895+0000][7][safepoint    ] Safepoint "G1CollectForAllocation", Time since last: 80364089 ns, Reaching safepoint: 772294 ns, At safepoint: 6434156 ns, Total: 7206450 ns
[2021-04-21T09:37:10.957+0000][7][gc,start     ] GC(25) Pause Young (Normal) (G1 Evacuation Pause)
[2021-04-21T09:37:10.958+0000][7][gc,task      ] GC(25) Using 2 workers of 4 for evacuation
[2021-04-21T09:37:10.959+0000][7][gc,age       ] GC(25) Desired survivor size 2097152 bytes, new threshold 7 (max threshold 15)
[2021-04-21T09:37:10.962+0000][7][gc,age       ] GC(25) Age table with threshold 7 (max threshold 15)
[2021-04-21T09:37:10.962+0000][7][gc,age       ] GC(25) - age   1:     485440 bytes,     485440 total
[2021-04-21T09:37:10.962+0000][7][gc,age       ] GC(25) - age   2:      76064 bytes,     561504 total
[2021-04-21T09:37:10.962+0000][7][gc,age       ] GC(25) - age   3:      56624 bytes,     618128 total
[2021-04-21T09:37:10.962+0000][7][gc,age       ] GC(25) - age   4:     109960 bytes,     728088 total
[2021-04-21T09:37:10.962+0000][7][gc,age       ] GC(25) - age   5:      31696 bytes,     759784 total
[2021-04-21T09:37:10.962+0000][7][gc,age       ] GC(25) - age   6:     729944 bytes,    1489728 total
[2021-04-21T09:37:10.962+0000][7][gc,age       ] GC(25) - age   7:      46600 bytes,    1536328 total
[2021-04-21T09:37:10.962+0000][7][gc,phases    ] GC(25)   Pre Evacuate Collection Set: 0.0ms
[2021-04-21T09:37:10.962+0000][7][gc,phases    ] GC(25)   Merge Heap Roots: 0.0ms
[2021-04-21T09:37:10.962+0000][7][gc,phases    ] GC(25)   Evacuate Collection Set: 1.9ms
[2021-04-21T09:37:10.962+0000][7][gc,phases    ] GC(25)   Post Evacuate Collection Set: 0.5ms
[2021-04-21T09:37:10.962+0000][7][gc,phases    ] GC(25)   Other: 2.6ms
[2021-04-21T09:37:10.962+0000][7][gc,heap      ] GC(25) Eden regions: 28->0(29)
[2021-04-21T09:37:10.962+0000][7][gc,heap      ] GC(25) Survivor regions: 3->2(4)
[2021-04-21T09:37:10.962+0000][7][gc,heap      ] GC(25) Old regions: 13->13
[2021-04-21T09:37:10.962+0000][7][gc,heap      ] GC(25) Archive regions: 2->2
[2021-04-21T09:37:10.962+0000][7][gc,heap      ] GC(25) Humongous regions: 1->1
[2021-04-21T09:37:10.962+0000][7][gc,metaspace ] GC(25) Metaspace: 20235K(21632K)->20235K(21632K) NonClass: 17734K(18688K)->17734K(18688K) Class: 2500K(2944K)->2500K(2944K)
[2021-04-21T09:37:10.962+0000][7][gc           ] GC(25) Pause Young (Normal) (G1 Evacuation Pause) 44M->16M(66M) 5.279ms
[2021-04-21T09:37:10.962+0000][7][gc,cpu       ] GC(25) User=0.00s Sys=0.00s Real=0.01s
[2021-04-21T09:37:10.963+0000][7][safepoint    ] Safepoint "G1CollectForAllocation", Time since last: 61527995 ns, Reaching safepoint: 196851 ns, At safepoint: 5356779 ns, Total: 5553630 ns
[2021-04-21T09:37:11.042+0000][7][gc,start     ] GC(26) Pause Young (Normal) (G1 Evacuation Pause)
[2021-04-21T09:37:11.045+0000][7][gc,task      ] GC(26) Using 2 workers of 4 for evacuation
[2021-04-21T09:37:11.046+0000][7][gc,age       ] GC(26) Desired survivor size 2097152 bytes, new threshold 15 (max threshold 15)
[2021-04-21T09:37:11.056+0000][7][gc,age       ] GC(26) Age table with threshold 15 (max threshold 15)
[2021-04-21T09:37:11.057+0000][7][gc,age       ] GC(26) - age   1:    2214672 bytes,    2214672 total
[2021-04-21T09:37:11.058+0000][7][gc,age       ] GC(26) - age   2:      79784 bytes,    2294456 total
[2021-04-21T09:37:11.063+0000][7][gc,age       ] GC(26) - age   3:      76064 bytes,    2370520 total
[2021-04-21T09:37:11.063+0000][7][gc,age       ] GC(26) - age   4:      56624 bytes,    2427144 total
[2021-04-21T09:37:11.063+0000][7][gc,age       ] GC(26) - age   5:     109960 bytes,    2537104 total
[2021-04-21T09:37:11.063+0000][7][gc,age       ] GC(26) - age   6:      31696 bytes,    2568800 total
[2021-04-21T09:37:11.063+0000][7][gc,age       ] GC(26) - age   7:     729944 bytes,    3298744 total
[2021-04-21T09:37:11.063+0000][7][gc,age       ] GC(26) - age   8:      46600 bytes,    3345344 total
[2021-04-21T09:37:11.063+0000][7][gc,phases    ] GC(26)   Pre Evacuate Collection Set: 1.3ms
[2021-04-21T09:37:11.063+0000][7][gc,phases    ] GC(26)   Merge Heap Roots: 0.1ms
[2021-04-21T09:37:11.063+0000][7][gc,phases    ] GC(26)   Evacuate Collection Set: 8.4ms
[2021-04-21T09:37:11.063+0000][7][gc,phases    ] GC(26)   Post Evacuate Collection Set: 0.6ms
[2021-04-21T09:37:11.063+0000][7][gc,phases    ] GC(26)   Other: 11.3ms
[2021-04-21T09:37:11.063+0000][7][gc,heap      ] GC(26) Eden regions: 29->0(26)
[2021-04-21T09:37:11.063+0000][7][gc,heap      ] GC(26) Survivor regions: 2->4(4)
[2021-04-21T09:37:11.064+0000][7][gc,heap      ] GC(26) Old regions: 13->13
[2021-04-21T09:37:11.064+0000][7][gc,heap      ] GC(26) Archive regions: 2->2
[2021-04-21T09:37:11.064+0000][7][gc,heap      ] GC(26) Humongous regions: 1->1
[2021-04-21T09:37:11.064+0000][7][gc,metaspace ] GC(26) Metaspace: 20245K(21632K)->20245K(21632K) NonClass: 17742K(18688K)->17742K(18688K) Class: 2502K(2944K)->2502K(2944K)
[2021-04-21T09:37:11.064+0000][7][gc           ] GC(26) Pause Young (Normal) (G1 Evacuation Pause) 45M->17M(66M) 21.820ms
[2021-04-21T09:37:11.064+0000][7][gc,cpu       ] GC(26) User=0.01s Sys=0.00s Real=0.02s
[2021-04-21T09:37:11.064+0000][7][safepoint    ] Safepoint "G1CollectForAllocation", Time since last: 79084621 ns, Reaching safepoint: 109782 ns, At safepoint: 21910937 ns, Total: 22020719 ns
[2021-04-21T09:37:11.154+0000][7][gc,start     ] GC(27) Pause Young (Normal) (G1 Evacuation Pause)
[2021-04-21T09:37:11.155+0000][7][gc,task      ] GC(27) Using 2 workers of 4 for evacuation
[2021-04-21T09:37:11.155+0000][7][gc,age       ] GC(27) Desired survivor size 2097152 bytes, new threshold 1 (max threshold 15)
[2021-04-21T09:37:11.160+0000][7][gc,age       ] GC(27) Age table with threshold 1 (max threshold 15)
[2021-04-21T09:37:11.161+0000][7][gc,age       ] GC(27) - age   1:    1731760 bytes,    1731760 total
[2021-04-21T09:37:11.162+0000][7][gc,phases    ] GC(27)   Pre Evacuate Collection Set: 0.0ms
[2021-04-21T09:37:11.163+0000][7][gc,phases    ] GC(27)   Merge Heap Roots: 0.0ms
[2021-04-21T09:37:11.163+0000][7][gc,phases    ] GC(27)   Evacuate Collection Set: 3.5ms
[2021-04-21T09:37:11.164+0000][7][gc,phases    ] GC(27)   Post Evacuate Collection Set: 0.5ms
[2021-04-21T09:37:11.165+0000][7][gc,phases    ] GC(27)   Other: 4.0ms
[2021-04-21T09:37:11.165+0000][7][gc,heap      ] GC(27) Eden regions: 26->0(26)
[2021-04-21T09:37:11.165+0000][7][gc,heap      ] GC(27) Survivor regions: 4->2(4)
[2021-04-21T09:37:11.166+0000][7][gc,heap      ] GC(27) Old regions: 13->14
[2021-04-21T09:37:11.166+0000][7][gc,heap      ] GC(27) Archive regions: 2->2
[2021-04-21T09:37:11.166+0000][7][gc,heap      ] GC(27) Humongous regions: 1->1
[2021-04-21T09:37:11.166+0000][7][gc,metaspace ] GC(27) Metaspace: 20250K(21632K)->20250K(21632K) NonClass: 17747K(18688K)->17747K(18688K) Class: 2503K(2944K)->2503K(2944K)
[2021-04-21T09:37:11.166+0000][7][gc           ] GC(27) Pause Young (Normal) (G1 Evacuation Pause) 43M->17M(66M) 11.926ms
[2021-04-21T09:37:11.166+0000][7][gc,cpu       ] GC(27) User=0.02s Sys=0.00s Real=0.01s
[2021-04-21T09:37:11.166+0000][7][safepoint    ] Safepoint "G1CollectForAllocation", Time since last: 89871993 ns, Reaching safepoint: 123660 ns, At safepoint: 12004772 ns, Total: 12128432 ns
[2021-04-21T09:37:11.245+0000][7][gc,start     ] GC(28) Pause Young (Normal) (G1 Evacuation Pause)
[2021-04-21T09:37:11.246+0000][7][gc,task      ] GC(28) Using 2 workers of 4 for evacuation
[2021-04-21T09:37:11.246+0000][7][gc,age       ] GC(28) Desired survivor size 2097152 bytes, new threshold 15 (max threshold 15)
[2021-04-21T09:37:11.248+0000][7][gc,age       ] GC(28) Age table with threshold 15 (max threshold 15)
[2021-04-21T09:37:11.248+0000][7][gc,age       ] GC(28) - age   1:     166032 bytes,     166032 total
[2021-04-21T09:37:11.249+0000][7][gc,age       ] GC(28) - age   2:     294752 bytes,     460784 total
[2021-04-21T09:37:11.249+0000][7][gc,phases    ] GC(28)   Pre Evacuate Collection Set: 0.0ms
[2021-04-21T09:37:11.250+0000][7][gc,phases    ] GC(28)   Merge Heap Roots: 0.0ms
[2021-04-21T09:37:11.251+0000][7][gc,phases    ] GC(28)   Evacuate Collection Set: 0.5ms
[2021-04-21T09:37:11.251+0000][7][gc,phases    ] GC(28)   Post Evacuate Collection Set: 0.4ms
[2021-04-21T09:37:11.252+0000][7][gc,phases    ] GC(28)   Other: 3.7ms
[2021-04-21T09:37:11.252+0000][7][gc,heap      ] GC(28) Eden regions: 26->0(28)
[2021-04-21T09:37:11.253+0000][7][gc,heap      ] GC(28) Survivor regions: 2->1(4)
[2021-04-21T09:37:11.253+0000][7][gc,heap      ] GC(28) Old regions: 14->14
[2021-04-21T09:37:11.253+0000][7][gc,heap      ] GC(28) Archive regions: 2->2
[2021-04-21T09:37:11.254+0000][7][gc,heap      ] GC(28) Humongous regions: 1->1
[2021-04-21T09:37:11.254+0000][7][gc,metaspace ] GC(28) Metaspace: 20261K(21632K)->20261K(21632K) NonClass: 17756K(18688K)->17756K(18688K) Class: 2505K(2944K)->2505K(2944K)
[2021-04-21T09:37:11.254+0000][7][gc           ] GC(28) Pause Young (Normal) (G1 Evacuation Pause) 43M->16M(66M) 9.511ms
[2021-04-21T09:37:11.254+0000][7][gc,cpu       ] GC(28) User=0.02s Sys=0.00s Real=0.01s
[2021-04-21T09:37:11.254+0000][7][safepoint    ] Safepoint "G1CollectForAllocation", Time since last: 78925456 ns, Reaching safepoint: 112878 ns, At safepoint: 9668709 ns, Total: 9781587 ns
[2021-04-21T09:37:11.446+0000][7][gc,start     ] GC(29) Pause Young (Normal) (G1 Evacuation Pause)
[2021-04-21T09:37:11.447+0000][7][gc,task      ] GC(29) Using 2 workers of 4 for evacuation
[2021-04-21T09:37:11.448+0000][7][gc,age       ] GC(29) Desired survivor size 2097152 bytes, new threshold 15 (max threshold 15)
[2021-04-21T09:37:11.452+0000][7][gc,age       ] GC(29) Age table with threshold 15 (max threshold 15)
[2021-04-21T09:37:11.453+0000][7][gc,age       ] GC(29) - age   1:    1721000 bytes,    1721000 total
[2021-04-21T09:37:11.454+0000][7][gc,age       ] GC(29) - age   2:     149456 bytes,    1870456 total
[2021-04-21T09:37:11.454+0000][7][gc,age       ] GC(29) - age   3:     294752 bytes,    2165208 total
[2021-04-21T09:37:11.455+0000][7][gc,phases    ] GC(29)   Pre Evacuate Collection Set: 0.0ms
[2021-04-21T09:37:11.455+0000][7][gc,phases    ] GC(29)   Merge Heap Roots: 0.0ms
[2021-04-21T09:37:11.456+0000][7][gc,phases    ] GC(29)   Evacuate Collection Set: 3.4ms
[2021-04-21T09:37:11.456+0000][7][gc,phases    ] GC(29)   Post Evacuate Collection Set: 0.7ms
[2021-04-21T09:37:11.457+0000][7][gc,phases    ] GC(29)   Other: 4.5ms
[2021-04-21T09:37:11.458+0000][7][gc,heap      ] GC(29) Eden regions: 28->0(26)
[2021-04-21T09:37:11.458+0000][7][gc,heap      ] GC(29) Survivor regions: 1->3(4)
[2021-04-21T09:37:11.459+0000][7][gc,heap      ] GC(29) Old regions: 14->14
[2021-04-21T09:37:11.459+0000][7][gc,heap      ] GC(29) Archive regions: 2->2
[2021-04-21T09:37:11.459+0000][7][gc,heap      ] GC(29) Humongous regions: 1->1
[2021-04-21T09:37:11.460+0000][7][gc,metaspace ] GC(29) Metaspace: 21167K(22528K)->21167K(22528K) NonClass: 18582K(19456K)->18582K(19456K) Class: 2584K(3072K)->2584K(3072K)
[2021-04-21T09:37:11.460+0000][7][gc           ] GC(29) Pause Young (Normal) (G1 Evacuation Pause) 44M->17M(66M) 13.723ms
[2021-04-21T09:37:11.460+0000][7][gc,cpu       ] GC(29) User=0.03s Sys=0.00s Real=0.02s
[2021-04-21T09:37:11.460+0000][7][safepoint    ] Safepoint "G1CollectForAllocation", Time since last: 191649396 ns, Reaching safepoint: 237789 ns, At safepoint: 13813826 ns, Total: 14051615 ns
[2021-04-21T09:37:11.538+0000][7][gc,start     ] GC(30) Pause Young (Normal) (G1 Evacuation Pause)
[2021-04-21T09:37:11.539+0000][7][gc,task      ] GC(30) Using 2 workers of 4 for evacuation
[2021-04-21T09:37:11.539+0000][7][gc,age       ] GC(30) Desired survivor size 2097152 bytes, new threshold 3 (max threshold 15)
[2021-04-21T09:37:11.547+0000][7][gc,age       ] GC(30) Age table with threshold 3 (max threshold 15)
[2021-04-21T09:37:11.547+0000][7][gc,age       ] GC(30) - age   1:     583704 bytes,     583704 total
[2021-04-21T09:37:11.547+0000][7][gc,age       ] GC(30) - age   2:     412472 bytes,     996176 total
[2021-04-21T09:37:11.547+0000][7][gc,age       ] GC(30) - age   3:     148968 bytes,    1145144 total
[2021-04-21T09:37:11.547+0000][7][gc,phases    ] GC(30)   Pre Evacuate Collection Set: 0.0ms
[2021-04-21T09:37:11.547+0000][7][gc,phases    ] GC(30)   Merge Heap Roots: 0.6ms
[2021-04-21T09:37:11.547+0000][7][gc,phases    ] GC(30)   Evacuate Collection Set: 6.1ms
[2021-04-21T09:37:11.547+0000][7][gc,phases    ] GC(30)   Post Evacuate Collection Set: 0.6ms
[2021-04-21T09:37:11.547+0000][7][gc,phases    ] GC(30)   Other: 1.9ms
[2021-04-21T09:37:11.547+0000][7][gc,heap      ] GC(30) Eden regions: 26->0(26)
[2021-04-21T09:37:11.547+0000][7][gc,heap      ] GC(30) Survivor regions: 3->2(4)
[2021-04-21T09:37:11.547+0000][7][gc,heap      ] GC(30) Old regions: 14->15
[2021-04-21T09:37:11.547+0000][7][gc,heap      ] GC(30) Archive regions: 2->2
[2021-04-21T09:37:11.548+0000][7][gc,heap      ] GC(30) Humongous regions: 1->1
[2021-04-21T09:37:11.548+0000][7][gc,metaspace ] GC(30) Metaspace: 21168K(22528K)->21168K(22528K) NonClass: 18584K(19456K)->18584K(19456K) Class: 2584K(3072K)->2584K(3072K)
[2021-04-21T09:37:11.548+0000][7][gc           ] GC(30) Pause Young (Normal) (G1 Evacuation Pause) 43M->17M(66M) 9.248ms
[2021-04-21T09:37:11.548+0000][7][gc,cpu       ] GC(30) User=0.00s Sys=0.00s Real=0.02s
[2021-04-21T09:37:11.548+0000][7][safepoint    ] Safepoint "G1CollectForAllocation", Time since last: 78092219 ns, Reaching safepoint: 140232 ns, At safepoint: 9321819 ns, Total: 9462051 ns
[2021-04-21T09:37:11.600+0000][7][gc,start     ] GC(31) Pause Young (Normal) (G1 Evacuation Pause)
[2021-04-21T09:37:11.600+0000][7][gc,task      ] GC(31) Using 2 workers of 4 for evacuation
[2021-04-21T09:37:11.601+0000][7][gc,age       ] GC(31) Desired survivor size 2097152 bytes, new threshold 15 (max threshold 15)
[2021-04-21T09:37:11.614+0000][7][gc,age       ] GC(31) Age table with threshold 15 (max threshold 15)
[2021-04-21T09:37:11.614+0000][7][gc,age       ] GC(31) - age   1:    1847744 bytes,    1847744 total
[2021-04-21T09:37:11.614+0000][7][gc,age       ] GC(31) - age   2:     581112 bytes,    2428856 total
[2021-04-21T09:37:11.614+0000][7][gc,age       ] GC(31) - age   3:     399464 bytes,    2828320 total
[2021-04-21T09:37:11.614+0000][7][gc,age       ] GC(31) - age   4:     148208 bytes,    2976528 total
[2021-04-21T09:37:11.614+0000][7][gc,phases    ] GC(31)   Pre Evacuate Collection Set: 0.0ms
[2021-04-21T09:37:11.614+0000][7][gc,phases    ] GC(31)   Merge Heap Roots: 0.0ms
[2021-04-21T09:37:11.614+0000][7][gc,phases    ] GC(31)   Evacuate Collection Set: 9.8ms
[2021-04-21T09:37:11.614+0000][7][gc,phases    ] GC(31)   Post Evacuate Collection Set: 3.5ms
[2021-04-21T09:37:11.614+0000][7][gc,phases    ] GC(31)   Other: 0.2ms
[2021-04-21T09:37:11.614+0000][7][gc,heap      ] GC(31) Eden regions: 26->0(25)
[2021-04-21T09:37:11.614+0000][7][gc,heap      ] GC(31) Survivor regions: 2->3(4)
[2021-04-21T09:37:11.614+0000][7][gc,heap      ] GC(31) Old regions: 15->15
[2021-04-21T09:37:11.614+0000][7][gc,heap      ] GC(31) Archive regions: 2->2
[2021-04-21T09:37:11.614+0000][7][gc,heap      ] GC(31) Humongous regions: 1->1
[2021-04-21T09:37:11.614+0000][7][gc,metaspace ] GC(31) Metaspace: 21207K(22528K)->21207K(22528K) NonClass: 18614K(19456K)->18614K(19456K) Class: 2592K(3072K)->2592K(3072K)
[2021-04-21T09:37:11.614+0000][7][gc           ] GC(31) Pause Young (Normal) (G1 Evacuation Pause) 43M->18M(66M) 13.641ms
[2021-04-21T09:37:11.614+0000][7][gc,cpu       ] GC(31) User=0.02s Sys=0.00s Real=0.01s
[2021-04-21T09:37:11.614+0000][7][safepoint    ] Safepoint "G1CollectForAllocation", Time since last: 52712144 ns, Reaching safepoint: 116786 ns, At safepoint: 13712958 ns, Total: 13829744 ns
[2021-04-21T09:37:11.710+0000][7][gc,start     ] GC(32) Pause Young (Normal) (G1 Evacuation Pause)
[2021-04-21T09:37:11.710+0000][7][gc,task      ] GC(32) Using 2 workers of 4 for evacuation
[2021-04-21T09:37:11.710+0000][7][gc,age       ] GC(32) Desired survivor size 2097152 bytes, new threshold 2 (max threshold 15)
[2021-04-21T09:37:11.717+0000][7][gc,age       ] GC(32) Age table with threshold 2 (max threshold 15)
[2021-04-21T09:37:11.717+0000][7][gc,age       ] GC(32) - age   1:    1357960 bytes,    1357960 total
[2021-04-21T09:37:11.717+0000][7][gc,age       ] GC(32) - age   2:     288504 bytes,    1646464 total
[2021-04-21T09:37:11.717+0000][7][gc,phases    ] GC(32)   Pre Evacuate Collection Set: 0.0ms
[2021-04-21T09:37:11.717+0000][7][gc,phases    ] GC(32)   Merge Heap Roots: 0.0ms
[2021-04-21T09:37:11.717+0000][7][gc,phases    ] GC(32)   Evacuate Collection Set: 6.7ms
[2021-04-21T09:37:11.717+0000][7][gc,phases    ] GC(32)   Post Evacuate Collection Set: 0.5ms
[2021-04-21T09:37:11.717+0000][7][gc,phases    ] GC(32)   Other: 0.2ms
[2021-04-21T09:37:11.717+0000][7][gc,heap      ] GC(32) Eden regions: 25->0(25)
[2021-04-21T09:37:11.717+0000][7][gc,heap      ] GC(32) Survivor regions: 3->2(4)
[2021-04-21T09:37:11.717+0000][7][gc,heap      ] GC(32) Old regions: 15->16
[2021-04-21T09:37:11.717+0000][7][gc,heap      ] GC(32) Archive regions: 2->2
[2021-04-21T09:37:11.717+0000][7][gc,heap      ] GC(32) Humongous regions: 1->1
[2021-04-21T09:37:11.717+0000][7][gc,metaspace ] GC(32) Metaspace: 21215K(22528K)->21215K(22528K) NonClass: 18621K(19456K)->18621K(19456K) Class: 2594K(3072K)->2594K(3072K)
[2021-04-21T09:37:11.717+0000][7][gc           ] GC(32) Pause Young (Normal) (G1 Evacuation Pause) 43M->18M(66M) 7.584ms
[2021-04-21T09:37:11.717+0000][7][gc,cpu       ] GC(32) User=0.02s Sys=0.00s Real=0.00s
[2021-04-21T09:37:11.717+0000][7][safepoint    ] Safepoint "G1CollectForAllocation", Time since last: 95507455 ns, Reaching safepoint: 124310 ns, At safepoint: 7650229 ns, Total: 7774539 ns
[2021-04-21T09:37:11.840+0000][7][gc,start     ] GC(33) Pause Young (Normal) (G1 Evacuation Pause)
[2021-04-21T09:37:11.841+0000][7][gc,task      ] GC(33) Using 2 workers of 4 for evacuation
[2021-04-21T09:37:11.841+0000][7][gc,age       ] GC(33) Desired survivor size 2097152 bytes, new threshold 15 (max threshold 15)
[2021-04-21T09:37:11.848+0000][7][gc,age       ] GC(33) Age table with threshold 15 (max threshold 15)
[2021-04-21T09:37:11.848+0000][7][gc,age       ] GC(33) - age   1:    2062320 bytes,    2062320 total
[2021-04-21T09:37:11.848+0000][7][gc,age       ] GC(33) - age   2:      36424 bytes,    2098744 total
[2021-04-21T09:37:11.848+0000][7][gc,age       ] GC(33) - age   3:     288504 bytes,    2387248 total
[2021-04-21T09:37:11.848+0000][7][gc,phases    ] GC(33)   Pre Evacuate Collection Set: 0.0ms
[2021-04-21T09:37:11.848+0000][7][gc,phases    ] GC(33)   Merge Heap Roots: 0.0ms
[2021-04-21T09:37:11.848+0000][7][gc,phases    ] GC(33)   Evacuate Collection Set: 6.3ms
[2021-04-21T09:37:11.848+0000][7][gc,phases    ] GC(33)   Post Evacuate Collection Set: 0.5ms
[2021-04-21T09:37:11.848+0000][7][gc,phases    ] GC(33)   Other: 1.1ms
[2021-04-21T09:37:11.848+0000][7][gc,heap      ] GC(33) Eden regions: 25->0(23)
[2021-04-21T09:37:11.848+0000][7][gc,heap      ] GC(33) Survivor regions: 2->3(4)
[2021-04-21T09:37:11.848+0000][7][gc,heap      ] GC(33) Old regions: 16->16
[2021-04-21T09:37:11.848+0000][7][gc,heap      ] GC(33) Archive regions: 2->2
[2021-04-21T09:37:11.848+0000][7][gc,heap      ] GC(33) Humongous regions: 1->1
[2021-04-21T09:37:11.848+0000][7][gc,metaspace ] GC(33) Metaspace: 21222K(22528K)->21222K(22528K) NonClass: 18627K(19456K)->18627K(19456K) Class: 2595K(3072K)->2595K(3072K)
[2021-04-21T09:37:11.848+0000][7][gc           ] GC(33) Pause Young (Normal) (G1 Evacuation Pause) 43M->19M(66M) 8.056ms
[2021-04-21T09:37:11.848+0000][7][gc,cpu       ] GC(33) User=0.01s Sys=0.00s Real=0.01s
[2021-04-21T09:37:11.848+0000][7][safepoint    ] Safepoint "G1CollectForAllocation", Time since last: 121761204 ns, Reaching safepoint: 624257 ns, At safepoint: 8138783 ns, Total: 8763040 ns
[2021-04-21T09:37:11.943+0000][7][gc,start     ] GC(34) Pause Young (Normal) (G1 Evacuation Pause)
[2021-04-21T09:37:11.943+0000][7][gc,task      ] GC(34) Using 2 workers of 4 for evacuation
[2021-04-21T09:37:11.943+0000][7][gc,age       ] GC(34) Desired survivor size 2097152 bytes, new threshold 2 (max threshold 15)
[2021-04-21T09:37:11.949+0000][7][gc,age       ] GC(34) Age table with threshold 2 (max threshold 15)
[2021-04-21T09:37:11.949+0000][7][gc,age       ] GC(34) - age   1:    1479032 bytes,    1479032 total
[2021-04-21T09:37:11.949+0000][7][gc,age       ] GC(34) - age   2:      42160 bytes,    1521192 total
[2021-04-21T09:37:11.949+0000][7][gc,phases    ] GC(34)   Pre Evacuate Collection Set: 0.0ms
[2021-04-21T09:37:11.949+0000][7][gc,phases    ] GC(34)   Merge Heap Roots: 0.0ms
[2021-04-21T09:37:11.949+0000][7][gc,phases    ] GC(34)   Evacuate Collection Set: 5.7ms
[2021-04-21T09:37:11.949+0000][7][gc,phases    ] GC(34)   Post Evacuate Collection Set: 0.4ms
[2021-04-21T09:37:11.949+0000][7][gc,phases    ] GC(34)   Other: 0.2ms
[2021-04-21T09:37:11.949+0000][7][gc,heap      ] GC(34) Eden regions: 23->0(24)
[2021-04-21T09:37:11.949+0000][7][gc,heap      ] GC(34) Survivor regions: 3->2(4)
[2021-04-21T09:37:11.949+0000][7][gc,heap      ] GC(34) Old regions: 16->16
[2021-04-21T09:37:11.949+0000][7][gc,heap      ] GC(34) Archive regions: 2->2
[2021-04-21T09:37:11.949+0000][7][gc,heap      ] GC(34) Humongous regions: 1->1
[2021-04-21T09:37:11.949+0000][7][gc,metaspace ] GC(34) Metaspace: 21234K(22528K)->21234K(22528K) NonClass: 18637K(19456K)->18637K(19456K) Class: 2596K(3072K)->2596K(3072K)
[2021-04-21T09:37:11.949+0000][7][gc           ] GC(34) Pause Young (Normal) (G1 Evacuation Pause) 42M->18M(66M) 6.588ms
[2021-04-21T09:37:11.949+0000][7][gc,cpu       ] GC(34) User=0.01s Sys=0.00s Real=0.01s
[2021-04-21T09:37:11.949+0000][7][safepoint    ] Safepoint "G1CollectForAllocation", Time since last: 94426963 ns, Reaching safepoint: 132744 ns, At safepoint: 6657153 ns, Total: 6789897 ns
[2021-04-21T09:37:12.040+0000][7][gc,start     ] GC(35) Pause Young (Normal) (G1 Evacuation Pause)
[2021-04-21T09:37:12.040+0000][7][gc,task      ] GC(35) Using 2 workers of 4 for evacuation
[2021-04-21T09:37:12.040+0000][7][gc,age       ] GC(35) Desired survivor size 2097152 bytes, new threshold 15 (max threshold 15)
[2021-04-21T09:37:12.042+0000][7][gc,age       ] GC(35) Age table with threshold 15 (max threshold 15)
[2021-04-21T09:37:12.042+0000][7][gc,age       ] GC(35) - age   1:     308296 bytes,     308296 total
[2021-04-21T09:37:12.042+0000][7][gc,age       ] GC(35) - age   2:     155560 bytes,     463856 total
[2021-04-21T09:37:12.042+0000][7][gc,age       ] GC(35) - age   3:      42160 bytes,     506016 total
[2021-04-21T09:37:12.042+0000][7][gc,phases    ] GC(35)   Pre Evacuate Collection Set: 0.0ms
[2021-04-21T09:37:12.042+0000][7][gc,phases    ] GC(35)   Merge Heap Roots: 0.0ms
[2021-04-21T09:37:12.042+0000][7][gc,phases    ] GC(35)   Evacuate Collection Set: 1.8ms
[2021-04-21T09:37:12.042+0000][7][gc,phases    ] GC(35)   Post Evacuate Collection Set: 0.4ms
[2021-04-21T09:37:12.042+0000][7][gc,phases    ] GC(35)   Other: 0.2ms
[2021-04-21T09:37:12.042+0000][7][gc,heap      ] GC(35) Eden regions: 24->0(26)
[2021-04-21T09:37:12.042+0000][7][gc,heap      ] GC(35) Survivor regions: 2->1(4)
[2021-04-21T09:37:12.042+0000][7][gc,heap      ] GC(35) Old regions: 16->16
[2021-04-21T09:37:12.042+0000][7][gc,heap      ] GC(35) Archive regions: 2->2
[2021-04-21T09:37:12.042+0000][7][gc,heap      ] GC(35) Humongous regions: 1->1
[2021-04-21T09:37:12.042+0000][7][gc,metaspace ] GC(35) Metaspace: 21239K(22528K)->21239K(22528K) NonClass: 18641K(19456K)->18641K(19456K) Class: 2597K(3072K)->2597K(3072K)
[2021-04-21T09:37:12.042+0000][7][gc           ] GC(35) Pause Young (Normal) (G1 Evacuation Pause) 42M->17M(66M) 2.602ms
[2021-04-21T09:37:12.042+0000][7][gc,cpu       ] GC(35) User=0.00s Sys=0.00s Real=0.00s
[2021-04-21T09:37:12.042+0000][7][safepoint    ] Safepoint "G1CollectForAllocation", Time since last: 90288097 ns, Reaching safepoint: 123143 ns, At safepoint: 2669393 ns, Total: 2792536 ns
[2021-04-21T09:37:12.167+0000][7][gc,start     ] GC(36) Pause Young (Normal) (G1 Evacuation Pause)
[2021-04-21T09:37:12.167+0000][7][gc,task      ] GC(36) Using 2 workers of 4 for evacuation
[2021-04-21T09:37:12.167+0000][7][gc,age       ] GC(36) Desired survivor size 2097152 bytes, new threshold 15 (max threshold 15)
[2021-04-21T09:37:12.170+0000][7][gc,age       ] GC(36) Age table with threshold 15 (max threshold 15)
[2021-04-21T09:37:12.170+0000][7][gc,age       ] GC(36) - age   1:     680408 bytes,     680408 total
[2021-04-21T09:37:12.170+0000][7][gc,age       ] GC(36) - age   2:      33048 bytes,     713456 total
[2021-04-21T09:37:12.170+0000][7][gc,age       ] GC(36) - age   3:     155560 bytes,     869016 total
[2021-04-21T09:37:12.170+0000][7][gc,age       ] GC(36) - age   4:      42160 bytes,     911176 total
[2021-04-21T09:37:12.170+0000][7][gc,phases    ] GC(36)   Pre Evacuate Collection Set: 0.0ms
[2021-04-21T09:37:12.170+0000][7][gc,phases    ] GC(36)   Merge Heap Roots: 0.0ms
[2021-04-21T09:37:12.170+0000][7][gc,phases    ] GC(36)   Evacuate Collection Set: 2.2ms
[2021-04-21T09:37:12.170+0000][7][gc,phases    ] GC(36)   Post Evacuate Collection Set: 0.6ms
[2021-04-21T09:37:12.170+0000][7][gc,phases    ] GC(36)   Other: 0.3ms
[2021-04-21T09:37:12.170+0000][7][gc,heap      ] GC(36) Eden regions: 26->0(26)
[2021-04-21T09:37:12.170+0000][7][gc,heap      ] GC(36) Survivor regions: 1->1(4)
[2021-04-21T09:37:12.170+0000][7][gc,heap      ] GC(36) Old regions: 16->16
[2021-04-21T09:37:12.170+0000][7][gc,heap      ] GC(36) Archive regions: 2->2
[2021-04-21T09:37:12.170+0000][7][gc,heap      ] GC(36) Humongous regions: 1->1
[2021-04-21T09:37:12.170+0000][7][gc,metaspace ] GC(36) Metaspace: 21241K(22528K)->21241K(22528K) NonClass: 18642K(19456K)->18642K(19456K) Class: 2598K(3072K)->2598K(3072K)
[2021-04-21T09:37:12.170+0000][7][gc           ] GC(36) Pause Young (Normal) (G1 Evacuation Pause) 43M->18M(66M) 3.275ms
[2021-04-21T09:37:12.170+0000][7][gc,cpu       ] GC(36) User=0.01s Sys=0.00s Real=0.00s
[2021-04-21T09:37:12.170+0000][7][safepoint    ] Safepoint "G1CollectForAllocation", Time since last: 124372430 ns, Reaching safepoint: 131434 ns, At safepoint: 3353720 ns, Total: 3485154 ns
[2021-04-21T09:37:12.251+0000][7][gc,start     ] GC(37) Pause Young (Normal) (G1 Evacuation Pause)
[2021-04-21T09:37:12.252+0000][7][gc,task      ] GC(37) Using 2 workers of 4 for evacuation
[2021-04-21T09:37:12.252+0000][7][gc,age       ] GC(37) Desired survivor size 2097152 bytes, new threshold 15 (max threshold 15)
[2021-04-21T09:37:12.257+0000][7][gc,age       ] GC(37) Age table with threshold 15 (max threshold 15)
[2021-04-21T09:37:12.258+0000][7][gc,age       ] GC(37) - age   1:    1469936 bytes,    1469936 total
[2021-04-21T09:37:12.258+0000][7][gc,age       ] GC(37) - age   2:      32784 bytes,    1502720 total
[2021-04-21T09:37:12.258+0000][7][gc,age       ] GC(37) - age   3:      33048 bytes,    1535768 total
[2021-04-21T09:37:12.258+0000][7][gc,age       ] GC(37) - age   4:     155560 bytes,    1691328 total
[2021-04-21T09:37:12.259+0000][7][gc,age       ] GC(37) - age   5:      42160 bytes,    1733488 total
[2021-04-21T09:37:12.259+0000][7][gc,phases    ] GC(37)   Pre Evacuate Collection Set: 0.0ms
[2021-04-21T09:37:12.259+0000][7][gc,phases    ] GC(37)   Merge Heap Roots: 0.5ms
[2021-04-21T09:37:12.259+0000][7][gc,phases    ] GC(37)   Evacuate Collection Set: 4.5ms
[2021-04-21T09:37:12.259+0000][7][gc,phases    ] GC(37)   Post Evacuate Collection Set: 0.4ms
[2021-04-21T09:37:12.259+0000][7][gc,phases    ] GC(37)   Other: 2.3ms
[2021-04-21T09:37:12.259+0000][7][gc,heap      ] GC(37) Eden regions: 26->0(25)
[2021-04-21T09:37:12.259+0000][7][gc,heap      ] GC(37) Survivor regions: 1->2(4)
[2021-04-21T09:37:12.259+0000][7][gc,heap      ] GC(37) Old regions: 16->16
[2021-04-21T09:37:12.259+0000][7][gc,heap      ] GC(37) Archive regions: 2->2
[2021-04-21T09:37:12.259+0000][7][gc,heap      ] GC(37) Humongous regions: 1->1
[2021-04-21T09:37:12.259+0000][7][gc,metaspace ] GC(37) Metaspace: 21247K(22528K)->21247K(22528K) NonClass: 18647K(19456K)->18647K(19456K) Class: 2599K(3072K)->2599K(3072K)
[2021-04-21T09:37:12.259+0000][7][gc           ] GC(37) Pause Young (Normal) (G1 Evacuation Pause) 44M->19M(66M) 7.890ms
[2021-04-21T09:37:12.259+0000][7][gc,cpu       ] GC(37) User=0.01s Sys=0.00s Real=0.01s
[2021-04-21T09:37:12.259+0000][7][safepoint    ] Safepoint "G1CollectForAllocation", Time since last: 80703170 ns, Reaching safepoint: 50195 ns, At safepoint: 7970977 ns, Total: 8021172 ns
[2021-04-21T09:37:12.328+0000][7][gc,start     ] GC(38) Pause Young (Normal) (G1 Evacuation Pause)
[2021-04-21T09:37:12.329+0000][7][gc,task      ] GC(38) Using 2 workers of 4 for evacuation
[2021-04-21T09:37:12.329+0000][7][gc,age       ] GC(38) Desired survivor size 2097152 bytes, new threshold 15 (max threshold 15)
[2021-04-21T09:37:12.333+0000][7][gc,age       ] GC(38) Age table with threshold 15 (max threshold 15)
[2021-04-21T09:37:12.333+0000][7][gc,age       ] GC(38) - age   1:    1001304 bytes,    1001304 total
[2021-04-21T09:37:12.333+0000][7][gc,age       ] GC(38) - age   2:      31976 bytes,    1033280 total
[2021-04-21T09:37:12.333+0000][7][gc,age       ] GC(38) - age   3:      32784 bytes,    1066064 total
[2021-04-21T09:37:12.333+0000][7][gc,age       ] GC(38) - age   4:      33048 bytes,    1099112 total
[2021-04-21T09:37:12.333+0000][7][gc,age       ] GC(38) - age   5:     155560 bytes,    1254672 total
[2021-04-21T09:37:12.333+0000][7][gc,age       ] GC(38) - age   6:      42160 bytes,    1296832 total
[2021-04-21T09:37:12.333+0000][7][gc,phases    ] GC(38)   Pre Evacuate Collection Set: 0.0ms
[2021-04-21T09:37:12.333+0000][7][gc,phases    ] GC(38)   Merge Heap Roots: 0.0ms
[2021-04-21T09:37:12.333+0000][7][gc,phases    ] GC(38)   Evacuate Collection Set: 3.4ms
[2021-04-21T09:37:12.333+0000][7][gc,phases    ] GC(38)   Post Evacuate Collection Set: 0.4ms
[2021-04-21T09:37:12.333+0000][7][gc,phases    ] GC(38)   Other: 0.3ms
[2021-04-21T09:37:12.333+0000][7][gc,heap      ] GC(38) Eden regions: 25->0(25)
[2021-04-21T09:37:12.333+0000][7][gc,heap      ] GC(38) Survivor regions: 2->2(4)
[2021-04-21T09:37:12.333+0000][7][gc,heap      ] GC(38) Old regions: 16->16
[2021-04-21T09:37:12.333+0000][7][gc,heap      ] GC(38) Archive regions: 2->2
[2021-04-21T09:37:12.333+0000][7][gc,heap      ] GC(38) Humongous regions: 1->1
[2021-04-21T09:37:12.333+0000][7][gc,metaspace ] GC(38) Metaspace: 21251K(22528K)->21251K(22528K) NonClass: 18650K(19456K)->18650K(19456K) Class: 2600K(3072K)->2600K(3072K)
[2021-04-21T09:37:12.333+0000][7][gc           ] GC(38) Pause Young (Normal) (G1 Evacuation Pause) 44M->18M(66M) 4.322ms
[2021-04-21T09:37:12.333+0000][7][gc,cpu       ] GC(38) User=0.01s Sys=0.00s Real=0.00s
[2021-04-21T09:37:12.333+0000][7][safepoint    ] Safepoint "G1CollectForAllocation", Time since last: 69490313 ns, Reaching safepoint: 126259 ns, At safepoint: 4397048 ns, Total: 4523307 ns
[2021-04-21T09:37:12.428+0000][7][gc,start     ] GC(39) Pause Young (Normal) (G1 Evacuation Pause)
[2021-04-21T09:37:12.428+0000][7][gc,task      ] GC(39) Using 2 workers of 4 for evacuation
[2021-04-21T09:37:12.428+0000][7][gc,age       ] GC(39) Desired survivor size 2097152 bytes, new threshold 15 (max threshold 15)
[2021-04-21T09:37:12.430+0000][7][gc,age       ] GC(39) Age table with threshold 15 (max threshold 15)
[2021-04-21T09:37:12.430+0000][7][gc,age       ] GC(39) - age   1:     215768 bytes,     215768 total
[2021-04-21T09:37:12.431+0000][7][gc,age       ] GC(39) - age   2:      37240 bytes,     253008 total
[2021-04-21T09:37:12.431+0000][7][gc,age       ] GC(39) - age   3:      31976 bytes,     284984 total
[2021-04-21T09:37:12.431+0000][7][gc,age       ] GC(39) - age   4:      32784 bytes,     317768 total
[2021-04-21T09:37:12.432+0000][7][gc,age       ] GC(39) - age   5:      33048 bytes,     350816 total
[2021-04-21T09:37:12.432+0000][7][gc,age       ] GC(39) - age   6:     155560 bytes,     506376 total
[2021-04-21T09:37:12.432+0000][7][gc,age       ] GC(39) - age   7:      42160 bytes,     548536 total
[2021-04-21T09:37:12.432+0000][7][gc,phases    ] GC(39)   Pre Evacuate Collection Set: 0.0ms
[2021-04-21T09:37:12.432+0000][7][gc,phases    ] GC(39)   Merge Heap Roots: 0.0ms
[2021-04-21T09:37:12.432+0000][7][gc,phases    ] GC(39)   Evacuate Collection Set: 1.4ms
[2021-04-21T09:37:12.432+0000][7][gc,phases    ] GC(39)   Post Evacuate Collection Set: 0.4ms
[2021-04-21T09:37:12.432+0000][7][gc,phases    ] GC(39)   Other: 2.8ms
[2021-04-21T09:37:12.432+0000][7][gc,heap      ] GC(39) Eden regions: 25->0(27)
[2021-04-21T09:37:12.432+0000][7][gc,heap      ] GC(39) Survivor regions: 2->1(4)
[2021-04-21T09:37:12.432+0000][7][gc,heap      ] GC(39) Old regions: 16->16
[2021-04-21T09:37:12.432+0000][7][gc,heap      ] GC(39) Archive regions: 2->2
[2021-04-21T09:37:12.432+0000][7][gc,heap      ] GC(39) Humongous regions: 1->1
[2021-04-21T09:37:12.432+0000][7][gc,metaspace ] GC(39) Metaspace: 21257K(22528K)->21257K(22528K) NonClass: 18654K(19456K)->18654K(19456K) Class: 2602K(3072K)->2602K(3072K)
[2021-04-21T09:37:12.433+0000][7][gc           ] GC(39) Pause Young (Normal) (G1 Evacuation Pause) 43M->17M(66M) 4.756ms
[2021-04-21T09:37:12.433+0000][7][gc,cpu       ] GC(39) User=0.00s Sys=0.01s Real=0.00s
[2021-04-21T09:37:12.433+0000][7][safepoint    ] Safepoint "G1CollectForAllocation", Time since last: 94763739 ns, Reaching safepoint: 130330 ns, At safepoint: 4828344 ns, Total: 4958674 ns
[2021-04-21T09:37:12.525+0000][7][gc,start     ] GC(40) Pause Young (Normal) (G1 Evacuation Pause)
[2021-04-21T09:37:12.525+0000][7][gc,task      ] GC(40) Using 2 workers of 4 for evacuation
[2021-04-21T09:37:12.525+0000][7][gc,age       ] GC(40) Desired survivor size 2097152 bytes, new threshold 15 (max threshold 15)
[2021-04-21T09:37:12.532+0000][7][gc,age       ] GC(40) Age table with threshold 15 (max threshold 15)
[2021-04-21T09:37:12.532+0000][7][gc,age       ] GC(40) - age   1:     696360 bytes,     696360 total
[2021-04-21T09:37:12.532+0000][7][gc,age       ] GC(40) - age   2:      34472 bytes,     730832 total
[2021-04-21T09:37:12.532+0000][7][gc,age       ] GC(40) - age   3:      37240 bytes,     768072 total
[2021-04-21T09:37:12.532+0000][7][gc,age       ] GC(40) - age   4:      31976 bytes,     800048 total
[2021-04-21T09:37:12.532+0000][7][gc,age       ] GC(40) - age   5:      32784 bytes,     832832 total
[2021-04-21T09:37:12.532+0000][7][gc,age       ] GC(40) - age   6:      33048 bytes,     865880 total
[2021-04-21T09:37:12.532+0000][7][gc,age       ] GC(40) - age   7:     155560 bytes,    1021440 total
[2021-04-21T09:37:12.532+0000][7][gc,age       ] GC(40) - age   8:      42160 bytes,    1063600 total
[2021-04-21T09:37:12.532+0000][7][gc,phases    ] GC(40)   Pre Evacuate Collection Set: 0.2ms
[2021-04-21T09:37:12.532+0000][7][gc,phases    ] GC(40)   Merge Heap Roots: 0.5ms
[2021-04-21T09:37:12.532+0000][7][gc,phases    ] GC(40)   Evacuate Collection Set: 3.5ms
[2021-04-21T09:37:12.532+0000][7][gc,phases    ] GC(40)   Post Evacuate Collection Set: 2.6ms
[2021-04-21T09:37:12.532+0000][7][gc,phases    ] GC(40)   Other: 0.3ms
[2021-04-21T09:37:12.532+0000][7][gc,heap      ] GC(40) Eden regions: 27->0(26)
[2021-04-21T09:37:12.532+0000][7][gc,heap      ] GC(40) Survivor regions: 1->2(4)
[2021-04-21T09:37:12.532+0000][7][gc,heap      ] GC(40) Old regions: 16->16
[2021-04-21T09:37:12.532+0000][7][gc,heap      ] GC(40) Archive regions: 2->2
[2021-04-21T09:37:12.532+0000][7][gc,heap      ] GC(40) Humongous regions: 1->1
[2021-04-21T09:37:12.532+0000][7][gc,metaspace ] GC(40) Metaspace: 21357K(22784K)->21357K(22784K) NonClass: 18738K(19712K)->18738K(19712K) Class: 2618K(3072K)->2618K(3072K)
[2021-04-21T09:37:12.532+0000][7][gc           ] GC(40) Pause Young (Normal) (G1 Evacuation Pause) 44M->18M(66M) 7.121ms
[2021-04-21T09:37:12.532+0000][7][gc,cpu       ] GC(40) User=0.02s Sys=0.00s Real=0.01s
[2021-04-21T09:37:12.532+0000][7][safepoint    ] Safepoint "G1CollectForAllocation", Time since last: 92649207 ns, Reaching safepoint: 93334 ns, At safepoint: 7203485 ns, Total: 7296819 ns
[2021-04-21T09:37:12.599+0000][7][gc,start     ] GC(41) Pause Young (Normal) (G1 Evacuation Pause)
[2021-04-21T09:37:12.599+0000][7][gc,task      ] GC(41) Using 2 workers of 4 for evacuation
[2021-04-21T09:37:12.599+0000][7][gc,age       ] GC(41) Desired survivor size 2097152 bytes, new threshold 15 (max threshold 15)
[2021-04-21T09:37:12.608+0000][7][gc,age       ] GC(41) Age table with threshold 15 (max threshold 15)
[2021-04-21T09:37:12.608+0000][7][gc,age       ] GC(41) - age   1:    1989616 bytes,    1989616 total
[2021-04-21T09:37:12.608+0000][7][gc,age       ] GC(41) - age   2:      93824 bytes,    2083440 total
[2021-04-21T09:37:12.608+0000][7][gc,age       ] GC(41) - age   3:      34472 bytes,    2117912 total
[2021-04-21T09:37:12.608+0000][7][gc,age       ] GC(41) - age   4:      37240 bytes,    2155152 total
[2021-04-21T09:37:12.608+0000][7][gc,age       ] GC(41) - age   5:      31976 bytes,    2187128 total
[2021-04-21T09:37:12.608+0000][7][gc,age       ] GC(41) - age   6:      32784 bytes,    2219912 total
[2021-04-21T09:37:12.608+0000][7][gc,age       ] GC(41) - age   7:      33048 bytes,    2252960 total
[2021-04-21T09:37:12.608+0000][7][gc,age       ] GC(41) - age   8:     155560 bytes,    2408520 total
[2021-04-21T09:37:12.608+0000][7][gc,age       ] GC(41) - age   9:      42160 bytes,    2450680 total
[2021-04-21T09:37:12.608+0000][7][gc,phases    ] GC(41)   Pre Evacuate Collection Set: 0.0ms
[2021-04-21T09:37:12.608+0000][7][gc,phases    ] GC(41)   Merge Heap Roots: 0.0ms
[2021-04-21T09:37:12.608+0000][7][gc,phases    ] GC(41)   Evacuate Collection Set: 7.5ms
[2021-04-21T09:37:12.608+0000][7][gc,phases    ] GC(41)   Post Evacuate Collection Set: 0.7ms
[2021-04-21T09:37:12.608+0000][7][gc,phases    ] GC(41)   Other: 0.3ms
[2021-04-21T09:37:12.608+0000][7][gc,heap      ] GC(41) Eden regions: 26->0(24)
[2021-04-21T09:37:12.608+0000][7][gc,heap      ] GC(41) Survivor regions: 2->3(4)
[2021-04-21T09:37:12.608+0000][7][gc,heap      ] GC(41) Old regions: 16->16
[2021-04-21T09:37:12.608+0000][7][gc,heap      ] GC(41) Archive regions: 2->2
[2021-04-21T09:37:12.608+0000][7][gc,heap      ] GC(41) Humongous regions: 1->1
[2021-04-21T09:37:12.608+0000][7][gc,metaspace ] GC(41) Metaspace: 21357K(22784K)->21357K(22784K) NonClass: 18738K(19712K)->18738K(19712K) Class: 2618K(3072K)->2618K(3072K)
[2021-04-21T09:37:12.608+0000][7][gc           ] GC(41) Pause Young (Normal) (G1 Evacuation Pause) 44M->19M(66M) 8.734ms
[2021-04-21T09:37:12.608+0000][7][gc,cpu       ] GC(41) User=0.02s Sys=0.00s Real=0.01s
[2021-04-21T09:37:12.608+0000][7][safepoint    ] Safepoint "G1CollectForAllocation", Time since last: 66398858 ns, Reaching safepoint: 120632 ns, At safepoint: 8820539 ns, Total: 8941171 ns
[2021-04-21T09:37:12.689+0000][7][gc,start     ] GC(42) Pause Young (Normal) (G1 Evacuation Pause)
[2021-04-21T09:37:12.690+0000][7][gc,task      ] GC(42) Using 2 workers of 4 for evacuation
[2021-04-21T09:37:12.690+0000][7][gc,age       ] GC(42) Desired survivor size 2097152 bytes, new threshold 3 (max threshold 15)
[2021-04-21T09:37:12.696+0000][7][gc,age       ] GC(42) Age table with threshold 3 (max threshold 15)
[2021-04-21T09:37:12.696+0000][7][gc,age       ] GC(42) - age   1:     771648 bytes,     771648 total
[2021-04-21T09:37:12.696+0000][7][gc,age       ] GC(42) - age   2:        160 bytes,     771808 total
[2021-04-21T09:37:12.696+0000][7][gc,age       ] GC(42) - age   3:      67728 bytes,     839536 total
[2021-04-21T09:37:12.696+0000][7][gc,phases    ] GC(42)   Pre Evacuate Collection Set: 1.1ms
[2021-04-21T09:37:12.696+0000][7][gc,phases    ] GC(42)   Merge Heap Roots: 0.0ms
[2021-04-21T09:37:12.696+0000][7][gc,phases    ] GC(42)   Evacuate Collection Set: 4.1ms
[2021-04-21T09:37:12.696+0000][7][gc,phases    ] GC(42)   Post Evacuate Collection Set: 0.4ms
[2021-04-21T09:37:12.696+0000][7][gc,phases    ] GC(42)   Other: 0.9ms
[2021-04-21T09:37:12.696+0000][7][gc,heap      ] GC(42) Eden regions: 24->0(26)
[2021-04-21T09:37:12.696+0000][7][gc,heap      ] GC(42) Survivor regions: 3->1(4)
[2021-04-21T09:37:12.696+0000][7][gc,heap      ] GC(42) Old regions: 16->16
[2021-04-21T09:37:12.696+0000][7][gc,heap      ] GC(42) Archive regions: 2->2
[2021-04-21T09:37:12.696+0000][7][gc,heap      ] GC(42) Humongous regions: 1->1
[2021-04-21T09:37:12.696+0000][7][gc,metaspace ] GC(42) Metaspace: 21424K(22784K)->21424K(22784K) NonClass: 18789K(19712K)->18789K(19712K) Class: 2634K(3072K)->2634K(3072K)
[2021-04-21T09:37:12.696+0000][7][gc           ] GC(42) Pause Young (Normal) (G1 Evacuation Pause) 43M->18M(66M) 6.710ms
[2021-04-21T09:37:12.696+0000][7][gc,cpu       ] GC(42) User=0.02s Sys=0.00s Real=0.00s
[2021-04-21T09:37:12.696+0000][7][safepoint    ] Safepoint "G1CollectForAllocation", Time since last: 81175885 ns, Reaching safepoint: 53195 ns, At safepoint: 6781730 ns, Total: 6834925 ns
[2021-04-21T09:37:12.783+0000][7][gc,start     ] GC(43) Pause Young (Normal) (G1 Evacuation Pause)
[2021-04-21T09:37:12.783+0000][7][gc,task      ] GC(43) Using 2 workers of 4 for evacuation
[2021-04-21T09:37:12.783+0000][7][gc,age       ] GC(43) Desired survivor size 2097152 bytes, new threshold 15 (max threshold 15)
[2021-04-21T09:37:12.788+0000][7][gc,age       ] GC(43) Age table with threshold 15 (max threshold 15)
[2021-04-21T09:37:12.788+0000][7][gc,age       ] GC(43) - age   1:      59584 bytes,      59584 total
[2021-04-21T09:37:12.788+0000][7][gc,age       ] GC(43) - age   2:     249400 bytes,     308984 total
[2021-04-21T09:37:12.788+0000][7][gc,age       ] GC(43) - age   3:        160 bytes,     309144 total
[2021-04-21T09:37:12.788+0000][7][gc,age       ] GC(43) - age   4:      67728 bytes,     376872 total
[2021-04-21T09:37:12.788+0000][7][gc,phases    ] GC(43)   Pre Evacuate Collection Set: 0.7ms
[2021-04-21T09:37:12.788+0000][7][gc,phases    ] GC(43)   Merge Heap Roots: 0.4ms
[2021-04-21T09:37:12.788+0000][7][gc,phases    ] GC(43)   Evacuate Collection Set: 3.3ms
[2021-04-21T09:37:12.788+0000][7][gc,phases    ] GC(43)   Post Evacuate Collection Set: 0.7ms
[2021-04-21T09:37:12.788+0000][7][gc,phases    ] GC(43)   Other: 0.2ms
[2021-04-21T09:37:12.788+0000][7][gc,heap      ] GC(43) Eden regions: 26->0(27)
[2021-04-21T09:37:12.788+0000][7][gc,heap      ] GC(43) Survivor regions: 1->1(4)
[2021-04-21T09:37:12.788+0000][7][gc,heap      ] GC(43) Old regions: 16->16
[2021-04-21T09:37:12.788+0000][7][gc,heap      ] GC(43) Archive regions: 2->2
[2021-04-21T09:37:12.788+0000][7][gc,heap      ] GC(43) Humongous regions: 1->1
[2021-04-21T09:37:12.788+0000][7][gc,metaspace ] GC(43) Metaspace: 21424K(22784K)->21424K(22784K) NonClass: 18789K(19712K)->18789K(19712K) Class: 2634K(3072K)->2634K(3072K)
[2021-04-21T09:37:12.788+0000][7][gc           ] GC(43) Pause Young (Normal) (G1 Evacuation Pause) 44M->18M(66M) 5.527ms
[2021-04-21T09:37:12.788+0000][7][gc,cpu       ] GC(43) User=0.00s Sys=0.00s Real=0.01s
[2021-04-21T09:37:12.788+0000][7][safepoint    ] Safepoint "G1CollectForAllocation", Time since last: 86379795 ns, Reaching safepoint: 504705 ns, At safepoint: 5599422 ns, Total: 6104127 ns
[2021-04-21T09:37:12.864+0000][7][gc,start     ] GC(44) Pause Young (Normal) (G1 Evacuation Pause)
[2021-04-21T09:37:12.866+0000][7][gc,task      ] GC(44) Using 2 workers of 4 for evacuation
[2021-04-21T09:37:12.867+0000][7][gc,age       ] GC(44) Desired survivor size 2097152 bytes, new threshold 15 (max threshold 15)
[2021-04-21T09:37:12.884+0000][7][gc,age       ] GC(44) Age table with threshold 15 (max threshold 15)
[2021-04-21T09:37:12.885+0000][7][gc,age       ] GC(44) - age   1:    2005736 bytes,    2005736 total
[2021-04-21T09:37:12.886+0000][7][gc,age       ] GC(44) - age   2:      47096 bytes,    2052832 total
[2021-04-21T09:37:12.887+0000][7][gc,age       ] GC(44) - age   3:     247736 bytes,    2300568 total
[2021-04-21T09:37:12.888+0000][7][gc,age       ] GC(44) - age   4:        160 bytes,    2300728 total
[2021-04-21T09:37:12.888+0000][7][gc,age       ] GC(44) - age   5:      67616 bytes,    2368344 total
[2021-04-21T09:37:12.889+0000][7][gc,phases    ] GC(44)   Pre Evacuate Collection Set: 0.1ms
[2021-04-21T09:37:12.890+0000][7][gc,phases    ] GC(44)   Merge Heap Roots: 0.0ms
[2021-04-21T09:37:12.890+0000][7][gc,phases    ] GC(44)   Evacuate Collection Set: 14.8ms
[2021-04-21T09:37:12.890+0000][7][gc,phases    ] GC(44)   Post Evacuate Collection Set: 1.9ms
[2021-04-21T09:37:12.890+0000][7][gc,phases    ] GC(44)   Other: 7.5ms
[2021-04-21T09:37:12.891+0000][7][gc,heap      ] GC(44) Eden regions: 27->0(24)
[2021-04-21T09:37:12.891+0000][7][gc,heap      ] GC(44) Survivor regions: 1->3(4)
[2021-04-21T09:37:12.891+0000][7][gc,heap      ] GC(44) Old regions: 16->16
[2021-04-21T09:37:12.891+0000][7][gc,heap      ] GC(44) Archive regions: 2->2
[2021-04-21T09:37:12.891+0000][7][gc,heap      ] GC(44) Humongous regions: 1->1
[2021-04-21T09:37:12.891+0000][7][gc,metaspace ] GC(44) Metaspace: 21461K(23040K)->21461K(23040K) NonClass: 18819K(19968K)->18819K(19968K) Class: 2641K(3072K)->2641K(3072K)
[2021-04-21T09:37:12.892+0000][7][gc           ] GC(44) Pause Young (Normal) (G1 Evacuation Pause) 45M->20M(66M) 27.325ms
[2021-04-21T09:37:12.892+0000][7][gc,cpu       ] GC(44) User=0.05s Sys=0.00s Real=0.03s
[2021-04-21T09:37:12.892+0000][7][safepoint    ] Safepoint "G1CollectForAllocation", Time since last: 75841354 ns, Reaching safepoint: 256964 ns, At safepoint: 27461553 ns, Total: 27718517 ns
[2021-04-21T09:37:12.965+0000][7][gc,start     ] GC(45) Pause Young (Normal) (G1 Evacuation Pause)
[2021-04-21T09:37:12.966+0000][7][gc,task      ] GC(45) Using 2 workers of 4 for evacuation
[2021-04-21T09:37:12.966+0000][7][gc,age       ] GC(45) Desired survivor size 2097152 bytes, new threshold 3 (max threshold 15)
[2021-04-21T09:37:12.970+0000][7][gc,age       ] GC(45) Age table with threshold 3 (max threshold 15)
[2021-04-21T09:37:12.971+0000][7][gc,age       ] GC(45) - age   1:     664168 bytes,     664168 total
[2021-04-21T09:37:12.972+0000][7][gc,age       ] GC(45) - age   2:      18624 bytes,     682792 total
[2021-04-21T09:37:12.972+0000][7][gc,age       ] GC(45) - age   3:      32592 bytes,     715384 total
[2021-04-21T09:37:12.973+0000][7][gc,phases    ] GC(45)   Pre Evacuate Collection Set: 0.4ms
[2021-04-21T09:37:12.974+0000][7][gc,phases    ] GC(45)   Merge Heap Roots: 0.0ms
[2021-04-21T09:37:12.974+0000][7][gc,phases    ] GC(45)   Evacuate Collection Set: 2.9ms
[2021-04-21T09:37:12.974+0000][7][gc,phases    ] GC(45)   Post Evacuate Collection Set: 0.6ms
[2021-04-21T09:37:12.974+0000][7][gc,phases    ] GC(45)   Other: 4.5ms
[2021-04-21T09:37:12.974+0000][7][gc,heap      ] GC(45) Eden regions: 24->0(25)
[2021-04-21T09:37:12.974+0000][7][gc,heap      ] GC(45) Survivor regions: 3->1(4)
[2021-04-21T09:37:12.974+0000][7][gc,heap      ] GC(45) Old regions: 16->17
[2021-04-21T09:37:12.974+0000][7][gc,heap      ] GC(45) Archive regions: 2->2
[2021-04-21T09:37:12.974+0000][7][gc,heap      ] GC(45) Humongous regions: 1->1
[2021-04-21T09:37:12.974+0000][7][gc,metaspace ] GC(45) Metaspace: 21522K(23040K)->21522K(23040K) NonClass: 18867K(19968K)->18867K(19968K) Class: 2655K(3072K)->2655K(3072K)
[2021-04-21T09:37:12.974+0000][7][gc           ] GC(45) Pause Young (Normal) (G1 Evacuation Pause) 44M->18M(66M) 8.946ms
[2021-04-21T09:37:12.974+0000][7][gc,cpu       ] GC(45) User=0.02s Sys=0.00s Real=0.01s
[2021-04-21T09:37:12.974+0000][7][safepoint    ] Safepoint "G1CollectForAllocation", Time since last: 72964005 ns, Reaching safepoint: 120958 ns, At safepoint: 9022890 ns, Total: 9143848 ns
[2021-04-21T09:37:13.026+0000][7][gc,start     ] GC(46) Pause Young (Concurrent Start) (G1 Evacuation Pause)
[2021-04-21T09:37:13.026+0000][7][gc,task      ] GC(46) Using 2 workers of 4 for evacuation
[2021-04-21T09:37:13.026+0000][7][gc,age       ] GC(46) Desired survivor size 2097152 bytes, new threshold 15 (max threshold 15)
[2021-04-21T09:37:13.028+0000][7][gc,age       ] GC(46) Age table with threshold 15 (max threshold 15)
[2021-04-21T09:37:13.028+0000][7][gc,age       ] GC(46) - age   1:       5432 bytes,       5432 total
[2021-04-21T09:37:13.028+0000][7][gc,age       ] GC(46) - age   2:     159968 bytes,     165400 total
[2021-04-21T09:37:13.028+0000][7][gc,age       ] GC(46) - age   3:      18624 bytes,     184024 total
[2021-04-21T09:37:13.028+0000][7][gc,age       ] GC(46) - age   4:      32592 bytes,     216616 total
[2021-04-21T09:37:13.028+0000][7][gc,phases    ] GC(46)   Pre Evacuate Collection Set: 0.1ms
[2021-04-21T09:37:13.028+0000][7][gc,phases    ] GC(46)   Merge Heap Roots: 0.2ms
[2021-04-21T09:37:13.028+0000][7][gc,phases    ] GC(46)   Evacuate Collection Set: 1.2ms
[2021-04-21T09:37:13.028+0000][7][gc,phases    ] GC(46)   Post Evacuate Collection Set: 0.3ms
[2021-04-21T09:37:13.028+0000][7][gc,phases    ] GC(46)   Other: 0.2ms
[2021-04-21T09:37:13.028+0000][7][gc,heap      ] GC(46) Eden regions: 25->0(26)
[2021-04-21T09:37:13.028+0000][7][gc,heap      ] GC(46) Survivor regions: 1->1(4)
[2021-04-21T09:37:13.028+0000][7][gc,heap      ] GC(46) Old regions: 17->17
[2021-04-21T09:37:13.028+0000][7][gc,heap      ] GC(46) Archive regions: 2->2
[2021-04-21T09:37:13.028+0000][7][gc,heap      ] GC(46) Humongous regions: 1->1
[2021-04-21T09:37:13.028+0000][7][gc,metaspace ] GC(46) Metaspace: 21522K(23040K)->21522K(23040K) NonClass: 18867K(19968K)->18867K(19968K) Class: 2655K(3072K)->2655K(3072K)
[2021-04-21T09:37:13.028+0000][7][gc           ] GC(46) Pause Young (Concurrent Start) (G1 Evacuation Pause) 43M->18M(66M) 2.009ms
[2021-04-21T09:37:13.028+0000][7][gc,cpu       ] GC(46) User=0.00s Sys=0.00s Real=0.01s
[2021-04-21T09:37:13.028+0000][7][gc           ] GC(47) Concurrent Cycle
[2021-04-21T09:37:13.028+0000][7][safepoint    ] Safepoint "G1CollectForAllocation", Time since last: 51947869 ns, Reaching safepoint: 43001 ns, At safepoint: 2077100 ns, Total: 2120101 ns
[2021-04-21T09:37:13.028+0000][7][gc,marking   ] GC(47) Concurrent Clear Claimed Marks
[2021-04-21T09:37:13.028+0000][7][gc,marking   ] GC(47) Concurrent Clear Claimed Marks 0.067ms
[2021-04-21T09:37:13.028+0000][7][gc,marking   ] GC(47) Concurrent Scan Root Regions
[2021-04-21T09:37:13.029+0000][7][gc,marking   ] GC(47) Concurrent Scan Root Regions 0.831ms
[2021-04-21T09:37:13.029+0000][7][gc,marking   ] GC(47) Concurrent Mark (10.006s)
[2021-04-21T09:37:13.029+0000][7][gc,marking   ] GC(47) Concurrent Mark From Roots
[2021-04-21T09:37:13.029+0000][7][gc,task      ] GC(47) Using 1 workers of 1 for marking
[2021-04-21T09:37:13.053+0000][7][gc,marking   ] GC(47) Concurrent Mark From Roots 24.053ms
[2021-04-21T09:37:13.054+0000][7][gc,marking   ] GC(47) Concurrent Preclean
[2021-04-21T09:37:13.055+0000][7][gc,marking   ] GC(47) Concurrent Preclean 1.044ms
[2021-04-21T09:37:13.055+0000][7][gc,marking   ] GC(47) Concurrent Mark (10.006s, 10.032s) 26.324ms
[2021-04-21T09:37:13.057+0000][7][gc,start     ] GC(47) Pause Remark
[2021-04-21T09:37:13.060+0000][7][gc           ] GC(47) Pause Remark 22M->22M(66M) 3.395ms
[2021-04-21T09:37:13.060+0000][7][gc,cpu       ] GC(47) User=0.00s Sys=0.00s Real=0.01s
[2021-04-21T09:37:13.060+0000][7][safepoint    ] Safepoint "G1Concurrent", Time since last: 27928513 ns, Reaching safepoint: 1004612 ns, At safepoint: 3479440 ns, Total: 4484052 ns
[2021-04-21T09:37:13.061+0000][7][gc,marking   ] GC(47) Concurrent Rebuild Remembered Sets
[2021-04-21T09:37:13.085+0000][7][gc,marking   ] GC(47) Concurrent Rebuild Remembered Sets 24.034ms
[2021-04-21T09:37:13.085+0000][7][gc,start     ] GC(47) Pause Cleanup
[2021-04-21T09:37:13.085+0000][7][gc           ] GC(47) Pause Cleanup 31M->31M(66M) 0.143ms
[2021-04-21T09:37:13.085+0000][7][gc,cpu       ] GC(47) User=0.00s Sys=0.00s Real=0.00s
[2021-04-21T09:37:13.085+0000][7][safepoint    ] Safepoint "G1Concurrent", Time since last: 24137253 ns, Reaching safepoint: 57233 ns, At safepoint: 295854 ns, Total: 353087 ns
[2021-04-21T09:37:13.085+0000][7][gc,marking   ] GC(47) Concurrent Cleanup for Next Mark
[2021-04-21T09:37:13.085+0000][7][gc,marking   ] GC(47) Concurrent Cleanup for Next Mark 0.173ms
[2021-04-21T09:37:13.085+0000][7][gc           ] GC(47) Concurrent Cycle 57.136ms
[2021-04-21T09:37:13.109+0000][7][gc,start     ] GC(48) Pause Young (Normal) (G1 Evacuation Pause)
[2021-04-21T09:37:13.109+0000][7][gc,task      ] GC(48) Using 2 workers of 4 for evacuation
[2021-04-21T09:37:13.109+0000][7][gc,age       ] GC(48) Desired survivor size 2097152 bytes, new threshold 15 (max threshold 15)
[2021-04-21T09:37:13.113+0000][7][gc,age       ] GC(48) Age table with threshold 15 (max threshold 15)
[2021-04-21T09:37:13.113+0000][7][gc,age       ] GC(48) - age   1:    1523696 bytes,    1523696 total
[2021-04-21T09:37:13.113+0000][7][gc,age       ] GC(48) - age   2:       2192 bytes,    1525888 total
[2021-04-21T09:37:13.113+0000][7][gc,age       ] GC(48) - age   3:     145808 bytes,    1671696 total
[2021-04-21T09:37:13.113+0000][7][gc,age       ] GC(48) - age   4:      18624 bytes,    1690320 total
[2021-04-21T09:37:13.113+0000][7][gc,age       ] GC(48) - age   5:      32592 bytes,    1722912 total
[2021-04-21T09:37:13.113+0000][7][gc,phases    ] GC(48)   Pre Evacuate Collection Set: 0.0ms
[2021-04-21T09:37:13.113+0000][7][gc,phases    ] GC(48)   Merge Heap Roots: 0.0ms
[2021-04-21T09:37:13.113+0000][7][gc,phases    ] GC(48)   Evacuate Collection Set: 3.3ms
[2021-04-21T09:37:13.113+0000][7][gc,phases    ] GC(48)   Post Evacuate Collection Set: 0.4ms
[2021-04-21T09:37:13.113+0000][7][gc,phases    ] GC(48)   Other: 0.3ms
[2021-04-21T09:37:13.113+0000][7][gc,heap      ] GC(48) Eden regions: 26->0(24)
[2021-04-21T09:37:13.113+0000][7][gc,heap      ] GC(48) Survivor regions: 1->2(4)
[2021-04-21T09:37:13.113+0000][7][gc,heap      ] GC(48) Old regions: 17->17
[2021-04-21T09:37:13.113+0000][7][gc,heap      ] GC(48) Archive regions: 2->2
[2021-04-21T09:37:13.113+0000][7][gc,heap      ] GC(48) Humongous regions: 1->1
[2021-04-21T09:37:13.113+0000][7][gc,metaspace ] GC(48) Metaspace: 21537K(23040K)->21537K(23040K) NonClass: 18880K(19968K)->18880K(19968K) Class: 2656K(3072K)->2656K(3072K)
[2021-04-21T09:37:13.113+0000][7][gc           ] GC(48) Pause Young (Normal) (G1 Evacuation Pause) 44M->19M(66M) 4.158ms
[2021-04-21T09:37:13.113+0000][7][gc,cpu       ] GC(48) User=0.01s Sys=0.00s Real=0.00s
[2021-04-21T09:37:13.113+0000][7][safepoint    ] Safepoint "G1CollectForAllocation", Time since last: 23870750 ns, Reaching safepoint: 46521 ns, At safepoint: 4233619 ns, Total: 4280140 ns
[2021-04-21T09:37:13.152+0000][7][gc,start     ] GC(49) Pause Young (Concurrent Start) (G1 Evacuation Pause)
[2021-04-21T09:37:13.153+0000][7][gc,task      ] GC(49) Using 2 workers of 4 for evacuation
[2021-04-21T09:37:13.153+0000][7][gc,age       ] GC(49) Desired survivor size 2097152 bytes, new threshold 15 (max threshold 15)
[2021-04-21T09:37:13.156+0000][7][gc,age       ] GC(49) Age table with threshold 15 (max threshold 15)
[2021-04-21T09:37:13.156+0000][7][gc,age       ] GC(49) - age   1:     686800 bytes,     686800 total
[2021-04-21T09:37:13.156+0000][7][gc,age       ] GC(49) - age   2:      70288 bytes,     757088 total
[2021-04-21T09:37:13.156+0000][7][gc,age       ] GC(49) - age   3:       2192 bytes,     759280 total
[2021-04-21T09:37:13.156+0000][7][gc,age       ] GC(49) - age   4:     145808 bytes,     905088 total
[2021-04-21T09:37:13.156+0000][7][gc,age       ] GC(49) - age   5:      18624 bytes,     923712 total
[2021-04-21T09:37:13.156+0000][7][gc,age       ] GC(49) - age   6:      32592 bytes,     956304 total
[2021-04-21T09:37:13.156+0000][7][gc,phases    ] GC(49)   Pre Evacuate Collection Set: 0.1ms
[2021-04-21T09:37:13.156+0000][7][gc,phases    ] GC(49)   Merge Heap Roots: 0.0ms
[2021-04-21T09:37:13.156+0000][7][gc,phases    ] GC(49)   Evacuate Collection Set: 2.0ms
[2021-04-21T09:37:13.156+0000][7][gc,phases    ] GC(49)   Post Evacuate Collection Set: 0.5ms
[2021-04-21T09:37:13.156+0000][7][gc,phases    ] GC(49)   Other: 1.4ms
[2021-04-21T09:37:13.156+0000][7][gc,heap      ] GC(49) Eden regions: 24->0(25)
[2021-04-21T09:37:13.156+0000][7][gc,heap      ] GC(49) Survivor regions: 2->2(4)
[2021-04-21T09:37:13.156+0000][7][gc,heap      ] GC(49) Old regions: 17->17
[2021-04-21T09:37:13.156+0000][7][gc,heap      ] GC(49) Archive regions: 2->2
[2021-04-21T09:37:13.156+0000][7][gc,heap      ] GC(49) Humongous regions: 1->1
[2021-04-21T09:37:13.156+0000][7][gc,metaspace ] GC(49) Metaspace: 21540K(23040K)->21540K(23040K) NonClass: 18882K(19968K)->18882K(19968K) Class: 2657K(3072K)->2657K(3072K)
[2021-04-21T09:37:13.156+0000][7][gc           ] GC(49) Pause Young (Concurrent Start) (G1 Evacuation Pause) 43M->19M(66M) 4.253ms
[2021-04-21T09:37:13.157+0000][7][gc,cpu       ] GC(49) User=0.01s Sys=0.00s Real=0.00s
[2021-04-21T09:37:13.157+0000][7][gc           ] GC(50) Concurrent Cycle
[2021-04-21T09:37:13.157+0000][7][safepoint    ] Safepoint "G1CollectForAllocation", Time since last: 38856386 ns, Reaching safepoint: 220971 ns, At safepoint: 4340956 ns, Total: 4561927 ns
[2021-04-21T09:37:13.157+0000][7][gc,marking   ] GC(50) Concurrent Clear Claimed Marks
[2021-04-21T09:37:13.157+0000][7][gc,marking   ] GC(50) Concurrent Clear Claimed Marks 0.085ms
[2021-04-21T09:37:13.157+0000][7][gc,marking   ] GC(50) Concurrent Scan Root Regions
[2021-04-21T09:37:13.158+0000][7][gc,marking   ] GC(50) Concurrent Scan Root Regions 1.012ms
[2021-04-21T09:37:13.158+0000][7][gc,marking   ] GC(50) Concurrent Mark (10.135s)
[2021-04-21T09:37:13.158+0000][7][gc,marking   ] GC(50) Concurrent Mark From Roots
[2021-04-21T09:37:13.158+0000][7][gc,task      ] GC(50) Using 1 workers of 1 for marking
[2021-04-21T09:37:13.206+0000][7][gc,marking   ] GC(50) Concurrent Mark From Roots 47.980ms
[2021-04-21T09:37:13.206+0000][7][gc,marking   ] GC(50) Concurrent Preclean
[2021-04-21T09:37:13.206+0000][7][gc,marking   ] GC(50) Concurrent Preclean 0.220ms
[2021-04-21T09:37:13.206+0000][7][gc,marking   ] GC(50) Concurrent Mark (10.135s, 10.183s) 48.286ms
[2021-04-21T09:37:13.208+0000][7][gc,start     ] GC(50) Pause Remark
[2021-04-21T09:37:13.216+0000][7][gc           ] GC(50) Pause Remark 31M->31M(66M) 7.394ms
[2021-04-21T09:37:13.216+0000][7][gc,cpu       ] GC(50) User=0.00s Sys=0.00s Real=0.00s
[2021-04-21T09:37:13.216+0000][7][safepoint    ] Safepoint "G1Concurrent", Time since last: 49480475 ns, Reaching safepoint: 2110767 ns, At safepoint: 7482323 ns, Total: 9593090 ns
[2021-04-21T09:37:13.216+0000][7][gc,marking   ] GC(50) Concurrent Rebuild Remembered Sets
[2021-04-21T09:37:13.254+0000][7][gc,marking   ] GC(50) Concurrent Rebuild Remembered Sets 38.421ms
[2021-04-21T09:37:13.256+0000][7][gc,start     ] GC(50) Pause Cleanup
[2021-04-21T09:37:13.257+0000][7][gc           ] GC(50) Pause Cleanup 40M->40M(66M) 1.260ms
[2021-04-21T09:37:13.257+0000][7][gc,cpu       ] GC(50) User=0.00s Sys=0.00s Real=0.00s
[2021-04-21T09:37:13.257+0000][7][safepoint    ] Safepoint "G1Concurrent", Time since last: 39588300 ns, Reaching safepoint: 379458 ns, At safepoint: 1699168 ns, Total: 2078626 ns
[2021-04-21T09:37:13.257+0000][7][gc,marking   ] GC(50) Concurrent Cleanup for Next Mark
[2021-04-21T09:37:13.257+0000][7][gc,marking   ] GC(50) Concurrent Cleanup for Next Mark 0.166ms
[2021-04-21T09:37:13.258+0000][7][gc           ] GC(50) Concurrent Cycle 100.970ms
[2021-04-21T09:37:13.261+0000][7][gc,start     ] GC(51) Pause Young (Normal) (G1 Evacuation Pause)
[2021-04-21T09:37:13.261+0000][7][gc,task      ] GC(51) Using 2 workers of 4 for evacuation
[2021-04-21T09:37:13.261+0000][7][gc,age       ] GC(51) Desired survivor size 2097152 bytes, new threshold 15 (max threshold 15)
[2021-04-21T09:37:13.264+0000][7][gc,age       ] GC(51) Age table with threshold 15 (max threshold 15)
[2021-04-21T09:37:13.264+0000][7][gc,age       ] GC(51) - age   1:     791560 bytes,     791560 total
[2021-04-21T09:37:13.264+0000][7][gc,age       ] GC(51) - age   2:      31352 bytes,     822912 total
[2021-04-21T09:37:13.264+0000][7][gc,age       ] GC(51) - age   3:      70288 bytes,     893200 total
[2021-04-21T09:37:13.264+0000][7][gc,age       ] GC(51) - age   4:       2192 bytes,     895392 total
[2021-04-21T09:37:13.264+0000][7][gc,age       ] GC(51) - age   5:     145672 bytes,    1041064 total
[2021-04-21T09:37:13.264+0000][7][gc,age       ] GC(51) - age   6:      18624 bytes,    1059688 total
[2021-04-21T09:37:13.264+0000][7][gc,age       ] GC(51) - age   7:      32592 bytes,    1092280 total
[2021-04-21T09:37:13.264+0000][7][gc,phases    ] GC(51)   Pre Evacuate Collection Set: 0.0ms
[2021-04-21T09:37:13.264+0000][7][gc,phases    ] GC(51)   Merge Heap Roots: 0.0ms
[2021-04-21T09:37:13.264+0000][7][gc,phases    ] GC(51)   Evacuate Collection Set: 2.0ms
[2021-04-21T09:37:13.264+0000][7][gc,phases    ] GC(51)   Post Evacuate Collection Set: 0.3ms
[2021-04-21T09:37:13.264+0000][7][gc,phases    ] GC(51)   Other: 0.2ms
[2021-04-21T09:37:13.264+0000][7][gc,heap      ] GC(51) Eden regions: 25->0(25)
[2021-04-21T09:37:13.264+0000][7][gc,heap      ] GC(51) Survivor regions: 2->2(4)
[2021-04-21T09:37:13.264+0000][7][gc,heap      ] GC(51) Old regions: 17->17
[2021-04-21T09:37:13.264+0000][7][gc,heap      ] GC(51) Archive regions: 2->2
[2021-04-21T09:37:13.264+0000][7][gc,heap      ] GC(51) Humongous regions: 1->1
[2021-04-21T09:37:13.264+0000][7][gc,metaspace ] GC(51) Metaspace: 21568K(23040K)->21568K(23040K) NonClass: 18905K(19968K)->18905K(19968K) Class: 2663K(3072K)->2663K(3072K)
[2021-04-21T09:37:13.264+0000][7][gc           ] GC(51) Pause Young (Normal) (G1 Evacuation Pause) 44M->19M(66M) 2.693ms
[2021-04-21T09:37:13.264+0000][7][gc,cpu       ] GC(51) User=0.01s Sys=0.00s Real=0.00s
[2021-04-21T09:37:13.264+0000][7][safepoint    ] Safepoint "G1CollectForAllocation", Time since last: 3964001 ns, Reaching safepoint: 104785 ns, At safepoint: 2757918 ns, Total: 2862703 ns
[2021-04-21T09:37:13.337+0000][7][gc,start     ] GC(52) Pause Young (Concurrent Start) (G1 Evacuation Pause)
[2021-04-21T09:37:13.337+0000][7][gc,task      ] GC(52) Using 2 workers of 4 for evacuation
[2021-04-21T09:37:13.337+0000][7][gc,age       ] GC(52) Desired survivor size 2097152 bytes, new threshold 15 (max threshold 15)
[2021-04-21T09:37:13.347+0000][7][gc,age       ] GC(52) Age table with threshold 15 (max threshold 15)
[2021-04-21T09:37:13.347+0000][7][gc,age       ] GC(52) - age   1:      31536 bytes,      31536 total
[2021-04-21T09:37:13.347+0000][7][gc,age       ] GC(52) - age   2:      57704 bytes,      89240 total
[2021-04-21T09:37:13.347+0000][7][gc,age       ] GC(52) - age   3:      31352 bytes,     120592 total
[2021-04-21T09:37:13.347+0000][7][gc,age       ] GC(52) - age   4:      70288 bytes,     190880 total
[2021-04-21T09:37:13.347+0000][7][gc,age       ] GC(52) - age   5:       2192 bytes,     193072 total
[2021-04-21T09:37:13.347+0000][7][gc,age       ] GC(52) - age   6:     145672 bytes,     338744 total
[2021-04-21T09:37:13.347+0000][7][gc,age       ] GC(52) - age   7:      18624 bytes,     357368 total
[2021-04-21T09:37:13.347+0000][7][gc,age       ] GC(52) - age   8:      32592 bytes,     389960 total
[2021-04-21T09:37:13.347+0000][7][gc,phases    ] GC(52)   Pre Evacuate Collection Set: 0.5ms
[2021-04-21T09:37:13.347+0000][7][gc,phases    ] GC(52)   Merge Heap Roots: 0.0ms
[2021-04-21T09:37:13.347+0000][7][gc,phases    ] GC(52)   Evacuate Collection Set: 9.2ms
[2021-04-21T09:37:13.347+0000][7][gc,phases    ] GC(52)   Post Evacuate Collection Set: 0.4ms
[2021-04-21T09:37:13.347+0000][7][gc,phases    ] GC(52)   Other: 0.3ms
[2021-04-21T09:37:13.347+0000][7][gc,heap      ] GC(52) Eden regions: 25->0(26)
[2021-04-21T09:37:13.347+0000][7][gc,heap      ] GC(52) Survivor regions: 2->1(4)
[2021-04-21T09:37:13.347+0000][7][gc,heap      ] GC(52) Old regions: 17->17
[2021-04-21T09:37:13.347+0000][7][gc,heap      ] GC(52) Archive regions: 2->2
[2021-04-21T09:37:13.347+0000][7][gc,heap      ] GC(52) Humongous regions: 1->1
[2021-04-21T09:37:13.347+0000][7][gc,metaspace ] GC(52) Metaspace: 21568K(23040K)->21568K(23040K) NonClass: 18905K(19968K)->18905K(19968K) Class: 2663K(3072K)->2663K(3072K)
[2021-04-21T09:37:13.348+0000][7][gc           ] GC(52) Pause Young (Concurrent Start) (G1 Evacuation Pause) 44M->18M(66M) 10.498ms
[2021-04-21T09:37:13.348+0000][7][gc,cpu       ] GC(52) User=0.01s Sys=0.00s Real=0.02s
[2021-04-21T09:37:13.348+0000][7][safepoint    ] Safepoint "G1CollectForAllocation", Time since last: 72686163 ns, Reaching safepoint: 193591 ns, At safepoint: 10576020 ns, Total: 10769611 ns
[2021-04-21T09:37:13.350+0000][7][gc           ] GC(53) Concurrent Cycle
[2021-04-21T09:37:13.350+0000][7][gc,marking   ] GC(53) Concurrent Clear Claimed Marks
[2021-04-21T09:37:13.351+0000][7][gc,marking   ] GC(53) Concurrent Clear Claimed Marks 0.085ms
[2021-04-21T09:37:13.351+0000][7][gc,marking   ] GC(53) Concurrent Scan Root Regions
[2021-04-21T09:37:13.351+0000][7][gc,marking   ] GC(53) Concurrent Scan Root Regions 0.689ms
[2021-04-21T09:37:13.351+0000][7][gc,marking   ] GC(53) Concurrent Mark (10.328s)
[2021-04-21T09:37:13.351+0000][7][gc,marking   ] GC(53) Concurrent Mark From Roots
[2021-04-21T09:37:13.351+0000][7][gc,task      ] GC(53) Using 1 workers of 1 for marking
[2021-04-21T09:37:13.420+0000][7][gc,marking   ] GC(53) Concurrent Mark From Roots 68.356ms
[2021-04-21T09:37:13.420+0000][7][gc,marking   ] GC(53) Concurrent Preclean
[2021-04-21T09:37:13.420+0000][7][gc,marking   ] GC(53) Concurrent Preclean 0.141ms
[2021-04-21T09:37:13.420+0000][7][gc,marking   ] GC(53) Concurrent Mark (10.328s, 10.397s) 68.576ms
[2021-04-21T09:37:13.421+0000][7][gc,start     ] GC(53) Pause Remark
[2021-04-21T09:37:13.431+0000][7][gc           ] GC(53) Pause Remark 20M->20M(66M) 10.269ms
[2021-04-21T09:37:13.431+0000][7][gc,cpu       ] GC(53) User=0.01s Sys=0.00s Real=0.01s
[2021-04-21T09:37:13.431+0000][7][safepoint    ] Safepoint "G1Concurrent", Time since last: 72341426 ns, Reaching safepoint: 858902 ns, At safepoint: 10386968 ns, Total: 11245870 ns
[2021-04-21T09:37:13.431+0000][7][gc,marking   ] GC(53) Concurrent Rebuild Remembered Sets
[2021-04-21T09:37:13.449+0000][7][gc,marking   ] GC(53) Concurrent Rebuild Remembered Sets 17.769ms
[2021-04-21T09:37:13.450+0000][7][gc,start     ] GC(53) Pause Cleanup
[2021-04-21T09:37:13.450+0000][7][gc           ] GC(53) Pause Cleanup 20M->20M(66M) 0.146ms
[2021-04-21T09:37:13.450+0000][7][gc,cpu       ] GC(53) User=0.00s Sys=0.00s Real=0.00s
[2021-04-21T09:37:13.450+0000][7][safepoint    ] Safepoint "G1Concurrent", Time since last: 17867677 ns, Reaching safepoint: 554367 ns, At safepoint: 195317 ns, Total: 749684 ns
[2021-04-21T09:37:13.450+0000][7][gc,marking   ] GC(53) Concurrent Cleanup for Next Mark
[2021-04-21T09:37:13.450+0000][7][gc,marking   ] GC(53) Concurrent Cleanup for Next Mark 0.162ms
[2021-04-21T09:37:13.450+0000][7][gc           ] GC(53) Concurrent Cycle 99.620ms
[2021-04-21T09:37:13.823+0000][7][gc,start     ] GC(54) Pause Young (Normal) (G1 Evacuation Pause)
[2021-04-21T09:37:13.823+0000][7][gc,task      ] GC(54) Using 2 workers of 4 for evacuation
[2021-04-21T09:37:13.823+0000][7][gc,age       ] GC(54) Desired survivor size 2097152 bytes, new threshold 15 (max threshold 15)
[2021-04-21T09:37:13.829+0000][7][gc,age       ] GC(54) Age table with threshold 15 (max threshold 15)
[2021-04-21T09:37:13.829+0000][7][gc,age       ] GC(54) - age   1:    1349680 bytes,    1349680 total
[2021-04-21T09:37:13.829+0000][7][gc,age       ] GC(54) - age   2:      29032 bytes,    1378712 total
[2021-04-21T09:37:13.829+0000][7][gc,age       ] GC(54) - age   3:      44720 bytes,    1423432 total
[2021-04-21T09:37:13.829+0000][7][gc,age       ] GC(54) - age   4:      31352 bytes,    1454784 total
[2021-04-21T09:37:13.829+0000][7][gc,age       ] GC(54) - age   5:      70288 bytes,    1525072 total
[2021-04-21T09:37:13.829+0000][7][gc,age       ] GC(54) - age   6:       2192 bytes,    1527264 total
[2021-04-21T09:37:13.829+0000][7][gc,age       ] GC(54) - age   7:     145608 bytes,    1672872 total
[2021-04-21T09:37:13.829+0000][7][gc,age       ] GC(54) - age   8:      18560 bytes,    1691432 total
[2021-04-21T09:37:13.829+0000][7][gc,age       ] GC(54) - age   9:      32592 bytes,    1724024 total
[2021-04-21T09:37:13.833+0000][7][gc,phases    ] GC(54)   Pre Evacuate Collection Set: 0.0ms
[2021-04-21T09:37:13.833+0000][7][gc,phases    ] GC(54)   Merge Heap Roots: 0.2ms
[2021-04-21T09:37:13.833+0000][7][gc,phases    ] GC(54)   Evacuate Collection Set: 4.7ms
[2021-04-21T09:37:13.833+0000][7][gc,phases    ] GC(54)   Post Evacuate Collection Set: 4.3ms
[2021-04-21T09:37:13.833+0000][7][gc,phases    ] GC(54)   Other: 0.5ms
[2021-04-21T09:37:13.833+0000][7][gc,heap      ] GC(54) Eden regions: 26->0(31)
[2021-04-21T09:37:13.833+0000][7][gc,heap      ] GC(54) Survivor regions: 1->2(4)
[2021-04-21T09:37:13.833+0000][7][gc,heap      ] GC(54) Old regions: 17->17
[2021-04-21T09:37:13.833+0000][7][gc,heap      ] GC(54) Archive regions: 2->2
[2021-04-21T09:37:13.833+0000][7][gc,heap      ] GC(54) Humongous regions: 1->1
[2021-04-21T09:37:13.833+0000][7][gc,metaspace ] GC(54) Metaspace: 24860K(27136K)->24860K(27136K) NonClass: 21765K(23296K)->21765K(23296K) Class: 3095K(3840K)->3095K(3840K)
[2021-04-21T09:37:13.833+0000][7][gc           ] GC(54) Pause Young (Normal) (G1 Evacuation Pause) 44M->19M(75M) 9.784ms
[2021-04-21T09:37:13.833+0000][7][gc,cpu       ] GC(54) User=0.01s Sys=0.01s Real=0.01s
[2021-04-21T09:37:13.833+0000][7][safepoint    ] Safepoint "G1CollectForAllocation", Time since last: 372838275 ns, Reaching safepoint: 373877 ns, At safepoint: 9873963 ns, Total: 10247840 ns
[2021-04-21T09:37:14.709+0000][7][gc,start     ] GC(55) Pause Young (Normal) (G1 Evacuation Pause)
[2021-04-21T09:37:14.709+0000][7][gc,task      ] GC(55) Using 2 workers of 4 for evacuation
[2021-04-21T09:37:14.709+0000][7][gc,age       ] GC(55) Desired survivor size 2621440 bytes, new threshold 15 (max threshold 15)
[2021-04-21T09:37:14.729+0000][7][gc,age       ] GC(55) Age table with threshold 15 (max threshold 15)
[2021-04-21T09:37:14.729+0000][7][gc,age       ] GC(55) - age   1:    3710808 bytes,    3710808 total
[2021-04-21T09:37:14.729+0000][7][gc,age       ] GC(55) - age   2:    1163456 bytes,    4874264 total
[2021-04-21T09:37:14.729+0000][7][gc,age       ] GC(55) - age   3:      27664 bytes,    4901928 total
[2021-04-21T09:37:14.729+0000][7][gc,age       ] GC(55) - age   4:      42688 bytes,    4944616 total
[2021-04-21T09:37:14.729+0000][7][gc,age       ] GC(55) - age   5:      30328 bytes,    4974944 total
[2021-04-21T09:37:14.729+0000][7][gc,age       ] GC(55) - age   6:      69568 bytes,    5044512 total
[2021-04-21T09:37:14.729+0000][7][gc,age       ] GC(55) - age   7:       2128 bytes,    5046640 total
[2021-04-21T09:37:14.729+0000][7][gc,age       ] GC(55) - age   8:     142456 bytes,    5189096 total
[2021-04-21T09:37:14.729+0000][7][gc,age       ] GC(55) - age   9:      16752 bytes,    5205848 total
[2021-04-21T09:37:14.729+0000][7][gc,age       ] GC(55) - age  10:      32528 bytes,    5238376 total
[2021-04-21T09:37:14.729+0000][7][gc,phases    ] GC(55)   Pre Evacuate Collection Set: 0.0ms
[2021-04-21T09:37:14.729+0000][7][gc,phases    ] GC(55)   Merge Heap Roots: 0.2ms
[2021-04-21T09:37:14.729+0000][7][gc,phases    ] GC(55)   Evacuate Collection Set: 15.2ms
[2021-04-21T09:37:14.729+0000][7][gc,phases    ] GC(55)   Post Evacuate Collection Set: 4.2ms
[2021-04-21T09:37:14.729+0000][7][gc,phases    ] GC(55)   Other: 0.3ms
[2021-04-21T09:37:14.729+0000][7][gc,heap      ] GC(55) Eden regions: 31->0(22)
[2021-04-21T09:37:14.729+0000][7][gc,heap      ] GC(55) Survivor regions: 2->5(5)
[2021-04-21T09:37:14.729+0000][7][gc,heap      ] GC(55) Old regions: 17->19
[2021-04-21T09:37:14.729+0000][7][gc,heap      ] GC(55) Archive regions: 2->2
[2021-04-21T09:37:14.729+0000][7][gc,heap      ] GC(55) Humongous regions: 1->1
[2021-04-21T09:37:14.729+0000][7][gc,metaspace ] GC(55) Metaspace: 28395K(30720K)->28395K(30720K) NonClass: 24785K(26368K)->24785K(26368K) Class: 3610K(4352K)->3610K(4352K)
[2021-04-21T09:37:14.729+0000][7][gc           ] GC(55) Pause Young (Normal) (G1 Evacuation Pause) 50M->24M(75M) 20.051ms
[2021-04-21T09:37:14.729+0000][7][gc,cpu       ] GC(55) User=0.03s Sys=0.00s Real=0.02s
[2021-04-21T09:37:14.729+0000][7][safepoint    ] Safepoint "G1CollectForAllocation", Time since last: 875728741 ns, Reaching safepoint: 380479 ns, At safepoint: 20129824 ns, Total: 20510303 ns
[2021-04-21T09:37:15.105+0000][7][gc,start     ] GC(56) Pause Young (Normal) (G1 Evacuation Pause)
[2021-04-21T09:37:15.105+0000][7][gc,task      ] GC(56) Using 2 workers of 4 for evacuation
[2021-04-21T09:37:15.105+0000][7][gc,age       ] GC(56) Desired survivor size 2097152 bytes, new threshold 1 (max threshold 15)
[2021-04-21T09:37:15.130+0000][7][gc,age       ] GC(56) Age table with threshold 1 (max threshold 15)
[2021-04-21T09:37:15.130+0000][7][gc,age       ] GC(56) - age   1:    3261536 bytes,    3261536 total
[2021-04-21T09:37:15.130+0000][7][gc,phases    ] GC(56)   Pre Evacuate Collection Set: 0.0ms
[2021-04-21T09:37:15.130+0000][7][gc,phases    ] GC(56)   Merge Heap Roots: 0.1ms
[2021-04-21T09:37:15.130+0000][7][gc,phases    ] GC(56)   Evacuate Collection Set: 23.9ms
[2021-04-21T09:37:15.130+0000][7][gc,phases    ] GC(56)   Post Evacuate Collection Set: 1.0ms
[2021-04-21T09:37:15.130+0000][7][gc,phases    ] GC(56)   Other: 0.2ms
[2021-04-21T09:37:15.130+0000][7][gc,heap      ] GC(56) Eden regions: 22->0(17)
[2021-04-21T09:37:15.130+0000][7][gc,heap      ] GC(56) Survivor regions: 5->4(4)
[2021-04-21T09:37:15.130+0000][7][gc,heap      ] GC(56) Old regions: 19->24
[2021-04-21T09:37:15.130+0000][7][gc,heap      ] GC(56) Archive regions: 2->2
[2021-04-21T09:37:15.130+0000][7][gc,heap      ] GC(56) Humongous regions: 1->1
[2021-04-21T09:37:15.130+0000][7][gc,metaspace ] GC(56) Metaspace: 28539K(30848K)->28539K(30848K) NonClass: 24911K(26368K)->24911K(26368K) Class: 3628K(4480K)->3628K(4480K)
[2021-04-21T09:37:15.130+0000][7][gc           ] GC(56) Pause Young (Normal) (G1 Evacuation Pause) 46M->28M(75M) 25.418ms
[2021-04-21T09:37:15.130+0000][7][gc,cpu       ] GC(56) User=0.04s Sys=0.00s Real=0.03s
[2021-04-21T09:37:15.130+0000][7][safepoint    ] Safepoint "G1CollectForAllocation", Time since last: 375383911 ns, Reaching safepoint: 193201 ns, At safepoint: 25496636 ns, Total: 25689837 ns
[2021-04-21T09:37:15.435+0000][7][gc,start     ] GC(57) Pause Young (Concurrent Start) (G1 Evacuation Pause)
[2021-04-21T09:37:15.435+0000][7][gc,task      ] GC(57) Using 2 workers of 4 for evacuation
[2021-04-21T09:37:15.435+0000][7][gc,age       ] GC(57) Desired survivor size 1572864 bytes, new threshold 1 (max threshold 15)
[2021-04-21T09:37:15.444+0000][7][gc,age       ] GC(57) Age table with threshold 1 (max threshold 15)
[2021-04-21T09:37:15.444+0000][7][gc,age       ] GC(57) - age   1:    2069768 bytes,    2069768 total
[2021-04-21T09:37:15.444+0000][7][gc,phases    ] GC(57)   Pre Evacuate Collection Set: 0.1ms
[2021-04-21T09:37:15.444+0000][7][gc,phases    ] GC(57)   Merge Heap Roots: 0.0ms
[2021-04-21T09:37:15.444+0000][7][gc,phases    ] GC(57)   Evacuate Collection Set: 7.6ms
[2021-04-21T09:37:15.444+0000][7][gc,phases    ] GC(57)   Post Evacuate Collection Set: 0.3ms
[2021-04-21T09:37:15.444+0000][7][gc,phases    ] GC(57)   Other: 0.2ms
[2021-04-21T09:37:15.444+0000][7][gc,heap      ] GC(57) Eden regions: 17->0(17)
[2021-04-21T09:37:15.444+0000][7][gc,heap      ] GC(57) Survivor regions: 4->2(3)
[2021-04-21T09:37:15.444+0000][7][gc,heap      ] GC(57) Old regions: 24->27
[2021-04-21T09:37:15.444+0000][7][gc,heap      ] GC(57) Archive regions: 2->2
[2021-04-21T09:37:15.444+0000][7][gc,heap      ] GC(57) Humongous regions: 1->1
[2021-04-21T09:37:15.444+0000][7][gc,metaspace ] GC(57) Metaspace: 28546K(30848K)->28546K(30848K) NonClass: 24918K(26368K)->24918K(26368K) Class: 3628K(4480K)->3628K(4480K)
[2021-04-21T09:37:15.444+0000][7][gc           ] GC(57) Pause Young (Concurrent Start) (G1 Evacuation Pause) 45M->30M(75M) 8.470ms
[2021-04-21T09:37:15.444+0000][7][gc,cpu       ] GC(57) User=0.01s Sys=0.00s Real=0.01s
[2021-04-21T09:37:15.444+0000][7][safepoint    ] Safepoint "G1CollectForAllocation", Time since last: 296552439 ns, Reaching safepoint: 8570100 ns, At safepoint: 8559292 ns, Total: 17129392 ns
[2021-04-21T09:37:15.444+0000][7][gc           ] GC(58) Concurrent Cycle
[2021-04-21T09:37:15.444+0000][7][gc,marking   ] GC(58) Concurrent Clear Claimed Marks
[2021-04-21T09:37:15.444+0000][7][gc,marking   ] GC(58) Concurrent Clear Claimed Marks 0.106ms
[2021-04-21T09:37:15.444+0000][7][gc,marking   ] GC(58) Concurrent Scan Root Regions
[2021-04-21T09:37:15.458+0000][7][gc,marking   ] GC(58) Concurrent Scan Root Regions 14.350ms
[2021-04-21T09:37:15.458+0000][7][gc,marking   ] GC(58) Concurrent Mark (12.435s)
[2021-04-21T09:37:15.458+0000][7][gc,marking   ] GC(58) Concurrent Mark From Roots
[2021-04-21T09:37:15.458+0000][7][gc,task      ] GC(58) Using 1 workers of 1 for marking
[2021-04-21T09:37:15.636+0000][7][gc,marking   ] GC(58) Concurrent Mark From Roots 177.484ms
[2021-04-21T09:37:15.636+0000][7][gc,marking   ] GC(58) Concurrent Preclean
[2021-04-21T09:37:15.636+0000][7][gc,marking   ] GC(58) Concurrent Preclean 0.240ms
[2021-04-21T09:37:15.636+0000][7][gc,marking   ] GC(58) Concurrent Mark (12.435s, 12.613s) 177.807ms
[2021-04-21T09:37:15.643+0000][7][gc,start     ] GC(58) Pause Remark
[2021-04-21T09:37:15.647+0000][7][gc           ] GC(58) Pause Remark 42M->42M(75M) 4.134ms
[2021-04-21T09:37:15.647+0000][7][gc,cpu       ] GC(58) User=0.01s Sys=0.00s Real=0.01s
[2021-04-21T09:37:15.647+0000][7][safepoint    ] Safepoint "G1Concurrent", Time since last: 192407524 ns, Reaching safepoint: 6949812 ns, At safepoint: 4228502 ns, Total: 11178314 ns
[2021-04-21T09:37:15.647+0000][7][gc,marking   ] GC(58) Concurrent Rebuild Remembered Sets
[2021-04-21T09:37:15.720+0000][7][gc,marking   ] GC(58) Concurrent Rebuild Remembered Sets 72.107ms
[2021-04-21T09:37:15.722+0000][7][gc,start     ] GC(58) Pause Cleanup
[2021-04-21T09:37:15.723+0000][7][gc           ] GC(58) Pause Cleanup 46M->46M(75M) 1.135ms
[2021-04-21T09:37:15.724+0000][7][gc,cpu       ] GC(58) User=0.01s Sys=0.00s Real=0.00s
[2021-04-21T09:37:15.725+0000][7][safepoint    ] Safepoint "G1Concurrent", Time since last: 73540839 ns, Reaching safepoint: 1044903 ns, At safepoint: 2755888 ns, Total: 3800791 ns
[2021-04-21T09:37:15.733+0000][7][gc,marking   ] GC(58) Concurrent Cleanup for Next Mark
[2021-04-21T09:37:15.734+0000][7][gc,marking   ] GC(58) Concurrent Cleanup for Next Mark 0.233ms
[2021-04-21T09:37:15.734+0000][7][gc           ] GC(58) Concurrent Cycle 289.674ms
[2021-04-21T09:37:15.746+0000][7][gc,start     ] GC(59) Pause Young (Normal) (G1 Evacuation Pause)
[2021-04-21T09:37:15.747+0000][7][gc,task      ] GC(59) Using 2 workers of 4 for evacuation
[2021-04-21T09:37:15.748+0000][7][gc,age       ] GC(59) Desired survivor size 1572864 bytes, new threshold 1 (max threshold 15)
[2021-04-21T09:37:15.758+0000][7][gc,age       ] GC(59) Age table with threshold 1 (max threshold 15)
[2021-04-21T09:37:15.759+0000][7][gc,age       ] GC(59) - age   1:    3073848 bytes,    3073848 total
[2021-04-21T09:37:15.760+0000][7][gc,phases    ] GC(59)   Pre Evacuate Collection Set: 0.0ms
[2021-04-21T09:37:15.761+0000][7][gc,phases    ] GC(59)   Merge Heap Roots: 0.0ms
[2021-04-21T09:37:15.762+0000][7][gc,phases    ] GC(59)   Evacuate Collection Set: 7.6ms
[2021-04-21T09:37:15.763+0000][7][gc,phases    ] GC(59)   Post Evacuate Collection Set: 2.0ms
[2021-04-21T09:37:15.764+0000][7][gc,phases    ] GC(59)   Other: 5.0ms
[2021-04-21T09:37:15.765+0000][7][gc,heap      ] GC(59) Eden regions: 17->0(13)
[2021-04-21T09:37:15.765+0000][7][gc,heap      ] GC(59) Survivor regions: 2->3(3)
[2021-04-21T09:37:15.766+0000][7][gc,heap      ] GC(59) Old regions: 27->30
[2021-04-21T09:37:15.767+0000][7][gc,heap      ] GC(59) Archive regions: 2->2
[2021-04-21T09:37:15.767+0000][7][gc,heap      ] GC(59) Humongous regions: 1->1
[2021-04-21T09:37:15.767+0000][7][gc,metaspace ] GC(59) Metaspace: 28583K(30848K)->28583K(30848K) NonClass: 24951K(26368K)->24951K(26368K) Class: 3632K(4480K)->3632K(4480K)
[2021-04-21T09:37:15.767+0000][7][gc           ] GC(59) Pause Young (Normal) (G1 Evacuation Pause) 47M->34M(75M) 21.541ms
[2021-04-21T09:37:15.767+0000][7][gc,cpu       ] GC(59) User=0.04s Sys=0.00s Real=0.03s
[2021-04-21T09:37:15.767+0000][7][safepoint    ] Safepoint "G1CollectForAllocation", Time since last: 20666765 ns, Reaching safepoint: 130563 ns, At safepoint: 21734780 ns, Total: 21865343 ns
[2021-04-21T09:37:15.937+0000][7][gc,start     ] GC(60) Pause Young (Concurrent Start) (G1 Evacuation Pause)
[2021-04-21T09:37:15.938+0000][7][gc,task      ] GC(60) Using 2 workers of 4 for evacuation
[2021-04-21T09:37:15.939+0000][7][gc,age       ] GC(60) Desired survivor size 1048576 bytes, new threshold 1 (max threshold 15)
[2021-04-21T09:37:15.967+0000][7][gc,age       ] GC(60) Age table with threshold 1 (max threshold 15)
[2021-04-21T09:37:15.969+0000][7][gc,age       ] GC(60) - age   1:    2096512 bytes,    2096512 total
[2021-04-21T09:37:15.969+0000][7][gc,phases    ] GC(60)   Pre Evacuate Collection Set: 0.3ms
[2021-04-21T09:37:15.970+0000][7][gc,phases    ] GC(60)   Merge Heap Roots: 0.0ms
[2021-04-21T09:37:15.971+0000][7][gc,phases    ] GC(60)   Evacuate Collection Set: 18.2ms
[2021-04-21T09:37:15.972+0000][7][gc,phases    ] GC(60)   Post Evacuate Collection Set: 8.1ms
[2021-04-21T09:37:15.973+0000][7][gc,phases    ] GC(60)   Other: 5.9ms
[2021-04-21T09:37:15.974+0000][7][gc,heap      ] GC(60) Eden regions: 13->0(11)
[2021-04-21T09:37:15.975+0000][7][gc,heap      ] GC(60) Survivor regions: 3->2(2)
[2021-04-21T09:37:15.975+0000][7][gc,heap      ] GC(60) Old regions: 30->33
[2021-04-21T09:37:15.975+0000][7][gc,heap      ] GC(60) Archive regions: 2->2
[2021-04-21T09:37:15.975+0000][7][gc,heap      ] GC(60) Humongous regions: 1->1
[2021-04-21T09:37:15.975+0000][7][gc,metaspace ] GC(60) Metaspace: 28588K(30848K)->28588K(30848K) NonClass: 24954K(26368K)->24954K(26368K) Class: 3634K(4480K)->3634K(4480K)
[2021-04-21T09:37:15.975+0000][7][gc           ] GC(60) Pause Young (Concurrent Start) (G1 Evacuation Pause) 47M->36M(75M) 38.510ms
[2021-04-21T09:37:15.975+0000][7][gc,cpu       ] GC(60) User=0.05s Sys=0.00s Real=0.04s
[2021-04-21T09:37:15.975+0000][7][gc           ] GC(61) Concurrent Cycle
[2021-04-21T09:37:15.975+0000][7][gc,marking   ] GC(61) Concurrent Clear Claimed Marks
[2021-04-21T09:37:15.976+0000][7][gc,marking   ] GC(61) Concurrent Clear Claimed Marks 0.105ms
[2021-04-21T09:37:15.976+0000][7][gc,marking   ] GC(61) Concurrent Scan Root Regions
[2021-04-21T09:37:15.975+0000][7][safepoint    ] Safepoint "G1CollectForAllocation", Time since last: 169349832 ns, Reaching safepoint: 133849 ns, At safepoint: 38598759 ns, Total: 38732608 ns
[2021-04-21T09:37:15.982+0000][7][gc,marking   ] GC(61) Concurrent Scan Root Regions 6.566ms
[2021-04-21T09:37:15.982+0000][7][gc,marking   ] GC(61) Concurrent Mark (12.959s)
[2021-04-21T09:37:15.982+0000][7][gc,marking   ] GC(61) Concurrent Mark From Roots
[2021-04-21T09:37:15.982+0000][7][gc,task      ] GC(61) Using 1 workers of 1 for marking
[2021-04-21T09:37:16.104+0000][7][gc,marking   ] GC(61) Concurrent Mark From Roots 122.290ms
[2021-04-21T09:37:16.105+0000][7][gc,marking   ] GC(61) Concurrent Preclean
[2021-04-21T09:37:16.105+0000][7][gc,marking   ] GC(61) Concurrent Preclean 0.142ms
[2021-04-21T09:37:16.105+0000][7][gc,marking   ] GC(61) Concurrent Mark (12.959s, 13.082s) 122.510ms
[2021-04-21T09:37:16.107+0000][7][gc,start     ] GC(61) Pause Remark
[2021-04-21T09:37:16.114+0000][7][gc           ] GC(61) Pause Remark 45M->45M(79M) 7.713ms
[2021-04-21T09:37:16.115+0000][7][gc,cpu       ] GC(61) User=0.01s Sys=0.01s Real=0.00s
[2021-04-21T09:37:16.116+0000][7][safepoint    ] Safepoint "G1Concurrent", Time since last: 130673643 ns, Reaching safepoint: 479195 ns, At safepoint: 9475839 ns, Total: 9955034 ns
[2021-04-21T09:37:16.117+0000][7][gc,marking   ] GC(61) Concurrent Rebuild Remembered Sets
[2021-04-21T09:37:16.173+0000][7][gc,start     ] GC(62) Pause Young (Normal) (G1 Evacuation Pause)
[2021-04-21T09:37:16.173+0000][7][gc,task      ] GC(62) Using 2 workers of 4 for evacuation
[2021-04-21T09:37:16.173+0000][7][gc,age       ] GC(62) Desired survivor size 1048576 bytes, new threshold 1 (max threshold 15)
[2021-04-21T09:37:16.179+0000][7][gc,age       ] GC(62) Age table with threshold 1 (max threshold 15)
[2021-04-21T09:37:16.179+0000][7][gc,age       ] GC(62) - age   1:    1623008 bytes,    1623008 total
[2021-04-21T09:37:16.179+0000][7][gc,phases    ] GC(62)   Pre Evacuate Collection Set: 0.0ms
[2021-04-21T09:37:16.179+0000][7][gc,phases    ] GC(62)   Merge Heap Roots: 0.0ms
[2021-04-21T09:37:16.179+0000][7][gc,phases    ] GC(62)   Evacuate Collection Set: 5.5ms
[2021-04-21T09:37:16.179+0000][7][gc,phases    ] GC(62)   Post Evacuate Collection Set: 0.4ms
[2021-04-21T09:37:16.180+0000][7][gc,phases    ] GC(62)   Other: 0.2ms
[2021-04-21T09:37:16.180+0000][7][gc,heap      ] GC(62) Eden regions: 11->0(12)
[2021-04-21T09:37:16.180+0000][7][gc,heap      ] GC(62) Survivor regions: 2->2(2)
[2021-04-21T09:37:16.180+0000][7][gc,heap      ] GC(62) Old regions: 33->35
[2021-04-21T09:37:16.180+0000][7][gc,heap      ] GC(62) Archive regions: 2->2
[2021-04-21T09:37:16.180+0000][7][gc,heap      ] GC(62) Humongous regions: 1->1
[2021-04-21T09:37:16.180+0000][7][gc,metaspace ] GC(62) Metaspace: 28607K(30848K)->28607K(30848K) NonClass: 24972K(26368K)->24972K(26368K) Class: 3635K(4480K)->3635K(4480K)
[2021-04-21T09:37:16.180+0000][7][gc           ] GC(62) Pause Young (Normal) (G1 Evacuation Pause) 47M->38M(79M) 6.315ms
[2021-04-21T09:37:16.180+0000][7][gc,cpu       ] GC(62) User=0.02s Sys=0.00s Real=0.01s
[2021-04-21T09:37:16.180+0000][7][safepoint    ] Safepoint "G1CollectForAllocation", Time since last: 50434894 ns, Reaching safepoint: 6794800 ns, At safepoint: 6392378 ns, Total: 13187178 ns
[2021-04-21T09:37:16.231+0000][7][gc,marking   ] GC(61) Concurrent Rebuild Remembered Sets 114.341ms
[2021-04-21T09:37:16.235+0000][7][gc,start     ] GC(61) Pause Cleanup
[2021-04-21T09:37:16.235+0000][7][gc           ] GC(61) Pause Cleanup 40M->40M(79M) 0.499ms
[2021-04-21T09:37:16.235+0000][7][gc,cpu       ] GC(61) User=0.00s Sys=0.00s Real=0.00s
[2021-04-21T09:37:16.235+0000][7][safepoint    ] Safepoint "G1Concurrent", Time since last: 51566690 ns, Reaching safepoint: 3590221 ns, At safepoint: 582252 ns, Total: 4172473 ns
[2021-04-21T09:37:16.235+0000][7][gc,marking   ] GC(61) Concurrent Cleanup for Next Mark
[2021-04-21T09:37:16.236+0000][7][gc,marking   ] GC(61) Concurrent Cleanup for Next Mark 0.225ms
[2021-04-21T09:37:16.236+0000][7][gc           ] GC(61) Concurrent Cycle 260.303ms
[2021-04-21T09:37:16.336+0000][7][gc,start     ] GC(63) Pause Young (Normal) (G1 Evacuation Pause)
[2021-04-21T09:37:16.337+0000][7][gc,task      ] GC(63) Using 2 workers of 4 for evacuation
[2021-04-21T09:37:16.337+0000][7][gc,age       ] GC(63) Desired survivor size 1048576 bytes, new threshold 1 (max threshold 15)
[2021-04-21T09:37:16.355+0000][7][gc,age       ] GC(63) Age table with threshold 1 (max threshold 15)
[2021-04-21T09:37:16.355+0000][7][gc,age       ] GC(63) - age   1:    1873216 bytes,    1873216 total
[2021-04-21T09:37:16.355+0000][7][gc,phases    ] GC(63)   Pre Evacuate Collection Set: 0.0ms
[2021-04-21T09:37:16.355+0000][7][gc,phases    ] GC(63)   Merge Heap Roots: 0.1ms
[2021-04-21T09:37:16.355+0000][7][gc,phases    ] GC(63)   Evacuate Collection Set: 16.9ms
[2021-04-21T09:37:16.355+0000][7][gc,phases    ] GC(63)   Post Evacuate Collection Set: 0.4ms
[2021-04-21T09:37:16.355+0000][7][gc,phases    ] GC(63)   Other: 1.7ms
[2021-04-21T09:37:16.355+0000][7][gc,heap      ] GC(63) Eden regions: 12->0(11)
[2021-04-21T09:37:16.355+0000][7][gc,heap      ] GC(63) Survivor regions: 2->2(2)
[2021-04-21T09:37:16.355+0000][7][gc,heap      ] GC(63) Old regions: 35->36
[2021-04-21T09:37:16.355+0000][7][gc,heap      ] GC(63) Archive regions: 2->2
[2021-04-21T09:37:16.355+0000][7][gc,heap      ] GC(63) Humongous regions: 1->1
[2021-04-21T09:37:16.355+0000][7][gc,metaspace ] GC(63) Metaspace: 28617K(30848K)->28617K(30848K) NonClass: 24976K(26368K)->24976K(26368K) Class: 3640K(4480K)->3640K(4480K)
[2021-04-21T09:37:16.355+0000][7][gc           ] GC(63) Pause Young (Normal) (G1 Evacuation Pause) 50M->39M(79M) 19.266ms
[2021-04-21T09:37:16.355+0000][7][gc,cpu       ] GC(63) User=0.04s Sys=0.00s Real=0.02s
[2021-04-21T09:37:16.355+0000][7][safepoint    ] Safepoint "G1CollectForAllocation", Time since last: 100095678 ns, Reaching safepoint: 252153 ns, At safepoint: 19459788 ns, Total: 19711941 ns
[2021-04-21T09:37:16.546+0000][7][gc,start     ] GC(64) Pause Young (Concurrent Start) (G1 Evacuation Pause)
[2021-04-21T09:37:16.546+0000][7][gc,task      ] GC(64) Using 2 workers of 4 for evacuation
[2021-04-21T09:37:16.546+0000][7][gc,age       ] GC(64) Desired survivor size 1048576 bytes, new threshold 1 (max threshold 15)
[2021-04-21T09:37:16.553+0000][7][gc,age       ] GC(64) Age table with threshold 1 (max threshold 15)
[2021-04-21T09:37:16.553+0000][7][gc,age       ] GC(64) - age   1:    1980464 bytes,    1980464 total
[2021-04-21T09:37:16.553+0000][7][gc,phases    ] GC(64)   Pre Evacuate Collection Set: 0.7ms
[2021-04-21T09:37:16.553+0000][7][gc,phases    ] GC(64)   Merge Heap Roots: 0.2ms
[2021-04-21T09:37:16.553+0000][7][gc,phases    ] GC(64)   Evacuate Collection Set: 5.3ms
[2021-04-21T09:37:16.553+0000][7][gc,phases    ] GC(64)   Post Evacuate Collection Set: 0.4ms
[2021-04-21T09:37:16.553+0000][7][gc,phases    ] GC(64)   Other: 0.2ms
[2021-04-21T09:37:16.553+0000][7][gc,heap      ] GC(64) Eden regions: 11->0(10)
[2021-04-21T09:37:16.553+0000][7][gc,heap      ] GC(64) Survivor regions: 2->2(2)
[2021-04-21T09:37:16.553+0000][7][gc,heap      ] GC(64) Old regions: 36->38
[2021-04-21T09:37:16.553+0000][7][gc,heap      ] GC(64) Archive regions: 2->2
[2021-04-21T09:37:16.553+0000][7][gc,heap      ] GC(64) Humongous regions: 1->1
[2021-04-21T09:37:16.553+0000][7][gc,metaspace ] GC(64) Metaspace: 28739K(31104K)->28739K(31104K) NonClass: 25075K(26624K)->25075K(26624K) Class: 3664K(4480K)->3664K(4480K)
[2021-04-21T09:37:16.553+0000][7][gc           ] GC(64) Pause Young (Concurrent Start) (G1 Evacuation Pause) 50M->41M(79M) 6.929ms
[2021-04-21T09:37:16.553+0000][7][gc,cpu       ] GC(64) User=0.01s Sys=0.00s Real=0.01s
[2021-04-21T09:37:16.553+0000][7][gc           ] GC(65) Concurrent Cycle
[2021-04-21T09:37:16.553+0000][7][safepoint    ] Safepoint "G1CollectForAllocation", Time since last: 190793501 ns, Reaching safepoint: 57072 ns, At safepoint: 7003195 ns, Total: 7060267 ns
[2021-04-21T09:37:16.553+0000][7][gc,marking   ] GC(65) Concurrent Clear Claimed Marks
[2021-04-21T09:37:16.553+0000][7][gc,marking   ] GC(65) Concurrent Clear Claimed Marks 0.113ms
[2021-04-21T09:37:16.553+0000][7][gc,marking   ] GC(65) Concurrent Scan Root Regions
[2021-04-21T09:37:16.559+0000][7][gc,marking   ] GC(65) Concurrent Scan Root Regions 5.478ms
[2021-04-21T09:37:16.559+0000][7][gc,marking   ] GC(65) Concurrent Mark (13.536s)
[2021-04-21T09:37:16.559+0000][7][gc,marking   ] GC(65) Concurrent Mark From Roots
[2021-04-21T09:37:16.559+0000][7][gc,task      ] GC(65) Using 1 workers of 1 for marking
[2021-04-21T09:37:16.643+0000][7][gc,start     ] GC(66) Pause Young (Normal) (G1 Evacuation Pause)
[2021-04-21T09:37:16.644+0000][7][gc,task      ] GC(66) Using 2 workers of 4 for evacuation
[2021-04-21T09:37:16.644+0000][7][gc,age       ] GC(66) Desired survivor size 1048576 bytes, new threshold 1 (max threshold 15)
[2021-04-21T09:37:16.649+0000][7][gc,age       ] GC(66) Age table with threshold 1 (max threshold 15)
[2021-04-21T09:37:16.650+0000][7][gc,age       ] GC(66) - age   1:    1568360 bytes,    1568360 total
[2021-04-21T09:37:16.651+0000][7][gc,phases    ] GC(66)   Pre Evacuate Collection Set: 0.0ms
[2021-04-21T09:37:16.651+0000][7][gc,phases    ] GC(66)   Merge Heap Roots: 0.0ms
[2021-04-21T09:37:16.652+0000][7][gc,phases    ] GC(66)   Evacuate Collection Set: 4.3ms
[2021-04-21T09:37:16.652+0000][7][gc,phases    ] GC(66)   Post Evacuate Collection Set: 0.3ms
[2021-04-21T09:37:16.653+0000][7][gc,phases    ] GC(66)   Other: 3.4ms
[2021-04-21T09:37:16.653+0000][7][gc,heap      ] GC(66) Eden regions: 10->0(9)
[2021-04-21T09:37:16.653+0000][7][gc,heap      ] GC(66) Survivor regions: 2->2(2)
[2021-04-21T09:37:16.654+0000][7][gc,heap      ] GC(66) Old regions: 38->39
[2021-04-21T09:37:16.654+0000][7][gc,heap      ] GC(66) Archive regions: 2->2
[2021-04-21T09:37:16.655+0000][7][gc,heap      ] GC(66) Humongous regions: 1->1
[2021-04-21T09:37:16.655+0000][7][gc,metaspace ] GC(66) Metaspace: 28739K(31104K)->28739K(31104K) NonClass: 25075K(26624K)->25075K(26624K) Class: 3664K(4480K)->3664K(4480K)
[2021-04-21T09:37:16.656+0000][7][gc           ] GC(66) Pause Young (Normal) (G1 Evacuation Pause) 51M->42M(79M) 12.745ms
[2021-04-21T09:37:16.656+0000][7][gc,cpu       ] GC(66) User=0.02s Sys=0.00s Real=0.01s
[2021-04-21T09:37:16.656+0000][7][safepoint    ] Safepoint "G1CollectForAllocation", Time since last: 89655378 ns, Reaching safepoint: 81139 ns, At safepoint: 13693477 ns, Total: 13774616 ns
[2021-04-21T09:37:16.735+0000][7][gc,start     ] GC(67) Pause Young (Normal) (G1 Evacuation Pause)
[2021-04-21T09:37:16.736+0000][7][gc,task      ] GC(67) Using 2 workers of 4 for evacuation
[2021-04-21T09:37:16.736+0000][7][gc,age       ] GC(67) Desired survivor size 1048576 bytes, new threshold 1 (max threshold 15)
[2021-04-21T09:37:16.745+0000][7][gc,age       ] GC(67) Age table with threshold 1 (max threshold 15)
[2021-04-21T09:37:16.745+0000][7][gc,age       ] GC(67) - age   1:    2028136 bytes,    2028136 total
[2021-04-21T09:37:16.745+0000][7][gc,phases    ] GC(67)   Pre Evacuate Collection Set: 0.0ms
[2021-04-21T09:37:16.746+0000][7][gc,phases    ] GC(67)   Merge Heap Roots: 0.0ms
[2021-04-21T09:37:16.747+0000][7][gc,phases    ] GC(67)   Evacuate Collection Set: 6.9ms
[2021-04-21T09:37:16.748+0000][7][gc,phases    ] GC(67)   Post Evacuate Collection Set: 0.6ms
[2021-04-21T09:37:16.748+0000][7][gc,phases    ] GC(67)   Other: 2.5ms
[2021-04-21T09:37:16.748+0000][7][gc,heap      ] GC(67) Eden regions: 9->0(7)
[2021-04-21T09:37:16.749+0000][7][gc,heap      ] GC(67) Survivor regions: 2->2(2)
[2021-04-21T09:37:16.749+0000][7][gc,heap      ] GC(67) Old regions: 39->41
[2021-04-21T09:37:16.749+0000][7][gc,heap      ] GC(67) Archive regions: 2->2
[2021-04-21T09:37:16.749+0000][7][gc,heap      ] GC(67) Humongous regions: 1->1
[2021-04-21T09:37:16.749+0000][7][gc,metaspace ] GC(67) Metaspace: 28742K(31104K)->28742K(31104K) NonClass: 25077K(26624K)->25077K(26624K) Class: 3664K(4480K)->3664K(4480K)
[2021-04-21T09:37:16.749+0000][7][gc           ] GC(67) Pause Young (Normal) (G1 Evacuation Pause) 51M->44M(79M) 13.811ms
[2021-04-21T09:37:16.749+0000][7][gc,cpu       ] GC(67) User=0.02s Sys=0.00s Real=0.02s
[2021-04-21T09:37:16.749+0000][7][safepoint    ] Safepoint "G1CollectForAllocation", Time since last: 78625912 ns, Reaching safepoint: 76541 ns, At safepoint: 13901438 ns, Total: 13977979 ns
[2021-04-21T09:37:16.755+0000][7][gc,marking   ] GC(65) Concurrent Mark From Roots 196.579ms
[2021-04-21T09:37:16.755+0000][7][gc,marking   ] GC(65) Concurrent Preclean
[2021-04-21T09:37:16.756+0000][7][gc,marking   ] GC(65) Concurrent Preclean 0.254ms
[2021-04-21T09:37:16.756+0000][7][gc,marking   ] GC(65) Concurrent Mark (13.536s, 13.733s) 196.934ms
[2021-04-21T09:37:16.757+0000][7][gc,start     ] GC(65) Pause Remark
[2021-04-21T09:37:16.768+0000][7][gc           ] GC(65) Pause Remark 44M->44M(79M) 11.094ms
[2021-04-21T09:37:16.769+0000][7][gc,cpu       ] GC(65) User=0.02s Sys=0.00s Real=0.02s
[2021-04-21T09:37:16.769+0000][7][safepoint    ] Safepoint "G1Concurrent", Time since last: 7169667 ns, Reaching safepoint: 532951 ns, At safepoint: 12580603 ns, Total: 13113554 ns
[2021-04-21T09:37:16.770+0000][7][gc,marking   ] GC(65) Concurrent Rebuild Remembered Sets
[2021-04-21T09:37:16.875+0000][7][gc,start     ] GC(68) Pause Young (Normal) (G1 Evacuation Pause)
[2021-04-21T09:37:16.876+0000][7][gc,task      ] GC(68) Using 2 workers of 4 for evacuation
[2021-04-21T09:37:16.876+0000][7][gc,age       ] GC(68) Desired survivor size 1048576 bytes, new threshold 1 (max threshold 15)
[2021-04-21T09:37:16.882+0000][7][gc,age       ] GC(68) Age table with threshold 1 (max threshold 15)
[2021-04-21T09:37:16.882+0000][7][gc,age       ] GC(68) - age   1:    1112064 bytes,    1112064 total
[2021-04-21T09:37:16.883+0000][7][gc,phases    ] GC(68)   Pre Evacuate Collection Set: 0.1ms
[2021-04-21T09:37:16.883+0000][7][gc,phases    ] GC(68)   Merge Heap Roots: 0.0ms
[2021-04-21T09:37:16.884+0000][7][gc,phases    ] GC(68)   Evacuate Collection Set: 4.3ms
[2021-04-21T09:37:16.884+0000][7][gc,phases    ] GC(68)   Post Evacuate Collection Set: 0.4ms
[2021-04-21T09:37:16.884+0000][7][gc,phases    ] GC(68)   Other: 2.9ms
[2021-04-21T09:37:16.885+0000][7][gc,heap      ] GC(68) Eden regions: 7->0(7)
[2021-04-21T09:37:16.885+0000][7][gc,heap      ] GC(68) Survivor regions: 2->2(2)
[2021-04-21T09:37:16.886+0000][7][gc,heap      ] GC(68) Old regions: 41->42
[2021-04-21T09:37:16.886+0000][7][gc,heap      ] GC(68) Archive regions: 2->2
[2021-04-21T09:37:16.886+0000][7][gc,heap      ] GC(68) Humongous regions: 1->1
[2021-04-21T09:37:16.886+0000][7][gc,metaspace ] GC(68) Metaspace: 28742K(31104K)->28742K(31104K) NonClass: 25077K(26624K)->25077K(26624K) Class: 3664K(4480K)->3664K(4480K)
[2021-04-21T09:37:16.886+0000][7][gc           ] GC(68) Pause Young (Normal) (G1 Evacuation Pause) 51M->44M(79M) 10.853ms
[2021-04-21T09:37:16.886+0000][7][gc,cpu       ] GC(68) User=0.01s Sys=0.00s Real=0.01s
[2021-04-21T09:37:16.886+0000][7][safepoint    ] Safepoint "G1CollectForAllocation", Time since last: 94107101 ns, Reaching safepoint: 11503160 ns, At safepoint: 10955653 ns, Total: 22458813 ns
[2021-04-21T09:37:16.911+0000][7][gc,marking   ] GC(65) Concurrent Rebuild Remembered Sets 141.044ms
[2021-04-21T09:37:16.911+0000][7][gc,start     ] GC(65) Pause Cleanup
[2021-04-21T09:37:16.911+0000][7][gc           ] GC(65) Pause Cleanup 46M->46M(79M) 0.118ms
[2021-04-21T09:37:16.911+0000][7][gc,cpu       ] GC(65) User=0.00s Sys=0.00s Real=0.00s
[2021-04-21T09:37:16.911+0000][7][safepoint    ] Safepoint "G1Concurrent", Time since last: 25091991 ns, Reaching safepoint: 114725 ns, At safepoint: 163752 ns, Total: 278477 ns
[2021-04-21T09:37:16.911+0000][7][gc,marking   ] GC(65) Concurrent Cleanup for Next Mark
[2021-04-21T09:37:16.915+0000][7][gc,marking   ] GC(65) Concurrent Cleanup for Next Mark 3.186ms
[2021-04-21T09:37:16.915+0000][7][gc           ] GC(65) Concurrent Cycle 361.536ms
[2021-04-21T09:37:16.958+0000][7][gc,start     ] GC(69) Pause Young (Normal) (G1 Evacuation Pause)
[2021-04-21T09:37:16.958+0000][7][gc,task      ] GC(69) Using 2 workers of 4 for evacuation
[2021-04-21T09:37:16.958+0000][7][gc,age       ] GC(69) Desired survivor size 1048576 bytes, new threshold 1 (max threshold 15)
[2021-04-21T09:37:16.964+0000][7][gc,age       ] GC(69) Age table with threshold 1 (max threshold 15)
[2021-04-21T09:37:16.965+0000][7][gc,age       ] GC(69) - age   1:    1036776 bytes,    1036776 total
[2021-04-21T09:37:16.965+0000][7][gc,phases    ] GC(69)   Pre Evacuate Collection Set: 0.0ms
[2021-04-21T09:37:16.965+0000][7][gc,phases    ] GC(69)   Merge Heap Roots: 0.1ms
[2021-04-21T09:37:16.965+0000][7][gc,phases    ] GC(69)   Evacuate Collection Set: 5.8ms
[2021-04-21T09:37:16.965+0000][7][gc,phases    ] GC(69)   Post Evacuate Collection Set: 0.4ms
[2021-04-21T09:37:16.965+0000][7][gc,phases    ] GC(69)   Other: 0.8ms
[2021-04-21T09:37:16.965+0000][7][gc,heap      ] GC(69) Eden regions: 7->0(6)
[2021-04-21T09:37:16.965+0000][7][gc,heap      ] GC(69) Survivor regions: 2->2(2)
[2021-04-21T09:37:16.965+0000][7][gc,heap      ] GC(69) Old regions: 42->43
[2021-04-21T09:37:16.965+0000][7][gc,heap      ] GC(69) Archive regions: 2->2
[2021-04-21T09:37:16.965+0000][7][gc,heap      ] GC(69) Humongous regions: 1->1
[2021-04-21T09:37:16.965+0000][7][gc,metaspace ] GC(69) Metaspace: 28742K(31104K)->28742K(31104K) NonClass: 25077K(26624K)->25077K(26624K) Class: 3664K(4480K)->3664K(4480K)
[2021-04-21T09:37:16.965+0000][7][gc           ] GC(69) Pause Young (Normal) (G1 Evacuation Pause) 51M->45M(79M) 7.206ms
[2021-04-21T09:37:16.965+0000][7][gc,cpu       ] GC(69) User=0.01s Sys=0.00s Real=0.01s
[2021-04-21T09:37:16.965+0000][7][safepoint    ] Safepoint "G1CollectForAllocation", Time since last: 46384549 ns, Reaching safepoint: 255126 ns, At safepoint: 7294885 ns, Total: 7550011 ns
[2021-04-21T09:37:17.025+0000][7][gc,start     ] GC(70) Pause Young (Concurrent Start) (G1 Evacuation Pause)
[2021-04-21T09:37:17.025+0000][7][gc,task      ] GC(70) Using 2 workers of 4 for evacuation
[2021-04-21T09:37:17.025+0000][7][gc,age       ] GC(70) Desired survivor size 524288 bytes, new threshold 1 (max threshold 15)
[2021-04-21T09:37:17.037+0000][7][gc,age       ] GC(70) Age table with threshold 1 (max threshold 15)
[2021-04-21T09:37:17.037+0000][7][gc,age       ] GC(70) - age   1:    1025928 bytes,    1025928 total
[2021-04-21T09:37:17.037+0000][7][gc,phases    ] GC(70)   Pre Evacuate Collection Set: 0.9ms
[2021-04-21T09:37:17.037+0000][7][gc,phases    ] GC(70)   Merge Heap Roots: 0.4ms
[2021-04-21T09:37:17.037+0000][7][gc,phases    ] GC(70)   Evacuate Collection Set: 10.8ms
[2021-04-21T09:37:17.037+0000][7][gc,phases    ] GC(70)   Post Evacuate Collection Set: 0.4ms
[2021-04-21T09:37:17.037+0000][7][gc,phases    ] GC(70)   Other: 0.2ms
[2021-04-21T09:37:17.037+0000][7][gc,heap      ] GC(70) Eden regions: 6->0(7)
[2021-04-21T09:37:17.037+0000][7][gc,heap      ] GC(70) Survivor regions: 2->1(1)
[2021-04-21T09:37:17.037+0000][7][gc,heap      ] GC(70) Old regions: 43->44
[2021-04-21T09:37:17.037+0000][7][gc,heap      ] GC(70) Archive regions: 2->2
[2021-04-21T09:37:17.037+0000][7][gc,heap      ] GC(70) Humongous regions: 1->1
[2021-04-21T09:37:17.038+0000][7][gc,metaspace ] GC(70) Metaspace: 28742K(31104K)->28742K(31104K) NonClass: 25077K(26624K)->25077K(26624K) Class: 3664K(4480K)->3664K(4480K)
[2021-04-21T09:37:17.038+0000][7][gc           ] GC(70) Pause Young (Concurrent Start) (G1 Evacuation Pause) 51M->46M(79M) 12.823ms
[2021-04-21T09:37:17.038+0000][7][gc,cpu       ] GC(70) User=0.02s Sys=0.00s Real=0.01s
[2021-04-21T09:37:17.038+0000][7][safepoint    ] Safepoint "G1CollectForAllocation", Time since last: 57499911 ns, Reaching safepoint: 1942446 ns, At safepoint: 12911034 ns, Total: 14853480 ns
[2021-04-21T09:37:17.038+0000][7][gc           ] GC(71) Concurrent Cycle
[2021-04-21T09:37:17.038+0000][7][gc,marking   ] GC(71) Concurrent Clear Claimed Marks
[2021-04-21T09:37:17.038+0000][7][gc,marking   ] GC(71) Concurrent Clear Claimed Marks 0.100ms
[2021-04-21T09:37:17.038+0000][7][gc,marking   ] GC(71) Concurrent Scan Root Regions
[2021-04-21T09:37:17.048+0000][7][gc,marking   ] GC(71) Concurrent Scan Root Regions 9.948ms
[2021-04-21T09:37:17.048+0000][7][gc,marking   ] GC(71) Concurrent Mark (14.025s)
[2021-04-21T09:37:17.048+0000][7][gc,marking   ] GC(71) Concurrent Mark From Roots
[2021-04-21T09:37:17.048+0000][7][gc,task      ] GC(71) Using 1 workers of 1 for marking
[2021-04-21T09:37:17.163+0000][7][gc,start     ] GC(72) Pause Young (Normal) (G1 Evacuation Pause)
[2021-04-21T09:37:17.163+0000][7][gc,task      ] GC(72) Using 2 workers of 4 for evacuation
[2021-04-21T09:37:17.163+0000][7][gc,age       ] GC(72) Desired survivor size 524288 bytes, new threshold 1 (max threshold 15)
[2021-04-21T09:37:17.170+0000][7][gc,age       ] GC(72) Age table with threshold 1 (max threshold 15)
[2021-04-21T09:37:17.170+0000][7][gc,age       ] GC(72) - age   1:     973872 bytes,     973872 total
[2021-04-21T09:37:17.170+0000][7][gc,phases    ] GC(72)   Pre Evacuate Collection Set: 0.0ms
[2021-04-21T09:37:17.170+0000][7][gc,phases    ] GC(72)   Merge Heap Roots: 0.5ms
[2021-04-21T09:37:17.170+0000][7][gc,phases    ] GC(72)   Evacuate Collection Set: 6.3ms
[2021-04-21T09:37:17.170+0000][7][gc,phases    ] GC(72)   Post Evacuate Collection Set: 0.4ms
[2021-04-21T09:37:17.170+0000][7][gc,phases    ] GC(72)   Other: 0.2ms
[2021-04-21T09:37:17.170+0000][7][gc,heap      ] GC(72) Eden regions: 7->0(6)
[2021-04-21T09:37:17.170+0000][7][gc,heap      ] GC(72) Survivor regions: 1->1(1)
[2021-04-21T09:37:17.170+0000][7][gc,heap      ] GC(72) Old regions: 44->45
[2021-04-21T09:37:17.170+0000][7][gc,heap      ] GC(72) Archive regions: 2->2
[2021-04-21T09:37:17.170+0000][7][gc,heap      ] GC(72) Humongous regions: 1->1
[2021-04-21T09:37:17.170+0000][7][gc,metaspace ] GC(72) Metaspace: 28748K(31104K)->28748K(31104K) NonClass: 25084K(26624K)->25084K(26624K) Class: 3664K(4480K)->3664K(4480K)
[2021-04-21T09:37:17.170+0000][7][gc           ] GC(72) Pause Young (Normal) (G1 Evacuation Pause) 53M->47M(79M) 7.547ms
[2021-04-21T09:37:17.170+0000][7][gc,cpu       ] GC(72) User=0.01s Sys=0.00s Real=0.01s
[2021-04-21T09:37:17.170+0000][7][safepoint    ] Safepoint "G1CollectForAllocation", Time since last: 125101361 ns, Reaching safepoint: 73583 ns, At safepoint: 7625438 ns, Total: 7699021 ns
[2021-04-21T09:37:17.220+0000][7][gc,marking   ] GC(71) Concurrent Mark From Roots 172.598ms
[2021-04-21T09:37:17.220+0000][7][gc,marking   ] GC(71) Concurrent Preclean
[2021-04-21T09:37:17.221+0000][7][gc,marking   ] GC(71) Concurrent Preclean 0.150ms
[2021-04-21T09:37:17.221+0000][7][gc,marking   ] GC(71) Concurrent Mark (14.025s, 14.198s) 172.837ms
[2021-04-21T09:37:17.221+0000][7][gc,start     ] GC(71) Pause Remark
[2021-04-21T09:37:17.235+0000][7][gc           ] GC(71) Pause Remark 49M->49M(87M) 13.734ms
[2021-04-21T09:37:17.235+0000][7][gc,cpu       ] GC(71) User=0.01s Sys=0.01s Real=0.01s
[2021-04-21T09:37:17.235+0000][7][safepoint    ] Safepoint "G1Concurrent", Time since last: 50233816 ns, Reaching safepoint: 178992 ns, At safepoint: 13816805 ns, Total: 13995797 ns
[2021-04-21T09:37:17.235+0000][7][gc,marking   ] GC(71) Concurrent Rebuild Remembered Sets
[2021-04-21T09:37:17.293+0000][7][gc,start     ] GC(73) Pause Young (Normal) (G1 Evacuation Pause)
[2021-04-21T09:37:17.293+0000][7][gc,task      ] GC(73) Using 2 workers of 4 for evacuation
[2021-04-21T09:37:17.293+0000][7][gc,age       ] GC(73) Desired survivor size 524288 bytes, new threshold 1 (max threshold 15)
[2021-04-21T09:37:17.299+0000][7][gc,age       ] GC(73) Age table with threshold 1 (max threshold 15)
[2021-04-21T09:37:17.299+0000][7][gc,age       ] GC(73) - age   1:    1048136 bytes,    1048136 total
[2021-04-21T09:37:17.299+0000][7][gc,phases    ] GC(73)   Pre Evacuate Collection Set: 1.1ms
[2021-04-21T09:37:17.299+0000][7][gc,phases    ] GC(73)   Merge Heap Roots: 0.0ms
[2021-04-21T09:37:17.299+0000][7][gc,phases    ] GC(73)   Evacuate Collection Set: 4.0ms
[2021-04-21T09:37:17.299+0000][7][gc,phases    ] GC(73)   Post Evacuate Collection Set: 0.3ms
[2021-04-21T09:37:17.299+0000][7][gc,phases    ] GC(73)   Other: 0.2ms
[2021-04-21T09:37:17.299+0000][7][gc,heap      ] GC(73) Eden regions: 6->0(10)
[2021-04-21T09:37:17.299+0000][7][gc,heap      ] GC(73) Survivor regions: 1->1(1)
[2021-04-21T09:37:17.299+0000][7][gc,heap      ] GC(73) Old regions: 45->46
[2021-04-21T09:37:17.299+0000][7][gc,heap      ] GC(73) Archive regions: 2->2
[2021-04-21T09:37:17.299+0000][7][gc,heap      ] GC(73) Humongous regions: 1->1
[2021-04-21T09:37:17.299+0000][7][gc,metaspace ] GC(73) Metaspace: 28749K(31104K)->28749K(31104K) NonClass: 25084K(26624K)->25084K(26624K) Class: 3664K(4480K)->3664K(4480K)
[2021-04-21T09:37:17.299+0000][7][gc           ] GC(73) Pause Young (Normal) (G1 Evacuation Pause) 53M->48M(87M) 5.861ms
[2021-04-21T09:37:17.299+0000][7][gc,cpu       ] GC(73) User=0.01s Sys=0.00s Real=0.01s
[2021-04-21T09:37:17.299+0000][7][safepoint    ] Safepoint "G1CollectForAllocation", Time since last: 58420826 ns, Reaching safepoint: 217876 ns, At safepoint: 6059728 ns, Total: 6277604 ns
[2021-04-21T09:37:17.328+0000][7][gc,marking   ] GC(71) Concurrent Rebuild Remembered Sets 93.557ms
[2021-04-21T09:37:17.329+0000][7][gc,start     ] GC(71) Pause Cleanup
[2021-04-21T09:37:17.329+0000][7][gc           ] GC(71) Pause Cleanup 50M->50M(87M) 0.135ms
[2021-04-21T09:37:17.329+0000][7][gc,cpu       ] GC(71) User=0.00s Sys=0.00s Real=0.00s
[2021-04-21T09:37:17.329+0000][7][safepoint    ] Safepoint "G1Concurrent", Time since last: 29582609 ns, Reaching safepoint: 109891 ns, At safepoint: 179971 ns, Total: 289862 ns
[2021-04-21T09:37:17.329+0000][7][gc,marking   ] GC(71) Concurrent Cleanup for Next Mark
[2021-04-21T09:37:17.329+0000][7][gc,marking   ] GC(71) Concurrent Cleanup for Next Mark 0.187ms
[2021-04-21T09:37:17.329+0000][7][gc           ] GC(71) Concurrent Cycle 291.844ms
[2021-04-21T09:37:17.389+0000][7][gc,start     ] GC(74) Pause Young (Prepare Mixed) (G1 Evacuation Pause)
[2021-04-21T09:37:17.390+0000][7][gc,task      ] GC(74) Using 2 workers of 4 for evacuation
[2021-04-21T09:37:17.390+0000][7][gc,age       ] GC(74) Desired survivor size 1048576 bytes, new threshold 15 (max threshold 15)
[2021-04-21T09:37:17.401+0000][7][gc,age       ] GC(74) Age table with threshold 15 (max threshold 15)
[2021-04-21T09:37:17.402+0000][7][gc,age       ] GC(74) - age   1:    1803704 bytes,    1803704 total
[2021-04-21T09:37:17.402+0000][7][gc,age       ] GC(74) - age   2:     292336 bytes,    2096040 total
[2021-04-21T09:37:17.403+0000][7][gc,phases    ] GC(74)   Pre Evacuate Collection Set: 0.0ms
[2021-04-21T09:37:17.403+0000][7][gc,phases    ] GC(74)   Merge Heap Roots: 0.0ms
[2021-04-21T09:37:17.403+0000][7][gc,phases    ] GC(74)   Evacuate Collection Set: 8.9ms
[2021-04-21T09:37:17.403+0000][7][gc,phases    ] GC(74)   Post Evacuate Collection Set: 1.1ms
[2021-04-21T09:37:17.403+0000][7][gc,phases    ] GC(74)   Other: 3.9ms
[2021-04-21T09:37:17.403+0000][7][gc,heap      ] GC(74) Eden regions: 10->0(2)
[2021-04-21T09:37:17.403+0000][7][gc,heap      ] GC(74) Survivor regions: 1->2(2)
[2021-04-21T09:37:17.403+0000][7][gc,heap      ] GC(74) Old regions: 46->47
[2021-04-21T09:37:17.403+0000][7][gc,heap      ] GC(74) Archive regions: 2->2
[2021-04-21T09:37:17.403+0000][7][gc,heap      ] GC(74) Humongous regions: 1->1
[2021-04-21T09:37:17.403+0000][7][gc,metaspace ] GC(74) Metaspace: 28749K(31104K)->28749K(31104K) NonClass: 25084K(26624K)->25084K(26624K) Class: 3664K(4480K)->3664K(4480K)
[2021-04-21T09:37:17.403+0000][7][gc           ] GC(74) Pause Young (Prepare Mixed) (G1 Evacuation Pause) 58M->50M(87M) 14.148ms
[2021-04-21T09:37:17.403+0000][7][gc,cpu       ] GC(74) User=0.03s Sys=0.00s Real=0.01s
[2021-04-21T09:37:17.403+0000][7][safepoint    ] Safepoint "G1CollectForAllocation", Time since last: 59691554 ns, Reaching safepoint: 127633 ns, At safepoint: 14224636 ns, Total: 14352269 ns
[2021-04-21T09:37:17.435+0000][7][gc,start     ] GC(75) Pause Young (Mixed) (G1 Evacuation Pause)
[2021-04-21T09:37:17.435+0000][7][gc,task      ] GC(75) Using 2 workers of 4 for evacuation
[2021-04-21T09:37:17.435+0000][7][gc,age       ] GC(75) Desired survivor size 524288 bytes, new threshold 1 (max threshold 15)
[2021-04-21T09:37:17.453+0000][7][gc,age       ] GC(75) Age table with threshold 1 (max threshold 15)
[2021-04-21T09:37:17.453+0000][7][gc,age       ] GC(75) - age   1:     756496 bytes,     756496 total
[2021-04-21T09:37:17.453+0000][7][gc,phases    ] GC(75)   Pre Evacuate Collection Set: 0.0ms
[2021-04-21T09:37:17.453+0000][7][gc,phases    ] GC(75)   Merge Heap Roots: 0.1ms
[2021-04-21T09:37:17.453+0000][7][gc,phases    ] GC(75)   Evacuate Collection Set: 17.7ms
[2021-04-21T09:37:17.453+0000][7][gc,phases    ] GC(75)   Post Evacuate Collection Set: 0.4ms
[2021-04-21T09:37:17.453+0000][7][gc,phases    ] GC(75)   Other: 0.3ms
[2021-04-21T09:37:17.453+0000][7][gc,heap      ] GC(75) Eden regions: 2->0(10)
[2021-04-21T09:37:17.453+0000][7][gc,heap      ] GC(75) Survivor regions: 2->1(1)
[2021-04-21T09:37:17.453+0000][7][gc,heap      ] GC(75) Old regions: 47->45
[2021-04-21T09:37:17.453+0000][7][gc,heap      ] GC(75) Archive regions: 2->2
[2021-04-21T09:37:17.453+0000][7][gc,heap      ] GC(75) Humongous regions: 1->1
[2021-04-21T09:37:17.453+0000][7][gc,metaspace ] GC(75) Metaspace: 28972K(31360K)->28972K(31360K) NonClass: 25281K(26880K)->25281K(26880K) Class: 3690K(4480K)->3690K(4480K)
[2021-04-21T09:37:17.453+0000][7][gc           ] GC(75) Pause Young (Mixed) (G1 Evacuation Pause) 52M->46M(87M) 18.638ms
[2021-04-21T09:37:17.453+0000][7][gc,cpu       ] GC(75) User=0.03s Sys=0.00s Real=0.02s
[2021-04-21T09:37:17.453+0000][7][safepoint    ] Safepoint "G1CollectForAllocation", Time since last: 31115536 ns, Reaching safepoint: 135069 ns, At safepoint: 18719250 ns, Total: 18854319 ns
[2021-04-21T09:37:17.607+0000][7][gc,start     ] GC(76) Pause Young (Concurrent Start) (G1 Evacuation Pause)
[2021-04-21T09:37:17.607+0000][7][gc,task      ] GC(76) Using 2 workers of 4 for evacuation
[2021-04-21T09:37:17.607+0000][7][gc,age       ] GC(76) Desired survivor size 1048576 bytes, new threshold 15 (max threshold 15)
[2021-04-21T09:37:17.612+0000][7][gc,age       ] GC(76) Age table with threshold 15 (max threshold 15)
[2021-04-21T09:37:17.612+0000][7][gc,age       ] GC(76) - age   1:     319112 bytes,     319112 total
[2021-04-21T09:37:17.612+0000][7][gc,age       ] GC(76) - age   2:     748840 bytes,    1067952 total
[2021-04-21T09:37:17.612+0000][7][gc,phases    ] GC(76)   Pre Evacuate Collection Set: 0.2ms
[2021-04-21T09:37:17.612+0000][7][gc,phases    ] GC(76)   Merge Heap Roots: 0.0ms
[2021-04-21T09:37:17.612+0000][7][gc,phases    ] GC(76)   Evacuate Collection Set: 3.5ms
[2021-04-21T09:37:17.612+0000][7][gc,phases    ] GC(76)   Post Evacuate Collection Set: 0.7ms
[2021-04-21T09:37:17.612+0000][7][gc,phases    ] GC(76)   Other: 0.2ms
[2021-04-21T09:37:17.612+0000][7][gc,heap      ] GC(76) Eden regions: 10->0(10)
[2021-04-21T09:37:17.612+0000][7][gc,heap      ] GC(76) Survivor regions: 1->2(2)
[2021-04-21T09:37:17.612+0000][7][gc,heap      ] GC(76) Old regions: 45->45
[2021-04-21T09:37:17.612+0000][7][gc,heap      ] GC(76) Archive regions: 2->2
[2021-04-21T09:37:17.612+0000][7][gc,heap      ] GC(76) Humongous regions: 1->1
[2021-04-21T09:37:17.612+0000][7][gc,metaspace ] GC(76) Metaspace: 30633K(33280K)->30633K(33280K) NonClass: 26716K(28416K)->26716K(28416K) Class: 3916K(4864K)->3916K(4864K)
[2021-04-21T09:37:17.612+0000][7][gc           ] GC(76) Pause Young (Concurrent Start) (G1 Evacuation Pause) 56M->47M(87M) 4.848ms
[2021-04-21T09:37:17.612+0000][7][gc,cpu       ] GC(76) User=0.01s Sys=0.00s Real=0.00s
[2021-04-21T09:37:17.612+0000][7][safepoint    ] Safepoint "G1CollectForAllocation", Time since last: 153643095 ns, Reaching safepoint: 163490 ns, At safepoint: 4932870 ns, Total: 5096360 ns
[2021-04-21T09:37:17.612+0000][7][gc           ] GC(77) Concurrent Cycle
[2021-04-21T09:37:17.612+0000][7][gc,marking   ] GC(77) Concurrent Clear Claimed Marks
[2021-04-21T09:37:17.613+0000][7][gc,marking   ] GC(77) Concurrent Clear Claimed Marks 0.124ms
[2021-04-21T09:37:17.613+0000][7][gc,marking   ] GC(77) Concurrent Scan Root Regions
[2021-04-21T09:37:17.615+0000][7][gc,marking   ] GC(77) Concurrent Scan Root Regions 1.978ms
[2021-04-21T09:37:17.615+0000][7][gc,marking   ] GC(77) Concurrent Mark (14.591s)
[2021-04-21T09:37:17.615+0000][7][gc,marking   ] GC(77) Concurrent Mark From Roots
[2021-04-21T09:37:17.615+0000][7][gc,task      ] GC(77) Using 1 workers of 1 for marking
[2021-04-21T09:37:17.729+0000][7][gc,start     ] GC(78) Pause Young (Normal) (G1 Evacuation Pause)
[2021-04-21T09:37:17.730+0000][7][gc,task      ] GC(78) Using 2 workers of 4 for evacuation
[2021-04-21T09:37:17.730+0000][7][gc,age       ] GC(78) Desired survivor size 1048576 bytes, new threshold 2 (max threshold 15)
[2021-04-21T09:37:17.745+0000][7][gc,age       ] GC(78) Age table with threshold 2 (max threshold 15)
[2021-04-21T09:37:17.745+0000][7][gc,age       ] GC(78) - age   1:     344440 bytes,     344440 total
[2021-04-21T09:37:17.745+0000][7][gc,age       ] GC(78) - age   2:     300568 bytes,     645008 total
[2021-04-21T09:37:17.745+0000][7][gc,phases    ] GC(78)   Pre Evacuate Collection Set: 1.0ms
[2021-04-21T09:37:17.745+0000][7][gc,phases    ] GC(78)   Merge Heap Roots: 0.1ms
[2021-04-21T09:37:17.745+0000][7][gc,phases    ] GC(78)   Evacuate Collection Set: 8.3ms
[2021-04-21T09:37:17.745+0000][7][gc,phases    ] GC(78)   Post Evacuate Collection Set: 5.4ms
[2021-04-21T09:37:17.745+0000][7][gc,phases    ] GC(78)   Other: 1.0ms
[2021-04-21T09:37:17.745+0000][7][gc,heap      ] GC(78) Eden regions: 10->0(12)
[2021-04-21T09:37:17.745+0000][7][gc,heap      ] GC(78) Survivor regions: 2->1(2)
[2021-04-21T09:37:17.745+0000][7][gc,heap      ] GC(78) Old regions: 45->45
[2021-04-21T09:37:17.745+0000][7][gc,heap      ] GC(78) Archive regions: 2->2
[2021-04-21T09:37:17.745+0000][7][gc,heap      ] GC(78) Humongous regions: 1->1
[2021-04-21T09:37:17.745+0000][7][gc,metaspace ] GC(78) Metaspace: 31500K(34304K)->31500K(34304K) NonClass: 27370K(29184K)->27370K(29184K) Class: 4130K(5120K)->4130K(5120K)
[2021-04-21T09:37:17.745+0000][7][gc           ] GC(78) Pause Young (Normal) (G1 Evacuation Pause) 57M->47M(87M) 15.876ms
[2021-04-21T09:37:17.745+0000][7][gc,cpu       ] GC(78) User=0.04s Sys=0.00s Real=0.01s
[2021-04-21T09:37:17.745+0000][7][safepoint    ] Safepoint "G1CollectForAllocation", Time since last: 116832332 ns, Reaching safepoint: 79888 ns, At safepoint: 15957443 ns, Total: 16037331 ns
[2021-04-21T09:37:17.811+0000][7][gc,marking   ] GC(77) Concurrent Mark From Roots 196.255ms
[2021-04-21T09:37:17.811+0000][7][gc,marking   ] GC(77) Concurrent Preclean
[2021-04-21T09:37:17.811+0000][7][gc,marking   ] GC(77) Concurrent Preclean 0.160ms
[2021-04-21T09:37:17.811+0000][7][gc,marking   ] GC(77) Concurrent Mark (14.591s, 14.788s) 196.606ms
[2021-04-21T09:37:17.815+0000][7][gc,start     ] GC(77) Pause Remark
[2021-04-21T09:37:17.823+0000][7][gc           ] GC(77) Pause Remark 52M->52M(90M) 8.215ms
[2021-04-21T09:37:17.823+0000][7][gc,cpu       ] GC(77) User=0.01s Sys=0.00s Real=0.01s
[2021-04-21T09:37:17.823+0000][7][safepoint    ] Safepoint "G1Concurrent", Time since last: 66393139 ns, Reaching safepoint: 3706784 ns, At safepoint: 8308652 ns, Total: 12015436 ns
[2021-04-21T09:37:17.823+0000][7][gc,marking   ] GC(77) Concurrent Rebuild Remembered Sets
[2021-04-21T09:37:17.913+0000][7][gc,start     ] GC(79) Pause Young (Normal) (G1 Evacuation Pause)
[2021-04-21T09:37:17.913+0000][7][gc,task      ] GC(79) Using 2 workers of 4 for evacuation
[2021-04-21T09:37:17.913+0000][7][gc,age       ] GC(79) Desired survivor size 1048576 bytes, new threshold 15 (max threshold 15)
[2021-04-21T09:37:17.918+0000][7][gc,age       ] GC(79) Age table with threshold 15 (max threshold 15)
[2021-04-21T09:37:17.918+0000][7][gc,age       ] GC(79) - age   1:     487064 bytes,     487064 total
[2021-04-21T09:37:17.918+0000][7][gc,age       ] GC(79) - age   2:     329312 bytes,     816376 total
[2021-04-21T09:37:17.918+0000][7][gc,age       ] GC(79) - age   3:     298432 bytes,    1114808 total
[2021-04-21T09:37:17.921+0000][7][gc,phases    ] GC(79)   Pre Evacuate Collection Set: 0.0ms
[2021-04-21T09:37:17.921+0000][7][gc,phases    ] GC(79)   Merge Heap Roots: 0.2ms
[2021-04-21T09:37:17.921+0000][7][gc,phases    ] GC(79)   Evacuate Collection Set: 3.7ms
[2021-04-21T09:37:17.921+0000][7][gc,phases    ] GC(79)   Post Evacuate Collection Set: 3.5ms
[2021-04-21T09:37:17.921+0000][7][gc,phases    ] GC(79)   Other: 0.2ms
[2021-04-21T09:37:17.921+0000][7][gc,heap      ] GC(79) Eden regions: 11->0(16)
[2021-04-21T09:37:17.921+0000][7][gc,heap      ] GC(79) Survivor regions: 1->2(2)
[2021-04-21T09:37:17.921+0000][7][gc,heap      ] GC(79) Old regions: 45->45
[2021-04-21T09:37:17.921+0000][7][gc,heap      ] GC(79) Archive regions: 2->2
[2021-04-21T09:37:17.921+0000][7][gc,heap      ] GC(79) Humongous regions: 1->1
[2021-04-21T09:37:17.921+0000][7][gc,metaspace ] GC(79) Metaspace: 32168K(34944K)->32168K(34944K) NonClass: 27927K(29696K)->27927K(29696K) Class: 4240K(5248K)->4240K(5248K)
[2021-04-21T09:37:17.921+0000][7][gc           ] GC(79) Pause Young (Normal) (G1 Evacuation Pause) 58M->47M(95M) 7.766ms
[2021-04-21T09:37:17.921+0000][7][gc,cpu       ] GC(79) User=0.02s Sys=0.01s Real=0.01s
[2021-04-21T09:37:17.921+0000][7][safepoint    ] Safepoint "G1CollectForAllocation", Time since last: 89367184 ns, Reaching safepoint: 614802 ns, At safepoint: 7933509 ns, Total: 8548311 ns
[2021-04-21T09:37:17.932+0000][7][gc,marking   ] GC(77) Concurrent Rebuild Remembered Sets 108.502ms
[2021-04-21T09:37:17.933+0000][7][gc,start     ] GC(77) Pause Cleanup
[2021-04-21T09:37:17.933+0000][7][gc           ] GC(77) Pause Cleanup 48M->48M(95M) 0.141ms
[2021-04-21T09:37:17.933+0000][7][gc,cpu       ] GC(77) User=0.00s Sys=0.00s Real=0.00s
[2021-04-21T09:37:17.933+0000][7][safepoint    ] Safepoint "G1Concurrent", Time since last: 11516018 ns, Reaching safepoint: 441151 ns, At safepoint: 281730 ns, Total: 722881 ns
[2021-04-21T09:37:17.935+0000][7][gc,marking   ] GC(77) Concurrent Cleanup for Next Mark
[2021-04-21T09:37:17.936+0000][7][gc,marking   ] GC(77) Concurrent Cleanup for Next Mark 0.950ms
[2021-04-21T09:37:17.936+0000][7][gc           ] GC(77) Concurrent Cycle 323.973ms
[2021-04-21T09:37:18.143+0000][7][gc,start     ] GC(80) Pause Young (Normal) (G1 Evacuation Pause)
[2021-04-21T09:37:18.143+0000][7][gc,task      ] GC(80) Using 2 workers of 4 for evacuation
[2021-04-21T09:37:18.143+0000][7][gc,age       ] GC(80) Desired survivor size 1572864 bytes, new threshold 15 (max threshold 15)
[2021-04-21T09:37:18.150+0000][7][gc,age       ] GC(80) Age table with threshold 15 (max threshold 15)
[2021-04-21T09:37:18.150+0000][7][gc,age       ] GC(80) - age   1:     518136 bytes,     518136 total
[2021-04-21T09:37:18.150+0000][7][gc,age       ] GC(80) - age   2:     481760 bytes,     999896 total
[2021-04-21T09:37:18.150+0000][7][gc,age       ] GC(80) - age   3:     329144 bytes,    1329040 total
[2021-04-21T09:37:18.150+0000][7][gc,age       ] GC(80) - age   4:     298152 bytes,    1627192 total
[2021-04-21T09:37:18.150+0000][7][gc,phases    ] GC(80)   Pre Evacuate Collection Set: 1.1ms
[2021-04-21T09:37:18.150+0000][7][gc,phases    ] GC(80)   Merge Heap Roots: 0.1ms
[2021-04-21T09:37:18.150+0000][7][gc,phases    ] GC(80)   Evacuate Collection Set: 4.8ms
[2021-04-21T09:37:18.150+0000][7][gc,phases    ] GC(80)   Post Evacuate Collection Set: 0.5ms
[2021-04-21T09:37:18.150+0000][7][gc,phases    ] GC(80)   Other: 0.2ms
[2021-04-21T09:37:18.150+0000][7][gc,heap      ] GC(80) Eden regions: 16->0(17)
[2021-04-21T09:37:18.150+0000][7][gc,heap      ] GC(80) Survivor regions: 2->2(3)
[2021-04-21T09:37:18.150+0000][7][gc,heap      ] GC(80) Old regions: 45->45
[2021-04-21T09:37:18.150+0000][7][gc,heap      ] GC(80) Archive regions: 2->2
[2021-04-21T09:37:18.150+0000][7][gc,heap      ] GC(80) Humongous regions: 1->1
[2021-04-21T09:37:18.150+0000][7][gc,metaspace ] GC(80) Metaspace: 34107K(36992K)->34107K(36992K) NonClass: 29660K(31488K)->29660K(31488K) Class: 4446K(5504K)->4446K(5504K)
[2021-04-21T09:37:18.150+0000][7][gc           ] GC(80) Pause Young (Normal) (G1 Evacuation Pause) 63M->48M(95M) 6.935ms
[2021-04-21T09:37:18.150+0000][7][gc,cpu       ] GC(80) User=0.01s Sys=0.00s Real=0.01s
[2021-04-21T09:37:18.150+0000][7][safepoint    ] Safepoint "G1CollectForAllocation", Time since last: 209521477 ns, Reaching safepoint: 83680 ns, At safepoint: 7017667 ns, Total: 7101347 ns
[2021-04-21T09:37:18.191+0000][7][gc,start     ] GC(81) Pause Young (Concurrent Start) (G1 Evacuation Pause)
[2021-04-21T09:37:18.191+0000][7][gc,task      ] GC(81) Using 2 workers of 4 for evacuation
[2021-04-21T09:37:18.191+0000][7][gc,age       ] GC(81) Desired survivor size 1572864 bytes, new threshold 4 (max threshold 15)
[2021-04-21T09:37:18.202+0000][7][gc,age       ] GC(81) Age table with threshold 4 (max threshold 15)
[2021-04-21T09:37:18.202+0000][7][gc,age       ] GC(81) - age   1:      20624 bytes,      20624 total
[2021-04-21T09:37:18.202+0000][7][gc,age       ] GC(81) - age   2:     510200 bytes,     530824 total
[2021-04-21T09:37:18.202+0000][7][gc,age       ] GC(81) - age   3:     481760 bytes,    1012584 total
[2021-04-21T09:37:18.202+0000][7][gc,age       ] GC(81) - age   4:     329144 bytes,    1341728 total
[2021-04-21T09:37:18.202+0000][7][gc,phases    ] GC(81)   Pre Evacuate Collection Set: 1.5ms
[2021-04-21T09:37:18.202+0000][7][gc,phases    ] GC(81)   Merge Heap Roots: 0.1ms
[2021-04-21T09:37:18.202+0000][7][gc,phases    ] GC(81)   Evacuate Collection Set: 8.7ms
[2021-04-21T09:37:18.202+0000][7][gc,phases    ] GC(81)   Post Evacuate Collection Set: 0.7ms
[2021-04-21T09:37:18.202+0000][7][gc,phases    ] GC(81)   Other: 0.3ms
[2021-04-21T09:37:18.202+0000][7][gc,heap      ] GC(81) Eden regions: 17->0(16)
[2021-04-21T09:37:18.202+0000][7][gc,heap      ] GC(81) Survivor regions: 2->2(3)
[2021-04-21T09:37:18.202+0000][7][gc,heap      ] GC(81) Old regions: 45->46
[2021-04-21T09:37:18.202+0000][7][gc,heap      ] GC(81) Archive regions: 2->2
[2021-04-21T09:37:18.202+0000][7][gc,heap      ] GC(81) Humongous regions: 1->1
[2021-04-21T09:37:18.202+0000][7][gc,metaspace ] GC(81) Metaspace: 34107K(36992K)->34107K(36992K) NonClass: 29660K(31488K)->29660K(31488K) Class: 4446K(5504K)->4446K(5504K)
[2021-04-21T09:37:18.202+0000][7][gc           ] GC(81) Pause Young (Concurrent Start) (G1 Evacuation Pause) 65M->48M(95M) 11.395ms
[2021-04-21T09:37:18.202+0000][7][gc,cpu       ] GC(81) User=0.03s Sys=0.00s Real=0.01s
[2021-04-21T09:37:18.202+0000][7][safepoint    ] Safepoint "G1CollectForAllocation", Time since last: 40416006 ns, Reaching safepoint: 57730 ns, At safepoint: 11477052 ns, Total: 11534782 ns
[2021-04-21T09:37:18.203+0000][7][gc           ] GC(82) Concurrent Cycle
[2021-04-21T09:37:18.203+0000][7][gc,marking   ] GC(82) Concurrent Clear Claimed Marks
[2021-04-21T09:37:18.203+0000][7][gc,marking   ] GC(82) Concurrent Clear Claimed Marks 0.153ms
[2021-04-21T09:37:18.203+0000][7][gc,marking   ] GC(82) Concurrent Scan Root Regions
[2021-04-21T09:37:18.205+0000][7][gc,marking   ] GC(82) Concurrent Scan Root Regions 2.729ms
[2021-04-21T09:37:18.206+0000][7][gc,marking   ] GC(82) Concurrent Mark (15.182s)
[2021-04-21T09:37:18.206+0000][7][gc,marking   ] GC(82) Concurrent Mark From Roots
[2021-04-21T09:37:18.206+0000][7][gc,task      ] GC(82) Using 1 workers of 1 for marking
[2021-04-21T09:37:18.260+0000][7][gc,start     ] GC(83) Pause Young (Normal) (G1 Evacuation Pause)
[2021-04-21T09:37:18.260+0000][7][gc,task      ] GC(83) Using 2 workers of 4 for evacuation
[2021-04-21T09:37:18.260+0000][7][gc,age       ] GC(83) Desired survivor size 1572864 bytes, new threshold 15 (max threshold 15)
[2021-04-21T09:37:18.265+0000][7][gc,age       ] GC(83) Age table with threshold 15 (max threshold 15)
[2021-04-21T09:37:18.265+0000][7][gc,age       ] GC(83) - age   1:      17432 bytes,      17432 total
[2021-04-21T09:37:18.265+0000][7][gc,age       ] GC(83) - age   2:      18408 bytes,      35840 total
[2021-04-21T09:37:18.265+0000][7][gc,age       ] GC(83) - age   3:     510200 bytes,     546040 total
[2021-04-21T09:37:18.265+0000][7][gc,age       ] GC(83) - age   4:     481760 bytes,    1027800 total
[2021-04-21T09:37:18.265+0000][7][gc,age       ] GC(83) - age   5:     329144 bytes,    1356944 total
[2021-04-21T09:37:18.265+0000][7][gc,phases    ] GC(83)   Pre Evacuate Collection Set: 0.0ms
[2021-04-21T09:37:18.265+0000][7][gc,phases    ] GC(83)   Merge Heap Roots: 0.1ms
[2021-04-21T09:37:18.265+0000][7][gc,phases    ] GC(83)   Evacuate Collection Set: 4.6ms
[2021-04-21T09:37:18.265+0000][7][gc,phases    ] GC(83)   Post Evacuate Collection Set: 0.5ms
[2021-04-21T09:37:18.266+0000][7][gc,phases    ] GC(83)   Other: 0.8ms
[2021-04-21T09:37:18.266+0000][7][gc,heap      ] GC(83) Eden regions: 16->0(17)
[2021-04-21T09:37:18.266+0000][7][gc,heap      ] GC(83) Survivor regions: 2->2(3)
[2021-04-21T09:37:18.266+0000][7][gc,heap      ] GC(83) Old regions: 46->46
[2021-04-21T09:37:18.266+0000][7][gc,heap      ] GC(83) Archive regions: 2->2
[2021-04-21T09:37:18.266+0000][7][gc,heap      ] GC(83) Humongous regions: 1->1
[2021-04-21T09:37:18.266+0000][7][gc,metaspace ] GC(83) Metaspace: 34107K(36992K)->34107K(36992K) NonClass: 29660K(31488K)->29660K(31488K) Class: 4446K(5504K)->4446K(5504K)
[2021-04-21T09:37:18.266+0000][7][gc           ] GC(83) Pause Young (Normal) (G1 Evacuation Pause) 64M->48M(95M) 6.111ms
[2021-04-21T09:37:18.266+0000][7][gc,cpu       ] GC(83) User=0.00s Sys=0.00s Real=0.00s
[2021-04-21T09:37:18.266+0000][7][safepoint    ] Safepoint "G1CollectForAllocation", Time since last: 57473672 ns, Reaching safepoint: 78970 ns, At safepoint: 6254057 ns, Total: 6333027 ns
[2021-04-21T09:37:18.291+0000][7][gc,start     ] GC(84) Pause Young (Normal) (G1 Evacuation Pause)
[2021-04-21T09:37:18.292+0000][7][gc,task      ] GC(84) Using 2 workers of 4 for evacuation
[2021-04-21T09:37:18.292+0000][7][gc,age       ] GC(84) Desired survivor size 1572864 bytes, new threshold 15 (max threshold 15)
[2021-04-21T09:37:18.296+0000][7][gc,age       ] GC(84) Age table with threshold 15 (max threshold 15)
[2021-04-21T09:37:18.296+0000][7][gc,age       ] GC(84) - age   1:       8952 bytes,       8952 total
[2021-04-21T09:37:18.296+0000][7][gc,age       ] GC(84) - age   2:      17336 bytes,      26288 total
[2021-04-21T09:37:18.296+0000][7][gc,age       ] GC(84) - age   3:      18408 bytes,      44696 total
[2021-04-21T09:37:18.296+0000][7][gc,age       ] GC(84) - age   4:     510200 bytes,     554896 total
[2021-04-21T09:37:18.296+0000][7][gc,age       ] GC(84) - age   5:     481760 bytes,    1036656 total
[2021-04-21T09:37:18.296+0000][7][gc,age       ] GC(84) - age   6:     329144 bytes,    1365800 total
[2021-04-21T09:37:18.296+0000][7][gc,phases    ] GC(84)   Pre Evacuate Collection Set: 0.0ms
[2021-04-21T09:37:18.296+0000][7][gc,phases    ] GC(84)   Merge Heap Roots: 0.0ms
[2021-04-21T09:37:18.296+0000][7][gc,phases    ] GC(84)   Evacuate Collection Set: 3.4ms
[2021-04-21T09:37:18.296+0000][7][gc,phases    ] GC(84)   Post Evacuate Collection Set: 0.5ms
[2021-04-21T09:37:18.296+0000][7][gc,phases    ] GC(84)   Other: 1.8ms
[2021-04-21T09:37:18.296+0000][7][gc,heap      ] GC(84) Eden regions: 17->0(17)
[2021-04-21T09:37:18.296+0000][7][gc,heap      ] GC(84) Survivor regions: 2->2(3)
[2021-04-21T09:37:18.296+0000][7][gc,heap      ] GC(84) Old regions: 46->46
[2021-04-21T09:37:18.296+0000][7][gc,heap      ] GC(84) Archive regions: 2->2
[2021-04-21T09:37:18.296+0000][7][gc,heap      ] GC(84) Humongous regions: 1->1
[2021-04-21T09:37:18.296+0000][7][gc,metaspace ] GC(84) Metaspace: 34107K(36992K)->34107K(36992K) NonClass: 29660K(31488K)->29660K(31488K) Class: 4446K(5504K)->4446K(5504K)
[2021-04-21T09:37:18.297+0000][7][gc           ] GC(84) Pause Young (Normal) (G1 Evacuation Pause) 65M->48M(95M) 5.945ms
[2021-04-21T09:37:18.297+0000][7][gc,cpu       ] GC(84) User=0.02s Sys=0.00s Real=0.00s
[2021-04-21T09:37:18.297+0000][7][safepoint    ] Safepoint "G1CollectForAllocation", Time since last: 24735061 ns, Reaching safepoint: 53681 ns, At safepoint: 6021999 ns, Total: 6075680 ns
[2021-04-21T09:37:18.344+0000][7][gc,start     ] GC(85) Pause Young (Normal) (G1 Evacuation Pause)
[2021-04-21T09:37:18.345+0000][7][gc,task      ] GC(85) Using 2 workers of 4 for evacuation
[2021-04-21T09:37:18.345+0000][7][gc,age       ] GC(85) Desired survivor size 1572864 bytes, new threshold 15 (max threshold 15)
[2021-04-21T09:37:18.351+0000][7][gc,age       ] GC(85) Age table with threshold 15 (max threshold 15)
[2021-04-21T09:37:18.353+0000][7][gc,age       ] GC(85) - age   1:      12136 bytes,      12136 total
[2021-04-21T09:37:18.353+0000][7][gc,age       ] GC(85) - age   2:       8856 bytes,      20992 total
[2021-04-21T09:37:18.353+0000][7][gc,age       ] GC(85) - age   3:      17336 bytes,      38328 total
[2021-04-21T09:37:18.353+0000][7][gc,age       ] GC(85) - age   4:      16344 bytes,      54672 total
[2021-04-21T09:37:18.353+0000][7][gc,age       ] GC(85) - age   5:     510200 bytes,     564872 total
[2021-04-21T09:37:18.353+0000][7][gc,age       ] GC(85) - age   6:     481760 bytes,    1046632 total
[2021-04-21T09:37:18.353+0000][7][gc,age       ] GC(85) - age   7:     329144 bytes,    1375776 total
[2021-04-21T09:37:18.353+0000][7][gc,phases    ] GC(85)   Pre Evacuate Collection Set: 0.0ms
[2021-04-21T09:37:18.354+0000][7][gc,phases    ] GC(85)   Merge Heap Roots: 0.5ms
[2021-04-21T09:37:18.354+0000][7][gc,phases    ] GC(85)   Evacuate Collection Set: 4.7ms
[2021-04-21T09:37:18.354+0000][7][gc,phases    ] GC(85)   Post Evacuate Collection Set: 0.6ms
[2021-04-21T09:37:18.354+0000][7][gc,phases    ] GC(85)   Other: 3.5ms
[2021-04-21T09:37:18.354+0000][7][gc,heap      ] GC(85) Eden regions: 17->0(18)
[2021-04-21T09:37:18.354+0000][7][gc,heap      ] GC(85) Survivor regions: 2->2(3)
[2021-04-21T09:37:18.354+0000][7][gc,heap      ] GC(85) Old regions: 46->46
[2021-04-21T09:37:18.354+0000][7][gc,heap      ] GC(85) Archive regions: 2->2
[2021-04-21T09:37:18.354+0000][7][gc,heap      ] GC(85) Humongous regions: 1->1
[2021-04-21T09:37:18.354+0000][7][gc,metaspace ] GC(85) Metaspace: 34107K(36992K)->34107K(36992K) NonClass: 29660K(31488K)->29660K(31488K) Class: 4446K(5504K)->4446K(5504K)
[2021-04-21T09:37:18.354+0000][7][gc           ] GC(85) Pause Young (Normal) (G1 Evacuation Pause) 65M->48M(95M) 10.138ms
[2021-04-21T09:37:18.354+0000][7][gc,cpu       ] GC(85) User=0.01s Sys=0.00s Real=0.01s
[2021-04-21T09:37:18.354+0000][7][safepoint    ] Safepoint "G1CollectForAllocation", Time since last: 47467006 ns, Reaching safepoint: 94505 ns, At safepoint: 10276627 ns, Total: 10371132 ns
[2021-04-21T09:37:18.368+0000][7][gc,marking   ] GC(82) Concurrent Mark From Roots 162.256ms
[2021-04-21T09:37:18.368+0000][7][gc,marking   ] GC(82) Concurrent Preclean
[2021-04-21T09:37:18.368+0000][7][gc,marking   ] GC(82) Concurrent Preclean 0.142ms
[2021-04-21T09:37:18.368+0000][7][gc,marking   ] GC(82) Concurrent Mark (15.182s, 15.345s) 162.482ms
[2021-04-21T09:37:18.368+0000][7][gc,start     ] GC(82) Pause Remark
[2021-04-21T09:37:18.375+0000][7][gc           ] GC(82) Pause Remark 58M->58M(102M) 7.220ms
[2021-04-21T09:37:18.375+0000][7][gc,cpu       ] GC(82) User=0.01s Sys=0.00s Real=0.00s
[2021-04-21T09:37:18.375+0000][7][safepoint    ] Safepoint "G1Concurrent", Time since last: 13652565 ns, Reaching safepoint: 107205 ns, At safepoint: 7282956 ns, Total: 7390161 ns
[2021-04-21T09:37:18.375+0000][7][gc,marking   ] GC(82) Concurrent Rebuild Remembered Sets
[2021-04-21T09:37:18.392+0000][7][gc,start     ] GC(86) Pause Young (Normal) (G1 Evacuation Pause)
[2021-04-21T09:37:18.392+0000][7][gc,task      ] GC(86) Using 2 workers of 4 for evacuation
[2021-04-21T09:37:18.392+0000][7][gc,age       ] GC(86) Desired survivor size 1572864 bytes, new threshold 15 (max threshold 15)
[2021-04-21T09:37:18.396+0000][7][gc,age       ] GC(86) Age table with threshold 15 (max threshold 15)
[2021-04-21T09:37:18.396+0000][7][gc,age       ] GC(86) - age   1:       8216 bytes,       8216 total
[2021-04-21T09:37:18.396+0000][7][gc,age       ] GC(86) - age   2:      11952 bytes,      20168 total
[2021-04-21T09:37:18.396+0000][7][gc,age       ] GC(86) - age   3:       8856 bytes,      29024 total
[2021-04-21T09:37:18.396+0000][7][gc,age       ] GC(86) - age   4:      17336 bytes,      46360 total
[2021-04-21T09:37:18.396+0000][7][gc,age       ] GC(86) - age   5:      16344 bytes,      62704 total
[2021-04-21T09:37:18.396+0000][7][gc,age       ] GC(86) - age   6:     510136 bytes,     572840 total
[2021-04-21T09:37:18.396+0000][7][gc,age       ] GC(86) - age   7:     481568 bytes,    1054408 total
[2021-04-21T09:37:18.397+0000][7][gc,age       ] GC(86) - age   8:     329112 bytes,    1383520 total
[2021-04-21T09:37:18.397+0000][7][gc,phases    ] GC(86)   Pre Evacuate Collection Set: 0.0ms
[2021-04-21T09:37:18.397+0000][7][gc,phases    ] GC(86)   Merge Heap Roots: 0.0ms
[2021-04-21T09:37:18.397+0000][7][gc,phases    ] GC(86)   Evacuate Collection Set: 4.1ms
[2021-04-21T09:37:18.397+0000][7][gc,phases    ] GC(86)   Post Evacuate Collection Set: 0.6ms
[2021-04-21T09:37:18.397+0000][7][gc,phases    ] GC(86)   Other: 0.3ms
[2021-04-21T09:37:18.397+0000][7][gc,heap      ] GC(86) Eden regions: 18->0(22)
[2021-04-21T09:37:18.397+0000][7][gc,heap      ] GC(86) Survivor regions: 2->2(3)
[2021-04-21T09:37:18.397+0000][7][gc,heap      ] GC(86) Old regions: 46->46
[2021-04-21T09:37:18.397+0000][7][gc,heap      ] GC(86) Archive regions: 2->2
[2021-04-21T09:37:18.397+0000][7][gc,heap      ] GC(86) Humongous regions: 1->1
[2021-04-21T09:37:18.397+0000][7][gc,metaspace ] GC(86) Metaspace: 34107K(36992K)->34107K(36992K) NonClass: 29660K(31488K)->29660K(31488K) Class: 4446K(5504K)->4446K(5504K)
[2021-04-21T09:37:18.397+0000][7][gc           ] GC(86) Pause Young (Normal) (G1 Evacuation Pause) 66M->48M(102M) 5.227ms
[2021-04-21T09:37:18.397+0000][7][gc,cpu       ] GC(86) User=0.01s Sys=0.00s Real=0.00s
[2021-04-21T09:37:18.397+0000][7][safepoint    ] Safepoint "G1CollectForAllocation", Time since last: 15453184 ns, Reaching safepoint: 619542 ns, At safepoint: 5301352 ns, Total: 5920894 ns
[2021-04-21T09:37:18.468+0000][7][gc,marking   ] GC(82) Concurrent Rebuild Remembered Sets 92.059ms
[2021-04-21T09:37:18.469+0000][7][gc,start     ] GC(82) Pause Cleanup
[2021-04-21T09:37:18.469+0000][7][gc           ] GC(82) Pause Cleanup 54M->54M(102M) 0.218ms
[2021-04-21T09:37:18.469+0000][7][gc,cpu       ] GC(82) User=0.00s Sys=0.00s Real=0.00s
[2021-04-21T09:37:18.469+0000][7][safepoint    ] Safepoint "G1Concurrent", Time since last: 72122147 ns, Reaching safepoint: 129206 ns, At safepoint: 317192 ns, Total: 446398 ns
[2021-04-21T09:37:18.470+0000][7][gc,marking   ] GC(82) Concurrent Cleanup for Next Mark
[2021-04-21T09:37:18.471+0000][7][gc,marking   ] GC(82) Concurrent Cleanup for Next Mark 1.002ms
[2021-04-21T09:37:18.471+0000][7][gc           ] GC(82) Concurrent Cycle 268.553ms
[2021-04-21T09:37:18.849+0000][7][gc,start     ] GC(87) Pause Young (Normal) (G1 Evacuation Pause)
[2021-04-21T09:37:18.850+0000][7][gc,task      ] GC(87) Using 2 workers of 4 for evacuation
[2021-04-21T09:37:18.850+0000][7][gc,age       ] GC(87) Desired survivor size 1572864 bytes, new threshold 15 (max threshold 15)
[2021-04-21T09:37:18.857+0000][7][gc,age       ] GC(87) Age table with threshold 15 (max threshold 15)
[2021-04-21T09:37:18.858+0000][7][gc,age       ] GC(87) - age   1:    1775832 bytes,    1775832 total
[2021-04-21T09:37:18.858+0000][7][gc,age       ] GC(87) - age   2:       8088 bytes,    1783920 total
[2021-04-21T09:37:18.858+0000][7][gc,age       ] GC(87) - age   3:      11952 bytes,    1795872 total
[2021-04-21T09:37:18.858+0000][7][gc,age       ] GC(87) - age   4:       8856 bytes,    1804728 total
[2021-04-21T09:37:18.858+0000][7][gc,age       ] GC(87) - age   5:      17336 bytes,    1822064 total
[2021-04-21T09:37:18.858+0000][7][gc,age       ] GC(87) - age   6:      16344 bytes,    1838408 total
[2021-04-21T09:37:18.858+0000][7][gc,age       ] GC(87) - age   7:     464728 bytes,    2303136 total
[2021-04-21T09:37:18.858+0000][7][gc,age       ] GC(87) - age   8:     481568 bytes,    2784704 total
[2021-04-21T09:37:18.858+0000][7][gc,age       ] GC(87) - age   9:     328992 bytes,    3113696 total
[2021-04-21T09:37:18.859+0000][7][gc,phases    ] GC(87)   Pre Evacuate Collection Set: 0.0ms
[2021-04-21T09:37:18.859+0000][7][gc,phases    ] GC(87)   Merge Heap Roots: 0.1ms
[2021-04-21T09:37:18.859+0000][7][gc,phases    ] GC(87)   Evacuate Collection Set: 5.5ms
[2021-04-21T09:37:18.859+0000][7][gc,phases    ] GC(87)   Post Evacuate Collection Set: 1.9ms
[2021-04-21T09:37:18.859+0000][7][gc,phases    ] GC(87)   Other: 2.3ms
[2021-04-21T09:37:18.859+0000][7][gc,heap      ] GC(87) Eden regions: 22->0(20)
[2021-04-21T09:37:18.859+0000][7][gc,heap      ] GC(87) Survivor regions: 2->3(3)
[2021-04-21T09:37:18.859+0000][7][gc,heap      ] GC(87) Old regions: 46->46
[2021-04-21T09:37:18.859+0000][7][gc,heap      ] GC(87) Archive regions: 2->2
[2021-04-21T09:37:18.859+0000][7][gc,heap      ] GC(87) Humongous regions: 1->1
[2021-04-21T09:37:18.859+0000][7][gc,metaspace ] GC(87) Metaspace: 35065K(38144K)->35065K(38144K) NonClass: 30486K(32512K)->30486K(32512K) Class: 4578K(5632K)->4578K(5632K)
[2021-04-21T09:37:18.859+0000][7][gc           ] GC(87) Pause Young (Normal) (G1 Evacuation Pause) 70M->50M(102M) 9.955ms
[2021-04-21T09:37:18.859+0000][7][gc,cpu       ] GC(87) User=0.02s Sys=0.00s Real=0.01s
[2021-04-21T09:37:18.859+0000][7][safepoint    ] Safepoint "G1CollectForAllocation", Time since last: 379455465 ns, Reaching safepoint: 173777 ns, At safepoint: 10021038 ns, Total: 10194815 ns
[2021-04-21T09:37:19.419+0000][7][gc,start     ] GC(88) Pause Young (Concurrent Start) (G1 Evacuation Pause)
[2021-04-21T09:37:19.419+0000][7][gc,task      ] GC(88) Using 2 workers of 4 for evacuation
[2021-04-21T09:37:19.419+0000][7][gc,age       ] GC(88) Desired survivor size 1572864 bytes, new threshold 1 (max threshold 15)
[2021-04-21T09:37:19.454+0000][7][gc,age       ] GC(88) Age table with threshold 1 (max threshold 15)
[2021-04-21T09:37:19.454+0000][7][gc,age       ] GC(88) - age   1:    1070568 bytes,    1070568 total
[2021-04-21T09:37:19.454+0000][7][gc,phases    ] GC(88)   Pre Evacuate Collection Set: 1.4ms
[2021-04-21T09:37:19.454+0000][7][gc,phases    ] GC(88)   Merge Heap Roots: 0.2ms
[2021-04-21T09:37:19.454+0000][7][gc,phases    ] GC(88)   Evacuate Collection Set: 31.9ms
[2021-04-21T09:37:19.454+0000][7][gc,phases    ] GC(88)   Post Evacuate Collection Set: 1.4ms
[2021-04-21T09:37:19.454+0000][7][gc,phases    ] GC(88)   Other: 0.2ms
[2021-04-21T09:37:19.454+0000][7][gc,heap      ] GC(88) Eden regions: 20->0(19)
[2021-04-21T09:37:19.454+0000][7][gc,heap      ] GC(88) Survivor regions: 3->2(3)
[2021-04-21T09:37:19.454+0000][7][gc,heap      ] GC(88) Old regions: 46->49
[2021-04-21T09:37:19.454+0000][7][gc,heap      ] GC(88) Archive regions: 2->2
[2021-04-21T09:37:19.454+0000][7][gc,heap      ] GC(88) Humongous regions: 1->1
[2021-04-21T09:37:19.454+0000][7][gc,metaspace ] GC(88) Metaspace: 39854K(43392K)->39854K(43392K) NonClass: 34573K(36864K)->34573K(36864K) Class: 5280K(6528K)->5280K(6528K)
[2021-04-21T09:37:19.454+0000][7][gc           ] GC(88) Pause Young (Concurrent Start) (G1 Evacuation Pause) 70M->51M(102M) 35.429ms
[2021-04-21T09:37:19.454+0000][7][gc,cpu       ] GC(88) User=0.06s Sys=0.00s Real=0.03s
[2021-04-21T09:37:19.454+0000][7][safepoint    ] Safepoint "G1CollectForAllocation", Time since last: 559319339 ns, Reaching safepoint: 281292 ns, At safepoint: 35514776 ns, Total: 35796068 ns
[2021-04-21T09:37:19.454+0000][7][gc           ] GC(89) Concurrent Cycle
[2021-04-21T09:37:19.454+0000][7][gc,marking   ] GC(89) Concurrent Clear Claimed Marks
[2021-04-21T09:37:19.454+0000][7][gc,marking   ] GC(89) Concurrent Clear Claimed Marks 0.197ms
[2021-04-21T09:37:19.454+0000][7][gc,marking   ] GC(89) Concurrent Scan Root Regions
[2021-04-21T09:37:19.461+0000][7][gc,marking   ] GC(89) Concurrent Scan Root Regions 6.119ms
[2021-04-21T09:37:19.461+0000][7][gc,marking   ] GC(89) Concurrent Mark (16.438s)
[2021-04-21T09:37:19.461+0000][7][gc,marking   ] GC(89) Concurrent Mark From Roots
[2021-04-21T09:37:19.461+0000][7][gc,task      ] GC(89) Using 1 workers of 1 for marking
[2021-04-21T09:37:19.618+0000][7][gc,marking   ] GC(89) Concurrent Mark From Roots 157.599ms
[2021-04-21T09:37:19.618+0000][7][gc,marking   ] GC(89) Concurrent Preclean
[2021-04-21T09:37:19.618+0000][7][gc,marking   ] GC(89) Concurrent Preclean 0.181ms
[2021-04-21T09:37:19.618+0000][7][gc,marking   ] GC(89) Concurrent Mark (16.438s, 16.595s) 157.865ms
[2021-04-21T09:37:19.619+0000][7][gc,start     ] GC(89) Pause Remark
[2021-04-21T09:37:19.624+0000][7][gc           ] GC(89) Pause Remark 57M->57M(102M) 4.732ms
[2021-04-21T09:37:19.624+0000][7][gc,cpu       ] GC(89) User=0.01s Sys=0.00s Real=0.00s
[2021-04-21T09:37:19.624+0000][7][safepoint    ] Safepoint "G1Concurrent", Time since last: 164357242 ns, Reaching safepoint: 542953 ns, At safepoint: 4800997 ns, Total: 5343950 ns
[2021-04-21T09:37:19.624+0000][7][gc,marking   ] GC(89) Concurrent Rebuild Remembered Sets
[2021-04-21T09:37:19.707+0000][7][gc,marking   ] GC(89) Concurrent Rebuild Remembered Sets 82.712ms
[2021-04-21T09:37:19.711+0000][7][gc,start     ] GC(89) Pause Cleanup
[2021-04-21T09:37:19.711+0000][7][gc           ] GC(89) Pause Cleanup 60M->60M(102M) 0.252ms
[2021-04-21T09:37:19.711+0000][7][gc,cpu       ] GC(89) User=0.00s Sys=0.00s Real=0.00s
[2021-04-21T09:37:19.711+0000][7][safepoint    ] Safepoint "G1Concurrent", Time since last: 86130198 ns, Reaching safepoint: 519879 ns, At safepoint: 314532 ns, Total: 834411 ns
[2021-04-21T09:37:19.712+0000][7][gc,marking   ] GC(89) Concurrent Cleanup for Next Mark
[2021-04-21T09:37:19.713+0000][7][gc,marking   ] GC(89) Concurrent Cleanup for Next Mark 0.963ms
[2021-04-21T09:37:19.713+0000][7][gc           ] GC(89) Concurrent Cycle 258.974ms
[2021-04-21T09:37:19.944+0000][7][gc,start     ] GC(90) Pause Young (Normal) (G1 Evacuation Pause)
[2021-04-21T09:37:19.944+0000][7][gc,task      ] GC(90) Using 2 workers of 4 for evacuation
[2021-04-21T09:37:19.944+0000][7][gc,age       ] GC(90) Desired survivor size 1572864 bytes, new threshold 15 (max threshold 15)
[2021-04-21T09:37:19.949+0000][7][gc,age       ] GC(90) Age table with threshold 15 (max threshold 15)
[2021-04-21T09:37:19.949+0000][7][gc,age       ] GC(90) - age   1:     734808 bytes,     734808 total
[2021-04-21T09:37:19.949+0000][7][gc,age       ] GC(90) - age   2:     982056 bytes,    1716864 total
[2021-04-21T09:37:19.949+0000][7][gc,phases    ] GC(90)   Pre Evacuate Collection Set: 0.7ms
[2021-04-21T09:37:19.949+0000][7][gc,phases    ] GC(90)   Merge Heap Roots: 0.1ms
[2021-04-21T09:37:19.949+0000][7][gc,phases    ] GC(90)   Evacuate Collection Set: 3.9ms
[2021-04-21T09:37:19.949+0000][7][gc,phases    ] GC(90)   Post Evacuate Collection Set: 0.6ms
[2021-04-21T09:37:19.949+0000][7][gc,phases    ] GC(90)   Other: 0.2ms
[2021-04-21T09:37:19.949+0000][7][gc,heap      ] GC(90) Eden regions: 19->0(19)
[2021-04-21T09:37:19.949+0000][7][gc,heap      ] GC(90) Survivor regions: 2->2(3)
[2021-04-21T09:37:19.949+0000][7][gc,heap      ] GC(90) Old regions: 49->49
[2021-04-21T09:37:19.949+0000][7][gc,heap      ] GC(90) Archive regions: 2->2
[2021-04-21T09:37:19.949+0000][7][gc,heap      ] GC(90) Humongous regions: 1->1
[2021-04-21T09:37:19.949+0000][7][gc,metaspace ] GC(90) Metaspace: 43669K(47616K)->43669K(47616K) NonClass: 37775K(40192K)->37775K(40192K) Class: 5894K(7424K)->5894K(7424K)
[2021-04-21T09:37:19.949+0000][7][gc           ] GC(90) Pause Young (Normal) (G1 Evacuation Pause) 70M->51M(102M) 5.576ms
[2021-04-21T09:37:19.949+0000][7][gc,cpu       ] GC(90) User=0.01s Sys=0.00s Real=0.01s
[2021-04-21T09:37:19.950+0000][7][safepoint    ] Safepoint "G1CollectForAllocation", Time since last: 232908625 ns, Reaching safepoint: 132679 ns, At safepoint: 5655003 ns, Total: 5787682 ns
[2021-04-21T09:37:20.271+0000][7][gc,start     ] GC(91) Pause Young (Concurrent Start) (G1 Evacuation Pause)
[2021-04-21T09:37:20.272+0000][7][gc,task      ] GC(91) Using 2 workers of 4 for evacuation
[2021-04-21T09:37:20.272+0000][7][gc,age       ] GC(91) Desired survivor size 1572864 bytes, new threshold 2 (max threshold 15)
[2021-04-21T09:37:20.280+0000][7][gc,age       ] GC(91) Age table with threshold 2 (max threshold 15)
[2021-04-21T09:37:20.280+0000][7][gc,age       ] GC(91) - age   1:    1266136 bytes,    1266136 total
[2021-04-21T09:37:20.280+0000][7][gc,age       ] GC(91) - age   2:     698840 bytes,    1964976 total
[2021-04-21T09:37:20.280+0000][7][gc,phases    ] GC(91)   Pre Evacuate Collection Set: 0.3ms
[2021-04-21T09:37:20.280+0000][7][gc,phases    ] GC(91)   Merge Heap Roots: 0.0ms
[2021-04-21T09:37:20.280+0000][7][gc,phases    ] GC(91)   Evacuate Collection Set: 6.5ms
[2021-04-21T09:37:20.280+0000][7][gc,phases    ] GC(91)   Post Evacuate Collection Set: 0.8ms
[2021-04-21T09:37:20.281+0000][7][gc,phases    ] GC(91)   Other: 1.8ms
[2021-04-21T09:37:20.281+0000][7][gc,heap      ] GC(91) Eden regions: 19->0(18)
[2021-04-21T09:37:20.281+0000][7][gc,heap      ] GC(91) Survivor regions: 2->2(3)
[2021-04-21T09:37:20.281+0000][7][gc,heap      ] GC(91) Old regions: 49->50
[2021-04-21T09:37:20.281+0000][7][gc,heap      ] GC(91) Archive regions: 2->2
[2021-04-21T09:37:20.281+0000][7][gc,heap      ] GC(91) Humongous regions: 1->1
[2021-04-21T09:37:20.281+0000][7][gc,metaspace ] GC(91) Metaspace: 46188K(50432K)->46188K(50432K) NonClass: 39919K(42496K)->39919K(42496K) Class: 6269K(7936K)->6269K(7936K)
[2021-04-21T09:37:20.281+0000][7][gc           ] GC(91) Pause Young (Concurrent Start) (G1 Evacuation Pause) 70M->53M(102M) 9.541ms
[2021-04-21T09:37:20.281+0000][7][gc,cpu       ] GC(91) User=0.02s Sys=0.00s Real=0.01s
[2021-04-21T09:37:20.281+0000][7][safepoint    ] Safepoint "G1CollectForAllocation", Time since last: 321351378 ns, Reaching safepoint: 154745 ns, At safepoint: 9621556 ns, Total: 9776301 ns
[2021-04-21T09:37:20.281+0000][7][gc           ] GC(92) Concurrent Cycle
[2021-04-21T09:37:20.281+0000][7][gc,marking   ] GC(92) Concurrent Clear Claimed Marks
[2021-04-21T09:37:20.282+0000][7][gc,marking   ] GC(92) Concurrent Clear Claimed Marks 1.166ms
[2021-04-21T09:37:20.282+0000][7][gc,marking   ] GC(92) Concurrent Scan Root Regions
[2021-04-21T09:37:20.285+0000][7][gc,marking   ] GC(92) Concurrent Scan Root Regions 3.110ms
[2021-04-21T09:37:20.286+0000][7][gc,marking   ] GC(92) Concurrent Mark (17.263s)
[2021-04-21T09:37:20.287+0000][7][gc,marking   ] GC(92) Concurrent Mark From Roots
[2021-04-21T09:37:20.287+0000][7][gc,task      ] GC(92) Using 1 workers of 1 for marking
[2021-04-21T09:37:20.413+0000][7][gc,marking   ] GC(92) Concurrent Mark From Roots 126.037ms
[2021-04-21T09:37:20.413+0000][7][gc,marking   ] GC(92) Concurrent Preclean
[2021-04-21T09:37:20.414+0000][7][gc,marking   ] GC(92) Concurrent Preclean 0.609ms
[2021-04-21T09:37:20.415+0000][7][gc,marking   ] GC(92) Concurrent Mark (17.263s, 17.391s) 128.670ms
[2021-04-21T09:37:20.417+0000][7][gc,start     ] GC(92) Pause Remark
[2021-04-21T09:37:20.422+0000][7][gc           ] GC(92) Pause Remark 57M->57M(102M) 5.240ms
[2021-04-21T09:37:20.422+0000][7][gc,cpu       ] GC(92) User=0.01s Sys=0.00s Real=0.01s
[2021-04-21T09:37:20.423+0000][7][safepoint    ] Safepoint "G1Concurrent", Time since last: 134409468 ns, Reaching safepoint: 2148628 ns, At safepoint: 5321238 ns, Total: 7469866 ns
[2021-04-21T09:37:20.423+0000][7][gc,marking   ] GC(92) Concurrent Rebuild Remembered Sets
[2021-04-21T09:37:20.512+0000][7][gc,marking   ] GC(92) Concurrent Rebuild Remembered Sets 89.872ms
[2021-04-21T09:37:20.520+0000][7][gc,start     ] GC(92) Pause Cleanup
[2021-04-21T09:37:20.520+0000][7][gc           ] GC(92) Pause Cleanup 58M->58M(102M) 0.702ms
[2021-04-21T09:37:20.520+0000][7][gc,cpu       ] GC(92) User=0.00s Sys=0.00s Real=0.00s
[2021-04-21T09:37:20.520+0000][7][safepoint    ] Safepoint "G1Concurrent", Time since last: 90203840 ns, Reaching safepoint: 6895206 ns, At safepoint: 809857 ns, Total: 7705063 ns
[2021-04-21T09:37:20.522+0000][7][gc,marking   ] GC(92) Concurrent Cleanup for Next Mark
[2021-04-21T09:37:20.527+0000][7][gc,marking   ] GC(92) Concurrent Cleanup for Next Mark 5.020ms
[2021-04-21T09:37:20.528+0000][7][gc           ] GC(92) Concurrent Cycle 246.867ms
[2021-04-21T09:37:21.017+0000][7][gc,start     ] GC(93) Pause Young (Normal) (G1 Evacuation Pause)
[2021-04-21T09:37:21.017+0000][7][gc,task      ] GC(93) Using 2 workers of 4 for evacuation
[2021-04-21T09:37:21.017+0000][7][gc,age       ] GC(93) Desired survivor size 1572864 bytes, new threshold 2 (max threshold 15)
[2021-04-21T09:37:21.024+0000][7][gc,age       ] GC(93) Age table with threshold 2 (max threshold 15)
[2021-04-21T09:37:21.024+0000][7][gc,age       ] GC(93) - age   1:    1113056 bytes,    1113056 total
[2021-04-21T09:37:21.024+0000][7][gc,age       ] GC(93) - age   2:    1155264 bytes,    2268320 total
[2021-04-21T09:37:21.024+0000][7][gc,phases    ] GC(93)   Pre Evacuate Collection Set: 0.1ms
[2021-04-21T09:37:21.024+0000][7][gc,phases    ] GC(93)   Merge Heap Roots: 0.1ms
[2021-04-21T09:37:21.024+0000][7][gc,phases    ] GC(93)   Evacuate Collection Set: 6.6ms
[2021-04-21T09:37:21.024+0000][7][gc,phases    ] GC(93)   Post Evacuate Collection Set: 0.7ms
[2021-04-21T09:37:21.024+0000][7][gc,phases    ] GC(93)   Other: 0.2ms
[2021-04-21T09:37:21.024+0000][7][gc,heap      ] GC(93) Eden regions: 18->0(17)
[2021-04-21T09:37:21.024+0000][7][gc,heap      ] GC(93) Survivor regions: 2->3(3)
[2021-04-21T09:37:21.024+0000][7][gc,heap      ] GC(93) Old regions: 50->50
[2021-04-21T09:37:21.024+0000][7][gc,heap      ] GC(93) Archive regions: 2->2
[2021-04-21T09:37:21.024+0000][7][gc,heap      ] GC(93) Humongous regions: 1->1
[2021-04-21T09:37:21.024+0000][7][gc,metaspace ] GC(93) Metaspace: 47898K(52224K)->47898K(52224K) NonClass: 41432K(44032K)->41432K(44032K) Class: 6465K(8192K)->6465K(8192K)
[2021-04-21T09:37:21.024+0000][7][gc           ] GC(93) Pause Young (Normal) (G1 Evacuation Pause) 71M->54M(102M) 7.785ms
[2021-04-21T09:37:21.024+0000][7][gc,cpu       ] GC(93) User=0.01s Sys=0.00s Real=0.01s
[2021-04-21T09:37:21.024+0000][7][safepoint    ] Safepoint "G1CollectForAllocation", Time since last: 496078487 ns, Reaching safepoint: 79517 ns, At safepoint: 7848945 ns, Total: 7928462 ns
[2021-04-21T09:37:21.401+0000][7][gc,start     ] GC(94) Pause Young (Concurrent Start) (G1 Evacuation Pause)
[2021-04-21T09:37:21.401+0000][7][gc,task      ] GC(94) Using 2 workers of 4 for evacuation
[2021-04-21T09:37:21.402+0000][7][gc,age       ] GC(94) Desired survivor size 1572864 bytes, new threshold 2 (max threshold 15)
[2021-04-21T09:37:21.410+0000][7][gc,age       ] GC(94) Age table with threshold 2 (max threshold 15)
[2021-04-21T09:37:21.410+0000][7][gc,age       ] GC(94) - age   1:     830216 bytes,     830216 total
[2021-04-21T09:37:21.410+0000][7][gc,age       ] GC(94) - age   2:    1101616 bytes,    1931832 total
[2021-04-21T09:37:21.410+0000][7][gc,phases    ] GC(94)   Pre Evacuate Collection Set: 0.5ms
[2021-04-21T09:37:21.410+0000][7][gc,phases    ] GC(94)   Merge Heap Roots: 0.1ms
[2021-04-21T09:37:21.410+0000][7][gc,phases    ] GC(94)   Evacuate Collection Set: 6.4ms
[2021-04-21T09:37:21.410+0000][7][gc,phases    ] GC(94)   Post Evacuate Collection Set: 0.5ms
[2021-04-21T09:37:21.410+0000][7][gc,phases    ] GC(94)   Other: 1.7ms
[2021-04-21T09:37:21.410+0000][7][gc,heap      ] GC(94) Eden regions: 17->0(15)
[2021-04-21T09:37:21.410+0000][7][gc,heap      ] GC(94) Survivor regions: 3->3(3)
[2021-04-21T09:37:21.410+0000][7][gc,heap      ] GC(94) Old regions: 50->52
[2021-04-21T09:37:21.410+0000][7][gc,heap      ] GC(94) Archive regions: 2->2
[2021-04-21T09:37:21.410+0000][7][gc,heap      ] GC(94) Humongous regions: 1->1
[2021-04-21T09:37:21.410+0000][7][gc,metaspace ] GC(94) Metaspace: 48767K(53120K)->48767K(53120K) NonClass: 42193K(44800K)->42193K(44800K) Class: 6574K(8320K)->6574K(8320K)
[2021-04-21T09:37:21.410+0000][7][gc           ] GC(94) Pause Young (Concurrent Start) (G1 Evacuation Pause) 71M->55M(102M) 9.347ms
[2021-04-21T09:37:21.410+0000][7][gc,cpu       ] GC(94) User=0.02s Sys=0.00s Real=0.01s
[2021-04-21T09:37:21.410+0000][7][safepoint    ] Safepoint "G1CollectForAllocation", Time since last: 375918713 ns, Reaching safepoint: 168416 ns, At safepoint: 9429471 ns, Total: 9597887 ns
[2021-04-21T09:37:21.410+0000][7][gc           ] GC(95) Concurrent Cycle
[2021-04-21T09:37:21.411+0000][7][gc,marking   ] GC(95) Concurrent Clear Claimed Marks
[2021-04-21T09:37:21.411+0000][7][gc,marking   ] GC(95) Concurrent Clear Claimed Marks 0.246ms
[2021-04-21T09:37:21.411+0000][7][gc,marking   ] GC(95) Concurrent Scan Root Regions
[2021-04-21T09:37:21.418+0000][7][gc,marking   ] GC(95) Concurrent Scan Root Regions 7.686ms
[2021-04-21T09:37:21.419+0000][7][gc,marking   ] GC(95) Concurrent Mark (18.395s)
[2021-04-21T09:37:21.419+0000][7][gc,marking   ] GC(95) Concurrent Mark From Roots
[2021-04-21T09:37:21.419+0000][7][gc,task      ] GC(95) Using 1 workers of 1 for marking
[2021-04-21T09:37:21.677+0000][7][gc,marking   ] GC(95) Concurrent Mark From Roots 258.491ms
[2021-04-21T09:37:21.677+0000][7][gc,marking   ] GC(95) Concurrent Preclean
[2021-04-21T09:37:21.677+0000][7][gc,marking   ] GC(95) Concurrent Preclean 0.134ms
[2021-04-21T09:37:21.677+0000][7][gc,marking   ] GC(95) Concurrent Mark (18.395s, 18.654s) 258.705ms
[2021-04-21T09:37:21.678+0000][7][gc,start     ] GC(95) Pause Remark
[2021-04-21T09:37:21.695+0000][7][gc           ] GC(95) Pause Remark 69M->69M(120M) 17.545ms
[2021-04-21T09:37:21.695+0000][7][gc,cpu       ] GC(95) User=0.05s Sys=0.00s Real=0.02s
[2021-04-21T09:37:21.695+0000][7][safepoint    ] Safepoint "G1Concurrent", Time since last: 267298476 ns, Reaching safepoint: 411839 ns, At safepoint: 17635654 ns, Total: 18047493 ns
[2021-04-21T09:37:21.696+0000][7][gc,marking   ] GC(95) Concurrent Rebuild Remembered Sets
[2021-04-21T09:37:21.772+0000][7][gc,start     ] GC(96) Pause Young (Normal) (G1 Evacuation Pause)
[2021-04-21T09:37:21.773+0000][7][gc,task      ] GC(96) Using 2 workers of 4 for evacuation
[2021-04-21T09:37:21.773+0000][7][gc,age       ] GC(96) Desired survivor size 1572864 bytes, new threshold 2 (max threshold 15)
[2021-04-21T09:37:21.785+0000][7][gc,age       ] GC(96) Age table with threshold 2 (max threshold 15)
[2021-04-21T09:37:21.786+0000][7][gc,age       ] GC(96) - age   1:     855520 bytes,     855520 total
[2021-04-21T09:37:21.787+0000][7][gc,age       ] GC(96) - age   2:     810928 bytes,    1666448 total
[2021-04-21T09:37:21.787+0000][7][gc,phases    ] GC(96)   Pre Evacuate Collection Set: 0.1ms
[2021-04-21T09:37:21.788+0000][7][gc,phases    ] GC(96)   Merge Heap Roots: 0.1ms
[2021-04-21T09:37:21.788+0000][7][gc,phases    ] GC(96)   Evacuate Collection Set: 10.2ms
[2021-04-21T09:37:21.788+0000][7][gc,phases    ] GC(96)   Post Evacuate Collection Set: 0.7ms
[2021-04-21T09:37:21.788+0000][7][gc,phases    ] GC(96)   Other: 3.9ms
[2021-04-21T09:37:21.788+0000][7][gc,heap      ] GC(96) Eden regions: 15->0(26)
[2021-04-21T09:37:21.788+0000][7][gc,heap      ] GC(96) Survivor regions: 3->2(3)
[2021-04-21T09:37:21.788+0000][7][gc,heap      ] GC(96) Old regions: 52->53
[2021-04-21T09:37:21.788+0000][7][gc,heap      ] GC(96) Archive regions: 2->2
[2021-04-21T09:37:21.788+0000][7][gc,heap      ] GC(96) Humongous regions: 1->1
[2021-04-21T09:37:21.788+0000][7][gc,metaspace ] GC(96) Metaspace: 49583K(54272K)->49583K(54272K) NonClass: 42888K(45824K)->42888K(45824K) Class: 6695K(8448K)->6695K(8448K)
[2021-04-21T09:37:21.788+0000][7][gc           ] GC(96) Pause Young (Normal) (G1 Evacuation Pause) 70M->55M(120M) 16.192ms
[2021-04-21T09:37:21.788+0000][7][gc,cpu       ] GC(96) User=0.04s Sys=0.00s Real=0.02s
[2021-04-21T09:37:21.788+0000][7][safepoint    ] Safepoint "G1CollectForAllocation", Time since last: 76403472 ns, Reaching safepoint: 358030 ns, At safepoint: 16269625 ns, Total: 16627655 ns
[2021-04-21T09:37:21.883+0000][7][gc,marking   ] GC(95) Concurrent Rebuild Remembered Sets 186.539ms
[2021-04-21T09:37:21.889+0000][7][gc,start     ] GC(95) Pause Cleanup
[2021-04-21T09:37:21.890+0000][7][gc           ] GC(95) Pause Cleanup 59M->59M(120M) 1.026ms
[2021-04-21T09:37:21.891+0000][7][gc,cpu       ] GC(95) User=0.01s Sys=0.00s Real=0.00s
[2021-04-21T09:37:21.891+0000][7][safepoint    ] Safepoint "G1Concurrent", Time since last: 100700927 ns, Reaching safepoint: 166650 ns, At safepoint: 2258318 ns, Total: 2424968 ns
[2021-04-21T09:37:21.892+0000][7][gc,marking   ] GC(95) Concurrent Cleanup for Next Mark
[2021-04-21T09:37:21.893+0000][7][gc,marking   ] GC(95) Concurrent Cleanup for Next Mark 0.954ms
[2021-04-21T09:37:21.894+0000][7][gc           ] GC(95) Concurrent Cycle 483.417ms
[2021-04-21T09:37:22.195+0000][7][gc,start     ] GC(97) Pause Young (Normal) (G1 Evacuation Pause)
[2021-04-21T09:37:22.195+0000][7][gc,task      ] GC(97) Using 2 workers of 4 for evacuation
[2021-04-21T09:37:22.195+0000][7][gc,age       ] GC(97) Desired survivor size 2097152 bytes, new threshold 15 (max threshold 15)
[2021-04-21T09:37:22.206+0000][7][gc,age       ] GC(97) Age table with threshold 15 (max threshold 15)
[2021-04-21T09:37:22.206+0000][7][gc,age       ] GC(97) - age   1:    1480576 bytes,    1480576 total
[2021-04-21T09:37:22.207+0000][7][gc,age       ] GC(97) - age   2:     846464 bytes,    2327040 total
[2021-04-21T09:37:22.207+0000][7][gc,age       ] GC(97) - age   3:     810800 bytes,    3137840 total
[2021-04-21T09:37:22.207+0000][7][gc,phases    ] GC(97)   Pre Evacuate Collection Set: 0.6ms
[2021-04-21T09:37:22.207+0000][7][gc,phases    ] GC(97)   Merge Heap Roots: 0.1ms
[2021-04-21T09:37:22.207+0000][7][gc,phases    ] GC(97)   Evacuate Collection Set: 9.9ms
[2021-04-21T09:37:22.207+0000][7][gc,phases    ] GC(97)   Post Evacuate Collection Set: 0.9ms
[2021-04-21T09:37:22.207+0000][7][gc,phases    ] GC(97)   Other: 0.3ms
[2021-04-21T09:37:22.207+0000][7][gc,heap      ] GC(97) Eden regions: 26->0(24)
[2021-04-21T09:37:22.207+0000][7][gc,heap      ] GC(97) Survivor regions: 2->4(4)
[2021-04-21T09:37:22.207+0000][7][gc,heap      ] GC(97) Old regions: 53->53
[2021-04-21T09:37:22.207+0000][7][gc,heap      ] GC(97) Archive regions: 2->2
[2021-04-21T09:37:22.207+0000][7][gc,heap      ] GC(97) Humongous regions: 1->1
[2021-04-21T09:37:22.207+0000][7][gc,metaspace ] GC(97) Metaspace: 51776K(56448K)->51776K(56448K) NonClass: 44744K(47616K)->44744K(47616K) Class: 7031K(8832K)->7031K(8832K)
[2021-04-21T09:37:22.207+0000][7][gc           ] GC(97) Pause Young (Normal) (G1 Evacuation Pause) 81M->57M(120M) 12.011ms
[2021-04-21T09:37:22.207+0000][7][gc,cpu       ] GC(97) User=0.03s Sys=0.00s Real=0.02s
[2021-04-21T09:37:22.207+0000][7][safepoint    ] Safepoint "G1CollectForAllocation", Time since last: 302914486 ns, Reaching safepoint: 445187 ns, At safepoint: 12082375 ns, Total: 12527562 ns
[2021-04-21T09:37:22.385+0000][7][safepoint    ] Safepoint "BulkRevokeBias", Time since last: 177747394 ns, Reaching safepoint: 195836 ns, At safepoint: 123328 ns, Total: 319164 ns
[2021-04-21T09:37:22.399+0000][7][safepoint    ] Safepoint "BulkRevokeBias", Time since last: 13841486 ns, Reaching safepoint: 45990 ns, At safepoint: 99909 ns, Total: 145899 ns
[2021-04-21T09:37:22.413+0000][7][safepoint    ] Safepoint "BulkRevokeBias", Time since last: 14054117 ns, Reaching safepoint: 119415 ns, At safepoint: 111596 ns, Total: 231011 ns
[2021-04-21T09:37:22.415+0000][7][safepoint    ] Safepoint "BulkRevokeBias", Time since last: 1738725 ns, Reaching safepoint: 181413 ns, At safepoint: 130313 ns, Total: 311726 ns
[2021-04-21T09:37:22.502+0000][7][gc,start     ] GC(98) Pause Young (Concurrent Start) (G1 Evacuation Pause)
[2021-04-21T09:37:22.503+0000][7][gc,task      ] GC(98) Using 2 workers of 4 for evacuation
[2021-04-21T09:37:22.503+0000][7][gc,age       ] GC(98) Desired survivor size 2097152 bytes, new threshold 2 (max threshold 15)
[2021-04-21T09:37:22.525+0000][7][gc,age       ] GC(98) Age table with threshold 2 (max threshold 15)
[2021-04-21T09:37:22.525+0000][7][gc,age       ] GC(98) - age   1:     523216 bytes,     523216 total
[2021-04-21T09:37:22.525+0000][7][gc,age       ] GC(98) - age   2:    1465288 bytes,    1988504 total
[2021-04-21T09:37:22.525+0000][7][gc,phases    ] GC(98)   Pre Evacuate Collection Set: 1.3ms
[2021-04-21T09:37:22.525+0000][7][gc,phases    ] GC(98)   Merge Heap Roots: 0.1ms
[2021-04-21T09:37:22.525+0000][7][gc,phases    ] GC(98)   Evacuate Collection Set: 20.1ms
[2021-04-21T09:37:22.525+0000][7][gc,phases    ] GC(98)   Post Evacuate Collection Set: 0.9ms
[2021-04-21T09:37:22.525+0000][7][gc,phases    ] GC(98)   Other: 0.3ms
[2021-04-21T09:37:22.525+0000][7][gc,heap      ] GC(98) Eden regions: 24->0(26)
[2021-04-21T09:37:22.525+0000][7][gc,heap      ] GC(98) Survivor regions: 4->2(4)
[2021-04-21T09:37:22.526+0000][7][gc,heap      ] GC(98) Old regions: 53->54
[2021-04-21T09:37:22.526+0000][7][gc,heap      ] GC(98) Archive regions: 2->2
[2021-04-21T09:37:22.526+0000][7][gc,heap      ] GC(98) Humongous regions: 1->1
[2021-04-21T09:37:22.526+0000][7][gc,metaspace ] GC(98) Metaspace: 53782K(58496K)->53782K(58496K) NonClass: 46532K(49408K)->46532K(49408K) Class: 7250K(9088K)->7250K(9088K)
[2021-04-21T09:37:22.526+0000][7][gc           ] GC(98) Pause Young (Concurrent Start) (G1 Evacuation Pause) 81M->57M(120M) 23.140ms
[2021-04-21T09:37:22.526+0000][7][gc,cpu       ] GC(98) User=0.05s Sys=0.00s Real=0.02s
[2021-04-21T09:37:22.526+0000][7][gc           ] GC(99) Concurrent Cycle
[2021-04-21T09:37:22.526+0000][7][gc,marking   ] GC(99) Concurrent Clear Claimed Marks
[2021-04-21T09:37:22.526+0000][7][gc,marking   ] GC(99) Concurrent Clear Claimed Marks 0.282ms
[2021-04-21T09:37:22.526+0000][7][gc,marking   ] GC(99) Concurrent Scan Root Regions
[2021-04-21T09:37:22.526+0000][7][safepoint    ] Safepoint "G1CollectForAllocation", Time since last: 86871925 ns, Reaching safepoint: 268798 ns, At safepoint: 23229143 ns, Total: 23497941 ns
[2021-04-21T09:37:22.534+0000][7][gc,marking   ] GC(99) Concurrent Scan Root Regions 7.676ms
[2021-04-21T09:37:22.535+0000][7][gc,marking   ] GC(99) Concurrent Mark (19.511s)
[2021-04-21T09:37:22.535+0000][7][gc,marking   ] GC(99) Concurrent Mark From Roots
[2021-04-21T09:37:22.536+0000][7][gc,task      ] GC(99) Using 1 workers of 1 for marking
[2021-04-21T09:37:22.674+0000][7][gc,marking   ] GC(99) Concurrent Mark From Roots 138.411ms
[2021-04-21T09:37:22.674+0000][7][gc,marking   ] GC(99) Concurrent Preclean
[2021-04-21T09:37:22.674+0000][7][gc,marking   ] GC(99) Concurrent Preclean 0.337ms
[2021-04-21T09:37:22.674+0000][7][gc,marking   ] GC(99) Concurrent Mark (19.511s, 19.651s) 139.500ms
[2021-04-21T09:37:22.680+0000][7][gc,start     ] GC(99) Pause Remark
[2021-04-21T09:37:22.691+0000][7][gc           ] GC(99) Pause Remark 75M->75M(128M) 10.518ms
[2021-04-21T09:37:22.691+0000][7][gc,cpu       ] GC(99) User=0.01s Sys=0.00s Real=0.01s
[2021-04-21T09:37:22.691+0000][7][safepoint    ] Safepoint "G1Concurrent", Time since last: 148401224 ns, Reaching safepoint: 5952130 ns, At safepoint: 10618474 ns, Total: 16570604 ns
[2021-04-21T09:37:22.692+0000][7][gc,marking   ] GC(99) Concurrent Rebuild Remembered Sets
[2021-04-21T09:37:22.778+0000][7][gc,start     ] GC(100) Pause Young (Normal) (G1 Evacuation Pause)
[2021-04-21T09:37:22.782+0000][7][gc,task      ] GC(100) Using 3 workers of 4 for evacuation
[2021-04-21T09:37:22.783+0000][7][gc,age       ] GC(100) Desired survivor size 2097152 bytes, new threshold 15 (max threshold 15)
[2021-04-21T09:37:22.788+0000][7][gc,age       ] GC(100) Age table with threshold 15 (max threshold 15)
[2021-04-21T09:37:22.788+0000][7][gc,age       ] GC(100) - age   1:     291368 bytes,     291368 total
[2021-04-21T09:37:22.788+0000][7][gc,age       ] GC(100) - age   2:     507248 bytes,     798616 total
[2021-04-21T09:37:22.788+0000][7][gc,age       ] GC(100) - age   3:    1463496 bytes,    2262112 total
[2021-04-21T09:37:22.788+0000][7][gc,phases    ] GC(100)   Pre Evacuate Collection Set: 0.1ms
[2021-04-21T09:37:22.788+0000][7][gc,phases    ] GC(100)   Merge Heap Roots: 0.1ms
[2021-04-21T09:37:22.788+0000][7][gc,phases    ] GC(100)   Evacuate Collection Set: 4.2ms
[2021-04-21T09:37:22.788+0000][7][gc,phases    ] GC(100)   Post Evacuate Collection Set: 0.6ms
[2021-04-21T09:37:22.788+0000][7][gc,phases    ] GC(100)   Other: 4.7ms
[2021-04-21T09:37:22.788+0000][7][gc,heap      ] GC(100) Eden regions: 26->0(31)
[2021-04-21T09:37:22.788+0000][7][gc,heap      ] GC(100) Survivor regions: 2->3(4)
[2021-04-21T09:37:22.788+0000][7][gc,heap      ] GC(100) Old regions: 54->54
[2021-04-21T09:37:22.788+0000][7][gc,heap      ] GC(100) Archive regions: 2->2
[2021-04-21T09:37:22.788+0000][7][gc,heap      ] GC(100) Humongous regions: 1->1
[2021-04-21T09:37:22.788+0000][7][gc,metaspace ] GC(100) Metaspace: 54791K(59648K)->54791K(59648K) NonClass: 47301K(50176K)->47301K(50176K) Class: 7489K(9472K)->7489K(9472K)
[2021-04-21T09:37:22.788+0000][7][gc           ] GC(100) Pause Young (Normal) (G1 Evacuation Pause) 83M->58M(128M) 9.936ms
[2021-04-21T09:37:22.788+0000][7][gc,cpu       ] GC(100) User=0.02s Sys=0.00s Real=0.01s
[2021-04-21T09:37:22.788+0000][7][safepoint    ] Safepoint "G1CollectForAllocation", Time since last: 86956679 ns, Reaching safepoint: 702213 ns, At safepoint: 10030647 ns, Total: 10732860 ns
[2021-04-21T09:37:22.820+0000][7][gc,marking   ] GC(99) Concurrent Rebuild Remembered Sets 127.947ms
[2021-04-21T09:37:22.820+0000][7][gc,start     ] GC(99) Pause Cleanup
[2021-04-21T09:37:22.821+0000][7][gc           ] GC(99) Pause Cleanup 62M->62M(128M) 0.289ms
[2021-04-21T09:37:22.821+0000][7][gc,cpu       ] GC(99) User=0.00s Sys=0.00s Real=0.00s
[2021-04-21T09:37:22.821+0000][7][safepoint    ] Safepoint "G1Concurrent", Time since last: 31844854 ns, Reaching safepoint: 175527 ns, At safepoint: 347184 ns, Total: 522711 ns
[2021-04-21T09:37:22.821+0000][7][gc,marking   ] GC(99) Concurrent Cleanup for Next Mark
[2021-04-21T09:37:22.821+0000][7][gc,marking   ] GC(99) Concurrent Cleanup for Next Mark 0.385ms
[2021-04-21T09:37:22.821+0000][7][gc           ] GC(99) Concurrent Cycle 295.484ms
[2021-04-21T09:37:23.068+0000][7][gc,start     ] GC(101) Pause Young (Normal) (G1 Evacuation Pause)
[2021-04-21T09:37:23.068+0000][7][gc,task      ] GC(101) Using 3 workers of 4 for evacuation
[2021-04-21T09:37:23.068+0000][7][gc,age       ] GC(101) Desired survivor size 2621440 bytes, new threshold 15 (max threshold 15)
[2021-04-21T09:37:23.083+0000][7][gc,age       ] GC(101) Age table with threshold 15 (max threshold 15)
[2021-04-21T09:37:23.083+0000][7][gc,age       ] GC(101) - age   1:     469192 bytes,     469192 total
[2021-04-21T09:37:23.083+0000][7][gc,age       ] GC(101) - age   2:     281024 bytes,     750216 total
[2021-04-21T09:37:23.083+0000][7][gc,age       ] GC(101) - age   3:     505648 bytes,    1255864 total
[2021-04-21T09:37:23.083+0000][7][gc,age       ] GC(101) - age   4:    1461576 bytes,    2717440 total
[2021-04-21T09:37:23.083+0000][7][gc,phases    ] GC(101)   Pre Evacuate Collection Set: 0.1ms
[2021-04-21T09:37:23.083+0000][7][gc,phases    ] GC(101)   Merge Heap Roots: 0.1ms
[2021-04-21T09:37:23.083+0000][7][gc,phases    ] GC(101)   Evacuate Collection Set: 13.9ms
[2021-04-21T09:37:23.083+0000][7][gc,phases    ] GC(101)   Post Evacuate Collection Set: 0.9ms
[2021-04-21T09:37:23.083+0000][7][gc,phases    ] GC(101)   Other: 0.8ms
[2021-04-21T09:37:23.083+0000][7][gc,heap      ] GC(101) Eden regions: 31->0(32)
[2021-04-21T09:37:23.083+0000][7][gc,heap      ] GC(101) Survivor regions: 3->3(5)
[2021-04-21T09:37:23.083+0000][7][gc,heap      ] GC(101) Old regions: 54->54
[2021-04-21T09:37:23.083+0000][7][gc,heap      ] GC(101) Archive regions: 2->2
[2021-04-21T09:37:23.083+0000][7][gc,heap      ] GC(101) Humongous regions: 1->1
[2021-04-21T09:37:23.083+0000][7][gc,metaspace ] GC(101) Metaspace: 57356K(62336K)->57356K(62336K) NonClass: 49508K(52480K)->49508K(52480K) Class: 7848K(9856K)->7848K(9856K)
[2021-04-21T09:37:23.084+0000][7][gc           ] GC(101) Pause Young (Normal) (G1 Evacuation Pause) 89M->58M(128M) 15.872ms
[2021-04-21T09:37:23.084+0000][7][gc,cpu       ] GC(101) User=0.03s Sys=0.00s Real=0.01s
[2021-04-21T09:37:23.084+0000][7][safepoint    ] Safepoint "G1CollectForAllocation", Time since last: 246791110 ns, Reaching safepoint: 148753 ns, At safepoint: 15963753 ns, Total: 16112506 ns
[2021-04-21T09:37:23.462+0000][7][gc,start     ] GC(102) Pause Young (Concurrent Start) (G1 Evacuation Pause)
[2021-04-21T09:37:23.462+0000][7][gc,task      ] GC(102) Using 3 workers of 4 for evacuation
[2021-04-21T09:37:23.462+0000][7][gc,age       ] GC(102) Desired survivor size 2621440 bytes, new threshold 4 (max threshold 15)
[2021-04-21T09:37:23.471+0000][7][gc,age       ] GC(102) Age table with threshold 4 (max threshold 15)
[2021-04-21T09:37:23.471+0000][7][gc,age       ] GC(102) - age   1:     478312 bytes,     478312 total
[2021-04-21T09:37:23.471+0000][7][gc,age       ] GC(102) - age   2:     455592 bytes,     933904 total
[2021-04-21T09:37:23.471+0000][7][gc,age       ] GC(102) - age   3:     281024 bytes,    1214928 total
[2021-04-21T09:37:23.471+0000][7][gc,age       ] GC(102) - age   4:     503848 bytes,    1718776 total
[2021-04-21T09:37:23.471+0000][7][gc,phases    ] GC(102)   Pre Evacuate Collection Set: 0.4ms
[2021-04-21T09:37:23.471+0000][7][gc,phases    ] GC(102)   Merge Heap Roots: 0.2ms
[2021-04-21T09:37:23.471+0000][7][gc,phases    ] GC(102)   Evacuate Collection Set: 7.3ms
[2021-04-21T09:37:23.471+0000][7][gc,phases    ] GC(102)   Post Evacuate Collection Set: 0.5ms
[2021-04-21T09:37:23.471+0000][7][gc,phases    ] GC(102)   Other: 0.2ms
[2021-04-21T09:37:23.471+0000][7][gc,heap      ] GC(102) Eden regions: 32->0(31)
[2021-04-21T09:37:23.471+0000][7][gc,heap      ] GC(102) Survivor regions: 3->2(5)
[2021-04-21T09:37:23.471+0000][7][gc,heap      ] GC(102) Old regions: 54->56
[2021-04-21T09:37:23.471+0000][7][gc,heap      ] GC(102) Archive regions: 2->2
[2021-04-21T09:37:23.471+0000][7][gc,heap      ] GC(102) Humongous regions: 1->1
[2021-04-21T09:37:23.471+0000][7][gc,metaspace ] GC(102) Metaspace: 59946K(65024K)->59946K(65024K) NonClass: 51742K(54784K)->51742K(54784K) Class: 8203K(10240K)->8203K(10240K)
[2021-04-21T09:37:23.471+0000][7][gc           ] GC(102) Pause Young (Concurrent Start) (G1 Evacuation Pause) 90M->59M(128M) 8.734ms
[2021-04-21T09:37:23.471+0000][7][gc,cpu       ] GC(102) User=0.02s Sys=0.00s Real=0.01s
[2021-04-21T09:37:23.471+0000][7][gc           ] GC(103) Concurrent Cycle
[2021-04-21T09:37:23.471+0000][7][gc,marking   ] GC(103) Concurrent Clear Claimed Marks
[2021-04-21T09:37:23.471+0000][7][safepoint    ] Safepoint "G1CollectForAllocation", Time since last: 378209285 ns, Reaching safepoint: 595809 ns, At safepoint: 8807742 ns, Total: 9403551 ns
[2021-04-21T09:37:23.472+0000][7][gc,marking   ] GC(103) Concurrent Clear Claimed Marks 0.296ms
[2021-04-21T09:37:23.472+0000][7][gc,marking   ] GC(103) Concurrent Scan Root Regions
[2021-04-21T09:37:23.477+0000][7][gc,marking   ] GC(103) Concurrent Scan Root Regions 5.726ms
[2021-04-21T09:37:23.477+0000][7][gc,marking   ] GC(103) Concurrent Mark (20.454s)
[2021-04-21T09:37:23.477+0000][7][gc,marking   ] GC(103) Concurrent Mark From Roots
[2021-04-21T09:37:23.477+0000][7][gc,task      ] GC(103) Using 1 workers of 1 for marking
[2021-04-21T09:37:23.613+0000][7][gc,marking   ] GC(103) Concurrent Mark From Roots 135.283ms
[2021-04-21T09:37:23.613+0000][7][gc,marking   ] GC(103) Concurrent Preclean
[2021-04-21T09:37:23.613+0000][7][gc,marking   ] GC(103) Concurrent Preclean 0.172ms
[2021-04-21T09:37:23.613+0000][7][gc,marking   ] GC(103) Concurrent Mark (20.454s, 20.590s) 135.569ms
[2021-04-21T09:37:23.613+0000][7][gc,start     ] GC(103) Pause Remark
[2021-04-21T09:37:23.619+0000][7][gc           ] GC(103) Pause Remark 67M->67M(128M) 6.319ms
[2021-04-21T09:37:23.620+0000][7][gc,cpu       ] GC(103) User=0.01s Sys=0.00s Real=0.01s
[2021-04-21T09:37:23.620+0000][7][safepoint    ] Safepoint "G1Concurrent", Time since last: 141724146 ns, Reaching safepoint: 237832 ns, At safepoint: 6400668 ns, Total: 6638500 ns
[2021-04-21T09:37:23.620+0000][7][gc,marking   ] GC(103) Concurrent Rebuild Remembered Sets
[2021-04-21T09:37:23.714+0000][7][gc,marking   ] GC(103) Concurrent Rebuild Remembered Sets 93.857ms
[2021-04-21T09:37:23.725+0000][7][gc,start     ] GC(103) Pause Cleanup
[2021-04-21T09:37:23.727+0000][7][gc           ] GC(103) Pause Cleanup 69M->69M(128M) 1.512ms
[2021-04-21T09:37:23.727+0000][7][gc,cpu       ] GC(103) User=0.00s Sys=0.00s Real=0.01s
[2021-04-21T09:37:23.727+0000][7][safepoint    ] Safepoint "G1Concurrent", Time since last: 98810881 ns, Reaching safepoint: 6904126 ns, At safepoint: 1632409 ns, Total: 8536535 ns
[2021-04-21T09:37:23.727+0000][7][gc,marking   ] GC(103) Concurrent Cleanup for Next Mark
[2021-04-21T09:37:23.728+0000][7][gc,marking   ] GC(103) Concurrent Cleanup for Next Mark 0.314ms
[2021-04-21T09:37:23.728+0000][7][gc           ] GC(103) Concurrent Cycle 256.615ms
[2021-04-21T09:37:24.196+0000][7][gc,start     ] GC(104) Pause Young (Normal) (G1 Evacuation Pause)
[2021-04-21T09:37:24.196+0000][7][gc,task      ] GC(104) Using 3 workers of 4 for evacuation
[2021-04-21T09:37:24.196+0000][7][gc,age       ] GC(104) Desired survivor size 2621440 bytes, new threshold 15 (max threshold 15)
[2021-04-21T09:37:24.209+0000][7][gc,age       ] GC(104) Age table with threshold 15 (max threshold 15)
[2021-04-21T09:37:24.209+0000][7][gc,age       ] GC(104) - age   1:    1434136 bytes,    1434136 total
[2021-04-21T09:37:24.209+0000][7][gc,age       ] GC(104) - age   2:     437664 bytes,    1871800 total
[2021-04-21T09:37:24.209+0000][7][gc,age       ] GC(104) - age   3:     454848 bytes,    2326648 total
[2021-04-21T09:37:24.209+0000][7][gc,age       ] GC(104) - age   4:     280768 bytes,    2607416 total
[2021-04-21T09:37:24.209+0000][7][gc,age       ] GC(104) - age   5:     501824 bytes,    3109240 total
[2021-04-21T09:37:24.209+0000][7][gc,phases    ] GC(104)   Pre Evacuate Collection Set: 0.1ms
[2021-04-21T09:37:24.209+0000][7][gc,phases    ] GC(104)   Merge Heap Roots: 0.1ms
[2021-04-21T09:37:24.209+0000][7][gc,phases    ] GC(104)   Evacuate Collection Set: 10.8ms
[2021-04-21T09:37:24.209+0000][7][gc,phases    ] GC(104)   Post Evacuate Collection Set: 1.5ms
[2021-04-21T09:37:24.209+0000][7][gc,phases    ] GC(104)   Other: 0.3ms
[2021-04-21T09:37:24.209+0000][7][gc,heap      ] GC(104) Eden regions: 31->0(29)
[2021-04-21T09:37:24.209+0000][7][gc,heap      ] GC(104) Survivor regions: 2->4(5)
[2021-04-21T09:37:24.209+0000][7][gc,heap      ] GC(104) Old regions: 56->56
[2021-04-21T09:37:24.209+0000][7][gc,heap      ] GC(104) Archive regions: 2->2
[2021-04-21T09:37:24.209+0000][7][gc,heap      ] GC(104) Humongous regions: 1->1
[2021-04-21T09:37:24.209+0000][7][gc,metaspace ] GC(104) Metaspace: 64465K(69760K)->64465K(69760K) NonClass: 55703K(58880K)->55703K(58880K) Class: 8762K(10880K)->8762K(10880K)
[2021-04-21T09:37:24.209+0000][7][gc           ] GC(104) Pause Young (Normal) (G1 Evacuation Pause) 90M->60M(128M) 12.933ms
[2021-04-21T09:37:24.209+0000][7][gc,cpu       ] GC(104) User=0.03s Sys=0.00s Real=0.02s
[2021-04-21T09:37:24.209+0000][7][safepoint    ] Safepoint "G1CollectForAllocation", Time since last: 467950410 ns, Reaching safepoint: 1375257 ns, At safepoint: 13027936 ns, Total: 14403193 ns
[2021-04-21T09:37:24.986+0000][7][gc,start     ] GC(105) Pause Young (Concurrent Start) (G1 Evacuation Pause)
[2021-04-21T09:37:24.987+0000][7][gc,task      ] GC(105) Using 3 workers of 4 for evacuation
[2021-04-21T09:37:24.990+0000][7][gc,age       ] GC(105) Desired survivor size 2621440 bytes, new threshold 5 (max threshold 15)
[2021-04-21T09:37:25.010+0000][7][gc,age       ] GC(105) Age table with threshold 5 (max threshold 15)
[2021-04-21T09:37:25.010+0000][7][gc,age       ] GC(105) - age   1:    1996384 bytes,    1996384 total
[2021-04-21T09:37:25.010+0000][7][gc,age       ] GC(105) - age   2:    1340840 bytes,    3337224 total
[2021-04-21T09:37:25.010+0000][7][gc,age       ] GC(105) - age   3:     434688 bytes,    3771912 total
[2021-04-21T09:37:25.010+0000][7][gc,age       ] GC(105) - age   4:     453168 bytes,    4225080 total
[2021-04-21T09:37:25.010+0000][7][gc,age       ] GC(105) - age   5:     279680 bytes,    4504760 total
[2021-04-21T09:37:25.010+0000][7][gc,phases    ] GC(105)   Pre Evacuate Collection Set: 2.0ms
[2021-04-21T09:37:25.010+0000][7][gc,phases    ] GC(105)   Merge Heap Roots: 0.1ms
[2021-04-21T09:37:25.010+0000][7][gc,phases    ] GC(105)   Evacuate Collection Set: 15.5ms
[2021-04-21T09:37:25.010+0000][7][gc,phases    ] GC(105)   Post Evacuate Collection Set: 1.0ms
[2021-04-21T09:37:25.010+0000][7][gc,phases    ] GC(105)   Other: 5.8ms
[2021-04-21T09:37:25.010+0000][7][gc,heap      ] GC(105) Eden regions: 29->0(27)
[2021-04-21T09:37:25.010+0000][7][gc,heap      ] GC(105) Survivor regions: 4->5(5)
[2021-04-21T09:37:25.010+0000][7][gc,heap      ] GC(105) Old regions: 56->56
[2021-04-21T09:37:25.010+0000][7][gc,heap      ] GC(105) Archive regions: 2->2
[2021-04-21T09:37:25.010+0000][7][gc,heap      ] GC(105) Humongous regions: 1->1
[2021-04-21T09:37:25.010+0000][7][gc,metaspace ] GC(105) Metaspace: 66907K(72448K)->66907K(72448K) NonClass: 57826K(61184K)->57826K(61184K) Class: 9080K(11264K)->9080K(11264K)
[2021-04-21T09:37:25.010+0000][7][gc           ] GC(105) Pause Young (Concurrent Start) (G1 Evacuation Pause) 89M->62M(128M) 24.474ms
[2021-04-21T09:37:25.011+0000][7][gc,cpu       ] GC(105) User=0.06s Sys=0.00s Real=0.03s
[2021-04-21T09:37:25.011+0000][7][safepoint    ] Safepoint "G1CollectForAllocation", Time since last: 776562897 ns, Reaching safepoint: 166160 ns, At safepoint: 24560068 ns, Total: 24726228 ns
[2021-04-21T09:37:25.011+0000][7][gc           ] GC(106) Concurrent Cycle
[2021-04-21T09:37:25.012+0000][7][gc,marking   ] GC(106) Concurrent Clear Claimed Marks
[2021-04-21T09:37:25.012+0000][7][gc,marking   ] GC(106) Concurrent Clear Claimed Marks 0.390ms
[2021-04-21T09:37:25.012+0000][7][gc,marking   ] GC(106) Concurrent Scan Root Regions
[2021-04-21T09:37:25.021+0000][7][gc,marking   ] GC(106) Concurrent Scan Root Regions 8.836ms
[2021-04-21T09:37:25.022+0000][7][gc,marking   ] GC(106) Concurrent Mark (21.999s)
[2021-04-21T09:37:25.022+0000][7][gc,marking   ] GC(106) Concurrent Mark From Roots
[2021-04-21T09:37:25.023+0000][7][gc,task      ] GC(106) Using 1 workers of 1 for marking
[2021-04-21T09:37:25.218+0000][7][gc,marking   ] GC(106) Concurrent Mark From Roots 195.790ms
[2021-04-21T09:37:25.218+0000][7][gc,marking   ] GC(106) Concurrent Preclean
[2021-04-21T09:37:25.219+0000][7][gc,marking   ] GC(106) Concurrent Preclean 0.828ms
[2021-04-21T09:37:25.220+0000][7][gc,marking   ] GC(106) Concurrent Mark (21.999s, 22.196s) 197.217ms
[2021-04-21T09:37:25.221+0000][7][gc,start     ] GC(106) Pause Remark
[2021-04-21T09:37:25.228+0000][7][gc           ] GC(106) Pause Remark 69M->69M(128M) 7.582ms
[2021-04-21T09:37:25.228+0000][7][gc,cpu       ] GC(106) User=0.02s Sys=0.00s Real=0.01s
[2021-04-21T09:37:25.228+0000][7][safepoint    ] Safepoint "G1Concurrent", Time since last: 209840561 ns, Reaching safepoint: 170696 ns, At safepoint: 7682665 ns, Total: 7853361 ns
[2021-04-21T09:37:25.229+0000][7][gc,marking   ] GC(106) Concurrent Rebuild Remembered Sets
[2021-04-21T09:37:25.332+0000][7][gc,marking   ] GC(106) Concurrent Rebuild Remembered Sets 102.884ms
[2021-04-21T09:37:25.336+0000][7][gc,start     ] GC(106) Pause Cleanup
[2021-04-21T09:37:25.336+0000][7][gc           ] GC(106) Pause Cleanup 72M->72M(128M) 0.167ms
[2021-04-21T09:37:25.336+0000][7][gc,cpu       ] GC(106) User=0.00s Sys=0.00s Real=0.00s
[2021-04-21T09:37:25.336+0000][7][safepoint    ] Safepoint "G1Concurrent", Time since last: 103952885 ns, Reaching safepoint: 3627222 ns, At safepoint: 220593 ns, Total: 3847815 ns
[2021-04-21T09:37:25.336+0000][7][gc,marking   ] GC(106) Concurrent Cleanup for Next Mark
[2021-04-21T09:37:25.336+0000][7][gc,marking   ] GC(106) Concurrent Cleanup for Next Mark 0.359ms
[2021-04-21T09:37:25.336+0000][7][gc           ] GC(106) Concurrent Cycle 325.227ms
[2021-04-21T09:37:25.627+0000][7][gc,start     ] GC(107) Pause Young (Normal) (G1 Evacuation Pause)
[2021-04-21T09:37:25.627+0000][7][gc,task      ] GC(107) Using 3 workers of 4 for evacuation
[2021-04-21T09:37:25.627+0000][7][gc,age       ] GC(107) Desired survivor size 2097152 bytes, new threshold 2 (max threshold 15)
[2021-04-21T09:37:25.643+0000][7][gc,age       ] GC(107) Age table with threshold 2 (max threshold 15)
[2021-04-21T09:37:25.643+0000][7][gc,age       ] GC(107) - age   1:    1219008 bytes,    1219008 total
[2021-04-21T09:37:25.643+0000][7][gc,age       ] GC(107) - age   2:    1724696 bytes,    2943704 total
[2021-04-21T09:37:25.643+0000][7][gc,phases    ] GC(107)   Pre Evacuate Collection Set: 0.0ms
[2021-04-21T09:37:25.643+0000][7][gc,phases    ] GC(107)   Merge Heap Roots: 0.2ms
[2021-04-21T09:37:25.643+0000][7][gc,phases    ] GC(107)   Evacuate Collection Set: 15.7ms
[2021-04-21T09:37:25.643+0000][7][gc,phases    ] GC(107)   Post Evacuate Collection Set: 0.6ms
[2021-04-21T09:37:25.643+0000][7][gc,phases    ] GC(107)   Other: 0.2ms
[2021-04-21T09:37:25.643+0000][7][gc,heap      ] GC(107) Eden regions: 27->0(27)
[2021-04-21T09:37:25.643+0000][7][gc,heap      ] GC(107) Survivor regions: 5->3(4)
[2021-04-21T09:37:25.643+0000][7][gc,heap      ] GC(107) Old regions: 56->59
[2021-04-21T09:37:25.643+0000][7][gc,heap      ] GC(107) Archive regions: 2->2
[2021-04-21T09:37:25.643+0000][7][gc,heap      ] GC(107) Humongous regions: 1->1
[2021-04-21T09:37:25.643+0000][7][gc,metaspace ] GC(107) Metaspace: 69291K(75136K)->69291K(75136K) NonClass: 59821K(63232K)->59821K(63232K) Class: 9469K(11904K)->9469K(11904K)
[2021-04-21T09:37:25.643+0000][7][gc           ] GC(107) Pause Young (Normal) (G1 Evacuation Pause) 89M->63M(128M) 16.777ms
[2021-04-21T09:37:25.643+0000][7][gc,cpu       ] GC(107) User=0.03s Sys=0.00s Real=0.01s
[2021-04-21T09:37:25.644+0000][7][safepoint    ] Safepoint "G1CollectForAllocation", Time since last: 290299254 ns, Reaching safepoint: 163889 ns, At safepoint: 17702199 ns, Total: 17866088 ns
[2021-04-21T09:37:25.935+0000][7][gc,start     ] GC(108) Pause Young (Concurrent Start) (G1 Evacuation Pause)
[2021-04-21T09:37:25.935+0000][7][gc,task      ] GC(108) Using 3 workers of 4 for evacuation
[2021-04-21T09:37:25.935+0000][7][gc,age       ] GC(108) Desired survivor size 2097152 bytes, new threshold 2 (max threshold 15)
[2021-04-21T09:37:25.944+0000][7][gc,age       ] GC(108) Age table with threshold 2 (max threshold 15)
[2021-04-21T09:37:25.944+0000][7][gc,age       ] GC(108) - age   1:     935952 bytes,     935952 total
[2021-04-21T09:37:25.944+0000][7][gc,age       ] GC(108) - age   2:    1175808 bytes,    2111760 total
[2021-04-21T09:37:25.944+0000][7][gc,phases    ] GC(108)   Pre Evacuate Collection Set: 0.5ms
[2021-04-21T09:37:25.944+0000][7][gc,phases    ] GC(108)   Merge Heap Roots: 0.1ms
[2021-04-21T09:37:25.944+0000][7][gc,phases    ] GC(108)   Evacuate Collection Set: 7.2ms
[2021-04-21T09:37:25.944+0000][7][gc,phases    ] GC(108)   Post Evacuate Collection Set: 0.6ms
[2021-04-21T09:37:25.944+0000][7][gc,phases    ] GC(108)   Other: 0.2ms
[2021-04-21T09:37:25.944+0000][7][gc,heap      ] GC(108) Eden regions: 27->0(25)
[2021-04-21T09:37:25.944+0000][7][gc,heap      ] GC(108) Survivor regions: 3->3(4)
[2021-04-21T09:37:25.944+0000][7][gc,heap      ] GC(108) Old regions: 59->61
[2021-04-21T09:37:25.944+0000][7][gc,heap      ] GC(108) Archive regions: 2->2
[2021-04-21T09:37:25.944+0000][7][gc,heap      ] GC(108) Humongous regions: 1->1
[2021-04-21T09:37:25.944+0000][7][gc,metaspace ] GC(108) Metaspace: 72702K(78720K)->72702K(78720K) NonClass: 62743K(66304K)->62743K(66304K) Class: 9958K(12416K)->9958K(12416K)
[2021-04-21T09:37:25.944+0000][7][gc           ] GC(108) Pause Young (Concurrent Start) (G1 Evacuation Pause) 90M->64M(128M) 8.790ms
[2021-04-21T09:37:25.944+0000][7][gc,cpu       ] GC(108) User=0.02s Sys=0.00s Real=0.01s
[2021-04-21T09:37:25.944+0000][7][safepoint    ] Safepoint "G1CollectForAllocation", Time since last: 291017704 ns, Reaching safepoint: 121214 ns, At safepoint: 8863200 ns, Total: 8984414 ns
[2021-04-21T09:37:25.948+0000][7][gc           ] GC(109) Concurrent Cycle
[2021-04-21T09:37:25.948+0000][7][gc,marking   ] GC(109) Concurrent Clear Claimed Marks
[2021-04-21T09:37:25.948+0000][7][gc,marking   ] GC(109) Concurrent Clear Claimed Marks 0.411ms
[2021-04-21T09:37:25.948+0000][7][gc,marking   ] GC(109) Concurrent Scan Root Regions
[2021-04-21T09:37:25.958+0000][7][safepoint    ] Safepoint "BulkRevokeBias", Time since last: 13514318 ns, Reaching safepoint: 172763 ns, At safepoint: 103539 ns, Total: 276302 ns
[2021-04-21T09:37:25.958+0000][7][gc,marking   ] GC(109) Concurrent Scan Root Regions 10.171ms
[2021-04-21T09:37:25.958+0000][7][gc,marking   ] GC(109) Concurrent Mark (22.935s)
[2021-04-21T09:37:25.958+0000][7][gc,marking   ] GC(109) Concurrent Mark From Roots
[2021-04-21T09:37:25.958+0000][7][gc,task      ] GC(109) Using 1 workers of 1 for marking
[2021-04-21T09:37:26.076+0000][7][gc,marking   ] GC(109) Concurrent Mark From Roots 117.613ms
[2021-04-21T09:37:26.077+0000][7][gc,marking   ] GC(109) Concurrent Preclean
[2021-04-21T09:37:26.077+0000][7][gc,marking   ] GC(109) Concurrent Preclean 0.176ms
[2021-04-21T09:37:26.077+0000][7][gc,marking   ] GC(109) Concurrent Mark (22.935s, 23.054s) 118.359ms
[2021-04-21T09:37:26.077+0000][7][gc,start     ] GC(109) Pause Remark
[2021-04-21T09:37:26.082+0000][7][gc           ] GC(109) Pause Remark 69M->69M(128M) 5.384ms
[2021-04-21T09:37:26.082+0000][7][gc,cpu       ] GC(109) User=0.01s Sys=0.00s Real=0.01s
[2021-04-21T09:37:26.082+0000][7][safepoint    ] Safepoint "G1Concurrent", Time since last: 118755865 ns, Reaching safepoint: 219649 ns, At safepoint: 5475964 ns, Total: 5695613 ns
[2021-04-21T09:37:26.082+0000][7][gc,marking   ] GC(109) Concurrent Rebuild Remembered Sets
[2021-04-21T09:37:26.232+0000][7][gc,marking   ] GC(109) Concurrent Rebuild Remembered Sets 149.373ms
[2021-04-21T09:37:26.233+0000][7][gc,start     ] GC(109) Pause Cleanup
[2021-04-21T09:37:26.234+0000][7][gc           ] GC(109) Pause Cleanup 75M->75M(128M) 0.760ms
[2021-04-21T09:37:26.234+0000][7][gc,cpu       ] GC(109) User=0.00s Sys=0.00s Real=0.00s
[2021-04-21T09:37:26.234+0000][7][safepoint    ] Safepoint "G1Concurrent", Time since last: 149503899 ns, Reaching safepoint: 762203 ns, At safepoint: 1701657 ns, Total: 2463860 ns
[2021-04-21T09:37:26.235+0000][7][gc,marking   ] GC(109) Concurrent Cleanup for Next Mark
[2021-04-21T09:37:26.235+0000][7][gc,marking   ] GC(109) Concurrent Cleanup for Next Mark 0.379ms
[2021-04-21T09:37:26.235+0000][7][gc           ] GC(109) Concurrent Cycle 287.593ms
[2021-04-21T09:37:26.545+0000][7][gc,start     ] GC(110) Pause Young (Normal) (G1 Evacuation Pause)
[2021-04-21T09:37:26.546+0000][7][gc,task      ] GC(110) Using 3 workers of 4 for evacuation
[2021-04-21T09:37:26.546+0000][7][gc,age       ] GC(110) Desired survivor size 2097152 bytes, new threshold 2 (max threshold 15)
[2021-04-21T09:37:26.556+0000][7][gc,age       ] GC(110) Age table with threshold 2 (max threshold 15)
[2021-04-21T09:37:26.556+0000][7][gc,age       ] GC(110) - age   1:     633432 bytes,     633432 total
[2021-04-21T09:37:26.556+0000][7][gc,age       ] GC(110) - age   2:     916560 bytes,    1549992 total
[2021-04-21T09:37:26.556+0000][7][gc,phases    ] GC(110)   Pre Evacuate Collection Set: 0.1ms
[2021-04-21T09:37:26.556+0000][7][gc,phases    ] GC(110)   Merge Heap Roots: 0.2ms
[2021-04-21T09:37:26.556+0000][7][gc,phases    ] GC(110)   Evacuate Collection Set: 9.7ms
[2021-04-21T09:37:26.556+0000][7][gc,phases    ] GC(110)   Post Evacuate Collection Set: 0.7ms
[2021-04-21T09:37:26.556+0000][7][gc,phases    ] GC(110)   Other: 0.2ms
[2021-04-21T09:37:26.556+0000][7][gc,heap      ] GC(110) Eden regions: 25->0(26)
[2021-04-21T09:37:26.556+0000][7][gc,heap      ] GC(110) Survivor regions: 3->2(4)
[2021-04-21T09:37:26.556+0000][7][gc,heap      ] GC(110) Old regions: 61->62
[2021-04-21T09:37:26.556+0000][7][gc,heap      ] GC(110) Archive regions: 2->2
[2021-04-21T09:37:26.556+0000][7][gc,heap      ] GC(110) Humongous regions: 1->1
[2021-04-21T09:37:26.556+0000][7][gc,metaspace ] GC(110) Metaspace: 75389K(81664K)->75389K(81664K) NonClass: 65140K(68864K)->65140K(68864K) Class: 10249K(12800K)->10249K(12800K)
[2021-04-21T09:37:26.557+0000][7][gc           ] GC(110) Pause Young (Normal) (G1 Evacuation Pause) 89M->64M(128M) 11.032ms
[2021-04-21T09:37:26.557+0000][7][gc,cpu       ] GC(110) User=0.02s Sys=0.00s Real=0.01s
[2021-04-21T09:37:26.557+0000][7][safepoint    ] Safepoint "G1CollectForAllocation", Time since last: 310916463 ns, Reaching safepoint: 100374 ns, At safepoint: 11115799 ns, Total: 11216173 ns
[2021-04-21T09:37:26.893+0000][7][safepoint    ] Safepoint "BulkRevokeBias", Time since last: 335766037 ns, Reaching safepoint: 243343 ns, At safepoint: 148866 ns, Total: 392209 ns
[2021-04-21T09:37:27.198+0000][7][gc,start     ] GC(111) Pause Young (Concurrent Start) (G1 Evacuation Pause)
[2021-04-21T09:37:27.202+0000][7][gc,task      ] GC(111) Using 4 workers of 4 for evacuation
[2021-04-21T09:37:27.203+0000][7][gc,age       ] GC(111) Desired survivor size 2097152 bytes, new threshold 15 (max threshold 15)
[2021-04-21T09:37:27.212+0000][7][gc,age       ] GC(111) Age table with threshold 15 (max threshold 15)
[2021-04-21T09:37:27.212+0000][7][gc,age       ] GC(111) - age   1:     907184 bytes,     907184 total
[2021-04-21T09:37:27.212+0000][7][gc,age       ] GC(111) - age   2:     504024 bytes,    1411208 total
[2021-04-21T09:37:27.212+0000][7][gc,age       ] GC(111) - age   3:     914632 bytes,    2325840 total
[2021-04-21T09:37:27.212+0000][7][gc,phases    ] GC(111)   Pre Evacuate Collection Set: 0.6ms
[2021-04-21T09:37:27.212+0000][7][gc,phases    ] GC(111)   Merge Heap Roots: 0.1ms
[2021-04-21T09:37:27.212+0000][7][gc,phases    ] GC(111)   Evacuate Collection Set: 7.1ms
[2021-04-21T09:37:27.212+0000][7][gc,phases    ] GC(111)   Post Evacuate Collection Set: 0.6ms
[2021-04-21T09:37:27.212+0000][7][gc,phases    ] GC(111)   Other: 5.6ms
[2021-04-21T09:37:27.212+0000][7][gc,heap      ] GC(111) Eden regions: 26->0(25)
[2021-04-21T09:37:27.212+0000][7][gc,heap      ] GC(111) Survivor regions: 2->3(4)
[2021-04-21T09:37:27.212+0000][7][gc,heap      ] GC(111) Old regions: 62->62
[2021-04-21T09:37:27.213+0000][7][gc,heap      ] GC(111) Archive regions: 2->2
[2021-04-21T09:37:27.213+0000][7][gc,heap      ] GC(111) Humongous regions: 1->1
[2021-04-21T09:37:27.213+0000][7][gc,metaspace ] GC(111) Metaspace: 77102K(83584K)->77102K(83584K) NonClass: 66591K(70400K)->66591K(70400K) Class: 10510K(13184K)->10510K(13184K)
[2021-04-21T09:37:27.213+0000][7][gc           ] GC(111) Pause Young (Concurrent Start) (G1 Evacuation Pause) 90M->65M(128M) 14.145ms
[2021-04-21T09:37:27.213+0000][7][gc,cpu       ] GC(111) User=0.03s Sys=0.00s Real=0.01s
[2021-04-21T09:37:27.213+0000][7][safepoint    ] Safepoint "G1CollectForAllocation", Time since last: 302354093 ns, Reaching safepoint: 3296302 ns, At safepoint: 14241399 ns, Total: 17537701 ns
[2021-04-21T09:37:27.213+0000][7][gc           ] GC(112) Concurrent Cycle
[2021-04-21T09:37:27.213+0000][7][gc,marking   ] GC(112) Concurrent Clear Claimed Marks
[2021-04-21T09:37:27.213+0000][7][gc,marking   ] GC(112) Concurrent Clear Claimed Marks 0.392ms
[2021-04-21T09:37:27.213+0000][7][gc,marking   ] GC(112) Concurrent Scan Root Regions
[2021-04-21T09:37:27.218+0000][7][gc,marking   ] GC(112) Concurrent Scan Root Regions 4.792ms
[2021-04-21T09:37:27.219+0000][7][gc,marking   ] GC(112) Concurrent Mark (24.196s)
[2021-04-21T09:37:27.220+0000][7][gc,marking   ] GC(112) Concurrent Mark From Roots
[2021-04-21T09:37:27.220+0000][7][gc,task      ] GC(112) Using 1 workers of 1 for marking
[2021-04-21T09:37:27.423+0000][7][gc,marking   ] GC(112) Concurrent Mark From Roots 203.608ms
[2021-04-21T09:37:27.424+0000][7][gc,marking   ] GC(112) Concurrent Preclean
[2021-04-21T09:37:27.425+0000][7][gc,marking   ] GC(112) Concurrent Preclean 0.596ms
[2021-04-21T09:37:27.425+0000][7][gc,marking   ] GC(112) Concurrent Mark (24.196s, 24.402s) 206.479ms
[2021-04-21T09:37:27.435+0000][7][gc,start     ] GC(112) Pause Remark
[2021-04-21T09:37:27.449+0000][7][gc           ] GC(112) Pause Remark 84M->84M(128M) 14.927ms
[2021-04-21T09:37:27.450+0000][7][gc,cpu       ] GC(112) User=0.02s Sys=0.00s Real=0.02s
[2021-04-21T09:37:27.450+0000][7][safepoint    ] Safepoint "G1Concurrent", Time since last: 221787717 ns, Reaching safepoint: 131690 ns, At safepoint: 15031101 ns, Total: 15162791 ns
[2021-04-21T09:37:27.450+0000][7][gc,marking   ] GC(112) Concurrent Rebuild Remembered Sets
[2021-04-21T09:37:27.595+0000][7][gc,marking   ] GC(112) Concurrent Rebuild Remembered Sets 145.227ms
[2021-04-21T09:37:27.597+0000][7][gc,start     ] GC(112) Pause Cleanup
[2021-04-21T09:37:27.597+0000][7][gc           ] GC(112) Pause Cleanup 89M->89M(128M) 0.874ms
[2021-04-21T09:37:27.598+0000][7][gc,cpu       ] GC(112) User=0.00s Sys=0.00s Real=0.00s
[2021-04-21T09:37:27.598+0000][7][safepoint    ] Safepoint "G1Concurrent", Time since last: 146271165 ns, Reaching safepoint: 677081 ns, At safepoint: 1890534 ns, Total: 2567615 ns
[2021-04-21T09:37:27.599+0000][7][gc,marking   ] GC(112) Concurrent Cleanup for Next Mark
[2021-04-21T09:37:27.607+0000][7][gc,marking   ] GC(112) Concurrent Cleanup for Next Mark 7.795ms
[2021-04-21T09:37:27.607+0000][7][gc           ] GC(112) Concurrent Cycle 394.639ms
[2021-04-21T09:37:27.642+0000][7][gc,start     ] GC(113) Pause Young (Normal) (G1 Evacuation Pause)
[2021-04-21T09:37:27.643+0000][7][gc,task      ] GC(113) Using 4 workers of 4 for evacuation
[2021-04-21T09:37:27.643+0000][7][gc,age       ] GC(113) Desired survivor size 2097152 bytes, new threshold 3 (max threshold 15)
[2021-04-21T09:37:27.653+0000][7][gc,age       ] GC(113) Age table with threshold 3 (max threshold 15)
[2021-04-21T09:37:27.654+0000][7][gc,age       ] GC(113) - age   1:     894256 bytes,     894256 total
[2021-04-21T09:37:27.655+0000][7][gc,age       ] GC(113) - age   2:     699456 bytes,    1593712 total
[2021-04-21T09:37:27.656+0000][7][gc,age       ] GC(113) - age   3:     493160 bytes,    2086872 total
[2021-04-21T09:37:27.657+0000][7][gc,phases    ] GC(113)   Pre Evacuate Collection Set: 0.1ms
[2021-04-21T09:37:27.657+0000][7][gc,phases    ] GC(113)   Merge Heap Roots: 0.2ms
[2021-04-21T09:37:27.658+0000][7][gc,phases    ] GC(113)   Evacuate Collection Set: 9.7ms
[2021-04-21T09:37:27.659+0000][7][gc,phases    ] GC(113)   Post Evacuate Collection Set: 0.9ms
[2021-04-21T09:37:27.659+0000][7][gc,phases    ] GC(113)   Other: 4.1ms
[2021-04-21T09:37:27.660+0000][7][gc,heap      ] GC(113) Eden regions: 25->0(24)
[2021-04-21T09:37:27.660+0000][7][gc,heap      ] GC(113) Survivor regions: 3->3(4)
[2021-04-21T09:37:27.661+0000][7][gc,heap      ] GC(113) Old regions: 62->63
[2021-04-21T09:37:27.661+0000][7][gc,heap      ] GC(113) Archive regions: 2->2
[2021-04-21T09:37:27.661+0000][7][gc,heap      ] GC(113) Humongous regions: 1->1
[2021-04-21T09:37:27.662+0000][7][gc,metaspace ] GC(113) Metaspace: 79261K(85632K)->79261K(85632K) NonClass: 68434K(72192K)->68434K(72192K) Class: 10827K(13440K)->10827K(13440K)
[2021-04-21T09:37:27.662+0000][7][gc           ] GC(113) Pause Young (Normal) (G1 Evacuation Pause) 90M->66M(128M) 20.806ms
[2021-04-21T09:37:27.663+0000][7][gc,cpu       ] GC(113) User=0.03s Sys=0.00s Real=0.02s
[2021-04-21T09:37:27.664+0000][7][safepoint    ] Safepoint "G1CollectForAllocation", Time since last: 43143625 ns, Reaching safepoint: 69860 ns, At safepoint: 22312545 ns, Total: 22382405 ns
[2021-04-21T09:37:27.759+0000][7][safepoint    ] Safepoint "BulkRevokeBias", Time since last: 94745288 ns, Reaching safepoint: 86756 ns, At safepoint: 232591 ns, Total: 319347 ns
[2021-04-21T09:37:28.024+0000][7][gc,start     ] GC(114) Pause Young (Concurrent Start) (G1 Humongous Allocation)
[2021-04-21T09:37:28.024+0000][7][gc,task      ] GC(114) Using 4 workers of 4 for evacuation
[2021-04-21T09:37:28.025+0000][7][gc,age       ] GC(114) Desired survivor size 2097152 bytes, new threshold 15 (max threshold 15)
[2021-04-21T09:37:28.037+0000][7][gc,age       ] GC(114) Age table with threshold 15 (max threshold 15)
[2021-04-21T09:37:28.037+0000][7][gc,age       ] GC(114) - age   1:     451568 bytes,     451568 total
[2021-04-21T09:37:28.037+0000][7][gc,age       ] GC(114) - age   2:     690624 bytes,    1142192 total
[2021-04-21T09:37:28.037+0000][7][gc,age       ] GC(114) - age   3:     688064 bytes,    1830256 total
[2021-04-21T09:37:28.037+0000][7][gc,age       ] GC(114) - age   4:     492696 bytes,    2322952 total
[2021-04-21T09:37:28.037+0000][7][gc,phases    ] GC(114)   Pre Evacuate Collection Set: 0.4ms
[2021-04-21T09:37:28.037+0000][7][gc,phases    ] GC(114)   Merge Heap Roots: 0.1ms
[2021-04-21T09:37:28.037+0000][7][gc,phases    ] GC(114)   Evacuate Collection Set: 10.8ms
[2021-04-21T09:37:28.037+0000][7][gc,phases    ] GC(114)   Post Evacuate Collection Set: 1.1ms
[2021-04-21T09:37:28.037+0000][7][gc,phases    ] GC(114)   Other: 0.3ms
[2021-04-21T09:37:28.037+0000][7][gc,heap      ] GC(114) Eden regions: 22->0(24)
[2021-04-21T09:37:28.037+0000][7][gc,heap      ] GC(114) Survivor regions: 3->3(4)
[2021-04-21T09:37:28.037+0000][7][gc,heap      ] GC(114) Old regions: 63->63
[2021-04-21T09:37:28.037+0000][7][gc,heap      ] GC(114) Archive regions: 2->2
[2021-04-21T09:37:28.037+0000][7][gc,heap      ] GC(114) Humongous regions: 1->1
[2021-04-21T09:37:28.037+0000][7][gc,metaspace ] GC(114) Metaspace: 80119K(86528K)->80119K(86528K) NonClass: 69169K(72960K)->69169K(72960K) Class: 10950K(13568K)->10950K(13568K)
[2021-04-21T09:37:28.037+0000][7][gc           ] GC(114) Pause Young (Concurrent Start) (G1 Humongous Allocation) 88M->66M(128M) 12.920ms
[2021-04-21T09:37:28.037+0000][7][gc,cpu       ] GC(114) User=0.02s Sys=0.00s Real=0.01s
[2021-04-21T09:37:28.037+0000][7][safepoint    ] Safepoint "G1TryInitiateConcMark", Time since last: 265213323 ns, Reaching safepoint: 190487 ns, At safepoint: 13004782 ns, Total: 13195269 ns
[2021-04-21T09:37:28.037+0000][7][gc           ] GC(115) Concurrent Cycle
[2021-04-21T09:37:28.037+0000][7][gc,marking   ] GC(115) Concurrent Clear Claimed Marks
[2021-04-21T09:37:28.038+0000][7][gc,marking   ] GC(115) Concurrent Clear Claimed Marks 0.536ms
[2021-04-21T09:37:28.038+0000][7][gc,marking   ] GC(115) Concurrent Scan Root Regions
[2021-04-21T09:37:28.047+0000][7][gc,marking   ] GC(115) Concurrent Scan Root Regions 9.089ms
[2021-04-21T09:37:28.047+0000][7][gc,marking   ] GC(115) Concurrent Mark (25.024s)
[2021-04-21T09:37:28.047+0000][7][gc,marking   ] GC(115) Concurrent Mark From Roots
[2021-04-21T09:37:28.047+0000][7][gc,task      ] GC(115) Using 1 workers of 1 for marking
[2021-04-21T09:37:28.255+0000][7][safepoint    ] Safepoint "BulkRevokeBias", Time since last: 216499684 ns, Reaching safepoint: 375292 ns, At safepoint: 246485 ns, Total: 621777 ns
[2021-04-21T09:37:28.321+0000][7][gc,marking   ] GC(115) Concurrent Mark From Roots 273.436ms
[2021-04-21T09:37:28.321+0000][7][gc,marking   ] GC(115) Concurrent Preclean
[2021-04-21T09:37:28.322+0000][7][gc,marking   ] GC(115) Concurrent Preclean 0.582ms
[2021-04-21T09:37:28.322+0000][7][gc,marking   ] GC(115) Concurrent Mark (25.024s, 25.299s) 275.126ms
[2021-04-21T09:37:28.327+0000][7][gc,start     ] GC(115) Pause Remark
[2021-04-21T09:37:28.337+0000][7][gc           ] GC(115) Pause Remark 79M->79M(128M) 10.099ms
[2021-04-21T09:37:28.337+0000][7][gc,cpu       ] GC(115) User=0.01s Sys=0.00s Real=0.00s
[2021-04-21T09:37:28.337+0000][7][safepoint    ] Safepoint "G1Concurrent", Time since last: 68225927 ns, Reaching safepoint: 4383851 ns, At safepoint: 10204079 ns, Total: 14587930 ns
[2021-04-21T09:37:28.338+0000][7][gc,marking   ] GC(115) Concurrent Rebuild Remembered Sets
[2021-04-21T09:37:28.491+0000][7][gc,marking   ] GC(115) Concurrent Rebuild Remembered Sets 152.610ms
[2021-04-21T09:37:28.495+0000][7][gc,start     ] GC(115) Pause Cleanup
[2021-04-21T09:37:28.495+0000][7][gc           ] GC(115) Pause Cleanup 85M->85M(128M) 0.190ms
[2021-04-21T09:37:28.496+0000][7][gc,cpu       ] GC(115) User=0.00s Sys=0.00s Real=0.00s
[2021-04-21T09:37:28.496+0000][7][safepoint    ] Safepoint "G1Concurrent", Time since last: 157038103 ns, Reaching safepoint: 855943 ns, At safepoint: 349841 ns, Total: 1205784 ns
[2021-04-21T09:37:28.496+0000][7][gc,marking   ] GC(115) Concurrent Cleanup for Next Mark
[2021-04-21T09:37:28.496+0000][7][gc,marking   ] GC(115) Concurrent Cleanup for Next Mark 0.826ms
[2021-04-21T09:37:28.497+0000][7][gc           ] GC(115) Concurrent Cycle 459.170ms
[2021-04-21T09:37:28.687+0000][7][gc,start     ] GC(116) Pause Young (Normal) (G1 Evacuation Pause)
[2021-04-21T09:37:28.688+0000][7][gc,task      ] GC(116) Using 4 workers of 4 for evacuation
[2021-04-21T09:37:28.688+0000][7][gc,age       ] GC(116) Desired survivor size 2097152 bytes, new threshold 4 (max threshold 15)
[2021-04-21T09:37:28.699+0000][7][gc,age       ] GC(116) Age table with threshold 4 (max threshold 15)
[2021-04-21T09:37:28.699+0000][7][gc,age       ] GC(116) - age   1:    1942424 bytes,    1942424 total
[2021-04-21T09:37:28.699+0000][7][gc,age       ] GC(116) - age   2:     385040 bytes,    2327464 total
[2021-04-21T09:37:28.699+0000][7][gc,age       ] GC(116) - age   3:     690216 bytes,    3017680 total
[2021-04-21T09:37:28.699+0000][7][gc,age       ] GC(116) - age   4:     687904 bytes,    3705584 total
[2021-04-21T09:37:28.700+0000][7][gc,phases    ] GC(116)   Pre Evacuate Collection Set: 0.1ms
[2021-04-21T09:37:28.700+0000][7][gc,phases    ] GC(116)   Merge Heap Roots: 0.1ms
[2021-04-21T09:37:28.700+0000][7][gc,phases    ] GC(116)   Evacuate Collection Set: 10.2ms
[2021-04-21T09:37:28.700+0000][7][gc,phases    ] GC(116)   Post Evacuate Collection Set: 1.0ms
[2021-04-21T09:37:28.700+0000][7][gc,phases    ] GC(116)   Other: 0.9ms
[2021-04-21T09:37:28.700+0000][7][gc,heap      ] GC(116) Eden regions: 24->0(16)
[2021-04-21T09:37:28.700+0000][7][gc,heap      ] GC(116) Survivor regions: 3->4(4)
[2021-04-21T09:37:28.700+0000][7][gc,heap      ] GC(116) Old regions: 63->63
[2021-04-21T09:37:28.700+0000][7][gc,heap      ] GC(116) Archive regions: 2->2
[2021-04-21T09:37:28.700+0000][7][gc,heap      ] GC(116) Humongous regions: 7->7
[2021-04-21T09:37:28.700+0000][7][gc,metaspace ] GC(116) Metaspace: 81947K(88576K)->81947K(88576K) NonClass: 70775K(74752K)->70775K(74752K) Class: 11171K(13824K)->11171K(13824K)
[2021-04-21T09:37:28.700+0000][7][gc           ] GC(116) Pause Young (Normal) (G1 Evacuation Pause) 96M->74M(128M) 12.406ms
[2021-04-21T09:37:28.700+0000][7][gc,cpu       ] GC(116) User=0.02s Sys=0.00s Real=0.01s
[2021-04-21T09:37:28.700+0000][7][safepoint    ] Safepoint "G1CollectForAllocation", Time since last: 191534153 ns, Reaching safepoint: 174049 ns, At safepoint: 12493896 ns, Total: 12667945 ns
[2021-04-21T09:37:28.802+0000][7][gc,start     ] GC(117) Pause Young (Concurrent Start) (G1 Evacuation Pause)
[2021-04-21T09:37:28.803+0000][7][gc,task      ] GC(117) Using 4 workers of 4 for evacuation
[2021-04-21T09:37:28.804+0000][7][gc,age       ] GC(117) Desired survivor size 1572864 bytes, new threshold 1 (max threshold 15)
[2021-04-21T09:37:28.818+0000][7][gc,age       ] GC(117) Age table with threshold 1 (max threshold 15)
[2021-04-21T09:37:28.818+0000][7][gc,age       ] GC(117) - age   1:     138112 bytes,     138112 total
[2021-04-21T09:37:28.819+0000][7][gc,phases    ] GC(117)   Pre Evacuate Collection Set: 0.7ms
[2021-04-21T09:37:28.820+0000][7][gc,phases    ] GC(117)   Merge Heap Roots: 0.1ms
[2021-04-21T09:37:28.820+0000][7][gc,phases    ] GC(117)   Evacuate Collection Set: 11.0ms
[2021-04-21T09:37:28.821+0000][7][gc,phases    ] GC(117)   Post Evacuate Collection Set: 0.9ms
[2021-04-21T09:37:28.822+0000][7][gc,phases    ] GC(117)   Other: 4.5ms
[2021-04-21T09:37:28.822+0000][7][gc,heap      ] GC(117) Eden regions: 16->0(17)
[2021-04-21T09:37:28.823+0000][7][gc,heap      ] GC(117) Survivor regions: 4->1(3)
[2021-04-21T09:37:28.824+0000][7][gc,heap      ] GC(117) Old regions: 63->67
[2021-04-21T09:37:28.824+0000][7][gc,heap      ] GC(117) Archive regions: 2->2
[2021-04-21T09:37:28.825+0000][7][gc,heap      ] GC(117) Humongous regions: 7->7
[2021-04-21T09:37:28.825+0000][7][gc,metaspace ] GC(117) Metaspace: 82234K(88960K)->82234K(88960K) NonClass: 71033K(75008K)->71033K(75008K) Class: 11201K(13952K)->11201K(13952K)
[2021-04-21T09:37:28.831+0000][7][gc           ] GC(117) Pause Young (Concurrent Start) (G1 Evacuation Pause) 90M->74M(128M) 28.989ms
[2021-04-21T09:37:28.834+0000][7][gc,cpu       ] GC(117) User=0.04s Sys=0.00s Real=0.03s
[2021-04-21T09:37:28.834+0000][7][gc           ] GC(118) Concurrent Cycle
[2021-04-21T09:37:28.835+0000][7][gc,marking   ] GC(118) Concurrent Clear Claimed Marks
[2021-04-21T09:37:28.835+0000][7][gc,marking   ] GC(118) Concurrent Clear Claimed Marks 0.755ms
[2021-04-21T09:37:28.835+0000][7][gc,marking   ] GC(118) Concurrent Scan Root Regions
[2021-04-21T09:37:28.834+0000][7][safepoint    ] Safepoint "G1CollectForAllocation", Time since last: 101025827 ns, Reaching safepoint: 1175836 ns, At safepoint: 32381594 ns, Total: 33557430 ns
[2021-04-21T09:37:28.842+0000][7][gc,marking   ] GC(118) Concurrent Scan Root Regions 6.216ms
[2021-04-21T09:37:28.845+0000][7][gc,marking   ] GC(118) Concurrent Mark (25.822s)
[2021-04-21T09:37:28.845+0000][7][gc,marking   ] GC(118) Concurrent Mark From Roots
[2021-04-21T09:37:28.845+0000][7][gc,task      ] GC(118) Using 1 workers of 1 for marking
[2021-04-21T09:37:29.036+0000][7][gc,start     ] GC(119) Pause Young (Normal) (G1 Evacuation Pause)
[2021-04-21T09:37:29.036+0000][7][gc,task      ] GC(119) Using 4 workers of 4 for evacuation
[2021-04-21T09:37:29.036+0000][7][gc,age       ] GC(119) Desired survivor size 1572864 bytes, new threshold 15 (max threshold 15)
[2021-04-21T09:37:29.042+0000][7][gc,age       ] GC(119) Age table with threshold 15 (max threshold 15)
[2021-04-21T09:37:29.042+0000][7][gc,age       ] GC(119) - age   1:     727976 bytes,     727976 total
[2021-04-21T09:37:29.042+0000][7][gc,age       ] GC(119) - age   2:     124208 bytes,     852184 total
[2021-04-21T09:37:29.042+0000][7][gc,phases    ] GC(119)   Pre Evacuate Collection Set: 1.3ms
[2021-04-21T09:37:29.042+0000][7][gc,phases    ] GC(119)   Merge Heap Roots: 0.1ms
[2021-04-21T09:37:29.042+0000][7][gc,phases    ] GC(119)   Evacuate Collection Set: 4.0ms
[2021-04-21T09:37:29.042+0000][7][gc,phases    ] GC(119)   Post Evacuate Collection Set: 0.5ms
[2021-04-21T09:37:29.042+0000][7][gc,phases    ] GC(119)   Other: 0.2ms
[2021-04-21T09:37:29.042+0000][7][gc,heap      ] GC(119) Eden regions: 17->0(17)
[2021-04-21T09:37:29.042+0000][7][gc,heap      ] GC(119) Survivor regions: 1->1(3)
[2021-04-21T09:37:29.042+0000][7][gc,heap      ] GC(119) Old regions: 67->67
[2021-04-21T09:37:29.042+0000][7][gc,heap      ] GC(119) Archive regions: 2->2
[2021-04-21T09:37:29.042+0000][7][gc,heap      ] GC(119) Humongous regions: 7->7
[2021-04-21T09:37:29.042+0000][7][gc,metaspace ] GC(119) Metaspace: 82996K(89856K)->82996K(89856K) NonClass: 71668K(75776K)->71668K(75776K) Class: 11327K(14080K)->11327K(14080K)
[2021-04-21T09:37:29.042+0000][7][gc           ] GC(119) Pause Young (Normal) (G1 Evacuation Pause) 91M->75M(128M) 6.172ms
[2021-04-21T09:37:29.042+0000][7][gc,cpu       ] GC(119) User=0.02s Sys=0.00s Real=0.01s
[2021-04-21T09:37:29.045+0000][7][safepoint    ] Safepoint "G1CollectForAllocation", Time since last: 199712308 ns, Reaching safepoint: 1513677 ns, At safepoint: 6309158 ns, Total: 7822835 ns
[2021-04-21T09:37:29.081+0000][7][gc,marking   ] GC(118) Concurrent Mark From Roots 236.188ms
[2021-04-21T09:37:29.081+0000][7][gc,marking   ] GC(118) Concurrent Preclean
[2021-04-21T09:37:29.081+0000][7][gc,marking   ] GC(118) Concurrent Preclean 0.116ms
[2021-04-21T09:37:29.081+0000][7][gc,marking   ] GC(118) Concurrent Mark (25.822s, 26.058s) 236.375ms
[2021-04-21T09:37:29.081+0000][7][gc,start     ] GC(118) Pause Remark
[2021-04-21T09:37:29.089+0000][7][gc           ] GC(118) Pause Remark 81M->81M(128M) 7.693ms
[2021-04-21T09:37:29.089+0000][7][gc,cpu       ] GC(118) User=0.01s Sys=0.00s Real=0.01s
[2021-04-21T09:37:29.089+0000][7][safepoint    ] Safepoint "G1Concurrent", Time since last: 39240646 ns, Reaching safepoint: 190363 ns, At safepoint: 7775923 ns, Total: 7966286 ns
[2021-04-21T09:37:29.089+0000][7][gc,marking   ] GC(118) Concurrent Rebuild Remembered Sets
[2021-04-21T09:37:29.205+0000][7][gc,marking   ] GC(118) Concurrent Rebuild Remembered Sets 115.912ms
[2021-04-21T09:37:29.208+0000][7][gc,start     ] GC(118) Pause Cleanup
[2021-04-21T09:37:29.208+0000][7][gc           ] GC(118) Pause Cleanup 89M->89M(128M) 0.215ms
[2021-04-21T09:37:29.208+0000][7][gc,cpu       ] GC(118) User=0.00s Sys=0.00s Real=0.00s
[2021-04-21T09:37:29.208+0000][7][safepoint    ] Safepoint "G1Concurrent", Time since last: 116002302 ns, Reaching safepoint: 2750852 ns, At safepoint: 374981 ns, Total: 3125833 ns
[2021-04-21T09:37:29.208+0000][7][gc,marking   ] GC(118) Concurrent Cleanup for Next Mark
[2021-04-21T09:37:29.211+0000][7][gc,marking   ] GC(118) Concurrent Cleanup for Next Mark 3.003ms
[2021-04-21T09:37:29.211+0000][7][gc           ] GC(118) Concurrent Cycle 377.041ms
[2021-04-21T09:37:29.217+0000][7][gc,start     ] GC(120) Pause Young (Normal) (G1 Evacuation Pause)
[2021-04-21T09:37:29.217+0000][7][gc,task      ] GC(120) Using 4 workers of 4 for evacuation
[2021-04-21T09:37:29.217+0000][7][gc,age       ] GC(120) Desired survivor size 1572864 bytes, new threshold 15 (max threshold 15)
[2021-04-21T09:37:29.224+0000][7][gc,age       ] GC(120) Age table with threshold 15 (max threshold 15)
[2021-04-21T09:37:29.224+0000][7][gc,age       ] GC(120) - age   1:     223760 bytes,     223760 total
[2021-04-21T09:37:29.224+0000][7][gc,age       ] GC(120) - age   2:     539440 bytes,     763200 total
[2021-04-21T09:37:29.224+0000][7][gc,age       ] GC(120) - age   3:     122704 bytes,     885904 total
[2021-04-21T09:37:29.224+0000][7][gc,phases    ] GC(120)   Pre Evacuate Collection Set: 0.1ms
[2021-04-21T09:37:29.224+0000][7][gc,phases    ] GC(120)   Merge Heap Roots: 0.1ms
[2021-04-21T09:37:29.224+0000][7][gc,phases    ] GC(120)   Evacuate Collection Set: 5.9ms
[2021-04-21T09:37:29.224+0000][7][gc,phases    ] GC(120)   Post Evacuate Collection Set: 0.6ms
[2021-04-21T09:37:29.224+0000][7][gc,phases    ] GC(120)   Other: 0.3ms
[2021-04-21T09:37:29.224+0000][7][gc,heap      ] GC(120) Eden regions: 17->0(17)
[2021-04-21T09:37:29.224+0000][7][gc,heap      ] GC(120) Survivor regions: 1->1(3)
[2021-04-21T09:37:29.224+0000][7][gc,heap      ] GC(120) Old regions: 67->67
[2021-04-21T09:37:29.224+0000][7][gc,heap      ] GC(120) Archive regions: 2->2
[2021-04-21T09:37:29.224+0000][7][gc,heap      ] GC(120) Humongous regions: 7->7
[2021-04-21T09:37:29.224+0000][7][gc,metaspace ] GC(120) Metaspace: 83067K(89856K)->83067K(89856K) NonClass: 71729K(75776K)->71729K(75776K) Class: 11338K(14080K)->11338K(14080K)
[2021-04-21T09:37:29.224+0000][7][gc           ] GC(120) Pause Young (Normal) (G1 Evacuation Pause) 92M->75M(128M) 7.165ms
[2021-04-21T09:37:29.224+0000][7][gc,cpu       ] GC(120) User=0.01s Sys=0.00s Real=0.01s
[2021-04-21T09:37:29.224+0000][7][safepoint    ] Safepoint "G1CollectForAllocation", Time since last: 8393072 ns, Reaching safepoint: 277072 ns, At safepoint: 7242295 ns, Total: 7519367 ns
[2021-04-21T09:37:31.193+0000][7][safepoint    ] Safepoint "Cleanup", Time since last: 1968613230 ns, Reaching safepoint: 97779 ns, At safepoint: 3715 ns, Total: 101494 ns
[2021-04-21T09:37:32.193+0000][7][safepoint    ] Safepoint "Cleanup", Time since last: 1000122123 ns, Reaching safepoint: 88091 ns, At safepoint: 3817 ns, Total: 91908 ns
[2021-04-21T09:37:34.193+0000][7][safepoint    ] Safepoint "Cleanup", Time since last: 2000202719 ns, Reaching safepoint: 86478 ns, At safepoint: 4198 ns, Total: 90676 ns
[2021-04-21T09:37:35.225+0000][7][safepoint    ] Safepoint "Cleanup", Time since last: 1031201257 ns, Reaching safepoint: 134523 ns, At safepoint: 4813 ns, Total: 139336 ns
[2021-04-21T09:37:35.264+0000][7][gc,start     ] GC(121) Pause Young (Concurrent Start) (G1 Evacuation Pause)
[2021-04-21T09:37:35.264+0000][7][gc,task      ] GC(121) Using 4 workers of 4 for evacuation
[2021-04-21T09:37:35.264+0000][7][gc,age       ] GC(121) Desired survivor size 1572864 bytes, new threshold 15 (max threshold 15)
[2021-04-21T09:37:35.267+0000][7][gc,age       ] GC(121) Age table with threshold 15 (max threshold 15)
[2021-04-21T09:37:35.267+0000][7][gc,age       ] GC(121) - age   1:     118544 bytes,     118544 total
[2021-04-21T09:37:35.267+0000][7][gc,age       ] GC(121) - age   2:     153952 bytes,     272496 total
[2021-04-21T09:37:35.267+0000][7][gc,age       ] GC(121) - age   3:     529448 bytes,     801944 total
[2021-04-21T09:37:35.267+0000][7][gc,age       ] GC(121) - age   4:     122360 bytes,     924304 total
[2021-04-21T09:37:35.268+0000][7][gc,phases    ] GC(121)   Pre Evacuate Collection Set: 0.5ms
[2021-04-21T09:37:35.268+0000][7][gc,phases    ] GC(121)   Merge Heap Roots: 0.1ms
[2021-04-21T09:37:35.268+0000][7][gc,phases    ] GC(121)   Evacuate Collection Set: 2.7ms
[2021-04-21T09:37:35.268+0000][7][gc,phases    ] GC(121)   Post Evacuate Collection Set: 0.5ms
[2021-04-21T09:37:35.268+0000][7][gc,phases    ] GC(121)   Other: 0.2ms
[2021-04-21T09:37:35.268+0000][7][gc,heap      ] GC(121) Eden regions: 17->0(17)
[2021-04-21T09:37:35.268+0000][7][gc,heap      ] GC(121) Survivor regions: 1->1(3)
[2021-04-21T09:37:35.268+0000][7][gc,heap      ] GC(121) Old regions: 67->67
[2021-04-21T09:37:35.268+0000][7][gc,heap      ] GC(121) Archive regions: 2->2
[2021-04-21T09:37:35.268+0000][7][gc,heap      ] GC(121) Humongous regions: 7->7
[2021-04-21T09:37:35.268+0000][7][gc,metaspace ] GC(121) Metaspace: 83915K(90752K)->83915K(90752K) NonClass: 72481K(76544K)->72481K(76544K) Class: 11433K(14208K)->11433K(14208K)
[2021-04-21T09:37:35.268+0000][7][gc           ] GC(121) Pause Young (Concurrent Start) (G1 Evacuation Pause) 92M->75M(128M) 4.158ms
[2021-04-21T09:37:35.268+0000][7][gc,cpu       ] GC(121) User=0.01s Sys=0.00s Real=0.01s
[2021-04-21T09:37:35.268+0000][7][gc           ] GC(122) Concurrent Cycle
[2021-04-21T09:37:35.268+0000][7][safepoint    ] Safepoint "G1CollectForAllocation", Time since last: 38761661 ns, Reaching safepoint: 80347 ns, At safepoint: 4236266 ns, Total: 4316613 ns
[2021-04-21T09:37:35.268+0000][7][gc,marking   ] GC(122) Concurrent Clear Claimed Marks
[2021-04-21T09:37:35.268+0000][7][gc,marking   ] GC(122) Concurrent Clear Claimed Marks 0.443ms
[2021-04-21T09:37:35.268+0000][7][gc,marking   ] GC(122) Concurrent Scan Root Regions
[2021-04-21T09:37:35.271+0000][7][gc,marking   ] GC(122) Concurrent Scan Root Regions 2.662ms
[2021-04-21T09:37:35.271+0000][7][gc,marking   ] GC(122) Concurrent Mark (32.248s)
[2021-04-21T09:37:35.271+0000][7][gc,marking   ] GC(122) Concurrent Mark From Roots
[2021-04-21T09:37:35.271+0000][7][gc,task      ] GC(122) Using 1 workers of 1 for marking
[2021-04-21T09:37:35.505+0000][7][gc,marking   ] GC(122) Concurrent Mark From Roots 233.684ms
[2021-04-21T09:37:35.505+0000][7][gc,marking   ] GC(122) Concurrent Preclean
[2021-04-21T09:37:35.505+0000][7][gc,marking   ] GC(122) Concurrent Preclean 0.336ms
[2021-04-21T09:37:35.505+0000][7][gc,marking   ] GC(122) Concurrent Mark (32.248s, 32.482s) 234.108ms
[2021-04-21T09:37:35.505+0000][7][gc,start     ] GC(122) Pause Remark
[2021-04-21T09:37:35.520+0000][7][gc           ] GC(122) Pause Remark 78M->78M(128M) 14.332ms
[2021-04-21T09:37:35.520+0000][7][gc,cpu       ] GC(122) User=0.04s Sys=0.00s Real=0.02s
[2021-04-21T09:37:35.520+0000][7][safepoint    ] Safepoint "G1Concurrent", Time since last: 237357776 ns, Reaching safepoint: 95474 ns, At safepoint: 14422608 ns, Total: 14518082 ns
[2021-04-21T09:37:35.520+0000][7][gc,marking   ] GC(122) Concurrent Rebuild Remembered Sets
[2021-04-21T09:37:35.606+0000][7][gc,marking   ] GC(122) Concurrent Rebuild Remembered Sets 86.115ms
[2021-04-21T09:37:35.607+0000][7][gc,start     ] GC(122) Pause Cleanup
[2021-04-21T09:37:35.607+0000][7][gc           ] GC(122) Pause Cleanup 78M->78M(128M) 0.190ms
[2021-04-21T09:37:35.607+0000][7][gc,cpu       ] GC(122) User=0.00s Sys=0.00s Real=0.00s
[2021-04-21T09:37:35.607+0000][7][safepoint    ] Safepoint "G1Concurrent", Time since last: 86878438 ns, Reaching safepoint: 104290 ns, At safepoint: 249486 ns, Total: 353776 ns
[2021-04-21T09:37:35.607+0000][7][gc,marking   ] GC(122) Concurrent Cleanup for Next Mark
[2021-04-21T09:37:35.608+0000][7][gc,marking   ] GC(122) Concurrent Cleanup for Next Mark 0.588ms
[2021-04-21T09:37:35.608+0000][7][gc           ] GC(122) Concurrent Cycle 339.775ms
[2021-04-21T09:37:36.047+0000][7][safepoint    ] Safepoint "BulkRevokeBias", Time since last: 439240751 ns, Reaching safepoint: 504859 ns, At safepoint: 347161 ns, Total: 852020 ns
[2021-04-21T09:37:36.054+0000][7][safepoint    ] Safepoint "BulkRevokeBias", Time since last: 6212890 ns, Reaching safepoint: 77253 ns, At safepoint: 241937 ns, Total: 319190 ns
[2021-04-21T09:37:37.107+0000][7][safepoint    ] Safepoint "Cleanup", Time since last: 1053460511 ns, Reaching safepoint: 201640 ns, At safepoint: 6996 ns, Total: 208636 ns
[2021-04-21T09:37:38.107+0000][7][safepoint    ] Safepoint "Cleanup", Time since last: 1000126816 ns, Reaching safepoint: 93073 ns, At safepoint: 5737 ns, Total: 98810 ns
[2021-04-21T09:37:38.384+0000][7][gc,start     ] GC(123) Pause Young (Normal) (G1 Evacuation Pause)
[2021-04-21T09:37:38.384+0000][7][gc,task      ] GC(123) Using 4 workers of 4 for evacuation
[2021-04-21T09:37:38.384+0000][7][gc,age       ] GC(123) Desired survivor size 1572864 bytes, new threshold 15 (max threshold 15)
[2021-04-21T09:37:38.393+0000][7][gc,age       ] GC(123) Age table with threshold 15 (max threshold 15)
[2021-04-21T09:37:38.394+0000][7][gc,age       ] GC(123) - age   1:     798888 bytes,     798888 total
[2021-04-21T09:37:38.394+0000][7][gc,age       ] GC(123) - age   2:     106832 bytes,     905720 total
[2021-04-21T09:37:38.394+0000][7][gc,age       ] GC(123) - age   3:     148016 bytes,    1053736 total
[2021-04-21T09:37:38.395+0000][7][gc,age       ] GC(123) - age   4:     528880 bytes,    1582616 total
[2021-04-21T09:37:38.395+0000][7][gc,age       ] GC(123) - age   5:     122144 bytes,    1704760 total
[2021-04-21T09:37:38.395+0000][7][gc,phases    ] GC(123)   Pre Evacuate Collection Set: 0.1ms
[2021-04-21T09:37:38.396+0000][7][gc,phases    ] GC(123)   Merge Heap Roots: 0.1ms
[2021-04-21T09:37:38.396+0000][7][gc,phases    ] GC(123)   Evacuate Collection Set: 7.9ms
[2021-04-21T09:37:38.396+0000][7][gc,phases    ] GC(123)   Post Evacuate Collection Set: 1.0ms
[2021-04-21T09:37:38.396+0000][7][gc,phases    ] GC(123)   Other: 2.4ms
[2021-04-21T09:37:38.396+0000][7][gc,heap      ] GC(123) Eden regions: 17->0(16)
[2021-04-21T09:37:38.396+0000][7][gc,heap      ] GC(123) Survivor regions: 1->2(3)
[2021-04-21T09:37:38.396+0000][7][gc,heap      ] GC(123) Old regions: 67->67
[2021-04-21T09:37:38.396+0000][7][gc,heap      ] GC(123) Archive regions: 2->2
[2021-04-21T09:37:38.396+0000][7][gc,heap      ] GC(123) Humongous regions: 7->7
[2021-04-21T09:37:38.396+0000][7][gc,metaspace ] GC(123) Metaspace: 84849K(91648K)->84849K(91648K) NonClass: 73283K(77312K)->73283K(77312K) Class: 11565K(14336K)->11565K(14336K)
[2021-04-21T09:37:38.396+0000][7][gc           ] GC(123) Pause Young (Normal) (G1 Evacuation Pause) 92M->75M(128M) 12.189ms
[2021-04-21T09:37:38.396+0000][7][gc,cpu       ] GC(123) User=0.02s Sys=0.00s Real=0.01s
[2021-04-21T09:37:38.396+0000][7][safepoint    ] Safepoint "G1CollectForAllocation", Time since last: 276204587 ns, Reaching safepoint: 180183 ns, At safepoint: 12287278 ns, Total: 12467461 ns
[2021-04-21T09:37:38.547+0000][7][safepoint    ] Safepoint "BulkRevokeBias", Time since last: 148340111 ns, Reaching safepoint: 2255009 ns, At safepoint: 460753 ns, Total: 2715762 ns
[2021-04-21T09:37:38.685+0000][7][gc,start     ] GC(124) Pause Young (Concurrent Start) (G1 Evacuation Pause)
[2021-04-21T09:37:38.685+0000][7][gc,task      ] GC(124) Using 4 workers of 4 for evacuation
[2021-04-21T09:37:38.685+0000][7][gc,age       ] GC(124) Desired survivor size 1572864 bytes, new threshold 4 (max threshold 15)
[2021-04-21T09:37:38.696+0000][7][gc,age       ] GC(124) Age table with threshold 4 (max threshold 15)
[2021-04-21T09:37:38.696+0000][7][gc,age       ] GC(124) - age   1:    1098232 bytes,    1098232 total
[2021-04-21T09:37:38.696+0000][7][gc,age       ] GC(124) - age   2:     586896 bytes,    1685128 total
[2021-04-21T09:37:38.696+0000][7][gc,age       ] GC(124) - age   3:     106728 bytes,    1791856 total
[2021-04-21T09:37:38.696+0000][7][gc,age       ] GC(124) - age   4:     147880 bytes,    1939736 total
[2021-04-21T09:37:38.696+0000][7][gc,phases    ] GC(124)   Pre Evacuate Collection Set: 0.5ms
[2021-04-21T09:37:38.696+0000][7][gc,phases    ] GC(124)   Merge Heap Roots: 0.1ms
[2021-04-21T09:37:38.696+0000][7][gc,phases    ] GC(124)   Evacuate Collection Set: 9.0ms
[2021-04-21T09:37:38.696+0000][7][gc,phases    ] GC(124)   Post Evacuate Collection Set: 0.6ms
[2021-04-21T09:37:38.696+0000][7][gc,phases    ] GC(124)   Other: 0.2ms
[2021-04-21T09:37:38.696+0000][7][gc,heap      ] GC(124) Eden regions: 16->0(15)
[2021-04-21T09:37:38.696+0000][7][gc,heap      ] GC(124) Survivor regions: 2->2(3)
[2021-04-21T09:37:38.696+0000][7][gc,heap      ] GC(124) Old regions: 67->68
[2021-04-21T09:37:38.696+0000][7][gc,heap      ] GC(124) Archive regions: 2->2
[2021-04-21T09:37:38.696+0000][7][gc,heap      ] GC(124) Humongous regions: 7->7
[2021-04-21T09:37:38.696+0000][7][gc,metaspace ] GC(124) Metaspace: 87164K(94080K)->87164K(94080K) NonClass: 75234K(79360K)->75234K(79360K) Class: 11929K(14720K)->11929K(14720K)
[2021-04-21T09:37:38.696+0000][7][gc           ] GC(124) Pause Young (Concurrent Start) (G1 Evacuation Pause) 91M->76M(128M) 10.602ms
[2021-04-21T09:37:38.696+0000][7][gc,cpu       ] GC(124) User=0.02s Sys=0.00s Real=0.01s
[2021-04-21T09:37:38.696+0000][7][safepoint    ] Safepoint "G1CollectForAllocation", Time since last: 137786288 ns, Reaching safepoint: 242572 ns, At safepoint: 10696620 ns, Total: 10939192 ns
[2021-04-21T09:37:38.697+0000][7][gc           ] GC(125) Concurrent Cycle
[2021-04-21T09:37:38.697+0000][7][gc,marking   ] GC(125) Concurrent Clear Claimed Marks
[2021-04-21T09:37:38.698+0000][7][gc,marking   ] GC(125) Concurrent Clear Claimed Marks 0.538ms
[2021-04-21T09:37:38.698+0000][7][gc,marking   ] GC(125) Concurrent Scan Root Regions
[2021-04-21T09:37:38.704+0000][7][gc,marking   ] GC(125) Concurrent Scan Root Regions 6.122ms
[2021-04-21T09:37:38.704+0000][7][gc,marking   ] GC(125) Concurrent Mark (35.681s)
[2021-04-21T09:37:38.704+0000][7][gc,marking   ] GC(125) Concurrent Mark From Roots
[2021-04-21T09:37:38.704+0000][7][gc,task      ] GC(125) Using 1 workers of 1 for marking
[2021-04-21T09:37:38.793+0000][7][gc,start     ] GC(126) Pause Young (Normal) (G1 Evacuation Pause)
[2021-04-21T09:37:38.793+0000][7][gc,task      ] GC(126) Using 4 workers of 4 for evacuation
[2021-04-21T09:37:38.793+0000][7][gc,age       ] GC(126) Desired survivor size 1572864 bytes, new threshold 2 (max threshold 15)
[2021-04-21T09:37:38.799+0000][7][gc,age       ] GC(126) Age table with threshold 2 (max threshold 15)
[2021-04-21T09:37:38.799+0000][7][gc,age       ] GC(126) - age   1:      66848 bytes,      66848 total
[2021-04-21T09:37:38.799+0000][7][gc,age       ] GC(126) - age   2:     682976 bytes,     749824 total
[2021-04-21T09:37:38.799+0000][7][gc,phases    ] GC(126)   Pre Evacuate Collection Set: 0.0ms
[2021-04-21T09:37:38.799+0000][7][gc,phases    ] GC(126)   Merge Heap Roots: 0.1ms
[2021-04-21T09:37:38.799+0000][7][gc,phases    ] GC(126)   Evacuate Collection Set: 4.9ms
[2021-04-21T09:37:38.799+0000][7][gc,phases    ] GC(126)   Post Evacuate Collection Set: 0.8ms
[2021-04-21T09:37:38.799+0000][7][gc,phases    ] GC(126)   Other: 0.3ms
[2021-04-21T09:37:38.799+0000][7][gc,heap      ] GC(126) Eden regions: 15->0(16)
[2021-04-21T09:37:38.799+0000][7][gc,heap      ] GC(126) Survivor regions: 2->1(3)
[2021-04-21T09:37:38.799+0000][7][gc,heap      ] GC(126) Old regions: 68->68
[2021-04-21T09:37:38.799+0000][7][gc,heap      ] GC(126) Archive regions: 2->2
[2021-04-21T09:37:38.799+0000][7][gc,heap      ] GC(126) Humongous regions: 7->7
[2021-04-21T09:37:38.799+0000][7][gc,metaspace ] GC(126) Metaspace: 87267K(94208K)->87267K(94208K) NonClass: 75323K(79360K)->75323K(79360K) Class: 11943K(14848K)->11943K(14848K)
[2021-04-21T09:37:38.799+0000][7][gc           ] GC(126) Pause Young (Normal) (G1 Evacuation Pause) 91M->76M(128M) 6.238ms
[2021-04-21T09:37:38.799+0000][7][gc,cpu       ] GC(126) User=0.01s Sys=0.00s Real=0.01s
[2021-04-21T09:37:38.799+0000][7][safepoint    ] Safepoint "G1CollectForAllocation", Time since last: 96576341 ns, Reaching safepoint: 124681 ns, At safepoint: 6337933 ns, Total: 6462614 ns
[2021-04-21T09:37:38.898+0000][7][gc,marking   ] GC(125) Concurrent Mark From Roots 193.848ms
[2021-04-21T09:37:38.898+0000][7][gc,marking   ] GC(125) Concurrent Preclean
[2021-04-21T09:37:38.898+0000][7][gc,marking   ] GC(125) Concurrent Preclean 0.143ms
[2021-04-21T09:37:38.898+0000][7][gc,marking   ] GC(125) Concurrent Mark (35.681s, 35.875s) 194.067ms
[2021-04-21T09:37:38.899+0000][7][gc,start     ] GC(125) Pause Remark
[2021-04-21T09:37:38.910+0000][7][gc           ] GC(125) Pause Remark 84M->84M(128M) 10.996ms
[2021-04-21T09:37:38.910+0000][7][gc,cpu       ] GC(125) User=0.02s Sys=0.00s Real=0.01s
[2021-04-21T09:37:38.910+0000][7][safepoint    ] Safepoint "G1Concurrent", Time since last: 99453797 ns, Reaching safepoint: 222478 ns, At safepoint: 11098987 ns, Total: 11321465 ns
[2021-04-21T09:37:38.910+0000][7][gc,marking   ] GC(125) Concurrent Rebuild Remembered Sets
[2021-04-21T09:37:38.939+0000][7][gc,start     ] GC(127) Pause Young (Normal) (G1 Evacuation Pause)
[2021-04-21T09:37:38.939+0000][7][gc,task      ] GC(127) Using 4 workers of 4 for evacuation
[2021-04-21T09:37:38.939+0000][7][gc,age       ] GC(127) Desired survivor size 1572864 bytes, new threshold 15 (max threshold 15)
[2021-04-21T09:37:38.947+0000][7][gc,age       ] GC(127) Age table with threshold 15 (max threshold 15)
[2021-04-21T09:37:38.947+0000][7][gc,age       ] GC(127) - age   1:    1285720 bytes,    1285720 total
[2021-04-21T09:37:38.947+0000][7][gc,age       ] GC(127) - age   2:      64344 bytes,    1350064 total
[2021-04-21T09:37:38.947+0000][7][gc,age       ] GC(127) - age   3:     573696 bytes,    1923760 total
[2021-04-21T09:37:38.947+0000][7][gc,phases    ] GC(127)   Pre Evacuate Collection Set: 0.1ms
[2021-04-21T09:37:38.947+0000][7][gc,phases    ] GC(127)   Merge Heap Roots: 0.1ms
[2021-04-21T09:37:38.947+0000][7][gc,phases    ] GC(127)   Evacuate Collection Set: 4.7ms
[2021-04-21T09:37:38.947+0000][7][gc,phases    ] GC(127)   Post Evacuate Collection Set: 3.1ms
[2021-04-21T09:37:38.947+0000][7][gc,phases    ] GC(127)   Other: 0.5ms
[2021-04-21T09:37:38.947+0000][7][gc,heap      ] GC(127) Eden regions: 16->0(14)
[2021-04-21T09:37:38.947+0000][7][gc,heap      ] GC(127) Survivor regions: 1->2(3)
[2021-04-21T09:37:38.947+0000][7][gc,heap      ] GC(127) Old regions: 68->68
[2021-04-21T09:37:38.947+0000][7][gc,heap      ] GC(127) Archive regions: 2->2
[2021-04-21T09:37:38.947+0000][7][gc,heap      ] GC(127) Humongous regions: 7->7
[2021-04-21T09:37:38.947+0000][7][gc,metaspace ] GC(127) Metaspace: 87524K(94464K)->87524K(94464K) NonClass: 75537K(79616K)->75537K(79616K) Class: 11986K(14848K)->11986K(14848K)
[2021-04-21T09:37:38.947+0000][7][gc           ] GC(127) Pause Young (Normal) (G1 Evacuation Pause) 92M->77M(128M) 8.404ms
[2021-04-21T09:37:38.947+0000][7][gc,cpu       ] GC(127) User=0.01s Sys=0.00s Real=0.01s
[2021-04-21T09:37:38.947+0000][7][safepoint    ] Safepoint "G1CollectForAllocation", Time since last: 27877662 ns, Reaching safepoint: 1145626 ns, At safepoint: 8715184 ns, Total: 9860810 ns
[2021-04-21T09:37:39.006+0000][7][gc,start     ] GC(128) Pause Young (Normal) (G1 Evacuation Pause)
[2021-04-21T09:37:39.006+0000][7][gc,task      ] GC(128) Using 4 workers of 4 for evacuation
[2021-04-21T09:37:39.006+0000][7][gc,age       ] GC(128) Desired survivor size 1048576 bytes, new threshold 1 (max threshold 15)
[2021-04-21T09:37:39.011+0000][7][gc,age       ] GC(128) Age table with threshold 1 (max threshold 15)
[2021-04-21T09:37:39.011+0000][7][gc,age       ] GC(128) - age   1:      75176 bytes,      75176 total
[2021-04-21T09:37:39.011+0000][7][gc,phases    ] GC(128)   Pre Evacuate Collection Set: 0.0ms
[2021-04-21T09:37:39.011+0000][7][gc,phases    ] GC(128)   Merge Heap Roots: 0.1ms
[2021-04-21T09:37:39.011+0000][7][gc,phases    ] GC(128)   Evacuate Collection Set: 3.6ms
[2021-04-21T09:37:39.011+0000][7][gc,phases    ] GC(128)   Post Evacuate Collection Set: 0.4ms
[2021-04-21T09:37:39.011+0000][7][gc,phases    ] GC(128)   Other: 0.3ms
[2021-04-21T09:37:39.011+0000][7][gc,heap      ] GC(128) Eden regions: 14->0(15)
[2021-04-21T09:37:39.011+0000][7][gc,heap      ] GC(128) Survivor regions: 2->1(2)
[2021-04-21T09:37:39.011+0000][7][gc,heap      ] GC(128) Old regions: 68->69
[2021-04-21T09:37:39.011+0000][7][gc,heap      ] GC(128) Archive regions: 2->2
[2021-04-21T09:37:39.011+0000][7][gc,heap      ] GC(128) Humongous regions: 7->7
[2021-04-21T09:37:39.011+0000][7][gc,metaspace ] GC(128) Metaspace: 87545K(94720K)->87545K(94720K) NonClass: 75556K(79872K)->75556K(79872K) Class: 11988K(14848K)->11988K(14848K)
[2021-04-21T09:37:39.011+0000][7][gc           ] GC(128) Pause Young (Normal) (G1 Evacuation Pause) 91M->77M(128M) 4.471ms
[2021-04-21T09:37:39.011+0000][7][gc,cpu       ] GC(128) User=0.00s Sys=0.00s Real=0.00s
[2021-04-21T09:37:39.011+0000][7][safepoint    ] Safepoint "G1CollectForAllocation", Time since last: 58490940 ns, Reaching safepoint: 367117 ns, At safepoint: 4562342 ns, Total: 4929459 ns
[2021-04-21T09:37:39.042+0000][7][gc,marking   ] GC(125) Concurrent Rebuild Remembered Sets 132.442ms
[2021-04-21T09:37:39.043+0000][7][gc,start     ] GC(125) Pause Cleanup
[2021-04-21T09:37:39.043+0000][7][gc           ] GC(125) Pause Cleanup 88M->88M(128M) 0.291ms
[2021-04-21T09:37:39.043+0000][7][gc,cpu       ] GC(125) User=0.00s Sys=0.00s Real=0.00s
[2021-04-21T09:37:39.043+0000][7][safepoint    ] Safepoint "G1Concurrent", Time since last: 31515562 ns, Reaching safepoint: 398973 ns, At safepoint: 371674 ns, Total: 770647 ns
[2021-04-21T09:37:39.043+0000][7][gc,marking   ] GC(125) Concurrent Cleanup for Next Mark
[2021-04-21T09:37:39.056+0000][7][safepoint    ] Safepoint "BulkRevokeBias", Time since last: 12298322 ns, Reaching safepoint: 153107 ns, At safepoint: 332310 ns, Total: 485417 ns
[2021-04-21T09:37:39.059+0000][7][gc,marking   ] GC(125) Concurrent Cleanup for Next Mark 15.466ms
[2021-04-21T09:37:39.059+0000][7][gc           ] GC(125) Concurrent Cycle 361.281ms
[2021-04-21T09:37:39.103+0000][7][safepoint    ] Safepoint "BulkRevokeBias", Time since last: 41922213 ns, Reaching safepoint: 658203 ns, At safepoint: 4410919 ns, Total: 5069122 ns
[2021-04-21T09:37:39.103+0000][7][gc,start     ] GC(129) Pause Young (Normal) (G1 Evacuation Pause)
[2021-04-21T09:37:39.103+0000][7][gc,task      ] GC(129) Using 4 workers of 4 for evacuation
[2021-04-21T09:37:39.103+0000][7][gc,age       ] GC(129) Desired survivor size 1048576 bytes, new threshold 15 (max threshold 15)
[2021-04-21T09:37:39.118+0000][7][gc,age       ] GC(129) Age table with threshold 15 (max threshold 15)
[2021-04-21T09:37:39.119+0000][7][gc,age       ] GC(129) - age   1:     524136 bytes,     524136 total
[2021-04-21T09:37:39.119+0000][7][gc,age       ] GC(129) - age   2:      62840 bytes,     586976 total
[2021-04-21T09:37:39.119+0000][7][gc,phases    ] GC(129)   Pre Evacuate Collection Set: 0.1ms
[2021-04-21T09:37:39.119+0000][7][gc,phases    ] GC(129)   Merge Heap Roots: 0.1ms
[2021-04-21T09:37:39.119+0000][7][gc,phases    ] GC(129)   Evacuate Collection Set: 5.5ms
[2021-04-21T09:37:39.119+0000][7][gc,phases    ] GC(129)   Post Evacuate Collection Set: 9.4ms
[2021-04-21T09:37:39.119+0000][7][gc,phases    ] GC(129)   Other: 0.2ms
[2021-04-21T09:37:39.119+0000][7][gc,heap      ] GC(129) Eden regions: 15->0(15)
[2021-04-21T09:37:39.119+0000][7][gc,heap      ] GC(129) Survivor regions: 1->1(2)
[2021-04-21T09:37:39.119+0000][7][gc,heap      ] GC(129) Old regions: 69->69
[2021-04-21T09:37:39.119+0000][7][gc,heap      ] GC(129) Archive regions: 2->2
[2021-04-21T09:37:39.119+0000][7][gc,heap      ] GC(129) Humongous regions: 7->7
[2021-04-21T09:37:39.119+0000][7][gc,metaspace ] GC(129) Metaspace: 87832K(94976K)->87832K(94976K) NonClass: 75799K(80128K)->75799K(80128K) Class: 12033K(14848K)->12033K(14848K)
[2021-04-21T09:37:39.119+0000][7][gc           ] GC(129) Pause Young (Normal) (G1 Evacuation Pause) 92M->77M(128M) 15.508ms
[2021-04-21T09:37:39.119+0000][7][gc,cpu       ] GC(129) User=0.02s Sys=0.00s Real=0.02s
[2021-04-21T09:37:39.119+0000][7][safepoint    ] Safepoint "G1CollectForAllocation", Time since last: 66543 ns, Reaching safepoint: 231750 ns, At safepoint: 15613346 ns, Total: 15845096 ns
[2021-04-21T09:37:39.547+0000][7][gc,start     ] GC(130) Pause Young (Concurrent Start) (G1 Evacuation Pause)
[2021-04-21T09:37:39.547+0000][7][gc,task      ] GC(130) Using 4 workers of 4 for evacuation
[2021-04-21T09:37:39.547+0000][7][gc,age       ] GC(130) Desired survivor size 1048576 bytes, new threshold 15 (max threshold 15)
[2021-04-21T09:37:39.552+0000][7][gc,age       ] GC(130) Age table with threshold 15 (max threshold 15)
[2021-04-21T09:37:39.552+0000][7][gc,age       ] GC(130) - age   1:     523760 bytes,     523760 total
[2021-04-21T09:37:39.552+0000][7][gc,age       ] GC(130) - age   2:     262648 bytes,     786408 total
[2021-04-21T09:37:39.552+0000][7][gc,age       ] GC(130) - age   3:      62256 bytes,     848664 total
[2021-04-21T09:37:39.552+0000][7][gc,phases    ] GC(130)   Pre Evacuate Collection Set: 0.5ms
[2021-04-21T09:37:39.552+0000][7][gc,phases    ] GC(130)   Merge Heap Roots: 0.1ms
[2021-04-21T09:37:39.552+0000][7][gc,phases    ] GC(130)   Evacuate Collection Set: 3.5ms
[2021-04-21T09:37:39.552+0000][7][gc,phases    ] GC(130)   Post Evacuate Collection Set: 0.6ms
[2021-04-21T09:37:39.552+0000][7][gc,phases    ] GC(130)   Other: 0.3ms
[2021-04-21T09:37:39.552+0000][7][gc,heap      ] GC(130) Eden regions: 15->0(15)
[2021-04-21T09:37:39.552+0000][7][gc,heap      ] GC(130) Survivor regions: 1->1(2)
[2021-04-21T09:37:39.552+0000][7][gc,heap      ] GC(130) Old regions: 69->69
[2021-04-21T09:37:39.552+0000][7][gc,heap      ] GC(130) Archive regions: 2->2
[2021-04-21T09:37:39.552+0000][7][gc,heap      ] GC(130) Humongous regions: 7->7
[2021-04-21T09:37:39.552+0000][7][gc,metaspace ] GC(130) Metaspace: 88033K(95104K)->88033K(95104K) NonClass: 75982K(80128K)->75982K(80128K) Class: 12051K(14976K)->12051K(14976K)
[2021-04-21T09:37:39.552+0000][7][gc           ] GC(130) Pause Young (Concurrent Start) (G1 Evacuation Pause) 92M->77M(128M) 5.065ms
[2021-04-21T09:37:39.552+0000][7][gc,cpu       ] GC(130) User=0.01s Sys=0.00s Real=0.00s
[2021-04-21T09:37:39.552+0000][7][gc           ] GC(131) Concurrent Cycle
[2021-04-21T09:37:39.552+0000][7][gc,marking   ] GC(131) Concurrent Clear Claimed Marks
[2021-04-21T09:37:39.552+0000][7][safepoint    ] Safepoint "G1CollectForAllocation", Time since last: 426144100 ns, Reaching safepoint: 2218540 ns, At safepoint: 5172546 ns, Total: 7391086 ns
[2021-04-21T09:37:39.553+0000][7][gc,marking   ] GC(131) Concurrent Clear Claimed Marks 0.636ms
[2021-04-21T09:37:39.553+0000][7][gc,marking   ] GC(131) Concurrent Scan Root Regions
[2021-04-21T09:37:39.555+0000][7][gc,marking   ] GC(131) Concurrent Scan Root Regions 2.167ms
[2021-04-21T09:37:39.555+0000][7][gc,marking   ] GC(131) Concurrent Mark (36.532s)
[2021-04-21T09:37:39.555+0000][7][gc,marking   ] GC(131) Concurrent Mark From Roots
[2021-04-21T09:37:39.555+0000][7][gc,task      ] GC(131) Using 1 workers of 1 for marking
[2021-04-21T09:37:39.714+0000][7][gc,marking   ] GC(131) Concurrent Mark From Roots 158.785ms
[2021-04-21T09:37:39.714+0000][7][gc,marking   ] GC(131) Concurrent Preclean
[2021-04-21T09:37:39.714+0000][7][gc,marking   ] GC(131) Concurrent Preclean 0.157ms
[2021-04-21T09:37:39.714+0000][7][gc,marking   ] GC(131) Concurrent Mark (36.532s, 36.691s) 159.013ms
[2021-04-21T09:37:39.714+0000][7][gc,start     ] GC(131) Pause Remark
[2021-04-21T09:37:39.723+0000][7][gc           ] GC(131) Pause Remark 91M->91M(128M) 8.816ms
[2021-04-21T09:37:39.723+0000][7][gc,cpu       ] GC(131) User=0.03s Sys=0.00s Real=0.01s
[2021-04-21T09:37:39.723+0000][7][safepoint    ] Safepoint "G1Concurrent", Time since last: 161953480 ns, Reaching safepoint: 115781 ns, At safepoint: 8921096 ns, Total: 9036877 ns
[2021-04-21T09:37:39.726+0000][7][gc,marking   ] GC(131) Concurrent Rebuild Remembered Sets
[2021-04-21T09:37:39.797+0000][7][gc,marking   ] GC(131) Concurrent Rebuild Remembered Sets 70.614ms
[2021-04-21T09:37:39.797+0000][7][gc,start     ] GC(131) Pause Cleanup
[2021-04-21T09:37:39.798+0000][7][gc           ] GC(131) Pause Cleanup 91M->91M(128M) 0.208ms
[2021-04-21T09:37:39.798+0000][7][gc,cpu       ] GC(131) User=0.00s Sys=0.00s Real=0.00s
[2021-04-21T09:37:39.798+0000][7][safepoint    ] Safepoint "G1Concurrent", Time since last: 73345193 ns, Reaching safepoint: 592912 ns, At safepoint: 276242 ns, Total: 869154 ns
[2021-04-21T09:37:39.798+0000][7][gc,marking   ] GC(131) Concurrent Cleanup for Next Mark
[2021-04-21T09:37:39.798+0000][7][gc,marking   ] GC(131) Concurrent Cleanup for Next Mark 0.291ms
[2021-04-21T09:37:39.798+0000][7][gc           ] GC(131) Concurrent Cycle 245.572ms
[2021-04-21T09:37:40.816+0000][7][gc,start     ] GC(132) Pause Young (Normal) (G1 Evacuation Pause)
[2021-04-21T09:37:40.816+0000][7][gc,task      ] GC(132) Using 4 workers of 4 for evacuation
[2021-04-21T09:37:40.816+0000][7][gc,age       ] GC(132) Desired survivor size 1048576 bytes, new threshold 15 (max threshold 15)
[2021-04-21T09:37:40.820+0000][7][gc,age       ] GC(132) Age table with threshold 15 (max threshold 15)
[2021-04-21T09:37:40.820+0000][7][gc,age       ] GC(132) - age   1:      70200 bytes,      70200 total
[2021-04-21T09:37:40.820+0000][7][gc,age       ] GC(132) - age   2:     260016 bytes,     330216 total
[2021-04-21T09:37:40.820+0000][7][gc,age       ] GC(132) - age   3:     247976 bytes,     578192 total
[2021-04-21T09:37:40.820+0000][7][gc,age       ] GC(132) - age   4:      59736 bytes,     637928 total
[2021-04-21T09:37:40.820+0000][7][gc,phases    ] GC(132)   Pre Evacuate Collection Set: 0.2ms
[2021-04-21T09:37:40.820+0000][7][gc,phases    ] GC(132)   Merge Heap Roots: 0.1ms
[2021-04-21T09:37:40.820+0000][7][gc,phases    ] GC(132)   Evacuate Collection Set: 2.7ms
[2021-04-21T09:37:40.820+0000][7][gc,phases    ] GC(132)   Post Evacuate Collection Set: 1.0ms
[2021-04-21T09:37:40.820+0000][7][gc,phases    ] GC(132)   Other: 0.3ms
[2021-04-21T09:37:40.820+0000][7][gc,heap      ] GC(132) Eden regions: 15->0(15)
[2021-04-21T09:37:40.820+0000][7][gc,heap      ] GC(132) Survivor regions: 1->1(2)
[2021-04-21T09:37:40.820+0000][7][gc,heap      ] GC(132) Old regions: 69->69
[2021-04-21T09:37:40.820+0000][7][gc,heap      ] GC(132) Archive regions: 2->2
[2021-04-21T09:37:40.820+0000][7][gc,heap      ] GC(132) Humongous regions: 7->7
[2021-04-21T09:37:40.820+0000][7][gc,metaspace ] GC(132) Metaspace: 88029K(95104K)->88029K(95104K) NonClass: 75984K(80128K)->75984K(80128K) Class: 12045K(14976K)->12045K(14976K)
[2021-04-21T09:37:40.821+0000][7][gc           ] GC(132) Pause Young (Normal) (G1 Evacuation Pause) 92M->77M(128M) 4.418ms
[2021-04-21T09:37:40.821+0000][7][gc,cpu       ] GC(132) User=0.01s Sys=0.00s Real=0.01s
[2021-04-21T09:37:40.821+0000][7][safepoint    ] Safepoint "G1CollectForAllocation", Time since last: 1018282015 ns, Reaching safepoint: 194114 ns, At safepoint: 4512647 ns, Total: 4706761 ns
[2021-04-21T09:37:41.709+0000][7][gc,start     ] GC(133) Pause Young (Concurrent Start) (G1 Evacuation Pause)
[2021-04-21T09:37:41.709+0000][7][gc,task      ] GC(133) Using 4 workers of 4 for evacuation
[2021-04-21T09:37:41.709+0000][7][gc,age       ] GC(133) Desired survivor size 1048576 bytes, new threshold 15 (max threshold 15)
[2021-04-21T09:37:41.718+0000][7][gc,age       ] GC(133) Age table with threshold 15 (max threshold 15)
[2021-04-21T09:37:41.718+0000][7][gc,age       ] GC(133) - age   1:     344720 bytes,     344720 total
[2021-04-21T09:37:41.718+0000][7][gc,age       ] GC(133) - age   2:      67424 bytes,     412144 total
[2021-04-21T09:37:41.718+0000][7][gc,age       ] GC(133) - age   3:     259464 bytes,     671608 total
[2021-04-21T09:37:41.718+0000][7][gc,age       ] GC(133) - age   4:     149664 bytes,     821272 total
[2021-04-21T09:37:41.718+0000][7][gc,age       ] GC(133) - age   5:      59704 bytes,     880976 total
[2021-04-21T09:37:41.718+0000][7][gc,phases    ] GC(133)   Pre Evacuate Collection Set: 0.5ms
[2021-04-21T09:37:41.718+0000][7][gc,phases    ] GC(133)   Merge Heap Roots: 0.0ms
[2021-04-21T09:37:41.718+0000][7][gc,phases    ] GC(133)   Evacuate Collection Set: 6.8ms
[2021-04-21T09:37:41.718+0000][7][gc,phases    ] GC(133)   Post Evacuate Collection Set: 0.7ms
[2021-04-21T09:37:41.718+0000][7][gc,phases    ] GC(133)   Other: 0.3ms
[2021-04-21T09:37:41.718+0000][7][gc,heap      ] GC(133) Eden regions: 15->0(15)
[2021-04-21T09:37:41.718+0000][7][gc,heap      ] GC(133) Survivor regions: 1->1(2)
[2021-04-21T09:37:41.718+0000][7][gc,heap      ] GC(133) Old regions: 69->69
[2021-04-21T09:37:41.718+0000][7][gc,heap      ] GC(133) Archive regions: 2->2
[2021-04-21T09:37:41.718+0000][7][gc,heap      ] GC(133) Humongous regions: 7->7
[2021-04-21T09:37:41.718+0000][7][gc,metaspace ] GC(133) Metaspace: 88081K(95360K)->88081K(95360K) NonClass: 76035K(80384K)->76035K(80384K) Class: 12045K(14976K)->12045K(14976K)
[2021-04-21T09:37:41.718+0000][7][gc           ] GC(133) Pause Young (Concurrent Start) (G1 Evacuation Pause) 92M->77M(128M) 8.478ms
[2021-04-21T09:37:41.718+0000][7][gc,cpu       ] GC(133) User=0.01s Sys=0.00s Real=0.00s
[2021-04-21T09:37:41.718+0000][7][gc           ] GC(134) Concurrent Cycle
[2021-04-21T09:37:41.718+0000][7][gc,marking   ] GC(134) Concurrent Clear Claimed Marks
[2021-04-21T09:37:41.718+0000][7][safepoint    ] Safepoint "G1CollectForAllocation", Time since last: 888570550 ns, Reaching safepoint: 222443 ns, At safepoint: 8571590 ns, Total: 8794033 ns
[2021-04-21T09:37:41.718+0000][7][gc,marking   ] GC(134) Concurrent Clear Claimed Marks 0.457ms
[2021-04-21T09:37:41.718+0000][7][gc,marking   ] GC(134) Concurrent Scan Root Regions
[2021-04-21T09:37:41.725+0000][7][gc,marking   ] GC(134) Concurrent Scan Root Regions 6.840ms
[2021-04-21T09:37:41.725+0000][7][gc,marking   ] GC(134) Concurrent Mark (38.702s)
[2021-04-21T09:37:41.725+0000][7][gc,marking   ] GC(134) Concurrent Mark From Roots
[2021-04-21T09:37:41.725+0000][7][gc,task      ] GC(134) Using 1 workers of 1 for marking
[2021-04-21T09:37:41.759+0000][7][safepoint    ] Safepoint "BulkRevokeBias", Time since last: 40270399 ns, Reaching safepoint: 216919 ns, At safepoint: 336855 ns, Total: 553774 ns
[2021-04-21T09:37:41.787+0000][7][gc,start     ] GC(135) Pause Young (Normal) (G1 Evacuation Pause)
[2021-04-21T09:37:41.787+0000][7][gc,task      ] GC(135) Using 4 workers of 4 for evacuation
[2021-04-21T09:37:41.787+0000][7][gc,age       ] GC(135) Desired survivor size 1048576 bytes, new threshold 15 (max threshold 15)
[2021-04-21T09:37:41.789+0000][7][gc,age       ] GC(135) Age table with threshold 15 (max threshold 15)
[2021-04-21T09:37:41.789+0000][7][gc,age       ] GC(135) - age   1:     317848 bytes,     317848 total
[2021-04-21T09:37:41.789+0000][7][gc,age       ] GC(135) - age   2:     138024 bytes,     455872 total
[2021-04-21T09:37:41.789+0000][7][gc,age       ] GC(135) - age   3:      42320 bytes,     498192 total
[2021-04-21T09:37:41.789+0000][7][gc,age       ] GC(135) - age   4:     258256 bytes,     756448 total
[2021-04-21T09:37:41.789+0000][7][gc,age       ] GC(135) - age   5:     149488 bytes,     905936 total
[2021-04-21T09:37:41.789+0000][7][gc,age       ] GC(135) - age   6:      58936 bytes,     964872 total
[2021-04-21T09:37:41.789+0000][7][gc,phases    ] GC(135)   Pre Evacuate Collection Set: 0.0ms
[2021-04-21T09:37:41.789+0000][7][gc,phases    ] GC(135)   Merge Heap Roots: 0.1ms
[2021-04-21T09:37:41.789+0000][7][gc,phases    ] GC(135)   Evacuate Collection Set: 1.6ms
[2021-04-21T09:37:41.789+0000][7][gc,phases    ] GC(135)   Post Evacuate Collection Set: 0.4ms
[2021-04-21T09:37:41.789+0000][7][gc,phases    ] GC(135)   Other: 0.2ms
[2021-04-21T09:37:41.789+0000][7][gc,heap      ] GC(135) Eden regions: 15->0(15)
[2021-04-21T09:37:41.789+0000][7][gc,heap      ] GC(135) Survivor regions: 1->1(2)
[2021-04-21T09:37:41.789+0000][7][gc,heap      ] GC(135) Old regions: 69->69
[2021-04-21T09:37:41.789+0000][7][gc,heap      ] GC(135) Archive regions: 2->2
[2021-04-21T09:37:41.789+0000][7][gc,heap      ] GC(135) Humongous regions: 7->7
[2021-04-21T09:37:41.789+0000][7][gc,metaspace ] GC(135) Metaspace: 88129K(95360K)->88129K(95360K) NonClass: 76082K(80384K)->76082K(80384K) Class: 12046K(14976K)->12046K(14976K)
[2021-04-21T09:37:41.789+0000][7][gc           ] GC(135) Pause Young (Normal) (G1 Evacuation Pause) 92M->77M(128M) 2.447ms
[2021-04-21T09:37:41.789+0000][7][gc,cpu       ] GC(135) User=0.01s Sys=0.00s Real=0.00s
[2021-04-21T09:37:41.789+0000][7][safepoint    ] Safepoint "G1CollectForAllocation", Time since last: 27846226 ns, Reaching safepoint: 107695 ns, At safepoint: 2522008 ns, Total: 2629703 ns
[2021-04-21T09:37:41.868+0000][7][gc,marking   ] GC(134) Concurrent Mark From Roots 143.159ms
[2021-04-21T09:37:41.868+0000][7][gc,marking   ] GC(134) Concurrent Preclean
[2021-04-21T09:37:41.869+0000][7][gc,marking   ] GC(134) Concurrent Preclean 0.123ms
[2021-04-21T09:37:41.869+0000][7][gc,marking   ] GC(134) Concurrent Mark (38.702s, 38.846s) 143.356ms
[2021-04-21T09:37:41.869+0000][7][gc,start     ] GC(134) Pause Remark
[2021-04-21T09:37:41.873+0000][7][gc           ] GC(134) Pause Remark 90M->90M(128M) 4.117ms
[2021-04-21T09:37:41.873+0000][7][gc,cpu       ] GC(134) User=0.02s Sys=0.00s Real=0.00s
[2021-04-21T09:37:41.873+0000][7][safepoint    ] Safepoint "G1Concurrent", Time since last: 79459380 ns, Reaching safepoint: 98943 ns, At safepoint: 4206752 ns, Total: 4305695 ns
[2021-04-21T09:37:41.873+0000][7][gc,marking   ] GC(134) Concurrent Rebuild Remembered Sets
[2021-04-21T09:37:41.948+0000][7][gc,marking   ] GC(134) Concurrent Rebuild Remembered Sets 74.768ms
[2021-04-21T09:37:41.948+0000][7][gc,start     ] GC(134) Pause Cleanup
[2021-04-21T09:37:41.948+0000][7][gc           ] GC(134) Pause Cleanup 90M->90M(128M) 0.140ms
[2021-04-21T09:37:41.948+0000][7][gc,cpu       ] GC(134) User=0.00s Sys=0.00s Real=0.00s
[2021-04-21T09:37:41.948+0000][7][safepoint    ] Safepoint "G1Concurrent", Time since last: 74881299 ns, Reaching safepoint: 166708 ns, At safepoint: 196570 ns, Total: 363278 ns
[2021-04-21T09:37:41.948+0000][7][gc,marking   ] GC(134) Concurrent Cleanup for Next Mark
[2021-04-21T09:37:41.949+0000][7][gc,marking   ] GC(134) Concurrent Cleanup for Next Mark 0.277ms
[2021-04-21T09:37:41.949+0000][7][gc           ] GC(134) Concurrent Cycle 230.645ms
[2021-04-21T09:37:43.346+0000][7][safepoint    ] Safepoint "Cleanup", Time since last: 1397940830 ns, Reaching safepoint: 98463 ns, At safepoint: 7307 ns, Total: 105770 ns
[2021-04-21T09:37:44.556+0000][7][safepoint    ] Safepoint "Cleanup", Time since last: 1209609448 ns, Reaching safepoint: 197235 ns, At safepoint: 15512 ns, Total: 212747 ns
[2021-04-21T09:37:45.779+0000][7][safepoint    ] Safepoint "Cleanup", Time since last: 1222720126 ns, Reaching safepoint: 121241 ns, At safepoint: 9976 ns, Total: 131217 ns
[2021-04-21T09:37:45.825+0000][7][gc,start     ] GC(136) Pause Young (Normal) (G1 Evacuation Pause)
[2021-04-21T09:37:45.825+0000][7][gc,task      ] GC(136) Using 4 workers of 4 for evacuation
[2021-04-21T09:37:45.825+0000][7][gc,age       ] GC(136) Desired survivor size 1048576 bytes, new threshold 15 (max threshold 15)
[2021-04-21T09:37:45.828+0000][7][gc,age       ] GC(136) Age table with threshold 15 (max threshold 15)
[2021-04-21T09:37:45.828+0000][7][gc,age       ] GC(136) - age   1:      93056 bytes,      93056 total
[2021-04-21T09:37:45.828+0000][7][gc,age       ] GC(136) - age   2:      71464 bytes,     164520 total
[2021-04-21T09:37:45.828+0000][7][gc,age       ] GC(136) - age   3:     135752 bytes,     300272 total
[2021-04-21T09:37:45.828+0000][7][gc,age       ] GC(136) - age   4:      42024 bytes,     342296 total
[2021-04-21T09:37:45.828+0000][7][gc,age       ] GC(136) - age   5:     258080 bytes,     600376 total
[2021-04-21T09:37:45.828+0000][7][gc,age       ] GC(136) - age   6:     149408 bytes,     749784 total
[2021-04-21T09:37:45.828+0000][7][gc,age       ] GC(136) - age   7:      58936 bytes,     808720 total
[2021-04-21T09:37:45.828+0000][7][gc,phases    ] GC(136)   Pre Evacuate Collection Set: 0.1ms
[2021-04-21T09:37:45.828+0000][7][gc,phases    ] GC(136)   Merge Heap Roots: 0.1ms
[2021-04-21T09:37:45.828+0000][7][gc,phases    ] GC(136)   Evacuate Collection Set: 1.8ms
[2021-04-21T09:37:45.828+0000][7][gc,phases    ] GC(136)   Post Evacuate Collection Set: 0.8ms
[2021-04-21T09:37:45.828+0000][7][gc,phases    ] GC(136)   Other: 0.3ms
[2021-04-21T09:37:45.828+0000][7][gc,heap      ] GC(136) Eden regions: 15->0(15)
[2021-04-21T09:37:45.828+0000][7][gc,heap      ] GC(136) Survivor regions: 1->1(2)
[2021-04-21T09:37:45.828+0000][7][gc,heap      ] GC(136) Old regions: 69->69
[2021-04-21T09:37:45.828+0000][7][gc,heap      ] GC(136) Archive regions: 2->2
[2021-04-21T09:37:45.828+0000][7][gc,heap      ] GC(136) Humongous regions: 7->7
[2021-04-21T09:37:45.828+0000][7][gc,metaspace ] GC(136) Metaspace: 88181K(95360K)->88181K(95360K) NonClass: 76134K(80384K)->76134K(80384K) Class: 12046K(14976K)->12046K(14976K)
[2021-04-21T09:37:45.828+0000][7][gc           ] GC(136) Pause Young (Normal) (G1 Evacuation Pause) 92M->77M(128M) 3.196ms
[2021-04-21T09:37:45.828+0000][7][gc,cpu       ] GC(136) User=0.01s Sys=0.00s Real=0.01s
[2021-04-21T09:37:45.828+0000][7][safepoint    ] Safepoint "G1CollectForAllocation", Time since last: 45650469 ns, Reaching safepoint: 200309 ns, At safepoint: 3299297 ns, Total: 3499606 ns
[2021-04-21T09:37:46.120+0000][7][safepoint    ] Safepoint "BulkRevokeBias", Time since last: 290373833 ns, Reaching safepoint: 176922 ns, At safepoint: 1144662 ns, Total: 1321584 ns
[2021-04-21T09:37:46.152+0000][7][safepoint    ] Safepoint "BulkRevokeBias", Time since last: 30664982 ns, Reaching safepoint: 175077 ns, At safepoint: 950549 ns, Total: 1125626 ns
[2021-04-21T09:37:47.206+0000][7][safepoint    ] Safepoint "Cleanup", Time since last: 1053994452 ns, Reaching safepoint: 191675 ns, At safepoint: 17193 ns, Total: 208868 ns
[2021-04-21T09:37:48.794+0000][7][safepoint    ] Safepoint "Cleanup", Time since last: 1587644000 ns, Reaching safepoint: 203831 ns, At safepoint: 11329 ns, Total: 215160 ns
[2021-04-21T09:37:49.794+0000][7][safepoint    ] Safepoint "Cleanup", Time since last: 1000175448 ns, Reaching safepoint: 163081 ns, At safepoint: 10759 ns, Total: 173840 ns
[2021-04-21T09:37:50.794+0000][7][safepoint    ] Safepoint "Cleanup", Time since last: 1000185116 ns, Reaching safepoint: 131503 ns, At safepoint: 7491 ns, Total: 138994 ns
[2021-04-21T09:37:50.833+0000][7][gc,start     ] GC(137) Pause Young (Concurrent Start) (G1 Evacuation Pause)
[2021-04-21T09:37:50.833+0000][7][gc,task      ] GC(137) Using 4 workers of 4 for evacuation
[2021-04-21T09:37:50.833+0000][7][gc,age       ] GC(137) Desired survivor size 1048576 bytes, new threshold 15 (max threshold 15)
[2021-04-21T09:37:50.836+0000][7][gc,age       ] GC(137) Age table with threshold 15 (max threshold 15)
[2021-04-21T09:37:50.836+0000][7][gc,age       ] GC(137) - age   1:     403536 bytes,     403536 total
[2021-04-21T09:37:50.836+0000][7][gc,age       ] GC(137) - age   2:      88760 bytes,     492296 total
[2021-04-21T09:37:50.836+0000][7][gc,age       ] GC(137) - age   3:      71080 bytes,     563376 total
[2021-04-21T09:37:50.836+0000][7][gc,age       ] GC(137) - age   4:      37312 bytes,     600688 total
[2021-04-21T09:37:50.836+0000][7][gc,age       ] GC(137) - age   5:      41968 bytes,     642656 total
[2021-04-21T09:37:50.836+0000][7][gc,age       ] GC(137) - age   6:     257088 bytes,     899744 total
[2021-04-21T09:37:50.836+0000][7][gc,age       ] GC(137) - age   7:     149328 bytes,    1049072 total
[2021-04-21T09:37:50.836+0000][7][gc,age       ] GC(137) - age   8:      58936 bytes,    1108008 total
[2021-04-21T09:37:50.836+0000][7][gc,phases    ] GC(137)   Pre Evacuate Collection Set: 0.5ms
[2021-04-21T09:37:50.836+0000][7][gc,phases    ] GC(137)   Merge Heap Roots: 0.1ms
[2021-04-21T09:37:50.836+0000][7][gc,phases    ] GC(137)   Evacuate Collection Set: 2.3ms
[2021-04-21T09:37:50.836+0000][7][gc,phases    ] GC(137)   Post Evacuate Collection Set: 0.4ms
[2021-04-21T09:37:50.836+0000][7][gc,phases    ] GC(137)   Other: 0.3ms
[2021-04-21T09:37:50.836+0000][7][gc,heap      ] GC(137) Eden regions: 15->0(14)
[2021-04-21T09:37:50.836+0000][7][gc,heap      ] GC(137) Survivor regions: 1->2(2)
[2021-04-21T09:37:50.836+0000][7][gc,heap      ] GC(137) Old regions: 69->69
[2021-04-21T09:37:50.836+0000][7][gc,heap      ] GC(137) Archive regions: 2->2
[2021-04-21T09:37:50.836+0000][7][gc,heap      ] GC(137) Humongous regions: 7->7
[2021-04-21T09:37:50.836+0000][7][gc,metaspace ] GC(137) Metaspace: 88792K(95872K)->88792K(95872K) NonClass: 76662K(80896K)->76662K(80896K) Class: 12129K(14976K)->12129K(14976K)
[2021-04-21T09:37:50.836+0000][7][gc           ] GC(137) Pause Young (Concurrent Start) (G1 Evacuation Pause) 92M->77M(128M) 3.591ms
[2021-04-21T09:37:50.836+0000][7][gc,cpu       ] GC(137) User=0.01s Sys=0.00s Real=0.00s
[2021-04-21T09:37:50.836+0000][7][gc           ] GC(138) Concurrent Cycle
[2021-04-21T09:37:50.836+0000][7][gc,marking   ] GC(138) Concurrent Clear Claimed Marks
[2021-04-21T09:37:50.836+0000][7][safepoint    ] Safepoint "G1CollectForAllocation", Time since last: 38055258 ns, Reaching safepoint: 109267 ns, At safepoint: 3691996 ns, Total: 3801263 ns
[2021-04-21T09:37:50.837+0000][7][gc,marking   ] GC(138) Concurrent Clear Claimed Marks 0.447ms
[2021-04-21T09:37:50.837+0000][7][gc,marking   ] GC(138) Concurrent Scan Root Regions
[2021-04-21T09:37:50.840+0000][7][gc,marking   ] GC(138) Concurrent Scan Root Regions 3.418ms
[2021-04-21T09:37:50.840+0000][7][gc,marking   ] GC(138) Concurrent Mark (47.817s)
[2021-04-21T09:37:50.840+0000][7][gc,marking   ] GC(138) Concurrent Mark From Roots
[2021-04-21T09:37:50.840+0000][7][gc,task      ] GC(138) Using 1 workers of 1 for marking
[2021-04-21T09:37:50.951+0000][7][gc,marking   ] GC(138) Concurrent Mark From Roots 111.137ms
[2021-04-21T09:37:50.951+0000][7][gc,marking   ] GC(138) Concurrent Preclean
[2021-04-21T09:37:50.951+0000][7][gc,marking   ] GC(138) Concurrent Preclean 0.110ms
[2021-04-21T09:37:50.951+0000][7][gc,marking   ] GC(138) Concurrent Mark (47.817s, 47.928s) 111.314ms
[2021-04-21T09:37:50.952+0000][7][gc,start     ] GC(138) Pause Remark
[2021-04-21T09:37:50.956+0000][7][gc           ] GC(138) Pause Remark 79M->79M(128M) 4.692ms
[2021-04-21T09:37:50.956+0000][7][gc,cpu       ] GC(138) User=0.01s Sys=0.00s Real=0.00s
[2021-04-21T09:37:50.956+0000][7][safepoint    ] Safepoint "G1Concurrent", Time since last: 115290813 ns, Reaching safepoint: 93740 ns, At safepoint: 4784897 ns, Total: 4878637 ns
[2021-04-21T09:37:50.956+0000][7][gc,marking   ] GC(138) Concurrent Rebuild Remembered Sets
[2021-04-21T09:37:51.032+0000][7][gc,marking   ] GC(138) Concurrent Rebuild Remembered Sets 75.363ms
[2021-04-21T09:37:51.032+0000][7][gc,start     ] GC(138) Pause Cleanup
[2021-04-21T09:37:51.033+0000][7][gc           ] GC(138) Pause Cleanup 79M->79M(128M) 0.179ms
[2021-04-21T09:37:51.033+0000][7][gc,cpu       ] GC(138) User=0.01s Sys=0.00s Real=0.00s
[2021-04-21T09:37:51.033+0000][7][safepoint    ] Safepoint "G1Concurrent", Time since last: 75460197 ns, Reaching safepoint: 615641 ns, At safepoint: 237473 ns, Total: 853114 ns
[2021-04-21T09:37:51.033+0000][7][gc,marking   ] GC(138) Concurrent Cleanup for Next Mark
[2021-04-21T09:37:51.033+0000][7][gc,marking   ] GC(138) Concurrent Cleanup for Next Mark 0.258ms
[2021-04-21T09:37:51.033+0000][7][gc           ] GC(138) Concurrent Cycle 196.819ms
[2021-04-21T09:37:52.033+0000][7][safepoint    ] Safepoint "Cleanup", Time since last: 1000129848 ns, Reaching safepoint: 142608 ns, At safepoint: 7412 ns, Total: 150020 ns
[2021-04-21T09:37:53.033+0000][7][safepoint    ] Safepoint "Cleanup", Time since last: 1000197903 ns, Reaching safepoint: 148735 ns, At safepoint: 7424 ns, Total: 156159 ns
[2021-04-21T09:37:54.817+0000][7][safepoint    ] Safepoint "Cleanup", Time since last: 1783558854 ns, Reaching safepoint: 208426 ns, At safepoint: 12912 ns, Total: 221338 ns
[2021-04-21T09:37:55.817+0000][7][safepoint    ] Safepoint "Cleanup", Time since last: 1000185439 ns, Reaching safepoint: 154920 ns, At safepoint: 14295 ns, Total: 169215 ns
[2021-04-21T09:37:57.090+0000][7][safepoint    ] Safepoint "Cleanup", Time since last: 1272297430 ns, Reaching safepoint: 246637 ns, At safepoint: 21525 ns, Total: 268162 ns
[2021-04-21T09:37:57.105+0000][7][gc,start     ] GC(139) Pause Young (Normal) (G1 Evacuation Pause)
[2021-04-21T09:37:57.105+0000][7][gc,task      ] GC(139) Using 4 workers of 4 for evacuation
[2021-04-21T09:37:57.105+0000][7][gc,age       ] GC(139) Desired survivor size 1048576 bytes, new threshold 7 (max threshold 15)
[2021-04-21T09:37:57.109+0000][7][gc,age       ] GC(139) Age table with threshold 7 (max threshold 15)
[2021-04-21T09:37:57.110+0000][7][gc,age       ] GC(139) - age   1:      24240 bytes,      24240 total
[2021-04-21T09:37:57.110+0000][7][gc,age       ] GC(139) - age   2:     392592 bytes,     416832 total
[2021-04-21T09:37:57.110+0000][7][gc,age       ] GC(139) - age   3:      88272 bytes,     505104 total
[2021-04-21T09:37:57.110+0000][7][gc,age       ] GC(139) - age   4:      71080 bytes,     576184 total
[2021-04-21T09:37:57.110+0000][7][gc,age       ] GC(139) - age   5:      37312 bytes,     613496 total
[2021-04-21T09:37:57.110+0000][7][gc,age       ] GC(139) - age   6:      41968 bytes,     655464 total
[2021-04-21T09:37:57.110+0000][7][gc,age       ] GC(139) - age   7:     257088 bytes,     912552 total
[2021-04-21T09:37:57.110+0000][7][gc,phases    ] GC(139)   Pre Evacuate Collection Set: 0.0ms
[2021-04-21T09:37:57.110+0000][7][gc,phases    ] GC(139)   Merge Heap Roots: 0.1ms
[2021-04-21T09:37:57.110+0000][7][gc,phases    ] GC(139)   Evacuate Collection Set: 3.3ms
[2021-04-21T09:37:57.110+0000][7][gc,phases    ] GC(139)   Post Evacuate Collection Set: 0.6ms
[2021-04-21T09:37:57.110+0000][7][gc,phases    ] GC(139)   Other: 0.3ms
[2021-04-21T09:37:57.110+0000][7][gc,heap      ] GC(139) Eden regions: 14->0(15)
[2021-04-21T09:37:57.110+0000][7][gc,heap      ] GC(139) Survivor regions: 2->1(2)
[2021-04-21T09:37:57.110+0000][7][gc,heap      ] GC(139) Old regions: 69->70
[2021-04-21T09:37:57.110+0000][7][gc,heap      ] GC(139) Archive regions: 2->2
[2021-04-21T09:37:57.110+0000][7][gc,heap      ] GC(139) Humongous regions: 7->7
[2021-04-21T09:37:57.110+0000][7][gc,metaspace ] GC(139) Metaspace: 88981K(96128K)->88981K(96128K) NonClass: 76842K(81152K)->76842K(81152K) Class: 12139K(14976K)->12139K(14976K)
[2021-04-21T09:37:57.110+0000][7][gc           ] GC(139) Pause Young (Normal) (G1 Evacuation Pause) 91M->77M(128M) 4.465ms
[2021-04-21T09:37:57.110+0000][7][gc,cpu       ] GC(139) User=0.01s Sys=0.00s Real=0.01s
[2021-04-21T09:37:57.110+0000][7][safepoint    ] Safepoint "G1CollectForAllocation", Time since last: 15186136 ns, Reaching safepoint: 91584 ns, At safepoint: 4539549 ns, Total: 4631133 ns
[2021-04-21T09:37:58.110+0000][7][safepoint    ] Safepoint "Cleanup", Time since last: 1000102960 ns, Reaching safepoint: 188989 ns, At safepoint: 10779 ns, Total: 199768 ns
[2021-04-21T09:37:59.482+0000][7][safepoint    ] Safepoint "Cleanup", Time since last: 1372159275 ns, Reaching safepoint: 143161 ns, At safepoint: 5208 ns, Total: 148369 ns
[2021-04-21T09:38:00.842+0000][7][safepoint    ] Safepoint "Cleanup", Time since last: 1359885355 ns, Reaching safepoint: 151353 ns, At safepoint: 10030 ns, Total: 161383 ns
[2021-04-21T09:38:01.843+0000][7][safepoint    ] Safepoint "Cleanup", Time since last: 1000142880 ns, Reaching safepoint: 213072 ns, At safepoint: 15488 ns, Total: 228560 ns
[2021-04-21T09:38:02.843+0000][7][safepoint    ] Safepoint "Cleanup", Time since last: 1000174244 ns, Reaching safepoint: 170061 ns, At safepoint: 13769 ns, Total: 183830 ns
[2021-04-21T09:38:03.844+0000][7][safepoint    ] Safepoint "Cleanup", Time since last: 1000136541 ns, Reaching safepoint: 189688 ns, At safepoint: 10254 ns, Total: 199942 ns
[2021-04-21T09:38:04.844+0000][7][safepoint    ] Safepoint "Cleanup", Time since last: 1000169543 ns, Reaching safepoint: 215501 ns, At safepoint: 10204 ns, Total: 225705 ns
[2021-04-21T09:38:05.844+0000][7][safepoint    ] Safepoint "Cleanup", Time since last: 1000194140 ns, Reaching safepoint: 134249 ns, At safepoint: 7706 ns, Total: 141955 ns
[2021-04-21T09:38:07.504+0000][7][safepoint    ] Safepoint "Cleanup", Time since last: 1659047867 ns, Reaching safepoint: 236146 ns, At safepoint: 10779 ns, Total: 246925 ns
[2021-04-21T09:38:08.504+0000][7][safepoint    ] Safepoint "Cleanup", Time since last: 1000158580 ns, Reaching safepoint: 151537 ns, At safepoint: 6419 ns, Total: 157956 ns
[2021-04-21T09:38:09.504+0000][7][safepoint    ] Safepoint "Cleanup", Time since last: 1000129408 ns, Reaching safepoint: 157413 ns, At safepoint: 9918 ns, Total: 167331 ns
[2021-04-21T09:38:10.505+0000][7][safepoint    ] Safepoint "Cleanup", Time since last: 1000157736 ns, Reaching safepoint: 184306 ns, At safepoint: 10638 ns, Total: 194944 ns
[2021-04-21T09:38:10.865+0000][7][gc,start     ] GC(140) Pause Young (Concurrent Start) (G1 Evacuation Pause)
[2021-04-21T09:38:10.865+0000][7][gc,task      ] GC(140) Using 4 workers of 4 for evacuation
[2021-04-21T09:38:10.865+0000][7][gc,age       ] GC(140) Desired survivor size 1048576 bytes, new threshold 15 (max threshold 15)
[2021-04-21T09:38:10.869+0000][7][gc,age       ] GC(140) Age table with threshold 15 (max threshold 15)
[2021-04-21T09:38:10.869+0000][7][gc,age       ] GC(140) - age   1:      85808 bytes,      85808 total
[2021-04-21T09:38:10.869+0000][7][gc,age       ] GC(140) - age   2:      13632 bytes,      99440 total
[2021-04-21T09:38:10.869+0000][7][gc,age       ] GC(140) - age   3:     392024 bytes,     491464 total
[2021-04-21T09:38:10.869+0000][7][gc,age       ] GC(140) - age   4:      88272 bytes,     579736 total
[2021-04-21T09:38:10.869+0000][7][gc,age       ] GC(140) - age   5:      71080 bytes,     650816 total
[2021-04-21T09:38:10.869+0000][7][gc,age       ] GC(140) - age   6:      37312 bytes,     688128 total
[2021-04-21T09:38:10.869+0000][7][gc,age       ] GC(140) - age   7:      41968 bytes,     730096 total
[2021-04-21T09:38:10.869+0000][7][gc,age       ] GC(140) - age   8:     257088 bytes,     987184 total
[2021-04-21T09:38:10.869+0000][7][gc,phases    ] GC(140)   Pre Evacuate Collection Set: 0.5ms
[2021-04-21T09:38:10.869+0000][7][gc,phases    ] GC(140)   Merge Heap Roots: 0.1ms
[2021-04-21T09:38:10.869+0000][7][gc,phases    ] GC(140)   Evacuate Collection Set: 2.3ms
[2021-04-21T09:38:10.869+0000][7][gc,phases    ] GC(140)   Post Evacuate Collection Set: 0.5ms
[2021-04-21T09:38:10.869+0000][7][gc,phases    ] GC(140)   Other: 0.3ms
[2021-04-21T09:38:10.869+0000][7][gc,heap      ] GC(140) Eden regions: 15->0(15)
[2021-04-21T09:38:10.869+0000][7][gc,heap      ] GC(140) Survivor regions: 1->1(2)
[2021-04-21T09:38:10.869+0000][7][gc,heap      ] GC(140) Old regions: 70->70
[2021-04-21T09:38:10.869+0000][7][gc,heap      ] GC(140) Archive regions: 2->2
[2021-04-21T09:38:10.869+0000][7][gc,heap      ] GC(140) Humongous regions: 7->7
[2021-04-21T09:38:10.869+0000][7][gc,metaspace ] GC(140) Metaspace: 89237K(96512K)->89237K(96512K) NonClass: 77082K(81408K)->77082K(81408K) Class: 12155K(15104K)->12155K(15104K)
[2021-04-21T09:38:10.869+0000][7][gc           ] GC(140) Pause Young (Concurrent Start) (G1 Evacuation Pause) 92M->77M(128M) 3.771ms
[2021-04-21T09:38:10.869+0000][7][gc,cpu       ] GC(140) User=0.01s Sys=0.00s Real=0.01s
[2021-04-21T09:38:10.869+0000][7][safepoint    ] Safepoint "G1CollectForAllocation", Time since last: 360495574 ns, Reaching safepoint: 103702 ns, At safepoint: 3853689 ns, Total: 3957391 ns
[2021-04-21T09:38:10.869+0000][7][gc           ] GC(141) Concurrent Cycle
[2021-04-21T09:38:10.869+0000][7][gc,marking   ] GC(141) Concurrent Clear Claimed Marks
[2021-04-21T09:38:10.869+0000][7][gc,marking   ] GC(141) Concurrent Clear Claimed Marks 0.487ms
[2021-04-21T09:38:10.870+0000][7][gc,marking   ] GC(141) Concurrent Scan Root Regions
[2021-04-21T09:38:10.871+0000][7][gc,marking   ] GC(141) Concurrent Scan Root Regions 1.937ms
[2021-04-21T09:38:10.872+0000][7][gc,marking   ] GC(141) Concurrent Mark (67.848s)
[2021-04-21T09:38:10.872+0000][7][gc,marking   ] GC(141) Concurrent Mark From Roots
[2021-04-21T09:38:10.872+0000][7][gc,task      ] GC(141) Using 1 workers of 1 for marking
[2021-04-21T09:38:10.979+0000][7][gc,marking   ] GC(141) Concurrent Mark From Roots 107.031ms
[2021-04-21T09:38:10.979+0000][7][gc,marking   ] GC(141) Concurrent Preclean
[2021-04-21T09:38:10.979+0000][7][gc,marking   ] GC(141) Concurrent Preclean 0.452ms
[2021-04-21T09:38:10.979+0000][7][gc,marking   ] GC(141) Concurrent Mark (67.848s, 67.956s) 107.560ms
[2021-04-21T09:38:10.979+0000][7][gc,start     ] GC(141) Pause Remark
[2021-04-21T09:38:10.991+0000][7][gc           ] GC(141) Pause Remark 78M->78M(128M) 11.585ms
[2021-04-21T09:38:10.991+0000][7][gc,cpu       ] GC(141) User=0.03s Sys=0.00s Real=0.01s
[2021-04-21T09:38:10.991+0000][7][safepoint    ] Safepoint "G1Concurrent", Time since last: 110125686 ns, Reaching safepoint: 86966 ns, At safepoint: 11686538 ns, Total: 11773504 ns
[2021-04-21T09:38:10.991+0000][7][gc,marking   ] GC(141) Concurrent Rebuild Remembered Sets
[2021-04-21T09:38:11.063+0000][7][gc,marking   ] GC(141) Concurrent Rebuild Remembered Sets 72.495ms
[2021-04-21T09:38:11.064+0000][7][gc,start     ] GC(141) Pause Cleanup
[2021-04-21T09:38:11.064+0000][7][gc           ] GC(141) Pause Cleanup 78M->78M(128M) 0.117ms
[2021-04-21T09:38:11.064+0000][7][gc,cpu       ] GC(141) User=0.00s Sys=0.00s Real=0.00s
[2021-04-21T09:38:11.064+0000][7][safepoint    ] Safepoint "G1Concurrent", Time since last: 72619926 ns, Reaching safepoint: 88008 ns, At safepoint: 154692 ns, Total: 242700 ns
[2021-04-21T09:38:11.064+0000][7][gc,marking   ] GC(141) Concurrent Cleanup for Next Mark
[2021-04-21T09:38:11.064+0000][7][gc,marking   ] GC(141) Concurrent Cleanup for Next Mark 0.239ms
[2021-04-21T09:38:11.064+0000][7][gc           ] GC(141) Concurrent Cycle 195.040ms
[2021-04-21T09:38:12.064+0000][7][safepoint    ] Safepoint "Cleanup", Time since last: 1000133776 ns, Reaching safepoint: 312528 ns, At safepoint: 13509 ns, Total: 326037 ns
[2021-04-21T09:38:13.064+0000][7][safepoint    ] Safepoint "Cleanup", Time since last: 1000170617 ns, Reaching safepoint: 107701 ns, At safepoint: 9607 ns, Total: 117308 ns
[2021-04-21T09:38:14.065+0000][7][safepoint    ] Safepoint "Cleanup", Time since last: 1000157797 ns, Reaching safepoint: 148662 ns, At safepoint: 8402 ns, Total: 157064 ns
[2021-04-21T09:38:15.065+0000][7][safepoint    ] Safepoint "Cleanup", Time since last: 1000138578 ns, Reaching safepoint: 179036 ns, At safepoint: 9454 ns, Total: 188490 ns
[2021-04-21T09:38:16.065+0000][7][safepoint    ] Safepoint "Cleanup", Time since last: 1000129761 ns, Reaching safepoint: 104736 ns, At safepoint: 4349 ns, Total: 109085 ns
[2021-04-21T09:38:17.066+0000][7][safepoint    ] Safepoint "Cleanup", Time since last: 1000140958 ns, Reaching safepoint: 117946 ns, At safepoint: 6533 ns, Total: 124479 ns
[2021-04-21T09:38:18.066+0000][7][safepoint    ] Safepoint "Cleanup", Time since last: 1000146483 ns, Reaching safepoint: 189434 ns, At safepoint: 9481 ns, Total: 198915 ns
[2021-04-21T09:38:19.066+0000][7][safepoint    ] Safepoint "Cleanup", Time since last: 1000175721 ns, Reaching safepoint: 136048 ns, At safepoint: 6450 ns, Total: 142498 ns
[2021-04-21T09:38:20.067+0000][7][safepoint    ] Safepoint "Cleanup", Time since last: 1000141845 ns, Reaching safepoint: 120108 ns, At safepoint: 5322 ns, Total: 125430 ns
[2021-04-21T09:38:21.067+0000][7][safepoint    ] Safepoint "Cleanup", Time since last: 1000150374 ns, Reaching safepoint: 204578 ns, At safepoint: 18435 ns, Total: 223013 ns
[2021-04-21T09:38:22.067+0000][7][safepoint    ] Safepoint "Cleanup", Time since last: 1000178810 ns, Reaching safepoint: 143962 ns, At safepoint: 11212 ns, Total: 155174 ns
[2021-04-21T09:38:23.068+0000][7][safepoint    ] Safepoint "Cleanup", Time since last: 1000156682 ns, Reaching safepoint: 154222 ns, At safepoint: 9602 ns, Total: 163824 ns
[2021-04-21T09:38:24.068+0000][7][safepoint    ] Safepoint "Cleanup", Time since last: 1000155929 ns, Reaching safepoint: 187915 ns, At safepoint: 13174 ns, Total: 201089 ns
[2021-04-21T09:38:25.068+0000][7][safepoint    ] Safepoint "Cleanup", Time since last: 1000170246 ns, Reaching safepoint: 200363 ns, At safepoint: 10098 ns, Total: 210461 ns
[2021-04-21T09:38:26.069+0000][7][safepoint    ] Safepoint "Cleanup", Time since last: 1000177814 ns, Reaching safepoint: 174126 ns, At safepoint: 13147 ns, Total: 187273 ns
[2021-04-21T09:38:27.069+0000][7][safepoint    ] Safepoint "Cleanup", Time since last: 1000153542 ns, Reaching safepoint: 199813 ns, At safepoint: 7900 ns, Total: 207713 ns
[2021-04-21T09:38:28.115+0000][7][safepoint    ] Safepoint "Cleanup", Time since last: 1045625778 ns, Reaching safepoint: 246430 ns, At safepoint: 11721 ns, Total: 258151 ns
[2021-04-21T09:38:29.115+0000][7][safepoint    ] Safepoint "Cleanup", Time since last: 1000170287 ns, Reaching safepoint: 181628 ns, At safepoint: 8712 ns, Total: 190340 ns
[2021-04-21T09:38:30.116+0000][7][safepoint    ] Safepoint "Cleanup", Time since last: 1000178865 ns, Reaching safepoint: 221681 ns, At safepoint: 12363 ns, Total: 234044 ns
[2021-04-21T09:38:30.888+0000][7][gc,start     ] GC(142) Pause Young (Normal) (G1 Evacuation Pause)
[2021-04-21T09:38:30.888+0000][7][gc,task      ] GC(142) Using 4 workers of 4 for evacuation
[2021-04-21T09:38:30.888+0000][7][gc,age       ] GC(142) Desired survivor size 1048576 bytes, new threshold 15 (max threshold 15)
[2021-04-21T09:38:30.894+0000][7][gc,age       ] GC(142) Age table with threshold 15 (max threshold 15)
[2021-04-21T09:38:30.894+0000][7][gc,age       ] GC(142) - age   1:      20224 bytes,      20224 total
[2021-04-21T09:38:30.894+0000][7][gc,age       ] GC(142) - age   2:      74544 bytes,      94768 total
[2021-04-21T09:38:30.894+0000][7][gc,age       ] GC(142) - age   3:      12440 bytes,     107208 total
[2021-04-21T09:38:30.894+0000][7][gc,age       ] GC(142) - age   4:     391888 bytes,     499096 total
[2021-04-21T09:38:30.894+0000][7][gc,age       ] GC(142) - age   5:      87792 bytes,     586888 total
[2021-04-21T09:38:30.894+0000][7][gc,age       ] GC(142) - age   6:      71080 bytes,     657968 total
[2021-04-21T09:38:30.894+0000][7][gc,age       ] GC(142) - age   7:      37312 bytes,     695280 total
[2021-04-21T09:38:30.894+0000][7][gc,age       ] GC(142) - age   8:      41968 bytes,     737248 total
[2021-04-21T09:38:30.894+0000][7][gc,age       ] GC(142) - age   9:     257040 bytes,     994288 total
[2021-04-21T09:38:30.894+0000][7][gc,phases    ] GC(142)   Pre Evacuate Collection Set: 0.1ms
[2021-04-21T09:38:30.894+0000][7][gc,phases    ] GC(142)   Merge Heap Roots: 0.2ms
[2021-04-21T09:38:30.894+0000][7][gc,phases    ] GC(142)   Evacuate Collection Set: 5.7ms
[2021-04-21T09:38:30.894+0000][7][gc,phases    ] GC(142)   Post Evacuate Collection Set: 0.4ms
[2021-04-21T09:38:30.894+0000][7][gc,phases    ] GC(142)   Other: 0.4ms
[2021-04-21T09:38:30.894+0000][7][gc,heap      ] GC(142) Eden regions: 15->0(13)
[2021-04-21T09:38:30.895+0000][7][gc,heap      ] GC(142) Survivor regions: 1->2(2)
[2021-04-21T09:38:30.895+0000][7][gc,heap      ] GC(142) Old regions: 70->70
[2021-04-21T09:38:30.895+0000][7][gc,heap      ] GC(142) Archive regions: 2->2
[2021-04-21T09:38:30.895+0000][7][gc,heap      ] GC(142) Humongous regions: 7->7
[2021-04-21T09:38:30.895+0000][7][gc,metaspace ] GC(142) Metaspace: 89381K(96512K)->89381K(96512K) NonClass: 77235K(81408K)->77235K(81408K) Class: 12145K(15104K)->12145K(15104K)
[2021-04-21T09:38:30.895+0000][7][gc           ] GC(142) Pause Young (Normal) (G1 Evacuation Pause) 92M->78M(128M) 6.989ms
[2021-04-21T09:38:30.895+0000][7][gc,cpu       ] GC(142) User=0.02s Sys=0.00s Real=0.00s
[2021-04-21T09:38:30.895+0000][7][safepoint    ] Safepoint "G1CollectForAllocation", Time since last: 771639698 ns, Reaching safepoint: 175445 ns, At safepoint: 7096750 ns, Total: 7272195 ns
[2021-04-21T09:38:31.895+0000][7][safepoint    ] Safepoint "Cleanup", Time since last: 1000112283 ns, Reaching safepoint: 158089 ns, At safepoint: 7614 ns, Total: 165703 ns
[2021-04-21T09:38:32.895+0000][7][safepoint    ] Safepoint "Cleanup", Time since last: 1000190506 ns, Reaching safepoint: 175419 ns, At safepoint: 14605 ns, Total: 190024 ns
[2021-04-21T09:38:33.896+0000][7][safepoint    ] Safepoint "Cleanup", Time since last: 1000187200 ns, Reaching safepoint: 175467 ns, At safepoint: 11240 ns, Total: 186707 ns
[2021-04-21T09:38:34.896+0000][7][safepoint    ] Safepoint "Cleanup", Time since last: 1000191415 ns, Reaching safepoint: 177388 ns, At safepoint: 11893 ns, Total: 189281 ns
[2021-04-21T09:38:35.896+0000][7][safepoint    ] Safepoint "Cleanup", Time since last: 1000200655 ns, Reaching safepoint: 125314 ns, At safepoint: 12274 ns, Total: 137588 ns
[2021-04-21T09:38:36.897+0000][7][safepoint    ] Safepoint "Cleanup", Time since last: 1000145560 ns, Reaching safepoint: 224041 ns, At safepoint: 11610 ns, Total: 235651 ns
[2021-04-21T09:38:37.897+0000][7][safepoint    ] Safepoint "Cleanup", Time since last: 1000187801 ns, Reaching safepoint: 174082 ns, At safepoint: 12131 ns, Total: 186213 ns
[2021-04-21T09:38:38.898+0000][7][safepoint    ] Safepoint "Cleanup", Time since last: 1000245837 ns, Reaching safepoint: 142430 ns, At safepoint: 6785 ns, Total: 149215 ns
[2021-04-21T09:38:39.898+0000][7][safepoint    ] Safepoint "Cleanup", Time since last: 1000163212 ns, Reaching safepoint: 173229 ns, At safepoint: 26641 ns, Total: 199870 ns
[2021-04-21T09:38:40.898+0000][7][safepoint    ] Safepoint "Cleanup", Time since last: 1000188325 ns, Reaching safepoint: 160177 ns, At safepoint: 8599 ns, Total: 168776 ns
[2021-04-21T09:38:41.899+0000][7][safepoint    ] Safepoint "Cleanup", Time since last: 1000184748 ns, Reaching safepoint: 158074 ns, At safepoint: 11702 ns, Total: 169776 ns
[2021-04-21T09:38:42.899+0000][7][safepoint    ] Safepoint "Cleanup", Time since last: 1000156051 ns, Reaching safepoint: 187279 ns, At safepoint: 12431 ns, Total: 199710 ns
[2021-04-21T09:38:43.899+0000][7][safepoint    ] Safepoint "Cleanup", Time since last: 1000156241 ns, Reaching safepoint: 190208 ns, At safepoint: 12813 ns, Total: 203021 ns
[2021-04-21T09:38:44.900+0000][7][safepoint    ] Safepoint "Cleanup", Time since last: 1000168559 ns, Reaching safepoint: 188883 ns, At safepoint: 12171 ns, Total: 201054 ns
[2021-04-21T09:38:45.900+0000][7][safepoint    ] Safepoint "Cleanup", Time since last: 1000134559 ns, Reaching safepoint: 100362 ns, At safepoint: 6660 ns, Total: 107022 ns
[2021-04-21T09:38:45.906+0000][7][gc,start     ] GC(143) Pause Young (Concurrent Start) (G1 Evacuation Pause)
[2021-04-21T09:38:45.906+0000][7][gc,task      ] GC(143) Using 4 workers of 4 for evacuation
[2021-04-21T09:38:45.906+0000][7][gc,age       ] GC(143) Desired survivor size 1048576 bytes, new threshold 15 (max threshold 15)
[2021-04-21T09:38:45.911+0000][7][gc,age       ] GC(143) Age table with threshold 15 (max threshold 15)
[2021-04-21T09:38:45.912+0000][7][gc,age       ] GC(143) - age   1:      17624 bytes,      17624 total
[2021-04-21T09:38:45.912+0000][7][gc,age       ] GC(143) - age   2:      12000 bytes,      29624 total
[2021-04-21T09:38:45.912+0000][7][gc,age       ] GC(143) - age   3:      74368 bytes,     103992 total
[2021-04-21T09:38:45.912+0000][7][gc,age       ] GC(143) - age   4:      12440 bytes,     116432 total
[2021-04-21T09:38:45.912+0000][7][gc,age       ] GC(143) - age   5:     391824 bytes,     508256 total
[2021-04-21T09:38:45.912+0000][7][gc,age       ] GC(143) - age   6:      87792 bytes,     596048 total
[2021-04-21T09:38:45.912+0000][7][gc,age       ] GC(143) - age   7:      71080 bytes,     667128 total
[2021-04-21T09:38:45.912+0000][7][gc,age       ] GC(143) - age   8:      37312 bytes,     704440 total
[2021-04-21T09:38:45.912+0000][7][gc,age       ] GC(143) - age   9:      41968 bytes,     746408 total
[2021-04-21T09:38:45.912+0000][7][gc,age       ] GC(143) - age  10:     238784 bytes,     985192 total
[2021-04-21T09:38:45.912+0000][7][gc,phases    ] GC(143)   Pre Evacuate Collection Set: 0.5ms
[2021-04-21T09:38:45.912+0000][7][gc,phases    ] GC(143)   Merge Heap Roots: 0.1ms
[2021-04-21T09:38:45.912+0000][7][gc,phases    ] GC(143)   Evacuate Collection Set: 3.7ms
[2021-04-21T09:38:45.912+0000][7][gc,phases    ] GC(143)   Post Evacuate Collection Set: 1.2ms
[2021-04-21T09:38:45.912+0000][7][gc,phases    ] GC(143)   Other: 0.3ms
[2021-04-21T09:38:45.912+0000][7][gc,heap      ] GC(143) Eden regions: 13->0(15)
[2021-04-21T09:38:45.912+0000][7][gc,heap      ] GC(143) Survivor regions: 2->1(2)
[2021-04-21T09:38:45.912+0000][7][gc,heap      ] GC(143) Old regions: 70->70
[2021-04-21T09:38:45.912+0000][7][gc,heap      ] GC(143) Archive regions: 2->2
[2021-04-21T09:38:45.912+0000][7][gc,heap      ] GC(143) Humongous regions: 7->7
[2021-04-21T09:38:45.912+0000][7][gc,metaspace ] GC(143) Metaspace: 89516K(96768K)->89516K(96768K) NonClass: 77369K(81664K)->77369K(81664K) Class: 12146K(15104K)->12146K(15104K)
[2021-04-21T09:38:45.912+0000][7][gc           ] GC(143) Pause Young (Concurrent Start) (G1 Evacuation Pause) 91M->77M(128M) 5.981ms
[2021-04-21T09:38:45.912+0000][7][gc,cpu       ] GC(143) User=0.00s Sys=0.01s Real=0.01s
[2021-04-21T09:38:45.912+0000][7][gc           ] GC(144) Concurrent Cycle
[2021-04-21T09:38:45.912+0000][7][gc,marking   ] GC(144) Concurrent Clear Claimed Marks
[2021-04-21T09:38:45.912+0000][7][gc,marking   ] GC(144) Concurrent Clear Claimed Marks 0.462ms
[2021-04-21T09:38:45.912+0000][7][gc,marking   ] GC(144) Concurrent Scan Root Regions
[2021-04-21T09:38:45.912+0000][7][safepoint    ] Safepoint "G1CollectForAllocation", Time since last: 5750563 ns, Reaching safepoint: 93414 ns, At safepoint: 6087869 ns, Total: 6181283 ns
[2021-04-21T09:38:45.915+0000][7][gc,marking   ] GC(144) Concurrent Scan Root Regions 2.188ms
[2021-04-21T09:38:45.915+0000][7][gc,marking   ] GC(144) Concurrent Mark (102.892s)
[2021-04-21T09:38:45.915+0000][7][gc,marking   ] GC(144) Concurrent Mark From Roots
[2021-04-21T09:38:45.915+0000][7][gc,task      ] GC(144) Using 1 workers of 1 for marking
[2021-04-21T09:38:46.039+0000][7][gc,marking   ] GC(144) Concurrent Mark From Roots 124.747ms
[2021-04-21T09:38:46.039+0000][7][gc,marking   ] GC(144) Concurrent Preclean
[2021-04-21T09:38:46.040+0000][7][gc,marking   ] GC(144) Concurrent Preclean 0.503ms
[2021-04-21T09:38:46.040+0000][7][gc,marking   ] GC(144) Concurrent Mark (102.892s, 103.017s) 125.348ms
[2021-04-21T09:38:46.040+0000][7][gc,start     ] GC(144) Pause Remark
[2021-04-21T09:38:46.055+0000][7][gc           ] GC(144) Pause Remark 79M->79M(128M) 14.873ms
[2021-04-21T09:38:46.055+0000][7][gc,cpu       ] GC(144) User=0.03s Sys=0.00s Real=0.01s
[2021-04-21T09:38:46.055+0000][7][safepoint    ] Safepoint "G1Concurrent", Time since last: 128121712 ns, Reaching safepoint: 102783 ns, At safepoint: 14971570 ns, Total: 15074353 ns
[2021-04-21T09:38:46.055+0000][7][gc,marking   ] GC(144) Concurrent Rebuild Remembered Sets
[2021-04-21T09:38:46.132+0000][7][gc,marking   ] GC(144) Concurrent Rebuild Remembered Sets 76.484ms
[2021-04-21T09:38:46.132+0000][7][gc,start     ] GC(144) Pause Cleanup
[2021-04-21T09:38:46.132+0000][7][gc           ] GC(144) Pause Cleanup 80M->80M(128M) 0.191ms
[2021-04-21T09:38:46.132+0000][7][gc,cpu       ] GC(144) User=0.00s Sys=0.00s Real=0.00s
[2021-04-21T09:38:46.132+0000][7][safepoint    ] Safepoint "G1Concurrent", Time since last: 76804927 ns, Reaching safepoint: 140077 ns, At safepoint: 253027 ns, Total: 393104 ns
[2021-04-21T09:38:46.132+0000][7][gc,marking   ] GC(144) Concurrent Cleanup for Next Mark
[2021-04-21T09:38:46.133+0000][7][gc,marking   ] GC(144) Concurrent Cleanup for Next Mark 0.274ms
[2021-04-21T09:38:46.133+0000][7][gc           ] GC(144) Concurrent Cycle 220.737ms
[2021-04-21T09:38:47.133+0000][7][safepoint    ] Safepoint "Cleanup", Time since last: 1000094714 ns, Reaching safepoint: 159228 ns, At safepoint: 9700 ns, Total: 168928 ns
[2021-04-21T09:38:48.133+0000][7][safepoint    ] Safepoint "Cleanup", Time since last: 1000138033 ns, Reaching safepoint: 216648 ns, At safepoint: 6790 ns, Total: 223438 ns
[2021-04-21T09:38:48.784+0000][7][safepoint    ] Safepoint "BulkRevokeBias", Time since last: 650771481 ns, Reaching safepoint: 180052 ns, At safepoint: 398416 ns, Total: 578468 ns
[2021-04-21T09:38:48.859+0000][7][safepoint    ] Safepoint "BulkRevokeBias", Time since last: 72321140 ns, Reaching safepoint: 1964248 ns, At safepoint: 615189 ns, Total: 2579437 ns
[2021-04-21T09:38:48.942+0000][7][gc,start     ] GC(145) Pause Young (Normal) (G1 Evacuation Pause)
[2021-04-21T09:38:48.942+0000][7][gc,task      ] GC(145) Using 4 workers of 4 for evacuation
[2021-04-21T09:38:48.943+0000][7][gc,age       ] GC(145) Desired survivor size 1048576 bytes, new threshold 15 (max threshold 15)
[2021-04-21T09:38:48.967+0000][7][gc,age       ] GC(145) Age table with threshold 15 (max threshold 15)
[2021-04-21T09:38:48.967+0000][7][gc,age       ] GC(145) - age   1:     259304 bytes,     259304 total
[2021-04-21T09:38:48.967+0000][7][gc,age       ] GC(145) - age   2:      10312 bytes,     269616 total
[2021-04-21T09:38:48.967+0000][7][gc,age       ] GC(145) - age   3:       8160 bytes,     277776 total
[2021-04-21T09:38:48.967+0000][7][gc,age       ] GC(145) - age   4:      27304 bytes,     305080 total
[2021-04-21T09:38:48.967+0000][7][gc,age       ] GC(145) - age   5:      11800 bytes,     316880 total
[2021-04-21T09:38:48.967+0000][7][gc,age       ] GC(145) - age   6:     251800 bytes,     568680 total
[2021-04-21T09:38:48.967+0000][7][gc,age       ] GC(145) - age   7:       4280 bytes,     572960 total
[2021-04-21T09:38:48.967+0000][7][gc,age       ] GC(145) - age   8:      29888 bytes,     602848 total
[2021-04-21T09:38:48.967+0000][7][gc,age       ] GC(145) - age   9:      36768 bytes,     639616 total
[2021-04-21T09:38:48.967+0000][7][gc,age       ] GC(145) - age  10:       3016 bytes,     642632 total
[2021-04-21T09:38:48.967+0000][7][gc,age       ] GC(145) - age  11:      36456 bytes,     679088 total
[2021-04-21T09:38:48.967+0000][7][gc,phases    ] GC(145)   Pre Evacuate Collection Set: 0.1ms
[2021-04-21T09:38:48.967+0000][7][gc,phases    ] GC(145)   Merge Heap Roots: 0.2ms
[2021-04-21T09:38:48.967+0000][7][gc,phases    ] GC(145)   Evacuate Collection Set: 19.3ms
[2021-04-21T09:38:48.967+0000][7][gc,phases    ] GC(145)   Post Evacuate Collection Set: 5.1ms
[2021-04-21T09:38:48.967+0000][7][gc,phases    ] GC(145)   Other: 0.3ms
[2021-04-21T09:38:48.967+0000][7][gc,heap      ] GC(145) Eden regions: 15->0(15)
[2021-04-21T09:38:48.967+0000][7][gc,heap      ] GC(145) Survivor regions: 1->1(2)
[2021-04-21T09:38:48.967+0000][7][gc,heap      ] GC(145) Old regions: 70->70
[2021-04-21T09:38:48.967+0000][7][gc,heap      ] GC(145) Archive regions: 2->2
[2021-04-21T09:38:48.967+0000][7][gc,heap      ] GC(145) Humongous regions: 7->7
[2021-04-21T09:38:48.967+0000][7][gc,metaspace ] GC(145) Metaspace: 89711K(96768K)->89711K(96768K) NonClass: 77538K(81664K)->77538K(81664K) Class: 12172K(15104K)->12172K(15104K)
[2021-04-21T09:38:48.968+0000][7][gc           ] GC(145) Pause Young (Normal) (G1 Evacuation Pause) 92M->77M(128M) 25.058ms
[2021-04-21T09:38:48.968+0000][7][gc,cpu       ] GC(145) User=0.01s Sys=0.00s Real=0.03s
[2021-04-21T09:38:48.968+0000][7][safepoint    ] Safepoint "G1CollectForAllocation", Time since last: 81992765 ns, Reaching safepoint: 1303568 ns, At safepoint: 25147089 ns, Total: 26450657 ns
[2021-04-21T09:38:49.001+0000][7][gc,heap,exit ] Heap
[2021-04-21T09:38:49.001+0000][7][gc,heap,exit ]  garbage-first heap   total 131072K, used 79550K [0x00000000f8000000, 0x0000000100000000)
[2021-04-21T09:38:49.001+0000][7][gc,heap,exit ]   region size 1024K, 2 young (2048K), 1 survivors (1024K)
[2021-04-21T09:38:49.001+0000][7][gc,heap,exit ]  Metaspace       used 89719K, capacity 96616K, committed 96768K, reserved 1130496K
[2021-04-21T09:38:49.001+0000][7][gc,heap,exit ]   class space    used 12174K, capacity 14995K, committed 15104K, reserved 1048576K
